----------------------------------------------------------------------------------------
[1/114] Project List
{"output":{"projects":[{"name":"CLIMessagingProject","uid":"fl1f48d9bb44098e5cedc1f4","tenant_uid":"fl5c7728c5901f3d72bed6a3","workflow_count":0,"flowservice_count":1},{"name":"CLITestProject","uid":"fl425e0505dec7b426384550","tenant_uid":"fl5c7728c5901f3d72bed6a3","workflow_count":2,"flowservice_count":2},{"name":"Default","uid":"flacc9f4712915d36b8bbcb2","tenant_uid":"fl5c7728c5901f3d72bed6a3","workflow_count":27,"flowservice_count":14},{"name":"TestProjectDave4","uid":"fl2b5fa68b8b88ce7d414a64","tenant_uid":"fl5c7728c5901f3d72bed6a3","workflow_count":1,"flowservice_count":1},{"name":"Mime","uid":"fl0f741c2e65b13c10b838ab","tenant_uid":"fl5c7728c5901f3d72bed6a3","workflow_count":0,"flowservice_count":1},{"name":"EmailListener","uid":"fl4d9a39e382aa68563afae6","tenant_uid":"fl5c7728c5901f3d72bed6a3","workflow_count":1,"flowservice_count":0},{"name":"IntegrationAPI","uid":"flf980f4de6251d1d982f908","tenant_uid":"fl5c7728c5901f3d72bed6a3","workflow_count":1,"flowservice_count":1},{"name":"BoxTest","uid":"fl143763cb5e8bcdad413320","tenant_uid":"fl5c7728c5901f3d72bed6a3","workflow_count":3,"flowservice_count":0},{"name":"DeployTest","uid":"fl3a683ebcb3f4d75dc05369","tenant_uid":"fl5c7728c5901f3d72bed6a3","workflow_count":0,"flowservice_count":3},{"name":"Krishna","uid":"fl9bc4d6f875f9812c2ab7a8","tenant_uid":"fl5c7728c5901f3d72bed6a3","workflow_count":0,"flowservice_count":6},{"name":"StreamSets PRODUCTION ENVIRONMENT","uid":"fl6e3c3be10f723785fb8f88","tenant_uid":"fl5c7728c5901f3d72bed6a3","workflow_count":12,"flowservice_count":5},{"name":"Edge User Trials","uid":"flee2c79326aa513ece2154d","tenant_uid":"fl5c7728c5901f3d72bed6a3","workflow_count":1,"flowservice_count":0},{"name":"JHeywood","uid":"fl66b521e17a5cf7f88a63ef","tenant_uid":"fl5c7728c5901f3d72bed6a3","workflow_count":5,"flowservice_count":1},{"name":"DaveP_Playground","uid":"flf75aaf8a01063076701f0f","tenant_uid":"fl5c7728c5901f3d72bed6a3","workflow_count":23,"flowservice_count":19},{"name":"B2B Demo","uid":"fl41ca4e5d4e2c2ac5314d0c","tenant_uid":"fl5c7728c5901f3d72bed6a3","workflow_count":0,"flowservice_count":2},{"name":"GainsightPX Data Sharing","uid":"fl2dc9db962c7308e9e441a7","tenant_uid":"fl5c7728c5901f3d72bed6a3","workflow_count":8,"flowservice_count":19},{"name":"DoceboLMS","uid":"fla7c42b151d1ffd5da99554","tenant_uid":"fl5c7728c5901f3d72bed6a3","workflow_count":10,"flowservice_count":1},{"name":"Rob_Test","uid":"fl1b91434073400e750b5548","tenant_uid":"fl5c7728c5901f3d72bed6a3","workflow_count":1,"flowservice_count":0},{"name":"ChatGPT","uid":"fl4c46d0acc4e2b2e420382d","tenant_uid":"fl5c7728c5901f3d72bed6a3","workflow_count":6,"flowservice_count":0},{"name":"PerfTest","uid":"flc740ab858dbe06aebca686","tenant_uid":"fl5c7728c5901f3d72bed6a3","workflow_count":3,"flowservice_count":10},{"name":"Human Resources","uid":"fl5f288733a8af00b86003bd","tenant_uid":"fl5c7728c5901f3d72bed6a3","workflow_count":1,"flowservice_count":0},{"name":"CITeam","uid":"fl36b88df57eb16bab1fb80d","tenant_uid":"fl5c7728c5901f3d72bed6a3","workflow_count":2,"flowservice_count":0},{"name":"RobT","uid":"fl1d30e444b682e6b4dcfd94","tenant_uid":"fl5c7728c5901f3d72bed6a3","workflow_count":1,"flowservice_count":0},{"name":"Tham","uid":"flab8cefd4956157e2402eb5","tenant_uid":"fl5c7728c5901f3d72bed6a3","workflow_count":0,"flowservice_count":0},{"name":"Forsta Integration","uid":"fl16b186acd1166aa340b01e","tenant_uid":"fl5c7728c5901f3d72bed6a3","workflow_count":4,"flowservice_count":7},{"name":"Suresh","uid":"fl77cc3d58fdc0b260135645","tenant_uid":"fl5c7728c5901f3d72bed6a3","workflow_count":0,"flowservice_count":0},{"name":"Jiri","uid":"fl749dfc46be4196dd5f3839","tenant_uid":"fl5c7728c5901f3d72bed6a3","workflow_count":0,"flowservice_count":0},{"name":"MintNight","uid":"flee96a57983e97043cde2b9","tenant_uid":"fl5c7728c5901f3d72bed6a3","workflow_count":8,"flowservice_count":0},{"name":"SLenin","uid":"flb34c6d2c6fbb129942f164","tenant_uid":"fl5c7728c5901f3d72bed6a3","workflow_count":0,"flowservice_count":0},{"name":"HelloMetering","uid":"fl19bf5c72e967be338d6528","tenant_uid":"fl5c7728c5901f3d72bed6a3","workflow_count":2,"flowservice_count":2},{"name":"Advent Calendar Demo","uid":"fl20bd5e5825490635845973","tenant_uid":"fl5c7728c5901f3d72bed6a3","workflow_count":1,"flowservice_count":7},{"name":"Transaction Increase Requests","uid":"flb2cfd2b03e0a3dfb6e0db8","tenant_uid":"fl5c7728c5901f3d72bed6a3","workflow_count":9,"flowservice_count":3},{"name":"InactivityTracker Prod","uid":"fld46c8c899bbb09fef0b5ea","tenant_uid":"fl5c7728c5901f3d72bed6a3","workflow_count":4,"flowservice_count":21},{"name":"Marketing","uid":"fl05f86fe5576dd3180cbafd","tenant_uid":"fl5c7728c5901f3d72bed6a3","workflow_count":1,"flowservice_count":0},{"name":"InactivityTracker PreProd","uid":"fl5e6afd4d82418ae46b39a9","tenant_uid":"fl5c7728c5901f3d72bed6a3","workflow_count":4,"flowservice_count":19},{"name":"Gartner Vid 3 Mutistep Process","uid":"flca07533ca88ca58f999d20","tenant_uid":"fl5c7728c5901f3d72bed6a3","workflow_count":6,"flowservice_count":2},{"name":"DeveloperGuidelines","uid":"flcad4a89d9b96e703f6af0d","tenant_uid":"fl5c7728c5901f3d72bed6a3","workflow_count":0,"flowservice_count":12},{"name":"Gartner Vid 2 Data Consistency Data","uid":"fl6e60c116112c28556d9d1a","tenant_uid":"fl5c7728c5901f3d72bed6a3","workflow_count":3,"flowservice_count":1},{"name":"Gartner Vid 5 Composite Svc Internal","uid":"fle4898dbd038dec2b88b095","tenant_uid":"fl5c7728c5901f3d72bed6a3","workflow_count":3,"flowservice_count":2}],"count":39}}
Time Taken: 503 ms
----------------------------------------------------------------------------------------
[2/114] Get Single Project
{"output":{"name":"CLITestProject","uid":"fl425e0505dec7b426384550","tenant_uid":"fl5c7728c5901f3d72bed6a3","workflow_count":2,"flowservice_count":2}}
Time Taken: 518 ms
----------------------------------------------------------------------------------------
[3/114] Get Project Assets
{"output":{"workflows":["fl835fe9b99489cc5c3dbdc8","fl8c6e1a24c22ffd6d912494"],"flows":["ExportDeleteImportTest","HelloFlow"],"rest_api":[],"soap_api":[],"listener":[],"messaging":[]}}
----------------------------------------------------------------------------------------
[4/114] Get Detailed Project Assets
{"output":{"workflows":[{"name":"Hello Workflow","flow_version":3,"uid":"fl835fe9b99489cc5c3dbdc8","refid":"uMHzwWbMY","description":"","tags":[]},{"name":"clock trigger","flow_version":4,"uid":"fl8c6e1a24c22ffd6d912494","refid":"17TJ3ReXHo","description":"","tags":[]}],"flows":[{"displayName":"ExportDeleteImportTest","name":"ExportDeleteImportTest","serviceFullName":"fld_946286846_stage00.projects.fl425e0505dec7b426384550.integrations:ExportDeleteImportTest","type":"wmio"},{"displayName":"HelloFlow","name":"HelloFlow","serviceFullName":"fld_946286846_stage00.projects.fl425e0505dec7b426384550.integrations:HelloFlow","type":"wmio"}],"rest":[],"soap":[],"messaging":[],"listener":[]}}
Time Taken: 594 ms
----------------------------------------------------------------------------------------
[5/114] Create Project
{"output":{"name":"created","uid":"fldd7d6f121617c7e7976d44","tenant_uid":"fl5c7728c5901f3d72bed6a3","workflow_count":0,"flowservice_count":0}}
----------------------------------------------------------------------------------------
[6/114] Export Project
{"project-export":"success", "filename":"project.zip"}
Time Taken: 947 ms
----------------------------------------------------------------------------------------
[7/114] Import Project
{"output":{"status":"IMPORT_SUCCESS"}}
Time Taken: 1851 ms
----------------------------------------------------------------------------------------
[8/114] Delete Imported Project
{"output":{"message":"Project deleted successfully."}}
Time Taken: 1200 ms
----------------------------------------------------------------------------------------
[9/114] Create Proj Param
{"output":{"uid":"fl1b3cf4adb0ea3de9ca99cd","param":{"key":"paramname","value":"paramvalue","required":false,"isPassword":false,"hasError":false},"project_uid":"fldd7d6f121617c7e7976d44","tenant_uid":"fl5c7728c5901f3d72bed6a3"}}
Time Taken: 506 ms
----------------------------------------------------------------------------------------
[10/114] Get Created Project Param
{"output":[{"uid":"fl1b3cf4adb0ea3de9ca99cd","param":{"key":"paramname","value":"paramvalue","required":false,"isPassword":false,"hasError":false},"project_uid":"fldd7d6f121617c7e7976d44","tenant_uid":"fl5c7728c5901f3d72bed6a3"}]}
----------------------------------------------------------------------------------------
[11/114] Update Project Param
{"output":{"uid":"fl1b3cf4adb0ea3de9ca99cd","param":{"key":"paramname","value":"paramvaluechanged","required":false,"isPassword":false,"hasError":false},"project_uid":"fldd7d6f121617c7e7976d44","tenant_uid":"fl5c7728c5901f3d72bed6a3"}}
Time Taken: 495 ms
----------------------------------------------------------------------------------------
[12/114] Delete Project Param
{"output":{"message":"Param(s) deleted successfully."}}
Time Taken: 502 ms
----------------------------------------------------------------------------------------
[13/114] Update Project Name
{"output":{"name":"changed","uid":"fldd7d6f121617c7e7976d44","tenant_uid":"fl5c7728c5901f3d72bed6a3","workflow_count":0,"flowservice_count":0}}
Time Taken: 526 ms
----------------------------------------------------------------------------------------
[14/114] Export workflow
{"workflow-export":"success", "filename":"wf.zip"}
Time Taken: 1289 ms
----------------------------------------------------------------------------------------
[15/114] Import Workflow
{"output":{"uid":"flae27866b6a12170b1e1946","name":"clock trigger","description":"","tenant_uid":"fl5c7728c5901f3d72bed6a3","project_uid":"fldd7d6f121617c7e7976d44","active":true,"refid":"17TJ3ReXHo","sid":"1VXq7Bf7Og"}}
----------------------------------------------------------------------------------------
[16/114] List triggers in project
{"output":{"objects":[{"uid":"flae27866b6a12170b1e1946","sid":"1VXq7Bf7Og","name":"clock trigger","tenant_uid":"fl5c7728c5901f3d72bed6a3","project_uid":"fldd7d6f121617c7e7976d44","trigger":{"uid":"tg-05a9da9a-d765-45bd-8a19-72d2ead6fd0e","provider":"clock-v9","title":"Clock","label":"Clock trigger #1"}}],"count":1}}
----------------------------------------------------------------------------------------
[17/114] Delete Trigger
{"output":{"message":"This trigger is used in below workflows. Please remove it from these workflows before deleting.","workflows":[{"uid":"flae27866b6a12170b1e1946","name":"clock trigger","activities":["start"],"flow_version":[1]}]}}
Time Taken: 525 ms
----------------------------------------------------------------------------------------
[18/114] Workflow Delete
{"output":{"message":"Object deleted successfully."}}
Time Taken: 663 ms
----------------------------------------------------------------------------------------
[19/114] Delete Project
{"output":{"message":"Project deleted successfully."}}
Time Taken: 1325 ms
----------------------------------------------------------------------------------------
[20/114] Project Publish
{"output":{"name":"CITest","description":"","project_name":"CLITestProject","project_uid":"fl425e0505dec7b426384550","tenant_uid":"fl0690cfcb19a0c089cb4271","from_tenant":"cpointegrationdev","version":1,"custom_connector_list":{"cli":[],"cloudstream":[],"customCli":[]},"contains_asset":{"sap_assets":false,"messaging_assets":false},"cross_environment":false,"uid":"dep-9b177ca8d0c5f502d2cd79","to_tenant":"cpointegration"}}
Time Taken: 1464 ms
----------------------------------------------------------------------------------------
[21/114] Experimental - List Project Deployments
{"output":[{"name":"CITest","data_location":["t_fl0690cfcb19a0c089cb4271-p_fl425e0505dec7b426384550-1731595758095/deploy-workflows.zip","t_fl0690cfcb19a0c089cb4271-p_fl425e0505dec7b426384550-1731595758095/deploy-flows.zip","t_fl0690cfcb19a0c089cb4271-p_fl425e0505dec7b426384550-1731595758095/deploy-dependantData.zip"],"project_name":"CLITestProject","project_uid":"fl425e0505dec7b426384550","tenant_uid":"fl0690cfcb19a0c089cb4271","env_uid":"fl2f5324eff897f33f87be27","from_tenant":"cpointegrationdev","project_params":[],"triggers":1,"version":1,"data":[{"key":"Hello Workflow","order":1,"value":[],"id":"fl835fe9b99489cc5c3dbdc8"},{"key":"clock trigger","order":1,"value":[],"id":"fl8c6e1a24c22ffd6d912494"},{"key":"ExportDeleteImportTest","value":[],"order":2,"id":"ExportDeleteImportTest"},{"key":"HelloFlow","value":[],"order":2,"id":"HelloFlow"}],"custom_connector_list":{"cli":[],"cloudstream":[],"customCli":[]},"contains_asset":{"sap_assets":false,"messaging_assets":false},"cross_environment":false,"created_at":"2024-11-14T14:49:18.157Z","updated_at":"2024-11-14T14:49:18.157Z","uid":"dep-9b177ca8d0c5f502d2cd79"}]}
----------------------------------------------------------------------------------------
[22/114] Project Deploy
{"output":{"status":"DEPLOY_SUCCESS"}}
Time Taken: 2759 ms
----------------------------------------------------------------------------------------
[23/114] Cleanup - Experimental Project Search
{"output":{"projects":[{"uid":"fl425e0505dec7b426384550","name":"CLITestProject","env_uid":"fl2f5324eff897f33f87be27","tenant_uid":"fl0690cfcb19a0c089cb4271","flow_count":2,"icons":["webhook","sync-webhook","logger"],"integration_icons":[],"integration_count":2,"rest_soap_icons":[],"deployed":true,"version":1,"from_tenant":"cpointegrationdev","default":false,"hidden":false,"edge_package_name":null,"edge_folder_name":null,"tags":[],"dependencies":[],"metadata":{"first_publish_from":"cpointegrationdev","last_publish_from":"cpointegrationdev"},"created_at":"2024-10-12T03:54:20.778Z","updated_at":"2024-11-14T14:49:22.916Z","ic_project_name":"fl425e0505dec7b426384550","updated_by":"fl2add0689a3b38510f90639"}],"count":1}}
----------------------------------------------------------------------------------------
[24/114] Cleanup - Project Assets Workflow
{"workflows":[{"uid":"fl8c6e1a24c22ffd6d912494","sid":"1DXsgEXmfS","createdAt":"2024-11-14T14:49:22.777Z","updatedAt":"2024-11-14T14:49:22.853Z","name":"clock trigger","description":"","active":false,"total_run_count":0},{"uid":"fl835fe9b99489cc5c3dbdc8","sid":"2za7IOLNuE","createdAt":"2024-11-14T14:49:22.714Z","updatedAt":"2024-11-14T14:49:22.714Z","name":"Hello Workflow","description":"","active":true,"total_run_count":0}]}
----------------------------------------------------------------------------------------
[25/114] Cleanup - Project Assets FlowService
{"output":{"workflows":["fl835fe9b99489cc5c3dbdc8"],"flows":["HelloFlow","ExportDeleteImportTest"],"rest_api":[],"soap_api":[],"listener":[],"messaging":[]}}
----------------------------------------------------------------------------------------
[26/114] Cleanup - Workflow Delete in Prod
{"output":{"message":"Object deleted successfully."}}
Time Taken: 629 ms
----------------------------------------------------------------------------------------
[27/114] Cleanup - FlowService Delete in Prod
{"output":{"message":"Object deleted successfully."}}
Time Taken: 989 ms
----------------------------------------------------------------------------------------
[28/114] Cleanup - Project Assets Workflow
{"workflows":[{"uid":"fl835fe9b99489cc5c3dbdc8","sid":"2za7IOLNuE","createdAt":"2024-11-14T14:49:22.714Z","updatedAt":"2024-11-14T14:49:22.714Z","name":"Hello Workflow","description":"","active":true,"total_run_count":0}]}
----------------------------------------------------------------------------------------
[29/114] Cleanup - Project Assets FlowService
{"output":{"workflows":["fl835fe9b99489cc5c3dbdc8"],"flows":["HelloFlow"],"rest_api":[],"soap_api":[],"listener":[],"messaging":[]}}
----------------------------------------------------------------------------------------
[30/114] Cleanup - Workflow Delete in Prod
{"output":{"message":"Object deleted successfully."}}
Time Taken: 591 ms
----------------------------------------------------------------------------------------
[31/114] Cleanup - Workflow Delete in Prod
{"output":{"message":"Object deleted successfully."}}
Time Taken: 1063 ms
----------------------------------------------------------------------------------------
[32/114] Cleanup - Delete Project from prod
{"output":{"message":"Project deleted successfully."}}
Time Taken: 1137 ms
----------------------------------------------------------------------------------------
[33/114] List Project webhooks
{"output":{"objects":[{"uid":"fl835fe9b99489cc5c3dbdc8","sid":"Dam1SQBGS","name":"Hello Workflow","tenant_uid":"fl5c7728c5901f3d72bed6a3","project_uid":"fl425e0505dec7b426384550","webhook_settings":{"auth_type":"","webhook_auth":{"type":"basic","auth":{"user_name":"","password":""}},"webhook_token":{"type":"authtoken","auth":{"token":""}},"show_auth":false,"url_execution":true}}],"count":1}}
----------------------------------------------------------------------------------------
[34/114] Regenerate a webhook
{"output":{"uid":"fl835fe9b99489cc5c3dbdc8","sid":"1gypQTpn88","name":"Hello Workflow","tenant_uid":"fl5c7728c5901f3d72bed6a3","project_uid":"fl425e0505dec7b426384550","webhook_url":"https://cpointegrationdev.int-aws-de.webmethods.io/runflow/run/1gypQTpn88"}}
Time Taken: 522 ms
----------------------------------------------------------------------------------------
[35/114] Change webhook Auth Type
{"output":{"uid":"fl835fe9b99489cc5c3dbdc8","sid":"1gypQTpn88","name":"Hello Workflow","tenant_uid":"fl5c7728c5901f3d72bed6a3","project_uid":"fl425e0505dec7b426384550","webhook_settings":{"auth_type":"","webhook_auth":{"type":"basic","auth":{"user_name":"","password":""}},"webhook_token":{"type":"authtoken","auth":{"token":""}},"show_auth":false,"url_execution":true}}}
Time Taken: 502 ms
----------------------------------------------------------------------------------------
[36/114] Create Project
{"output":{"name":"created","uid":"fl64aa417301eee74269372e","tenant_uid":"fl5c7728c5901f3d72bed6a3","workflow_count":0,"flowservice_count":0}}
----------------------------------------------------------------------------------------
[37/114] List reference data
{"output":{"name":"refDataTest","description":"ref data test","columnDelimiter":",","releaseCharacter":"\"","columnNames":["char","alphabet","ascii"],"dataRecords":[{"char":"a","alphabet":"1","ascii":"97"},{"char":"b","alphabet":"2","ascii":"98"},{"char":"c","alphabet":"3","ascii":"99"},{"char":"d","alphabet":"4","ascii":"100"},{"char":"e","alphabet":"5","ascii":"101"},{"char":"f","alphabet":"6","ascii":"102"},{"char":"g","alphabet":"7","ascii":"103"},{"char":"h","alphabet":"8","ascii":"104"},{"char":"i","alphabet":"9","ascii":"105"},{"char":"j","alphabet":"10","ascii":"106"},{"char":"k","alphabet":"11","ascii":"107"},{"char":"l","alphabet":"12","ascii":"108"},{"char":"m","alphabet":"13","ascii":"109"},{"char":"n","alphabet":"14","ascii":"110"},{"char":"o","alphabet":"15","ascii":"111"},{"char":"p","alphabet":"16","ascii":"112"},{"char":"q","alphabet":"17","ascii":"113"},{"char":"r","alphabet":"18","ascii":"114"},{"char":"s","alphabet":"19","ascii":"115"},{"char":"t","alphabet":"20","ascii":"116"},{"char":"u","alphabet":"21","ascii":"117"},{"char":"v","alphabet":"22","ascii":"118"},{"char":"w","alphabet":"23","ascii":"119"},{"char":"x","alphabet":"24","ascii":"120"},{"char":"y","alphabet":"25","ascii":"121"},{"char":"z","alphabet":"26","ascii":"122"},{"char":"A","alphabet":"1","ascii":"65"},{"char":"B","alphabet":"2","ascii":"66"},{"char":"C","alphabet":"3","ascii":"67"},{"char":"D","alphabet":"4","ascii":"68"},{"char":"E","alphabet":"5","ascii":"69"},{"char":"F","alphabet":"6","ascii":"70"},{"char":"G","alphabet":"7","ascii":"71"},{"char":"H","alphabet":"8","ascii":"72"},{"char":"I","alphabet":"9","ascii":"73"},{"char":"J","alphabet":"10","ascii":"74"},{"char":"K","alphabet":"11","ascii":"75"},{"char":"L","alphabet":"12","ascii":"76"},{"char":"M","alphabet":"13","ascii":"77"},{"char":"N","alphabet":"14","ascii":"78"},{"char":"O","alphabet":"15","ascii":"79"},{"char":"P","alphabet":"16","ascii":"80"},{"char":"Q","alphabet":"17","ascii":"81"},{"char":"R","alphabet":"18","ascii":"82"},{"char":"S","alphabet":"19","ascii":"83"},{"char":"T","alphabet":"20","ascii":"84"},{"char":"U","alphabet":"21","ascii":"85"},{"char":"V","alphabet":"22","ascii":"86"},{"char":"W","alphabet":"23","ascii":"87"},{"char":"X","alphabet":"24","ascii":"88"},{"char":"Y","alphabet":"25","ascii":"89"},{"char":"Z","alphabet":"26","ascii":"90"}],"revisionData":{"createdBy":"automation","createdByUserId":"7a19305dd4ee49938608aa8500caf150","createdDate":1715634587702,"lastModifiedBy":"automation","lastModifiedByUserId":"7a19305dd4ee49938608aa8500caf150","lastModifiedDate":1715634587702},"encodingType":"windows-1252","version":"2.1.0"}}
Time Taken: 333 ms
----------------------------------------------------------------------------------------
[38/114] Add reference data
{"output":{"response":"Reference data 'refDataTestNew' created successfully in project 'fl425e0505dec7b426384550'"}}
Time Taken: 800 ms
----------------------------------------------------------------------------------------
[39/114] Update reference data
{"output":{"response":"Reference data 'refDataTestNew' updated successfully in project 'fl425e0505dec7b426384550'"}}
Time Taken: 822 ms
----------------------------------------------------------------------------------------
[40/114] Delete reference data
{"output":{"status":true,"message":"ReferenceData refDataTestNew deleted successfully."}}
Time Taken: 854 ms
----------------------------------------------------------------------------------------
[41/114] Delete Project
{"output":{"message":"Project deleted successfully."}}
Time Taken: 1250 ms
----------------------------------------------------------------------------------------
[42/114] List defined roles
{"output":{"count":22,"objects":[{"name":"Admin","ic_role_name":"Admin","tenant_uid":"fl5c7728c5901f3d72bed6a3","permissions":[{"project_uid":"fl05f86fe5576dd3180cbafd","name":"Marketing","access_list":{"read":true,"write":true,"execute":true}},{"project_uid":"fl0f741c2e65b13c10b838ab","name":"Mime","access_list":{"read":true,"write":true,"execute":true}},{"project_uid":"fl143763cb5e8bcdad413320","name":"BoxTest","access_list":{"read":true,"write":true,"execute":true}},{"project_uid":"fl16b186acd1166aa340b01e","name":"Forsta Integration","access_list":{"read":true,"write":true,"execute":true}},{"project_uid":"fl19bf5c72e967be338d6528","name":"HelloMetering","access_list":{"read":true,"write":true,"execute":true}},{"project_uid":"fl1b91434073400e750b5548","name":"Rob_Test","access_list":{"read":true,"write":true,"execute":true}},{"project_uid":"fl1d30e444b682e6b4dcfd94","name":"RobT","access_list":{"read":true,"write":true,"execute":true}},{"project_uid":"fl1f48d9bb44098e5cedc1f4","name":"CLIMessagingProject","access_list":{"read":true,"write":true,"execute":true}},{"project_uid":"fl20bd5e5825490635845973","name":"Advent Calendar Demo","access_list":{"read":true,"write":true,"execute":true}},{"project_uid":"fl2b5fa68b8b88ce7d414a64","name":"TestProjectDave4","access_list":{"read":true,"write":true,"execute":true}},{"project_uid":"fl2dc9db962c7308e9e441a7","name":"GainsightPX Data Sharing","access_list":{"read":true,"write":true,"execute":true}},{"project_uid":"fl36b88df57eb16bab1fb80d","name":"CITeam","access_list":{"read":true,"write":true,"execute":true}},{"project_uid":"fl3a683ebcb3f4d75dc05369","name":"DeployTest","access_list":{"read":true,"write":true,"execute":true}},{"project_uid":"fl41ca4e5d4e2c2ac5314d0c","name":"B2B Demo","access_list":{"read":true,"write":true,"execute":true}},{"project_uid":"fl425e0505dec7b426384550","name":"CLITestProject","access_list":{"read":true,"write":true,"execute":true}},{"project_uid":"fl4c46d0acc4e2b2e420382d","name":"ChatGPT","access_list":{"read":true,"write":true,"execute":true}},{"project_uid":"fl4d9a39e382aa68563afae6","name":"EmailListener","access_list":{"read":true,"write":true,"execute":true}},{"project_uid":"fl5e6afd4d82418ae46b39a9","name":"InactivityTracker PreProd","access_list":{"read":true,"write":true,"execute":true}},{"project_uid":"fl5f288733a8af00b86003bd","name":"Human Resources","access_list":{"read":true,"write":true,"execute":true}},{"project_uid":"fl66b521e17a5cf7f88a63ef","name":"JHeywood","access_list":{"read":true,"write":true,"execute":true}},{"project_uid":"fl6e3c3be10f723785fb8f88","name":"StreamSets PRODUCTION ENVIRONMENT","access_list":{"read":true,"write":true,"execute":true}},{"project_uid":"fl6e60c116112c28556d9d1a","name":"Gartner Vid 2 Data Consistency Data","access_list":{"read":true,"write":true,"execute":true}},{"project_uid":"fl749dfc46be4196dd5f3839","name":"Jiri","access_list":{"read":true,"write":true,"execute":true}},{"project_uid":"fl77cc3d58fdc0b260135645","name":"Suresh","access_list":{"read":true,"write":true,"execute":true}},{"project_uid":"fl9bc4d6f875f9812c2ab7a8","name":"Krishna","access_list":{"read":true,"write":true,"execute":true}},{"project_uid":"fla7c42b151d1ffd5da99554","name":"DoceboLMS","access_list":{"read":true,"write":true,"execute":true}},{"project_uid":"flab8cefd4956157e2402eb5","name":"Tham","access_list":{"read":true,"write":true,"execute":true}},{"project_uid":"flacc9f4712915d36b8bbcb2","name":"Default","access_list":{"read":true,"write":true,"execute":true}},{"project_uid":"flb2cfd2b03e0a3dfb6e0db8","name":"Transaction Increase Requests","access_list":{"read":true,"write":true,"execute":true}},{"project_uid":"flb34c6d2c6fbb129942f164","name":"SLenin","access_list":{"read":true,"write":true,"execute":true}},{"project_uid":"flc740ab858dbe06aebca686","name":"PerfTest","access_list":{"read":true,"write":true,"execute":true}},{"project_uid":"flca07533ca88ca58f999d20","name":"Gartner Vid 3 Mutistep Process","access_list":{"read":true,"write":true,"execute":true}},{"project_uid":"flcad4a89d9b96e703f6af0d","name":"DeveloperGuidelines","access_list":{"read":true,"write":true,"execute":true}},{"project_uid":"fld46c8c899bbb09fef0b5ea","name":"InactivityTracker Prod","access_list":{"read":true,"write":true,"execute":true}},{"project_uid":"fle4898dbd038dec2b88b095","name":"Gartner Vid 5 Composite Svc Internal","access_list":{"read":true,"write":true,"execute":true}},{"project_uid":"flee2c79326aa513ece2154d","name":"Edge User Trials","access_list":{"read":true,"write":true,"execute":true}},{"project_uid":"flee96a57983e97043cde2b9","name":"MintNight","access_list":{"read":true,"write":true,"execute":true}},{"project_uid":"flf75aaf8a01063076701f0f","name":"DaveP_Playground","access_list":{"read":true,"write":true,"execute":true}},{"project_uid":"flf980f4de6251d1d982f908","name":"IntegrationAPI","access_list":{"read":true,"write":true,"execute":true}}],"description":"Can manage users, roles and projects in the tenant.","wmic_role_id":"2","created_at":"2022-04-28T13:48:01.347Z","updated_at":"2022-04-28T13:48:01.347Z","uid":"flecef94626e67d71168b873"},{"name":"B2BDemo","ic_role_name":"B2BDemo","description":"","tenant_uid":"fl5c7728c5901f3d72bed6a3","permissions":[{"project_uid":"flbca5bc5a36d8a360eebbd1","access_list":{"read":true,"write":true,"execute":true}}],"wmic_role_id":"2e0afffb162f4ad199246eaa64386871","embed_permissions":[],"created_at":"2024-07-11T19:24:55.975Z","updated_at":"2024-07-11T19:24:55.975Z","uid":"fla5f22944821edb737f4548"},{"name":"Competitive_Intel","ic_role_name":"Competitive_Intel","description":"compeititve intel team","tenant_uid":"fl5c7728c5901f3d72bed6a3","permissions":[{"project_uid":"fl36b88df57eb16bab1fb80d","access_list":{"read":true,"write":true,"execute":true},"name":"CITeam"}],"wmic_role_id":"a6ca1e4d24f143e9a9f54a30b47fc96b","embed_permissions":[],"created_at":"2023-02-14T09:34:16.183Z","updated_at":"2024-05-22T15:20:04.933Z","uid":"fl8b938ac9eb26031c5e54df"},{"name":"DemoExec","ic_role_name":"DemoExec","tenant_uid":"fl5c7728c5901f3d72bed6a3","permissions":[{"project_uid":"fl20bd5e5825490635845973","access_list":{"read":false,"write":false,"execute":true},"name":"Advent Calendar Demo"},{"project_uid":"flf75aaf8a01063076701f0f","access_list":{"read":true,"write":true,"execute":true},"name":"DaveP_Playground"}],"description":"Demo Execution","wmic_role_id":"a328614e019c47f3989bf2afbe05a245","created_at":"2022-06-20T19:01:53.710Z","updated_at":"2023-03-15T13:56:21.204Z","uid":"fl7629cbdfdc5f0d8f8059ae"},{"name":"Developer","ic_role_name":"Developer","tenant_uid":"fl5c7728c5901f3d72bed6a3","permissions":[{"project_uid":"fl05f86fe5576dd3180cbafd","name":"Marketing","access_list":{"read":true,"write":true,"execute":true}},{"project_uid":"fl0f741c2e65b13c10b838ab","name":"Mime","access_list":{"read":true,"write":true,"execute":true}},{"project_uid":"fl143763cb5e8bcdad413320","name":"BoxTest","access_list":{"read":true,"write":true,"execute":true}},{"project_uid":"fl16b186acd1166aa340b01e","name":"Forsta Integration","access_list":{"read":true,"write":true,"execute":true}},{"project_uid":"fl19bf5c72e967be338d6528","name":"HelloMetering","access_list":{"read":true,"write":true,"execute":true}},{"project_uid":"fl1b91434073400e750b5548","name":"Rob_Test","access_list":{"read":true,"write":true,"execute":true}},{"project_uid":"fl1d30e444b682e6b4dcfd94","name":"RobT","access_list":{"read":true,"write":true,"execute":true}},{"project_uid":"fl1f48d9bb44098e5cedc1f4","name":"CLIMessagingProject","access_list":{"read":true,"write":true,"execute":true}},{"project_uid":"fl20bd5e5825490635845973","name":"Advent Calendar Demo","access_list":{"read":true,"write":true,"execute":true}},{"project_uid":"fl2b5fa68b8b88ce7d414a64","name":"TestProjectDave4","access_list":{"read":true,"write":true,"execute":true}},{"project_uid":"fl2dc9db962c7308e9e441a7","name":"GainsightPX Data Sharing","access_list":{"read":true,"write":true,"execute":true}},{"project_uid":"fl36b88df57eb16bab1fb80d","name":"CITeam","access_list":{"read":true,"write":true,"execute":true}},{"project_uid":"fl3a683ebcb3f4d75dc05369","name":"DeployTest","access_list":{"read":true,"write":true,"execute":true}},{"project_uid":"fl41ca4e5d4e2c2ac5314d0c","name":"B2B Demo","access_list":{"read":true,"write":true,"execute":true}},{"project_uid":"fl425e0505dec7b426384550","name":"CLITestProject","access_list":{"read":true,"write":true,"execute":true}},{"project_uid":"fl4c46d0acc4e2b2e420382d","name":"ChatGPT","access_list":{"read":true,"write":true,"execute":true}},{"project_uid":"fl4d9a39e382aa68563afae6","name":"EmailListener","access_list":{"read":true,"write":true,"execute":true}},{"project_uid":"fl5e6afd4d82418ae46b39a9","name":"InactivityTracker PreProd","access_list":{"read":true,"write":true,"execute":true}},{"project_uid":"fl5f288733a8af00b86003bd","name":"Human Resources","access_list":{"read":true,"write":true,"execute":true}},{"project_uid":"fl66b521e17a5cf7f88a63ef","name":"JHeywood","access_list":{"read":true,"write":true,"execute":true}},{"project_uid":"fl6e3c3be10f723785fb8f88","name":"StreamSets PRODUCTION ENVIRONMENT","access_list":{"read":true,"write":true,"execute":true}},{"project_uid":"fl6e60c116112c28556d9d1a","name":"Gartner Vid 2 Data Consistency Data","access_list":{"read":true,"write":true,"execute":true}},{"project_uid":"fl749dfc46be4196dd5f3839","name":"Jiri","access_list":{"read":true,"write":true,"execute":true}},{"project_uid":"fl77cc3d58fdc0b260135645","name":"Suresh","access_list":{"read":true,"write":true,"execute":true}},{"project_uid":"fl9bc4d6f875f9812c2ab7a8","name":"Krishna","access_list":{"read":true,"write":true,"execute":true}},{"project_uid":"fla7c42b151d1ffd5da99554","name":"DoceboLMS","access_list":{"read":true,"write":true,"execute":true}},{"project_uid":"flab8cefd4956157e2402eb5","name":"Tham","access_list":{"read":true,"write":true,"execute":true}},{"project_uid":"flacc9f4712915d36b8bbcb2","name":"Default","access_list":{"read":true,"write":true,"execute":true}},{"project_uid":"flb2cfd2b03e0a3dfb6e0db8","name":"Transaction Increase Requests","access_list":{"read":true,"write":true,"execute":true}},{"project_uid":"flb34c6d2c6fbb129942f164","name":"SLenin","access_list":{"read":true,"write":true,"execute":true}},{"project_uid":"flc740ab858dbe06aebca686","name":"PerfTest","access_list":{"read":true,"write":true,"execute":true}},{"project_uid":"flca07533ca88ca58f999d20","name":"Gartner Vid 3 Mutistep Process","access_list":{"read":true,"write":true,"execute":true}},{"project_uid":"flcad4a89d9b96e703f6af0d","name":"DeveloperGuidelines","access_list":{"read":true,"write":true,"execute":true}},{"project_uid":"fld46c8c899bbb09fef0b5ea","name":"InactivityTracker Prod","access_list":{"read":true,"write":true,"execute":true}},{"project_uid":"fle4898dbd038dec2b88b095","name":"Gartner Vid 5 Composite Svc Internal","access_list":{"read":true,"write":true,"execute":true}},{"project_uid":"flee2c79326aa513ece2154d","name":"Edge User Trials","access_list":{"read":true,"write":true,"execute":true}},{"project_uid":"flee96a57983e97043cde2b9","name":"MintNight","access_list":{"read":true,"write":true,"execute":true}},{"project_uid":"flf75aaf8a01063076701f0f","name":"DaveP_Playground","access_list":{"read":true,"write":true,"execute":true}},{"project_uid":"flf980f4de6251d1d982f908","name":"IntegrationAPI","access_list":{"read":true,"write":true,"execute":true}}],"description":"Can manage all projects of your tenant.","wmic_role_id":"1","created_at":"2022-04-28T13:48:01.368Z","updated_at":"2022-04-28T13:48:01.368Z","uid":"flc929b7b6a11ab6e6fc1b89"},{"name":"Gainsight_Edit","ic_role_name":"Gainsight_Edit","tenant_uid":"fl5c7728c5901f3d72bed6a3","permissions":[{"access_list":{"read":true,"write":true,"execute":true},"project_uid":"fl2dc9db962c7308e9e441a7","name":"GainsightPX Data Sharing"},{"access_list":{"read":true,"write":true,"execute":true},"project_uid":"flee2c79326aa513ece2154d","name":"Edge User Trials"}],"description":"Gainsight","wmic_role_id":"2b033a1b1ad448acb2a8aa3248ba6b88","embed_permissions":[],"created_at":"2022-09-29T14:38:55.818Z","updated_at":"2022-09-29T14:39:19.586Z","uid":"fld6a71fb02ada8dac8227cb"},{"name":"Gainsight_Exec_Only","ic_role_name":"Gainsight_Exec_Only","tenant_uid":"fl5c7728c5901f3d72bed6a3","permissions":[{"access_list":{"read":false,"write":false,"execute":true},"project_uid":"fl91371aba01e65537a23a09"},{"access_list":{"read":false,"write":false,"execute":true},"project_uid":"fl2dc9db962c7308e9e441a7","name":"GainsightPX Data Sharing"}],"description":"Gainsight Exec Only","wmic_role_id":"e08b03f2e09d48beb84d6340fff51e86","created_at":"2022-05-04T15:54:18.732Z","updated_at":"2022-05-04T15:54:18.732Z","uid":"flb3899517bb034763b6cbc0"},{"name":"Gainsight_Integrations","ic_role_name":"Gainsight_Integrations","tenant_uid":"fl5c7728c5901f3d72bed6a3","permissions":[{"access_list":{"read":true,"write":true,"execute":true},"project_uid":"fl2dc9db962c7308e9e441a7","name":"GainsightPX Data Sharing"},{"access_list":{"read":true,"write":true,"execute":true},"project_uid":"fl91371aba01e65537a23a09"}],"description":"Gainsight Integrations","wmic_role_id":"0ec99776f7c541c9a1bf7fde32b27225","created_at":"2022-05-03T15:16:45.483Z","updated_at":"2022-05-03T15:17:51.623Z","uid":"fl2b3cbc4232b6bcc2a777f4"},{"name":"Holm","ic_role_name":"Holm","tenant_uid":"fl5c7728c5901f3d72bed6a3","permissions":[{"project_uid":"flacc9f4712915d36b8bbcb2","access_list":{"read":true,"write":true,"execute":true},"name":"Default"},{"project_uid":"fl20bd5e5825490635845973","access_list":{"read":true,"write":true,"execute":true},"name":"Advent Calendar Demo"},{"project_uid":"fl6bdac49d766f1ebab81a48","access_list":{"read":true,"write":true,"execute":true}},{"project_uid":"fl7b68abf6cb792913cd2ee5","access_list":{"read":true,"write":true,"execute":true}},{"project_uid":"flee96a57983e97043cde2b9","access_list":{"read":true,"write":true,"execute":true},"name":"MintNight"}],"description":"Holms projects","wmic_role_id":"cf23f3032d2e494f8a31f59752609e0f","embed_permissions":[],"created_at":"2022-10-24T15:49:45.403Z","updated_at":"2024-05-22T15:13:19.949Z","uid":"fl41e0e4a3db7d5ee7928fe8"},{"name":"HumanResources_Edit","ic_role_name":"HumanResources_Edit","description":"","tenant_uid":"fl5c7728c5901f3d72bed6a3","permissions":[{"project_uid":"fl5f288733a8af00b86003bd","access_list":{"read":true,"write":true,"execute":true},"name":"Human Resources"}],"wmic_role_id":"26699010aacd4b3e98ff9e1768c9015c","embed_permissions":[],"created_at":"2023-05-24T12:15:55.646Z","updated_at":"2023-05-24T12:15:55.646Z","uid":"fl000b659f49a26bd76d9696"},{"name":"HumanResources_Excluded","ic_role_name":"HumanResources_Excluded","description":"","tenant_uid":"fl5c7728c5901f3d72bed6a3","permissions":[{"project_uid":"flacc9f4712915d36b8bbcb2","access_list":{"read":true,"write":true,"execute":true},"name":"Default"},{"project_uid":"fl2dc9db962c7308e9e441a7","access_list":{"read":true,"write":true,"execute":true},"name":"GainsightPX Data Sharing"},{"project_uid":"fl19bf5c72e967be338d6528","access_list":{"read":true,"write":true,"execute":true},"name":"HelloMetering"},{"project_uid":"flee2c79326aa513ece2154d","access_list":{"read":true,"write":true,"execute":true},"name":"Edge User Trials"},{"project_uid":"fl20bd5e5825490635845973","access_list":{"read":true,"write":true,"execute":true},"name":"Advent Calendar Demo"},{"project_uid":"fle4898dbd038dec2b88b095","access_list":{"read":true,"write":true,"execute":true},"name":"Gartner Vid 5 Composite Svc Internal"},{"project_uid":"flca07533ca88ca58f999d20","access_list":{"read":true,"write":true,"execute":true},"name":"Gartner Vid 3 Mutistep Process"},{"project_uid":"fl6e60c116112c28556d9d1a","access_list":{"read":true,"write":true,"execute":true},"name":"Gartner Vid 2 Data Consistency Data"},{"project_uid":"flf75aaf8a01063076701f0f","access_list":{"read":true,"write":true,"execute":true},"name":"DaveP_Playground"},{"project_uid":"fl6bdac49d766f1ebab81a48","access_list":{"read":true,"write":true,"execute":true}},{"project_uid":"flc740ab858dbe06aebca686","access_list":{"read":true,"write":true,"execute":true},"name":"PerfTest"},{"project_uid":"flb2cfd2b03e0a3dfb6e0db8","access_list":{"read":true,"write":true,"execute":true},"name":"Transaction Increase Requests"},{"project_uid":"fl05f86fe5576dd3180cbafd","access_list":{"read":true,"write":true,"execute":true},"name":"Marketing"},{"project_uid":"flee96a57983e97043cde2b9","access_list":{"read":true,"write":true,"execute":true},"name":"MintNight"},{"project_uid":"fld46c8c899bbb09fef0b5ea","access_list":{"read":true,"write":true,"execute":true},"name":"InactivityTracker Prod"},{"project_uid":"fl5e6afd4d82418ae46b39a9","access_list":{"read":true,"write":true,"execute":true},"name":"InactivityTracker PreProd"},{"project_uid":"flcad4a89d9b96e703f6af0d","access_list":{"read":true,"write":true,"execute":true},"name":"DeveloperGuidelines"},{"project_uid":"flb01e96e92fd56aaa67db0e","access_list":{"read":true,"write":true,"execute":true}},{"project_uid":"flaf1a87ccfd56c113e4ff98","access_list":{"read":true,"write":true,"execute":true}},{"project_uid":"fl6ec40da00eb27872a8c19f","access_list":{"read":true,"write":true,"execute":true}},{"project_uid":"flc76d90a53b8e6d266fc638","access_list":{"read":true,"write":true,"execute":true}},{"project_uid":"fl413ba4ce452fec8926f024","access_list":{"read":true,"write":true,"execute":true}},{"project_uid":"fla02a46e7adf9e88e6a5807","access_list":{"read":true,"write":true,"execute":true}},{"project_uid":"fl36b88df57eb16bab1fb80d","access_list":{"read":true,"write":true,"execute":true},"name":"CITeam"},{"project_uid":"fl4c46d0acc4e2b2e420382d","access_list":{"read":true,"write":true,"execute":true},"name":"ChatGPT"},{"project_uid":"fl66b521e17a5cf7f88a63ef","access_list":{"read":true,"write":true,"execute":true},"name":"JHeywood"},{"project_uid":"fl16b186acd1166aa340b01e","access_list":{"read":true,"write":true,"execute":true},"name":"Forsta Integration"},{"project_uid":"fl0c8705d653a2300f3fd46c","access_list":{"read":true,"write":true,"execute":true}},{"project_uid":"flb34c6d2c6fbb129942f164","access_list":{"read":true,"write":true,"execute":true},"name":"SLenin"},{"project_uid":"flfc7f8b0b20b04c29060cf9","access_list":{"read":true,"write":true,"execute":true}},{"project_uid":"fl749dfc46be4196dd5f3839","access_list":{"read":true,"write":true,"execute":true},"name":"Jiri"},{"project_uid":"flb56dcd1d3eadfd3bc50a6c","access_list":{"read":true,"write":true,"execute":true}},{"project_uid":"fla2fd3da146bc971f576db7","access_list":{"read":true,"write":true,"execute":true}},{"project_uid":"fl4d4217ba9318ff6ec28ac8","access_list":{"read":true,"write":true,"execute":true}},{"project_uid":"fl77cc3d58fdc0b260135645","access_list":{"read":true,"write":true,"execute":true},"name":"Suresh"},{"project_uid":"flab8cefd4956157e2402eb5","access_list":{"read":true,"write":true,"execute":true},"name":"Tham"},{"project_uid":"fl1d30e444b682e6b4dcfd94","access_list":{"read":true,"write":true,"execute":true},"name":"RobT"},{"project_uid":"fld58551cfa46331fd40fb50","access_list":{"read":true,"write":true,"execute":true}},{"project_uid":"fl2062a3ea6e1851e0a2d6f4","access_list":{"read":true,"write":true,"execute":true}},{"project_uid":"fld907368d427ef9e05cdfb6","access_list":{"read":true,"write":true,"execute":true}},{"project_uid":"fleab24ed0c137439530ba1b","access_list":{"read":true,"write":true,"execute":true}},{"project_uid":"fl41ca4e5d4e2c2ac5314d0c","access_list":{"read":true,"write":true,"execute":true},"name":"B2B Demo"},{"project_uid":"fl6e3c3be10f723785fb8f88","access_list":{"read":true,"write":true,"execute":true},"name":"StreamSets PRODUCTION ENVIRONMENT"},{"project_uid":"flf86ae53dba3741aeb21ca1","access_list":{"read":true,"write":true,"execute":true}},{"project_uid":"fl5c74c6065dec01990bcabd","access_list":{"read":true,"write":true,"execute":true}}],"wmic_role_id":"7beac5fe697649449b953030f22ab9fe","embed_permissions":[],"created_at":"2023-05-24T12:16:35.314Z","updated_at":"2023-05-24T12:22:52.877Z","uid":"fl533df345779f0c326d82a2"},{"name":"HumanResources_Operational","ic_role_name":"HumanResources_Operational","description":"Human Resources","tenant_uid":"fl5c7728c5901f3d72bed6a3","permissions":[{"project_uid":"fl5f288733a8af00b86003bd","access_list":{"read":true,"write":false,"execute":true},"name":"Human Resources"}],"wmic_role_id":"d7b3b4ecda3c43c4bd1eff2451f71e6e","embed_permissions":[],"created_at":"2023-05-24T12:15:22.177Z","updated_at":"2023-05-24T12:15:39.707Z","uid":"fla999df07dccbcd2644f3ec"},{"name":"Jay","ic_role_name":"Jay","tenant_uid":"fl5c7728c5901f3d72bed6a3","permissions":[{"project_uid":"fl19bf5c72e967be338d6528","access_list":{"read":true,"write":true,"execute":true},"name":"HelloMetering"},{"project_uid":"flacc9f4712915d36b8bbcb2","access_list":{"read":true,"write":true,"execute":true},"name":"Default"}],"description":"Jay","wmic_role_id":"bb4f4b7498f94ad78b1cba89a37a995a","embed_permissions":[],"created_at":"2022-09-29T14:40:14.039Z","updated_at":"2024-09-10T07:23:04.317Z","uid":"fl29c6e0c0a8706edc73947d"},{"name":"Jiri","ic_role_name":"Jiri","description":"Jiri","tenant_uid":"fl5c7728c5901f3d72bed6a3","permissions":[{"project_uid":"fl749dfc46be4196dd5f3839","access_list":{"read":true,"write":true,"execute":true},"name":"Jiri"}],"wmic_role_id":"6a66448969874ebfb4a9a88225426476","embed_permissions":[],"created_at":"2023-03-27T12:10:08.871Z","updated_at":"2023-03-27T12:10:08.871Z","uid":"fl7cff8a7dd388e569a0ad7a"},{"name":"JonathanHeywood","ic_role_name":"JonathanHeywood","description":"Jonathan Heywood","tenant_uid":"fl5c7728c5901f3d72bed6a3","permissions":[{"project_uid":"flacc9f4712915d36b8bbcb2","access_list":{"read":true,"write":true,"execute":true},"name":"Default"},{"project_uid":"fl66b521e17a5cf7f88a63ef","access_list":{"read":true,"write":true,"execute":true},"name":"JHeywood"}],"wmic_role_id":"95965ffde1154cf18bc5b24513f266e5","embed_permissions":[],"created_at":"2023-02-17T08:39:10.775Z","updated_at":"2023-02-17T08:39:10.775Z","uid":"flf5478f4b4cac4fdd1b83f0"},{"name":"LimitedScopeExec","ic_role_name":"LimitedScopeExec","description":"","tenant_uid":"fl5c7728c5901f3d72bed6a3","permissions":[{"project_uid":"flf75aaf8a01063076701f0f","access_list":{"read":false,"write":false,"execute":true},"name":"DaveP_Playground"}],"wmic_role_id":"bc871290c4d649608fbf1bbbde9daefd","embed_permissions":[],"created_at":"2023-03-13T09:26:04.178Z","updated_at":"2023-03-13T09:26:04.178Z","uid":"fl39af91cdd875bb7d917f39"},{"name":"SLenin","ic_role_name":"SLenin","description":"","tenant_uid":"fl5c7728c5901f3d72bed6a3","permissions":[{"project_uid":"flacc9f4712915d36b8bbcb2","access_list":{"read":true,"write":true,"execute":true},"name":"Default"},{"project_uid":"flb34c6d2c6fbb129942f164","access_list":{"read":true,"write":true,"execute":true},"name":"SLenin"},{"project_uid":"fl73e777558991e24c2ada2e","access_list":{"read":true,"write":true,"execute":true}}],"wmic_role_id":"ecaca345a261431b8f8bd6b63b0750bf","embed_permissions":[],"created_at":"2023-02-24T11:07:14.503Z","updated_at":"2023-06-27T12:54:57.321Z","uid":"fl0d7b5e80e882383d6f6b9a"},{"name":"SupportUser_Only","ic_role_name":"SupportUser_Only","tenant_uid":"fl5c7728c5901f3d72bed6a3","permissions":[{"project_uid":"fl6bdac49d766f1ebab81a48","access_list":{"read":true,"write":true,"execute":true}},{"project_uid":"flacc9f4712915d36b8bbcb2","access_list":{"read":true,"write":true,"execute":true},"name":"Default"},{"project_uid":"flc740ab858dbe06aebca686","access_list":{"read":true,"write":true,"execute":true},"name":"PerfTest"}],"description":"SupportUser","wmic_role_id":"d9dbff151a894f63a18ddace53f2898c","embed_permissions":[],"created_at":"2022-09-15T14:28:36.054Z","updated_at":"2022-11-23T09:00:52.824Z","uid":"fl48d5b732a4c1f744748e21"},{"name":"Suresh","ic_role_name":"Suresh","description":"Suresh","tenant_uid":"fl5c7728c5901f3d72bed6a3","permissions":[{"project_uid":"flacc9f4712915d36b8bbcb2","access_list":{"read":true,"write":true,"execute":true},"name":"Default"},{"project_uid":"fl77cc3d58fdc0b260135645","access_list":{"read":true,"write":true,"execute":true},"name":"Suresh"}],"wmic_role_id":"77b4ca93b615433a80cd64f662ef6ad8","embed_permissions":[],"created_at":"2023-03-30T11:42:56.007Z","updated_at":"2023-03-30T11:42:56.007Z","uid":"flf6de2bbd5566cb8b6dba9d"},{"name":"Tham","ic_role_name":"Tham","description":"","tenant_uid":"fl5c7728c5901f3d72bed6a3","permissions":[{"project_uid":"flacc9f4712915d36b8bbcb2","access_list":{"read":true,"write":true,"execute":true},"name":"Default"},{"project_uid":"flab8cefd4956157e2402eb5","access_list":{"read":true,"write":true,"execute":true},"name":"Tham"}],"wmic_role_id":"6a807fc42ed846d6808b2dbbbf54de6e","embed_permissions":[],"created_at":"2023-04-21T12:13:52.550Z","updated_at":"2023-04-21T12:13:52.550Z","uid":"fl03fb39a3c9485d965202f8"},{"name":"WBAUSERS","ic_role_name":"WBAUSERS","tenant_uid":"fl5c7728c5901f3d72bed6a3","permissions":[{"access_list":{"read":true,"write":true,"execute":true},"project_uid":"fl0ed4efce2c384a98f318f7"}],"description":"wba users","wmic_role_id":"9bdcca4dde0f4e289b12eb8eae51d4b3","embed_permissions":[],"created_at":"2022-10-10T15:13:28.556Z","updated_at":"2022-10-10T15:13:28.556Z","uid":"fl3579f80a1153c5ee90de41"},{"name":"default_edit","ic_role_name":"default_edit","tenant_uid":"fl5c7728c5901f3d72bed6a3","permissions":[{"access_list":{"read":true,"write":true,"execute":true},"project_uid":"flacc9f4712915d36b8bbcb2","name":"Default"}],"description":"default project access","wmic_role_id":"d0f2accf152a43c39005c4440b377968","embed_permissions":[],"created_at":"2022-09-29T14:41:36.188Z","updated_at":"2022-09-29T14:42:05.973Z","uid":"fl594d8175dcbd25284f2572"}]}}
Time Taken: 536 ms
----------------------------------------------------------------------------------------
[43/114] Get single role
{"output":{"name":"Admin","ic_role_name":"Admin","tenant_uid":"fl5c7728c5901f3d72bed6a3","permissions":[],"description":"Can manage users, roles and projects in the tenant.","wmic_role_id":"2","created_at":"2022-04-28T13:48:01.347Z","updated_at":"2022-04-28T13:48:01.347Z","uid":"flecef94626e67d71168b873"}}
Time Taken: 487 ms
----------------------------------------------------------------------------------------
[44/114] Role Create
{"output":{"name":"testrole","uid":"fl6b1ae8cd183be88ca52c1a","tenant_uid":"fl5c7728c5901f3d72bed6a3","permissions":[{"project_uid":"flacc9f4712915d36b8bbcb2","access_list":{"read":true,"write":true,"execute":true}}],"created_at":"2024-11-14T14:49:42.549Z","updated_at":"2024-11-14T14:49:42.549Z"}}
----------------------------------------------------------------------------------------
[45/114] Role Update
{"output":{"name":"testrole","uid":"fl6b1ae8cd183be88ca52c1a","tenant_uid":"fl5c7728c5901f3d72bed6a3","permissions":[{"project_uid":"flacc9f4712915d36b8bbcb2","access_list":{"read":true}}],"created_at":"2024-11-14T14:49:42.549Z","updated_at":"2024-11-14T14:49:43.179Z"}}
Time Taken: 613 ms
----------------------------------------------------------------------------------------
[46/114] Get User list
{"output":{"objects":[{"uid":"fl031ba6e605f4c5c0fc09fc","email":"ukdxp@softwareag.com","first_name":"HR","last_name":"User","roles":[{"name":"Developer","ic_role_name":"Developer","tenant_uid":"fl5c7728c5901f3d72bed6a3","permissions":[],"description":"Can manage all projects of your tenant.","wmic_role_id":"1","created_at":"2022-04-28T13:48:01.368Z","updated_at":"2022-04-28T13:48:01.368Z","uid":"flc929b7b6a11ab6e6fc1b89"}],"wmic_username":"hruser","is_admin":false,"is_developer":true,"is_owner":false},{"uid":"fl0fd03f7c880dbcb10499ec","email":"krishna.kn@softwareag.com","first_name":"Krishna","last_name":"Kn","roles":[{"name":"Developer","ic_role_name":"Developer","tenant_uid":"fl5c7728c5901f3d72bed6a3","permissions":[],"description":"Can manage all projects of your tenant.","wmic_role_id":"1","created_at":"2022-04-28T13:48:01.368Z","updated_at":"2022-04-28T13:48:01.368Z","uid":"flc929b7b6a11ab6e6fc1b89"},{"name":"Admin","ic_role_name":"Admin","tenant_uid":"fl5c7728c5901f3d72bed6a3","permissions":[],"description":"Can manage users, roles and projects in the tenant.","wmic_role_id":"2","created_at":"2022-04-28T13:48:01.347Z","updated_at":"2022-04-28T13:48:01.347Z","uid":"flecef94626e67d71168b873"}],"wmic_username":"krishna","is_admin":true,"is_developer":true,"is_owner":false},{"uid":"fl129ea755aef6ffd731f49c","email":"john.wilson@softwareag.com","first_name":"John","last_name":"Wilson","roles":[{"name":"Developer","ic_role_name":"Developer","tenant_uid":"fl5c7728c5901f3d72bed6a3","permissions":[],"description":"Can manage all projects of your tenant.","wmic_role_id":"1","created_at":"2022-04-28T13:48:01.368Z","updated_at":"2022-04-28T13:48:01.368Z","uid":"flc929b7b6a11ab6e6fc1b89"},{"name":"Admin","ic_role_name":"Admin","tenant_uid":"fl5c7728c5901f3d72bed6a3","permissions":[],"description":"Can manage users, roles and projects in the tenant.","wmic_role_id":"2","created_at":"2022-04-28T13:48:01.347Z","updated_at":"2022-04-28T13:48:01.347Z","uid":"flecef94626e67d71168b873"}],"wmic_username":"john.wilson@softwareag.com","is_admin":true,"is_developer":true,"is_owner":false},{"uid":"fl27ed2361e36e5847f8c67a","email":"dave.pemberton@softwareag.com","first_name":"BtoB","last_name":"Demo","roles":[{"name":"Developer","ic_role_name":"Developer","tenant_uid":"fl5c7728c5901f3d72bed6a3","permissions":[],"description":"Can manage all projects of your tenant.","wmic_role_id":"1","created_at":"2022-04-28T13:48:01.368Z","updated_at":"2022-04-28T13:48:01.368Z","uid":"flc929b7b6a11ab6e6fc1b89"}],"wmic_username":"b2bdemo","is_admin":false,"is_developer":true,"is_owner":false},{"uid":"fl2d5b100cfc9a55c151cd4c","email":"holm.steinland@softwareag.com","first_name":"Holm","last_name":"Steinland","roles":[{"name":"default_edit","ic_role_name":"default_edit","tenant_uid":"fl5c7728c5901f3d72bed6a3","permissions":[{"access_list":{"read":true,"write":true,"execute":true},"project_uid":"flacc9f4712915d36b8bbcb2"}],"description":"default project access","wmic_role_id":"d0f2accf152a43c39005c4440b377968","embed_permissions":[],"created_at":"2022-09-29T14:41:36.188Z","updated_at":"2022-09-29T14:42:05.973Z","uid":"fl594d8175dcbd25284f2572"},{"name":"Holm","ic_role_name":"Holm","tenant_uid":"fl5c7728c5901f3d72bed6a3","permissions":[{"project_uid":"flacc9f4712915d36b8bbcb2","access_list":{"read":true,"write":true,"execute":true}},{"project_uid":"fl20bd5e5825490635845973","access_list":{"read":true,"write":true,"execute":true}},{"project_uid":"fl6bdac49d766f1ebab81a48","access_list":{"read":true,"write":true,"execute":true}},{"project_uid":"fl7b68abf6cb792913cd2ee5","access_list":{"read":true,"write":true,"execute":true}},{"project_uid":"flee96a57983e97043cde2b9","access_list":{"read":true,"write":true,"execute":true}}],"description":"Holms projects","wmic_role_id":"cf23f3032d2e494f8a31f59752609e0f","embed_permissions":[],"created_at":"2022-10-24T15:49:45.403Z","updated_at":"2024-05-22T15:13:19.949Z","uid":"fl41e0e4a3db7d5ee7928fe8"}],"wmic_username":"holm.steinland@softwareag.com","is_admin":false,"is_developer":false,"is_owner":false},{"uid":"fl3365c3d383f92f03acd9ac","email":"vikash.sharma@softwareag.com","first_name":"Vikash","last_name":"Sharma","roles":[{"name":"Developer","ic_role_name":"Developer","tenant_uid":"fl5c7728c5901f3d72bed6a3","permissions":[],"description":"Can manage all projects of your tenant.","wmic_role_id":"1","created_at":"2022-04-28T13:48:01.368Z","updated_at":"2022-04-28T13:48:01.368Z","uid":"flc929b7b6a11ab6e6fc1b89"},{"name":"Admin","ic_role_name":"Admin","tenant_uid":"fl5c7728c5901f3d72bed6a3","permissions":[],"description":"Can manage users, roles and projects in the tenant.","wmic_role_id":"2","created_at":"2022-04-28T13:48:01.347Z","updated_at":"2022-04-28T13:48:01.347Z","uid":"flecef94626e67d71168b873"}],"wmic_username":"vikash.sharma@softwareag.com","is_admin":true,"is_developer":true,"is_owner":false},{"uid":"fl4286b4defa611e383f34f9","email":"jay.gauthier@softwareag.com","first_name":"Jay","last_name":"Gauthier","roles":[{"name":"Jay","ic_role_name":"Jay","tenant_uid":"fl5c7728c5901f3d72bed6a3","permissions":[{"project_uid":"fl19bf5c72e967be338d6528","access_list":{"read":true,"write":true,"execute":true}},{"project_uid":"flacc9f4712915d36b8bbcb2","access_list":{"read":true,"write":true,"execute":true}}],"description":"Jay","wmic_role_id":"bb4f4b7498f94ad78b1cba89a37a995a","embed_permissions":[],"created_at":"2022-09-29T14:40:14.039Z","updated_at":"2024-09-10T07:23:04.317Z","uid":"fl29c6e0c0a8706edc73947d"},{"name":"default_edit","ic_role_name":"default_edit","tenant_uid":"fl5c7728c5901f3d72bed6a3","permissions":[{"access_list":{"read":true,"write":true,"execute":true},"project_uid":"flacc9f4712915d36b8bbcb2"}],"description":"default project access","wmic_role_id":"d0f2accf152a43c39005c4440b377968","embed_permissions":[],"created_at":"2022-09-29T14:41:36.188Z","updated_at":"2022-09-29T14:42:05.973Z","uid":"fl594d8175dcbd25284f2572"},{"name":"Admin","ic_role_name":"Admin","tenant_uid":"fl5c7728c5901f3d72bed6a3","permissions":[],"description":"Can manage users, roles and projects in the tenant.","wmic_role_id":"2","created_at":"2022-04-28T13:48:01.347Z","updated_at":"2022-04-28T13:48:01.347Z","uid":"flecef94626e67d71168b873"}],"wmic_username":"jay.gauthier@softwareag.com","is_admin":true,"is_developer":false,"is_owner":false},{"uid":"fl469a2ce25d466336aa48dd","email":"ukdxp@softwareag.com","first_name":"API","last_name":"User","roles":[{"name":"Developer","ic_role_name":"Developer","tenant_uid":"fl5c7728c5901f3d72bed6a3","permissions":[],"description":"Can manage all projects of your tenant.","wmic_role_id":"1","created_at":"2022-04-28T13:48:01.368Z","updated_at":"2022-04-28T13:48:01.368Z","uid":"flc929b7b6a11ab6e6fc1b89"}],"wmic_username":"apiuser","is_admin":false,"is_developer":true,"is_owner":false},{"uid":"fl48319a2d2c58c424c2b197","email":"thomas.bennett@streamsets.com","first_name":"Thomas","last_name":"Bennett","roles":[{"name":"Developer","ic_role_name":"Developer","tenant_uid":"fl5c7728c5901f3d72bed6a3","permissions":[],"description":"Can manage all projects of your tenant.","wmic_role_id":"1","created_at":"2022-04-28T13:48:01.368Z","updated_at":"2022-04-28T13:48:01.368Z","uid":"flc929b7b6a11ab6e6fc1b89"}],"wmic_username":"thomas.bennett@streamsets.com","is_admin":false,"is_developer":true,"is_owner":false},{"uid":"fl5249d4952ebb0e88a7637e","email":"carrm@us.ibm.com","first_name":"Melinda","last_name":"Carr","roles":[{"name":"Developer","ic_role_name":"Developer","tenant_uid":"fl5c7728c5901f3d72bed6a3","permissions":[],"description":"Can manage all projects of your tenant.","wmic_role_id":"1","created_at":"2022-04-28T13:48:01.368Z","updated_at":"2022-04-28T13:48:01.368Z","uid":"flc929b7b6a11ab6e6fc1b89"},{"name":"Admin","ic_role_name":"Admin","tenant_uid":"fl5c7728c5901f3d72bed6a3","permissions":[],"description":"Can manage users, roles and projects in the tenant.","wmic_role_id":"2","created_at":"2022-04-28T13:48:01.347Z","updated_at":"2022-04-28T13:48:01.347Z","uid":"flecef94626e67d71168b873"}],"wmic_username":"melinda.carr","is_admin":true,"is_developer":true,"is_owner":false},{"uid":"fl5267eb2888a8ffc6e8aa79","email":"jonathan.heywood@softwareag.com","first_name":"Jonathan","last_name":"Heywood","roles":[{"name":"JonathanHeywood","ic_role_name":"JonathanHeywood","description":"Jonathan Heywood","tenant_uid":"fl5c7728c5901f3d72bed6a3","permissions":[{"project_uid":"flacc9f4712915d36b8bbcb2","access_list":{"read":true,"write":true,"execute":true}},{"project_uid":"fl66b521e17a5cf7f88a63ef","access_list":{"read":true,"write":true,"execute":true}}],"wmic_role_id":"95965ffde1154cf18bc5b24513f266e5","embed_permissions":[],"created_at":"2023-02-17T08:39:10.775Z","updated_at":"2023-02-17T08:39:10.775Z","uid":"flf5478f4b4cac4fdd1b83f0"}],"wmic_username":"jonathan.heywood@softwareag.com","is_admin":false,"is_developer":false,"is_owner":false},{"uid":"fl5f446bb061861346d8be23","email":"shravan.kumar@softwareag.com","first_name":"Shravan","last_name":"Kumar","roles":[{"name":"Competitive_Intel","ic_role_name":"Competitive_Intel","description":"compeititve intel team","tenant_uid":"fl5c7728c5901f3d72bed6a3","permissions":[{"project_uid":"fl36b88df57eb16bab1fb80d","access_list":{"read":true,"write":true,"execute":true}}],"wmic_role_id":"a6ca1e4d24f143e9a9f54a30b47fc96b","embed_permissions":[],"created_at":"2023-02-14T09:34:16.183Z","updated_at":"2024-05-22T15:20:04.933Z","uid":"fl8b938ac9eb26031c5e54df"}],"wmic_username":"shravan.kumar@softwareag.com","is_admin":false,"is_developer":false,"is_owner":false},{"uid":"fl64b9cfd722fc9f52588fa6","email":"ravi.syamala@softwareag.com","first_name":"Ravi","last_name":"Syamala","roles":[{"name":"Gainsight_Edit","ic_role_name":"Gainsight_Edit","tenant_uid":"fl5c7728c5901f3d72bed6a3","permissions":[{"access_list":{"read":true,"write":true,"execute":true},"project_uid":"fl2dc9db962c7308e9e441a7"},{"access_list":{"read":true,"write":true,"execute":true},"project_uid":"flee2c79326aa513ece2154d"}],"description":"Gainsight","wmic_role_id":"2b033a1b1ad448acb2a8aa3248ba6b88","embed_permissions":[],"created_at":"2022-09-29T14:38:55.818Z","updated_at":"2022-09-29T14:39:19.586Z","uid":"fld6a71fb02ada8dac8227cb"},{"name":"default_edit","ic_role_name":"default_edit","tenant_uid":"fl5c7728c5901f3d72bed6a3","permissions":[{"access_list":{"read":true,"write":true,"execute":true},"project_uid":"flacc9f4712915d36b8bbcb2"}],"description":"default project access","wmic_role_id":"d0f2accf152a43c39005c4440b377968","embed_permissions":[],"created_at":"2022-09-29T14:41:36.188Z","updated_at":"2022-09-29T14:42:05.973Z","uid":"fl594d8175dcbd25284f2572"},{"name":"Admin","ic_role_name":"Admin","tenant_uid":"fl5c7728c5901f3d72bed6a3","permissions":[],"description":"Can manage users, roles and projects in the tenant.","wmic_role_id":"2","created_at":"2022-04-28T13:48:01.347Z","updated_at":"2022-04-28T13:48:01.347Z","uid":"flecef94626e67d71168b873"}],"wmic_username":"ravi.syamala@softwareag.com","is_admin":true,"is_developer":false,"is_owner":false},{"uid":"fl66fa64484d8b122f53197f","email":"dave.pemberton@softwareag.com","first_name":"Automation","last_name":"User","roles":[{"name":"Developer","ic_role_name":"Developer","tenant_uid":"fl5c7728c5901f3d72bed6a3","permissions":[],"description":"Can manage all projects of your tenant.","wmic_role_id":"1","created_at":"2022-04-28T13:48:01.368Z","updated_at":"2022-04-28T13:48:01.368Z","uid":"flc929b7b6a11ab6e6fc1b89"},{"name":"Admin","ic_role_name":"Admin","tenant_uid":"fl5c7728c5901f3d72bed6a3","permissions":[],"description":"Can manage users, roles and projects in the tenant.","wmic_role_id":"2","created_at":"2022-04-28T13:48:01.347Z","updated_at":"2022-04-28T13:48:01.347Z","uid":"flecef94626e67d71168b873"}],"wmic_username":"automation","is_admin":true,"is_developer":true,"is_owner":false},{"uid":"fl6bd5ef89e9980fd98ebc0f","email":"nicolas.lichtenberger@softwareag.com","first_name":"Nicolas","last_name":"Lichtenberge","roles":[{"name":"Competitive_Intel","ic_role_name":"Competitive_Intel","description":"compeititve intel team","tenant_uid":"fl5c7728c5901f3d72bed6a3","permissions":[{"project_uid":"fl36b88df57eb16bab1fb80d","access_list":{"read":true,"write":true,"execute":true}}],"wmic_role_id":"a6ca1e4d24f143e9a9f54a30b47fc96b","embed_permissions":[],"created_at":"2023-02-14T09:34:16.183Z","updated_at":"2024-05-22T15:20:04.933Z","uid":"fl8b938ac9eb26031c5e54df"}],"wmic_username":"nicolas.lichtenberger@softwareag.com","is_admin":false,"is_developer":false,"is_owner":false},{"uid":"fl6d4379f26710241a6eb49d","email":"suresh.ganta@softwareag.com","first_name":"Suresh","last_name":"Ganta","roles":[{"name":"Developer","ic_role_name":"Developer","tenant_uid":"fl5c7728c5901f3d72bed6a3","permissions":[],"description":"Can manage all projects of your tenant.","wmic_role_id":"1","created_at":"2022-04-28T13:48:01.368Z","updated_at":"2022-04-28T13:48:01.368Z","uid":"flc929b7b6a11ab6e6fc1b89"}],"wmic_username":"suresh.ganta@softwareag.com","is_admin":false,"is_developer":true,"is_owner":false},{"uid":"fl7f67278bdc263d579456f5","email":"harish.krishnaswamy@softwareag.com","first_name":"Harish","last_name":"K","roles":[{"name":"default_edit","ic_role_name":"default_edit","tenant_uid":"fl5c7728c5901f3d72bed6a3","permissions":[{"access_list":{"read":true,"write":true,"execute":true},"project_uid":"flacc9f4712915d36b8bbcb2"}],"description":"default project access","wmic_role_id":"d0f2accf152a43c39005c4440b377968","embed_permissions":[],"created_at":"2022-09-29T14:41:36.188Z","updated_at":"2022-09-29T14:42:05.973Z","uid":"fl594d8175dcbd25284f2572"}],"wmic_username":"harish.krishnaswamy@softwareag.com","is_admin":false,"is_developer":false,"is_owner":false},{"uid":"fl9671103d51fb112b3d9939","email":"sivaraj.lenin@softwareag.com","first_name":"Sivaraj","last_name":"Lenin","roles":[{"name":"SLenin","ic_role_name":"SLenin","description":"","tenant_uid":"fl5c7728c5901f3d72bed6a3","permissions":[{"project_uid":"flacc9f4712915d36b8bbcb2","access_list":{"read":true,"write":true,"execute":true}},{"project_uid":"flb34c6d2c6fbb129942f164","access_list":{"read":true,"write":true,"execute":true}},{"project_uid":"fl73e777558991e24c2ada2e","access_list":{"read":true,"write":true,"execute":true}}],"wmic_role_id":"ecaca345a261431b8f8bd6b63b0750bf","embed_permissions":[],"created_at":"2023-02-24T11:07:14.503Z","updated_at":"2023-06-27T12:54:57.321Z","uid":"fl0d7b5e80e882383d6f6b9a"}],"wmic_username":"sivaraj.lenin@softwareag.com","is_admin":false,"is_developer":false,"is_owner":false},{"uid":"fla41706c68e42cbfc155243","email":"rob.tiberio@softwareag.com","first_name":"Rob","last_name":"Tiberio","roles":[{"name":"Developer","ic_role_name":"Developer","tenant_uid":"fl5c7728c5901f3d72bed6a3","permissions":[],"description":"Can manage all projects of your tenant.","wmic_role_id":"1","created_at":"2022-04-28T13:48:01.368Z","updated_at":"2022-04-28T13:48:01.368Z","uid":"flc929b7b6a11ab6e6fc1b89"}],"wmic_username":"rob.tiberio@softwareag.com","is_admin":false,"is_developer":true,"is_owner":false},{"uid":"flbc644fcd5db554822f05c1","email":"ukdxp@softwareag.com","first_name":"API","last_name":"User","roles":[{"name":"Developer","ic_role_name":"Developer","tenant_uid":"fl5c7728c5901f3d72bed6a3","permissions":[],"description":"Can manage all projects of your tenant.","wmic_role_id":"1","created_at":"2022-04-28T13:48:01.368Z","updated_at":"2022-04-28T13:48:01.368Z","uid":"flc929b7b6a11ab6e6fc1b89"}],"wmic_username":"apiuser","is_admin":false,"is_developer":true,"is_owner":false},{"uid":"fld17649f07bf2eb98630683","email":"john.wilson3@ibm.com","first_name":"John","last_name":"Wilson","roles":[{"name":"Developer","ic_role_name":"Developer","tenant_uid":"fl5c7728c5901f3d72bed6a3","permissions":[],"description":"Can manage all projects of your tenant.","wmic_role_id":"1","created_at":"2022-04-28T13:48:01.368Z","updated_at":"2022-04-28T13:48:01.368Z","uid":"flc929b7b6a11ab6e6fc1b89"},{"name":"Admin","ic_role_name":"Admin","tenant_uid":"fl5c7728c5901f3d72bed6a3","permissions":[],"description":"Can manage users, roles and projects in the tenant.","wmic_role_id":"2","created_at":"2022-04-28T13:48:01.347Z","updated_at":"2022-04-28T13:48:01.347Z","uid":"flecef94626e67d71168b873"}],"wmic_username":"john.wilson","is_admin":true,"is_developer":true,"is_owner":false},{"uid":"fld2e6c292720e190ffd8609","email":"laura.marshall@ibm.com","first_name":"Laura","last_name":"Marshall","roles":[{"name":"Developer","ic_role_name":"Developer","tenant_uid":"fl5c7728c5901f3d72bed6a3","permissions":[],"description":"Can manage all projects of your tenant.","wmic_role_id":"1","created_at":"2022-04-28T13:48:01.368Z","updated_at":"2022-04-28T13:48:01.368Z","uid":"flc929b7b6a11ab6e6fc1b89"}],"wmic_username":"laura.marshall@ibm.com","is_admin":false,"is_developer":true,"is_owner":false},{"uid":"fld748d1f19422c4ab3cfe3d","email":"daniel.adayev@streamsets.com","first_name":"Daniel","last_name":"Adayev","roles":[{"name":"Developer","ic_role_name":"Developer","tenant_uid":"fl5c7728c5901f3d72bed6a3","permissions":[],"description":"Can manage all projects of your tenant.","wmic_role_id":"1","created_at":"2022-04-28T13:48:01.368Z","updated_at":"2022-04-28T13:48:01.368Z","uid":"flc929b7b6a11ab6e6fc1b89"}],"wmic_username":"daniel.adayev@streamsets.com","is_admin":false,"is_developer":true,"is_owner":false},{"uid":"fle6b9c9f6389a41fc597a86","email":"jiri.dejagere@softwareag.com","first_name":"Jiri","last_name":"De Jagere","roles":[{"name":"Competitive_Intel","ic_role_name":"Competitive_Intel","description":"compeititve intel team","tenant_uid":"fl5c7728c5901f3d72bed6a3","permissions":[{"project_uid":"fl36b88df57eb16bab1fb80d","access_list":{"read":true,"write":true,"execute":true}}],"wmic_role_id":"a6ca1e4d24f143e9a9f54a30b47fc96b","embed_permissions":[],"created_at":"2023-02-14T09:34:16.183Z","updated_at":"2024-05-22T15:20:04.933Z","uid":"fl8b938ac9eb26031c5e54df"},{"name":"Jiri","ic_role_name":"Jiri","description":"Jiri","tenant_uid":"fl5c7728c5901f3d72bed6a3","permissions":[{"project_uid":"fl749dfc46be4196dd5f3839","access_list":{"read":true,"write":true,"execute":true}}],"wmic_role_id":"6a66448969874ebfb4a9a88225426476","embed_permissions":[],"created_at":"2023-03-27T12:10:08.871Z","updated_at":"2023-03-27T12:10:08.871Z","uid":"fl7cff8a7dd388e569a0ad7a"}],"wmic_username":"jiri.dejagere@softwareag.com","is_admin":false,"is_developer":false,"is_owner":false},{"uid":"flefd8d330805b4a86c812e4","email":"dave.pemberton@softwareag.com","first_name":"Thamizharasu","last_name":"Soundrapandian","roles":[{"name":"Tham","ic_role_name":"Tham","description":"","tenant_uid":"fl5c7728c5901f3d72bed6a3","permissions":[{"project_uid":"flacc9f4712915d36b8bbcb2","access_list":{"read":true,"write":true,"execute":true}},{"project_uid":"flab8cefd4956157e2402eb5","access_list":{"read":true,"write":true,"execute":true}}],"wmic_role_id":"6a807fc42ed846d6808b2dbbbf54de6e","embed_permissions":[],"created_at":"2023-04-21T12:13:52.550Z","updated_at":"2023-04-21T12:13:52.550Z","uid":"fl03fb39a3c9485d965202f8"}],"wmic_username":"thamizharasu.soundrapandian@softwareag.com","is_admin":false,"is_developer":false,"is_owner":false},{"uid":"flf1261944aa5720597f7c35","email":"dave.pemberton@softwareag.com","first_name":"Dave","last_name":"Pemberton","roles":[{"name":"Billing Manager","ic_role_name":"Billing Manager","tenant_uid":"fl5c7728c5901f3d72bed6a3","permissions":[],"description":"Can manage plans and payment information of your tenant.","wmic_role_id":null,"created_at":"2022-04-28T13:48:01.360Z","updated_at":"2022-04-28T13:48:01.360Z","uid":"fl8bf3d3eda119ce828c10d9"},{"name":"Developer","ic_role_name":"Developer","tenant_uid":"fl5c7728c5901f3d72bed6a3","permissions":[],"description":"Can manage all projects of your tenant.","wmic_role_id":"1","created_at":"2022-04-28T13:48:01.368Z","updated_at":"2022-04-28T13:48:01.368Z","uid":"flc929b7b6a11ab6e6fc1b89"},{"name":"Admin","ic_role_name":"Admin","tenant_uid":"fl5c7728c5901f3d72bed6a3","permissions":[],"description":"Can manage users, roles and projects in the tenant.","wmic_role_id":"2","created_at":"2022-04-28T13:48:01.347Z","updated_at":"2022-04-28T13:48:01.347Z","uid":"flecef94626e67d71168b873"}],"wmic_username":"dave.pemberton@softwareag.com","is_admin":true,"is_developer":true,"is_owner":true},{"uid":"flf6e1504d305c752ee12bb5","email":"bharath.meka@softwareag.com","first_name":"Bharath","last_name":"Meka","roles":[{"name":"default_edit","ic_role_name":"default_edit","tenant_uid":"fl5c7728c5901f3d72bed6a3","permissions":[{"access_list":{"read":true,"write":true,"execute":true},"project_uid":"flacc9f4712915d36b8bbcb2"}],"description":"default project access","wmic_role_id":"d0f2accf152a43c39005c4440b377968","embed_permissions":[],"created_at":"2022-09-29T14:41:36.188Z","updated_at":"2022-09-29T14:42:05.973Z","uid":"fl594d8175dcbd25284f2572"}],"wmic_username":"bharath.meka@softwareag.com","is_admin":false,"is_developer":false,"is_owner":false}],"count":27}}
Time Taken: 631 ms
----------------------------------------------------------------------------------------
[47/114] User role assignment
{"output":{"uid":"flbc644fcd5db554822f05c1","email":"ukdxp@softwareag.com","wmic_username":"apiuser","roles":[{"name":"testrole","ic_role_name":"testrole","description":"desc","permissions":[{"access_list":{"read":true},"project_uid":"flacc9f4712915d36b8bbcb2"}],"wmic_role_id":"209da01110cd4bf8bdd7beaa816f8de3","embed_permissions":[],"created_at":"2024-11-14T14:49:42.549Z","updated_at":"2024-11-14T14:49:43.179Z","uid":"fl6b1ae8cd183be88ca52c1a"}],"is_admin":false,"is_developer":false,"is_owner":false}}
Time Taken: 641 ms
----------------------------------------------------------------------------------------
[48/114] User role assignment revert
{"output":{"uid":"flbc644fcd5db554822f05c1","email":"ukdxp@softwareag.com","wmic_username":"apiuser","roles":[{"name":"Developer","ic_role_name":"Developer","permissions":[],"description":"Can manage all projects of your tenant.","wmic_role_id":"1","created_at":"2022-04-28T13:48:01.368Z","updated_at":"2022-04-28T13:48:01.368Z","uid":"flc929b7b6a11ab6e6fc1b89","embed_permissions":[]}],"is_admin":false,"is_developer":true,"is_owner":false}}
Time Taken: 606 ms
----------------------------------------------------------------------------------------
[49/114] Role Delete
{"output":{"message":"Tenant role deleted."}}
Time Taken: 587 ms
----------------------------------------------------------------------------------------
[50/114] Export workflow
{"workflow-export":"success", "filename":"wf.zip"}
Time Taken: 985 ms
----------------------------------------------------------------------------------------
[51/114] Import Workflow
{"output":{"uid":"fl490f6fd6f8e8349580db28","name":"Hello Workflow","description":"","tenant_uid":"fl5c7728c5901f3d72bed6a3","project_uid":"fl425e0505dec7b426384550","active":true,"refid":"TcduzChCU","sid":"1PGovgBVKM"}}
----------------------------------------------------------------------------------------
[52/114] Delete workflow
{"output":{"message":"Object deleted successfully."}}
Time Taken: 634 ms
----------------------------------------------------------------------------------------
[53/114] Execute Workflow
{"output":{"response":"Workflow enqueue successfully.","status":"queued","project_uid":"fl425e0505dec7b426384550","env_uid":"fldbcdfb402ff71f2b0f2333","tenant_uid":"fl5c7728c5901f3d72bed6a3","workflow_uid":"fl8c6e1a24c22ffd6d912494","run_id":"vbid7a2ed5451ae34e3ef515a0cf2a470ec5c948bbb8f0d4"}}
----------------------------------------------------------------------------------------
[54/114] Workflow Execution Status
{"output":{"objects":[{"run_id":"vbid7a2ed5451ae34e3ef515a0cf2a470ec5c948bbb8f0d4","tenant_uid":"fl5c7728c5901f3d72bed6a3","status":"action completed"},{"run_id":"vbid7a2ed5451ae34e3ef515a0cf2a470ec5c948bbb8f0d4","tenant_uid":"fl5c7728c5901f3d72bed6a3"},{"run_id":"vbid7a2ed5451ae34e3ef515a0cf2a470ec5c948bbb8f0d4","tenant_uid":"fl5c7728c5901f3d72bed6a3","status":"{\"logs\":[\"Workflow Test\"]}"},{"run_id":"vbid7a2ed5451ae34e3ef515a0cf2a470ec5c948bbb8f0d4","tenant_uid":"fl5c7728c5901f3d72bed6a3","status":"{\"logs\":[\"Workflow Test\"]}"},{"run_id":"vbid7a2ed5451ae34e3ef515a0cf2a470ec5c948bbb8f0d4","tenant_uid":"fl5c7728c5901f3d72bed6a3","status":"action completed"},{"run_id":"vbid7a2ed5451ae34e3ef515a0cf2a470ec5c948bbb8f0d4","tenant_uid":"fl5c7728c5901f3d72bed6a3","status":"action completed"}]}}
Time Taken: 513 ms
----------------------------------------------------------------------------------------
[55/114] Workflow Create
{"output":{"uid":"flfe086f213ab2843d920464","name":"testcliwf","description":"test cli wf"}}
----------------------------------------------------------------------------------------
[56/114] Delete workflow
{"output":{"message":"Object deleted successfully."}}
Time Taken: 554 ms
----------------------------------------------------------------------------------------
[57/114] Export FlowService
{"flowservice-export":"success", "filename":"fs.zip"}
Time Taken: 989 ms
----------------------------------------------------------------------------------------
[58/114] Delete FlowService
{"output":{"message":"Object deleted successfully."}}
Time Taken: 1110 ms
----------------------------------------------------------------------------------------
[59/114] Import FlowService
{"output":{"name":"ExportDeleteImportTest","assemblyType":"integration","serviceFullName":"fld_d6fe66d6c0d749b8b59605a5f2f6b691_exported.projects.fl425e0505dec7b426384550.integrations:ExportDeleteImportTest","project_uid":"fl425e0505dec7b426384550","tenant_uid":"fl5c7728c5901f3d72bed6a3"}}
Time Taken: 1871 ms
----------------------------------------------------------------------------------------
[60/114] Execute FlowService
{"output":{"result":"Hello Flow"}}
Time Taken: 400 ms
----------------------------------------------------------------------------------------
[61/114] List Themes
{"output":[{"name":"ThemeRed","uid":"fl878bd4ba9f9c07b6ca1d1b","settings":{"description":"test","theme":{"primaryColor":"#aa0000","primaryHeaderTextColor":"#ffffff","primaryTextColor":"#333333","linkColor":"#990000","primaryHoverColor":"#990000","backgroundImage":"data:image/svg+xml;base64,PD94bWwgdmVyc2lvbj0iMS4wIiBlbmNvZGluZz0idXRmLTgiPz4KPCEtLSBHZW5lcmF0b3I6IEFkb2JlIElsbHVzdHJhdG9yIDIzLjAuMCwgU1ZHIEV4cG9ydCBQbHVnLUluIC4gU1ZHIFZlcnNpb246IDYuMDAgQnVpbGQgMCkgIC0tPgo8c3ZnIHZlcnNpb249IjEuMSIgeG1sbnM9Imh0dHA6Ly93d3cudzMub3JnLzIwMDAvc3ZnIiB4bWxuczp4bGluaz0iaHR0cDovL3d3dy53My5vcmcvMTk5OS94bGluayIgeD0iMHB4IiB5PSIwcHgiCgkgdmlld0JveD0iMCAwIDE1NS4zIDUzLjUiIGVuYWJsZS1iYWNrZ3JvdW5kPSJuZXcgMCAwIDE1NS4zIDUzLjUiIHhtbDpzcGFjZT0icHJlc2VydmUiPgo8ZyBpZD0iTGF5ZXJfMTAiPgoJPGc+CgkJPGc+CgkJCTxwb2x5Z29uIGZpbGw9IiNGRkZGRkYiIHBvaW50cz0iMTMuOSwxMi40IDE1LjcsMTkuNyAxNS44LDE5LjcgMTguMSwxMi40IDIwLjQsMTIuNCAyMi43LDE5LjkgMjQuNiwxMi40IDI3LjEsMTIuNCAyMy44LDIzLjYgCgkJCQkyMS42LDIzLjYgMTkuMiwxNS45IDE2LjcsMjMuNiAxNC42LDIzLjYgMTEuMywxMi40IAkJCSIvPgoJCQk8cG9seWdvbiBmaWxsPSIjRkZGRkZGIiBwb2ludHM9IjM1LjksMTIuNCAzNS45LDE0LjcgMzAuOCwxNC43IDMwLjgsMTYuOCAzNS43LDE2LjggMzUuNywxOS4xIDMwLjgsMTkuMSAzMC44LDIxLjQgMzYuMiwyMS40IAoJCQkJMzYuMiwyMy42IDI4LjMsMjMuNiAyOC4zLDEyLjQgCQkJIi8+CgkJCTxwYXRoIGZpbGw9IiNGRkZGRkYiIGQ9Ik00Mi45LDIxLjVjMC44LDAsMS42LTAuMywxLjYtMS4zYzAtMS0xLjItMS4yLTItMS4yYy0xLjksMC0xLjksMC0xLjksMGMwLDIuNSwwLDIuNSwwLDIuNUg0Mi45egoJCQkJIE00Mi41LDE2LjljMC44LDAsMS41LTAuMywxLjUtMS4yYzAtMC45LTAuOS0xLjItMS42LTEuMmMtMS43LDAtMS43LDAtMS43LDBjMCwyLjQsMCwyLjQsMCwyLjRINDIuNXogTTQyLjUsMTIuNAoJCQkJYzIsMCw0LDAuNiw0LDIuOWMwLDEuMy0wLjgsMi4yLTEuOSwyLjVsMCwwYzEuMywwLjIsMi40LDEuMSwyLjQsMi44YzAsMi4zLTIuMiwzLjEtNC4yLDMuMWMtNC42LDAtNC42LDAtNC42LDAKCQkJCWMwLTExLjIsMC0xMS4yLDAtMTEuMkg0Mi41eiIvPgoJCQk8cG9seWdvbiBmaWxsPSIjRkZGRkZGIiBwb2ludHM9IjUyLjIsMTIuNCA1NC44LDE5LjggNTcuNSwxMi40IDYxLjIsMTIuNCA2MS4yLDIzLjYgNTguNywyMy42IDU4LjcsMTUgNTUuNywyMy42IDUzLjgsMjMuNiAKCQkJCTUxLDE1IDUxLDIzLjYgNDguNCwyMy42IDQ4LjQsMTIuNCAJCQkiLz4KCQkJPHBvbHlnb24gZmlsbD0iI0ZGRkZGRiIgcG9pbnRzPSI3MS4xLDEyLjQgNzEuMSwxNC43IDY2LDE0LjcgNjYsMTYuOCA3MC45LDE2LjggNzAuOSwxOS4xIDY2LDE5LjEgNjYsMjEuNCA3MS40LDIxLjQgNzEuNCwyMy42IAoJCQkJNjMuNSwyMy42IDYzLjUsMTIuNCAJCQkiLz4KCQkJPHBvbHlnb24gZmlsbD0iI0ZGRkZGRiIgcG9pbnRzPSI4MS4yLDEyLjQgODEuMiwxNC42IDc4LDE0LjYgNzgsMjMuNiA3NS42LDIzLjYgNzUuNiwxNC42IDcyLjQsMTQuNiA3Mi40LDEyLjQgCQkJIi8+CgkJCTxwb2x5Z29uIGZpbGw9IiNGRkZGRkYiIHBvaW50cz0iODUsMTIuNCA4NSwxNi42IDg5LjgsMTYuNiA4OS44LDEyLjQgOTIuMiwxMi40IDkyLjIsMjMuNiA4OS44LDIzLjYgODkuOCwxOC44IDg1LDE4LjggODUsMjMuNiAKCQkJCTgyLjUsMjMuNiA4Mi41LDEyLjQgCQkJIi8+CgkJCTxwYXRoIGZpbGw9IiNGRkZGRkYiIGQ9Ik05OS45LDIxLjZjMi4xLDAsMy41LTEuNCwzLjUtMy42YzAtMi4xLTEuNC0zLjUtMy41LTMuNWMtMi4xLDAtMy40LDEuNC0zLjQsMy41CgkJCQlDOTYuNSwyMC4yLDk3LjgsMjEuNiw5OS45LDIxLjZ6IE0xMDYsMThjMCwzLjYtMi41LDUuOS02LjEsNS45Yy0zLjUsMC02LTIuMy02LTUuOWMwLTMuNSwyLjUtNS44LDYtNS44CgkJCQlDMTAzLjYsMTIuMiwxMDYsMTQuNSwxMDYsMTh6Ii8+CgkJCTxwYXRoIGZpbGw9IiNGRkZGRkYiIGQ9Ik0xMTEuNiwyMS40YzIuMiwwLDMuOC0xLDMuOC0zLjRjMC0yLjMtMS44LTMuMy0zLjctMy4zYy0xLjUsMC0xLjUsMC0xLjUsMGMwLDYuNywwLDYuNywwLDYuN0gxMTEuNnoKCQkJCSBNMTExLjUsMTIuNGMzLjYsMCw2LjYsMS43LDYuNiw1LjdjMCwzLjUtMi45LDUuNS02LjMsNS41Yy00LjEsMC00LjEsMC00LjEsMGMwLTExLjIsMC0xMS4yLDAtMTEuMkgxMTEuNXoiLz4KCQkJPHBhdGggZmlsbD0iI0ZGRkZGRiIgZD0iTTEyNywxMy40Yy0xLjgsMS44LTEuOCwxLjgtMS44LDEuOGMtMC4zLTAuNC0xLjEtMC43LTEuOC0wLjdjLTAuNywwLTEuNiwwLjItMS42LDEuMQoJCQkJYzAsMSwxLjIsMS4yLDIuNCwxLjVjMS4zLDAuNCwyLjcsMS4xLDIuNywzLjFjMCwyLjYtMi4xLDMuNy00LjMsMy43Yy0xLjQsMC0yLjctMC40LTMuOS0xLjRjMS44LTEuOSwxLjgtMS45LDEuOC0xLjkKCQkJCWMwLjYsMC43LDEuMywxLDIuMiwxYzAuNywwLDEuOC0wLjIsMS44LTEuMWMwLTEtMS4yLTEuMy0yLjUtMS43Yy0xLjMtMC40LTIuOC0xLjEtMi44LTMuMWMwLTIuNCwyLjEtMy42LDQuMy0zLjYKCQkJCUMxMjQuOCwxMi4yLDEyNiwxMi41LDEyNywxMy40eiIvPgoJCQk8cGF0aCBmaWxsPSIjRkZGRkZGIiBkPSJNMTMwLjUsMjNjMCwwLjQtMC4zLDAuOC0wLjgsMC44UzEyOSwyMy40LDEyOSwyM2MwLTAuNCwwLjMtMC44LDAuOC0wLjhTMTMwLjUsMjIuNSwxMzAuNSwyM3oiLz4KCQkJPHBhdGggZmlsbD0iI0ZGRkZGRiIgZD0iTTEzMy4zLDE2LjRjMC45LDAsMC45LDAsMC45LDBjMCw3LjMsMCw3LjMsMCw3LjNjLTAuOSwwLTAuOSwwLTAuOSwwVjE2LjR6IE0xMzQuNSwxMy41CgkJCQljMCwwLjMtMC4zLDAuNy0wLjgsMC43Yy0wLjQsMC0wLjctMC4zLTAuNy0wLjdjMC0wLjQsMC4yLTAuOCwwLjctMC44QzEzNC4xLDEyLjcsMTM0LjUsMTMuMSwxMzQuNSwxMy41eiIvPgoJCQk8cGF0aCBmaWxsPSIjRkZGRkZGIiBkPSJNMTQwLjMsMjNjMS44LDAsMi45LTEuMiwyLjktM2MwLTEuOC0xLjEtMy0yLjktM2MtMS42LDAtMi45LDEuMi0yLjksM0MxMzcuNCwyMS44LDEzOC41LDIzLDE0MC4zLDIzegoJCQkJIE0xNDQuMSwyMGMwLDIuMi0xLjUsMy44LTMuOSwzLjhjLTIuMiwwLTMuOS0xLjctMy45LTMuOGMwLTIuMiwxLjYtMy45LDMuOS0zLjlDMTQyLjUsMTYuMSwxNDQuMSwxNy44LDE0NC4xLDIweiIvPgoJCQk8cmVjdCB4PSIxMi44IiB5PSIzMCIgZmlsbD0iI0ZGRkZGRiIgd2lkdGg9IjEiIGhlaWdodD0iMTEuMiIvPgoJCQk8cGF0aCBmaWxsPSIjRkZGRkZGIiBkPSJNMjIuOSwzNi45YzAsNC4zLDAsNC4zLDAsNC4zYy0xLDAtMSwwLTEsMGMwLTQuMiwwLTQuMiwwLTQuMmMwLTEuNy0wLjUtMi40LTEuOC0yLjQKCQkJCWMtMS41LDAtMi41LDEuMS0yLjUsM2MwLDMuNiwwLDMuNiwwLDMuNmMtMSwwLTEsMC0xLDBjMC01LjMsMC01LjMsMC01LjNjMC0wLjItMC4xLTEuOS0wLjEtMmMxLDAsMSwwLDEsMGMwLDAuNCwwLDEuMSwwLDEuMwoJCQkJYzAuMSwwLDAuMSwwLDAuMSwwYzAuNC0xLDEuNC0xLjUsMi41LTEuNUMyMS45LDMzLjcsMjIuOSwzNC43LDIyLjksMzYuOXoiLz4KCQkJPHBhdGggZmlsbD0iI0ZGRkZGRiIgZD0iTTI2LDMxLjljMSwwLDEsMCwxLDBjMCwyLjEsMCwyLjEsMCwyLjFjMi4xLDAsMi4xLDAsMi4xLDBjMCwwLjksMCwwLjksMCwwLjljLTIuMSwwLTIuMSwwLTIuMSwwCgkJCQljMCw0LjcsMCw0LjcsMCw0LjdjMCwwLjcsMC4zLDEsMSwxYzAuMywwLDAuNy0wLjEsMS4xLTAuMmMwLDAuOSwwLDAuOSwwLDAuOWMtMC40LDAuMS0wLjksMC4yLTEuMiwwLjJjLTEuMiwwLTEuOS0wLjgtMS45LTEuOQoJCQkJYzAtNC43LDAtNC43LDAtNC43Yy0xLjYsMC0xLjYsMC0xLjYsMGMwLTAuOSwwLTAuOSwwLTAuOWMxLjYsMCwxLjYsMCwxLjYsMFYzMS45eiIvPgoJCQk8cGF0aCBmaWxsPSIjRkZGRkZGIiBkPSJNMzYuNCwzN2MwLTEuNC0xLjEtMi40LTIuNS0yLjRjLTEuNCwwLTIuNSwxLjEtMi42LDIuNEgzNi40eiBNMzcuNCwzNy4zYzAsMC42LDAsMC42LDAsMC42CgkJCQljLTYuMiwwLTYuMiwwLTYuMiwwYzAuMSwxLjUsMSwyLjgsMi43LDIuOGMxLDAsMi0wLjQsMi40LTEuMmMwLjgsMC41LDAuOCwwLjUsMC44LDAuNWMtMC44LDEuMS0xLjksMS41LTMuMiwxLjUKCQkJCWMtMi4yLDAtMy43LTEuNS0zLjctMy44YzAtMi4xLDEuNS0zLjgsMy42LTMuOEMzNS45LDMzLjcsMzcuNCwzNS4xLDM3LjQsMzcuM3oiLz4KCQkJPHBhdGggZmlsbD0iI0ZGRkZGRiIgZD0iTTQzLjEsNDAuNWMxLjYsMCwyLjktMS4zLDIuOS0zYzAtMS41LTEuMi0yLjktMi45LTIuOWMtMS41LDAtMi45LDEuMy0yLjksMi45CgkJCQlDNDAuMiwzOSw0MS40LDQwLjUsNDMuMSw0MC41eiBNNDUuOSwzNS4yTDQ1LjksMzUuMmMwLTEuMiwwLTEuMiwwLTEuMmMxLDAsMSwwLDEsMGMwLDYuOCwwLDYuOCwwLDYuOGMwLDIuOS0xLjQsNC4zLTQsNC4zCgkJCQljLTEuMywwLTIuOC0wLjYtMy42LTEuNWMwLjgtMC43LDAuOC0wLjcsMC44LTAuN2MwLjcsMC45LDEuOCwxLjMsMi45LDEuM2MyLDAsMy0xLjEsMy0zLjNjMC0xLjEsMC0xLjEsMC0xLjFsMCwwCgkJCQljLTAuNSwwLjktMS41LDEuNC0yLjgsMS40Yy0yLjIsMC00LTEuNy00LTMuN2MwLTIuMSwxLjktMy43LDQtMy43QzQ0LjQsMzMuNyw0NS40LDM0LjMsNDUuOSwzNS4yeiIvPgoJCQk8cGF0aCBmaWxsPSIjRkZGRkZGIiBkPSJNNTMuMSwzMy45QzUzLDM0LjcsNTMsMzQuNyw1MywzNC43Yy0wLjEsMC0wLjMsMC0wLjQsMGMtMS41LDAtMi4zLDEtMi4zLDIuNWMwLDQsMCw0LDAsNGMtMSwwLTEsMC0xLDAKCQkJCWMwLTUuMywwLTUuMywwLTUuM2MwLTAuMi0wLjEtMS45LTAuMS0yYzEsMCwxLDAsMSwwYzAsMC41LDAsMS4xLDAsMS4zYzAuNy0xLDEuNC0xLjUsMi40LTEuNUM1Mi42LDMzLjcsNTIuOCwzMy43LDUzLjEsMzMuOXoiLz4KCQkJPHBhdGggZmlsbD0iI0ZGRkZGRiIgZD0iTTU2LjgsNDAuNmMxLjYsMCwyLjUtMC45LDIuNS0yLjRjMC0wLjUsMC0wLjUsMC0wLjVjLTEuMiwwLTEuMiwwLTEuMiwwYy0xLjUsMC0zLDAuNC0zLDEuNwoJCQkJQzU1LjIsNDAsNTUuOCw0MC42LDU2LjgsNDAuNnogTTYwLjIsMzYuNGMwLDIuMSwwLDIuMSwwLDIuMWMwLDEuMiwwLDIuMSwwLjEsMi44Yy0wLjksMC0wLjksMC0wLjksMGMtMC4xLTAuMy0wLjEtMC43LTAuMS0xLjEKCQkJCWwwLDBjLTAuNiwwLjktMS40LDEuMy0yLjUsMS4zYy0xLjcsMC0yLjYtMC45LTIuNi0yLjJjMC0xLjcsMS40LTIuNCw0LTIuNGMxLjIsMCwxLjIsMCwxLjIsMGMwLTAuNCwwLTAuNCwwLTAuNAoJCQkJYzAtMS4yLTAuOC0xLjgtMi4xLTEuOGMtMC45LDAtMS41LDAuMi0yLjIsMC44Yy0wLjUtMC43LTAuNS0wLjctMC41LTAuN2MwLjctMC43LDEuOC0xLDIuOC0xQzU5LjIsMzMuNyw2MC4yLDM0LjcsNjAuMiwzNi40eiIvPgoJCQk8cGF0aCBmaWxsPSIjRkZGRkZGIiBkPSJNNjMuMywzMS45YzAuOSwwLDAuOSwwLDAuOSwwYzAsMi4xLDAsMi4xLDAsMi4xYzIuMSwwLDIuMSwwLDIuMSwwYzAsMC45LDAsMC45LDAsMC45Yy0yLjEsMC0yLjEsMC0yLjEsMAoJCQkJYzAsNC43LDAsNC43LDAsNC43YzAsMC43LDAuNCwxLDEsMWMwLjQsMCwwLjgtMC4xLDEuMS0wLjJjMC4xLDAuOSwwLjEsMC45LDAuMSwwLjljLTAuNCwwLjEtMSwwLjItMS4yLDAuMgoJCQkJYy0xLjMsMC0xLjktMC44LTEuOS0xLjljMC00LjcsMC00LjcsMC00LjdjLTEuNiwwLTEuNiwwLTEuNiwwYzAtMC45LDAtMC45LDAtMC45YzEuNiwwLDEuNiwwLDEuNiwwVjMxLjl6Ii8+CgkJCTxwYXRoIGZpbGw9IiNGRkZGRkYiIGQ9Ik02OC4xLDM0YzEsMCwxLDAsMSwwYzAsNy4zLDAsNy4zLDAsNy4zYy0xLDAtMSwwLTEsMFYzNHogTTY5LjMsMzEuMWMwLDAuMy0wLjMsMC43LTAuOCwwLjcKCQkJCWMtMC4zLDAtMC43LTAuMy0wLjctMC43YzAtMC40LDAuMy0wLjgsMC43LTAuOEM2OSwzMC4zLDY5LjMsMzAuNyw2OS4zLDMxLjF6Ii8+CgkJCTxwYXRoIGZpbGw9IiNGRkZGRkYiIGQ9Ik03NS4yLDQwLjZjMS44LDAsMy0xLjIsMy0zYzAtMS44LTEuMi0zLTMtM2MtMS43LDAtMi45LDEuMi0yLjksM0M3Mi4zLDM5LjQsNzMuNSw0MC42LDc1LjIsNDAuNnoKCQkJCSBNNzksMzcuNmMwLDIuMi0xLjUsMy44LTMuOSwzLjhjLTIuMiwwLTMuOS0xLjctMy45LTMuOGMwLTIuMiwxLjYtMy44LDMuOS0zLjhDNzcuNSwzMy43LDc5LDM1LjQsNzksMzcuNnoiLz4KCQkJPHBhdGggZmlsbD0iI0ZGRkZGRiIgZD0iTTg3LjUsMzYuOWMwLDQuMywwLDQuMywwLDQuM2MtMSwwLTEsMC0xLDBjMC00LjIsMC00LjIsMC00LjJjMC0xLjctMC42LTIuNC0xLjktMi40CgkJCQljLTEuNSwwLTIuNSwxLjEtMi41LDNjMCwzLjYsMCwzLjYsMCwzLjZjLTAuOSwwLTAuOSwwLTAuOSwwYzAtNS4zLDAtNS4zLDAtNS4zYzAtMC4yLTAuMS0xLjktMC4xLTJjMSwwLDEsMCwxLDAKCQkJCWMwLDAuNCwwLDEuMSwwLDEuM2MwLjEsMCwwLjEsMCwwLjEsMGMwLjQtMSwxLjQtMS41LDIuNC0xLjVDODYuNSwzMy43LDg3LjUsMzQuNyw4Ny41LDM2Ljl6Ii8+CgkJPC9nPgoJPC9nPgo8L2c+CjxnIGlkPSJMYXllcl8yIj4KPC9nPgo8ZyBpZD0iTGF5ZXJfMyI+CjwvZz4KPC9zdmc+Cg==","logoFileName":"default-logo.svg","primaryBtnBgColor":"#aa0000","primaryBtnColor":"#ffffff","primaryBtnBrbColor":"#990000","secondaryBtnBgColor":"#ffffff","secondaryBtnColor":"#990000","secondaryBtnBrbColor":"#990000","favIconImage":"data:image/vnd.microsoft.icon;base64,AAABAAMAMDAAAAEAIACoJQAANgAAACAgAAABACAAqBAAAN4lAAAQEAAAAQAgAGgEAACGNgAAKAAAADAAAABgAAAAAQAgAAAAAAAAJAAAAAAAAAAAAAAAAAAAAAAAAAAAAAAAAAAAAAAAAAAAAAAAAAAAAAAAAAAAAAAAAAAAAAAAAAAAAAAAAAAAAAAAAAAAAAAAAAAAAAAAAAAAAAAAAAAAAAAAAAAAAAAAAAAAAAAAAAAAAAAAAAAAAAAAAAAAAAAAAAAAAAAAAAAAAAAAAAAAAAAAAAAAAAAAAAAAAAAAAAAAAAAAAAAAAAAAAAAAAAAAAAAAAAAAAAAAAAAAAAAAAAAAAAAAAAAAAAAAAAAAAAAAAAAAAAAAAAAAAAAAAAAAAAAAAAAAAAAAAAAAAAAAAAAAAAAAAAAAAAAAAAAAAAAAAAAAAAAAAAAAAAAAAAAAAAAAAAAAAAAAAAAAAAAAAAAAAAAAAAAAAAAAAAAAAAAAAAAAAAAAAAAAAAAAAAAAAAAAAAAAAAAAAAAAAAAAAAAAAAAAAAAAAAAAAAAAAAAAAAAAAAAAAAAAAAAAAAAAAAAAAAAAAAAAAAAAAAAAAAAAAAAAAAAAAAAAAAAAAAAAAAAAAAAAAAAAAAAAAAAAAAAAAAAAAAAAAAAAAAAAAAAAAAAAAAAAAAAAAAAAAAAAAAAAAAAAv3cgAr13Hyi9dh5gvXYedr12Hl+9dh8mv3YgAgAAAAAAAAAAAAAAAAAAAAAAAAAAAAAAAAAAAAAAAAAAAAAAAAAAAAAAAAAAAAAAAMB5IQG+dh8hvXYeYL12HoG9dh5zvncePL54HwcAAAAAAAAAAAAAAAAAAAAAAAAAAAAAAAAAAAAAAAAAAAAAAAAAAAAAAAAAAAAAAAAAAAAAAAAAAAAAAAAAAAAAAAAAAAAAAAAAAAAAAAAAAAAAAAC/dyAIvXYecb12HuG9dh79vXYe/712Hv29dh7evXYea793IAcAAAAAAAAAAAAAAAAAAAAAAAAAAAAAAAAAAAAAAAAAAAAAAAAAAAAAwXghAr52Hle9dh7WvXYe/b12Hv+9dh7/vXYe7712HpW+dx8VAAAAAAAAAAAAAAAAAAAAAAAAAAAAAAAAAAAAAAAAAAAAAAAAAAAAAAAAAAAAAAAAAAAAAAAAAAAAAAAAAAAAAAAAAAAAAAAAAAAAAAAAAAC9dh9svXYe9712Hv+9dh7/vXYe/712Hv+9dh7/vXYe9L12HmQAAAAAAAAAAAAAAAAAAAAAAAAAAAAAAAAAAAAAAAAAAAAAAAAAAAAAvnYeR712Hum9dh7/vXYe/712Hv+9dh7/vXYe/712Hv69dh6WvnggBwAAAAAAAAAAAAAAAAAAAAAAAAAAAAAAAAAAAAAAAAAAAAAAAAAAAAAAAAAAAAAAAAAAAAAAAAAAAAAAAAAAAAAAAAAAAAAAAL53Hx+9dh7XvXYe/712Hv+9dh7/vXYe/712Hv+9dh7/vXYe/712HtG9dh4aAAAAAAAAAAAAAAAAAAAAAAAAAAAAAAAAAAAAAAAAAAC+dx8JvXYesr12Hv+9dh7/vXYe/712Hv+9dh7/vXYe/712Hv+9dh7vvXcfPgAAAAAAAAAAAAAAAAAAAAAAAAAAAAAAAAAAAAAAAAAAAAAAAAAAAAAAAAAAAAAAAAAAAAAAAAAAAAAAAAAAAAAAAAAAAAAAAL12Hk69dh75vXYe/712Hv+9dh7/vXYe/712Hv+9dh7/vXYe/712Hva9dh5GAAAAAAAAAAAAAAAAAAAAAAAAAAAAAAAAAAAAAAAAAAC9dx4lvXYe4712Hv+9dh7/vXYe/712Hv+9dh7/vXYe/712Hv+9dh7/vXYedgAAAAAAAAAAAAAAAAAAAAAAAAAAAAAAAAAAAAAAAAAAAAAAAAAAAAAAAAAAAAAAAAAAAAAAAAAAAAAAAAAAAAAAAAAAAAAAAL12Hl29dh7+vXYe/712Hv+9dh7/vXYe/712Hv+9dh7/vXYe/712Hvu9dh5VAAAAAAAAAAAAAAAAAAAAAAAAAAAAAAAAAAAAAAAAAAC9dh4wvXYe6712Hv+9dh7/vXYe/712Hv+9dh7/vXYe/712Hv+9dh7/vXYehQAAAAAAAAAAAAAAAAAAAAAAAAAAAAAAAAAAAAAAAAAAAAAAAAAAAAAAAAAAAAAAAAAAAAAAAAAAAAAAAAAAAAAAAAAAAAAAAL12HkK9dh70vXYe/712Hv+9dh7/vXYe/712Hv+9dh7/vXYe/712HvG9dh47AAAAAAAAAAAAAAAAAAAAAAAAAAAAAAAAAAAAAAAAAAC+dx4cvXYe2L12Hv+9dh7/vXYe/712Hv+9dh7/vXYe/712Hv+9dh7+vXYeZgAAAAAAAAAAAAAAAAAAAAAAAAAAAAAAAAAAAAAAAAAAAAAAAAAAAAAAAAAAAAAAAAAAAAAAAAAAAAAAAAAAAAAAAAAAAAAAAL53HxK9dh7CvXYe/712Hv+9dh7/vXYe/712Hv+9dh7/vXYe/712Hrq+dx8PAAAAAAAAAAAAAAAAAAAAAAAAAAAAAAAAAAAAAAAAAADAeSICvXYejr12Hv+9dh7/vXYe/712Hv+9dh7/vXYe/712Hv+9dh7cvXYeJwAAAAAAAAAAAAAAAAAAAAAAAAAAAAAAAAAAAAAAAAAAAAAAAAAAAAAAAAAAAAAAAAAAAAAAAAAAAAAAAAAAAAAAAAAAAAAAAAAAAAC9dx5HvXYe4712Hv+9dh7/vXYe/712Hv+9dh7/vXYe/712HnIAAAAAAAAAAAAAAAAAAAAAAAAAAAAAAAAAAAAAAAAAAAAAAAAAAAAAvXYeQb12HvK9dh7/vXYe/712Hv+9dh7/vXYe/712HvG9dh5lAAAAAAAAAAAAAAAAAAAAAAAAAAAAAAAAAAAAAAAAAAAAAAAAAAAAAAAAAAAAAAAAAAAAAAAAAAAAAAAAAAAAAAAAAAAAAAAAAAAAAAAAAADAeiMBvXceQb12HrW9dh7qvXYe9L12Hve9dh7/vXYe/712Hr6+dx8TAAAAAAAAAAAAAAAAAAAAAAAAAAAAAAAAAAAAAAAAAAC/eCEEvXYekr12Hv+9dh7/vXYe+712HvW9dh7uvXYexL12H1a/dyAFAAAAAAAAAAAAAAAAAAAAAAAAAAAAAAAAAAAAAAAAAAAAAAAAAAAAAAAAAAAAAAAAAAAAAAAAAAAAAAAAAAAAAAAAAAAAAAAAAAAAAAAAAAAAAAAAAAAAAL53Hwu9dx4uvXYePL12Hmq9dh7zvXYe/712Hvu9dh5tAAAAAAAAAAAAAAAAAAAAAAAAAAAAAAAAAAAAAAAAAAC+dh5AvXYe6712Hv+9dh7/vXYemL12Hj69dh4zvncfEQAAAAAAAAAAAAAAAAAAAAAAAAAAAAAAAAAAAAAAAAAAAAAAAAAAAAAAAAAAAAAAAAAAAAAAAAAAAAAAAAAAAAAAAAAAAAAAAAAAAAAAAAAAAAAAAAAAAAAAAAAAAAAAAAAAAAAAAAAAAAAAAL53Hwm9dh6mvXYe/712Hv+9dh7WvncfJAAAAAAAAAAAAAAAAAAAAAAAAAAAAAAAAL53Hwy9dh6vvXYe/712Hv+9dh7WvXcfJAAAAAAAAAAAAAAAAAAAAAAAAAAAAAAAAAAAAAAAAAAAAAAAAAAAAAAAAAAAAAAAAAAAAAAAAAAAAAAAAAAAAAAAAAAAAAAAAAAAAAAAAAAAAAAAAAAAAAAAAAAAAAAAAAAAAAAAAAAAAAAAAAAAAAAAAAAAAAAAAAAAAAC+dx44vXYe5712Hv+9dh7/vXYeir95IQIAAAAAAAAAAAAAAAAAAAAAAAAAAL12Hlq9dh73vXYe/712Hvu9dh5rAAAAAAAAAAAAAAAAAAAAAAAAAAAAAAAAAAAAAAAAAAAAAAAAAAAAAAAAAAAAAAAAAAAAAAAAAAAAAAAAAAAAAAAAAAAAAAAAAAAAAAAAAAAAAAAAAAAAAAAAAAAAAAAAAAAAAAAAAAAAAAAAAAAAAAAAAAAAAAAAAAAAAAAAAADAeR8CvXYeib12Hv+9dh7/vXYe5r12HzAAAAAAAAAAAAAAAAAAAAAAvXYeEb12HsK9dh7/vXYe/712Hry9dx8SAAAAAAAAAAAAAAAAAAAAAAAAAAAAAAAAAAAAAAAAAAAAAAAAAAAAAAAAAAAAAAAAAAAAAAAAAAAAAAAAAAAAAAAAAAAAAAAAAAAAAAAAAAAAAAAAAAAAAAAAAAAAAAAAAAAAAAAAAAAAAAAAAAAAAAAAAAAAAAAAAAAAAAAAAAAAAAAAvnceI712HtS9dh7/vXYe9r12HkYAAAAAAAAAAAAAAAAAAAAAvXYeGr12Hta9dh7/vXYe8L12HksAAAAAAAAAAAAAAAAAAAAAAAAAAAAAAAAAAAAAAAAAAAAAAAAAAAAAAAAAAAAAAAAAAAAAAAAAAAAAAAAAAAAAAAAAAAAAAAAAAAAAAAAAAAAAAAAAAAAAAAAAAAAAAAAAAAAAAAAAAAAAAAAAAAAAAAAAAAAAAAAAAAAAAAAAAAAAAAAAAAAAAAAAAL12Hkq9dh62vXYehb52Hw4AAAAAAAAAAAAAAAAAAAAAv3ghAr12Hly9dh60vXYebb94HwYAAAAAAAAAAAAAAAAAAAAAAAAAAAAAAAAAAAAAAAAAAAAAAAAAAAAAAAAAAAAAAAAAAAAAAAAAAAAAAAAAAAAAAAAAAAAAAAAAAAAAAAAAAL54HwW+dx8RvncfDr93IAIAAAAAAAAAAAAAAAAAAAAAAAAAAAAAAAAAAAAAAAAAAAAAAAAAAAAAAAAAAAAAAAC/dyAHvngfAwAAAAAAAAAAAAAAAMN3JwEAAAAAAAAAAL54IAG+eCAFvnggAQAAAAAAAAAAAAAAAAAAAAAAAAAAAAAAAAAAAAAAAAAAAAAAAAAAAAAAAAAAAAAAAL53Hwa+dh8Hv3ggAgAAAAAAAAAAAAAAAAAAAAC+dh8IvXYeUr12Hqq9dh7NvXYex712HpW+dh41vnghAQAAAAAAAAAAAAAAAAAAAAAAAAAAAAAAAAAAAAAAAAAAAAAAAAAAAAAAAAAAAAAAAL53HxC9dh5WvXYekr12Hpu9dh5zvXYeJ8F4IQEAAAAAAAAAAAAAAAAAAAAAAAAAAAAAAAAAAAAAAAAAAAAAAAAAAAAAAAAAAAAAAAC+dx8mvXYefb12HrS9dh66vXYekr13Hj6+dx4EAAAAAL53Hwq9dh6EvXYe9b12Hv+9dh7/vXYe/712Hv+9dh7ivXYeUAAAAAAAAAAAAAAAAAAAAAAAAAAAAAAAAAAAAAAAAAAAAAAAAAAAAAAAAAAAvnceH712Hq29dh75vXYe/712Hv+9dh7/vXYe2b12HlAAAAAAAAAAAAAAAAAAAAAAAAAAAAAAAAAAAAAAAAAAAAAAAAAAAAAAAAAAAL53HkO9dh7UvXYe/712Hv+9dh7/vXYe/712Huy9dh5wv3gfBb52Hme9dh70vXYe/712Hv+9dh7/vXYe/712Hv+9dh7/vXYe1b53Hya8fiIBvXkgA715IAO9eSADvXkgA8B5IAIAAAAAAAAAAAAAAAC+dx8IvXYeoL12Hv+9dh7/vXYe/712Hv+9dh7/vXYe/712Ht6+dx4wAAAAAAAAAAAAAAAAAAAAAL19JAG9fCUBvXwkAb18JAEAAAAAvncfIL12Hs+9dh7/vXYe/712Hv+9dh7/vXYe/712Hv+9dh7uvXYeV712Hs69dh7/vXYe/712Hv+9dh7/vXYe/712Hv+9dh7/vXYe/b12Hsa9dh6svXYerb12Hq29dh6tvXYerr12Hp+9dh43AAAAAAAAAAC9dh44vXYe7r12Hv+9dh7/vXYe/712Hv+9dh7/vXYe/712Hv+9dh6IAAAAAAAAAAC+dh8YvXYegr12HqW9dh6lvXYepb12HqW9dh6jvXYewL12Hv29dh7/vXYe/712Hv+9dh7/vXYe/712Hv+9dh7/vXYew712Hvi9dh7/vXYe/712Hv+9dh7/vXYe/712Hv+9dh7/vXYe/712Hv+9dh7/vXYe/712Hv+9dh7/vXYe/712Hv+9dh60v3cgCAAAAAC9dh5ivXYe/712Hv+9dh7/vXYe/712Hv+9dh7/vXYe/712Hv+9dh64vnYgBwAAAAC9dh55vXYe/712Hv+9dh7/vXYe/712Hv+9dh7/vXYe/712Hv+9dh7/vXYe/712Hv+9dh7/vXYe/712Hv+9dh7/vXYe8r12HvW9dh7/vXYe/712Hv+9dh7/vXYe/712Hv+9dh7/vXYe/712Hv+9dh7/vXYe/712Hv+9dh7/vXYe/712Hv+9dh6lv3cgBgAAAAC9dh5gvXYe/r12Hv+9dh7/vXYe/712Hv+9dh7/vXYe/712Hv+9dh69vncfCQAAAAC9dh5vvXYe/L12Hv+9dh7/vXYe/712Hv+9dh7/vXYe/712Hv+9dh7/vXYe/712Hv+9dh7/vXYe/712Hv+9dh7/vXYe9L12HsW9dh7/vXYe/712Hv+9dh7/vXYe/712Hv+9dh7/vXYe/r12Hq+9dh6CvXYehL12HoS9dh6EvXYehb12HnW+dx8hAAAAAAAAAAC+dh41vXYe7L12Hv+9dh7/vXYe/712Hv+9dh7/vXYe/712Hv+9dh6NAAAAAAAAAAC+dx8QvXYeaL12Hom9dh6JvXYeib12Hom9dh6HvXYesL12Hv29dh7/vXYe/712Hv+9dh7/vXYe/712Hv+9dh7/vXYeyL13Hlm9dh7uvXYe/712Hv+9dh7/vXYe/712Hv+9dh7/vXYe0r53HiMAAAAAAAAAAAAAAAAAAAAAAAAAAAAAAAAAAAAAAAAAAAAAAAC+dx8GvXYemb12Hv+9dh7/vXYe/712Hv+9dh7/vXYe/712Ht6+dh8xAAAAAAAAAAAAAAAAAAAAAAAAAAAAAAAAAAAAAAAAAAAAAAAAvncfIb12HtC9dh7/vXYe/712Hv+9dh7/vXYe/712Hv+9dh7yvnYfYL53HwW9dh5wvXYe7L12Hv+9dh7/vXYe/712Hv+9dh7WvXYeRgAAAAAAAAAAAAAAAAAAAAAAAAAAAAAAAAAAAAAAAAAAAAAAAAAAAAAAAAAAvXcfGr12HqK9dh72vXYe/712Hv+9dh7+vXYe1b12Hk0AAAAAAAAAAAAAAAAAAAAAAAAAAAAAAAAAAAAAAAAAAAAAAAAAAAAAAAAAAL12H0S9dh7WvXYe/712Hv+9dh7/vXYe/712HvK9dh58vncgCAAAAAC+dx8EvXYePr12HpG9dh64vXYesr12Hn29dx4nAAAAAAAAAAAAAAAAAAAAAAAAAAAAAAAAAAAAAAAAAAAAAAAAAAAAAAAAAAAAAAAAAAAAAL53Hwy9dh5LvXYehb12HpC9dh5pvXceIgAAAAAAAAAAAAAAAAAAAAAAAAAAAAAAAAAAAAAAAAAAAAAAAAAAAAAAAAAAAAAAAAAAAAC9dx4nvXYegL12Hra9dh7FvXYeor12Hku+dx8GAAAAAAAAAAAAAAAAAAAAAL92IAG+dh8HvncfBQAAAAAAAAAAAAAAAAAAAAAAAAAAAAAAAAAAAAAAAAAAAAAAAAAAAAAAAAAAAAAAAL53HwO9dh4WvXcfCwAAAAAAAAAAAAAAAAAAAAAAAAAAAAAAAL53Hwa9dh8XvncfCAAAAAAAAAAAAAAAAAAAAAAAAAAAAAAAAAAAAAAAAAAAAAAAAAAAAAAAAAAAwnogAb53Hwe+dx8Mv3cgBAAAAAAAAAAAAAAAAAAAAAAAAAAAAAAAAAAAAAAAAAAAAAAAAAAAAAAAAAAAAAAAAAAAAAAAAAAAAAAAAAAAAAAAAAAAAAAAAAAAAAAAAAAAwHggAb12Hme9dh7WvXYeqL53HxgAAAAAAAAAAAAAAAAAAAAAvncfBr12HoC9dh7avXYekr53Hw0AAAAAAAAAAAAAAAAAAAAAAAAAAAAAAAAAAAAAAAAAAAAAAAAAAAAAAAAAAAAAAAAAAAAAAAAAAAAAAAAAAAAAAAAAAAAAAAAAAAAAAAAAAAAAAAAAAAAAAAAAAAAAAAAAAAAAAAAAAAAAAAAAAAAAAAAAAAAAAAAAAAAAAAAAAAAAAAAAAAAAvncfML12HuG9dh7/vXYe+L12HksAAAAAAAAAAAAAAAAAAAAAvncfIb12HuC9dh7/vXYe+L12Hl8AAAAAAAAAAAAAAAAAAAAAAAAAAAAAAAAAAAAAAAAAAAAAAAAAAAAAAAAAAAAAAAAAAAAAAAAAAAAAAAAAAAAAAAAAAAAAAAAAAAAAAAAAAAAAAAAAAAAAAAAAAAAAAAAAAAAAAAAAAAAAAAAAAAAAAAAAAAAAAAAAAAAAAAAAAAAAAAC+dx8GvXYenb12Hv+9dh7/vXYe3b53HigAAAAAAAAAAAAAAAAAAAAAvncfDb12Hri9dh7/vXYe/712Hsu9dh8bAAAAAAAAAAAAAAAAAAAAAAAAAAAAAAAAAAAAAAAAAAAAAAAAAAAAAAAAAAAAAAAAAAAAAAAAAAAAAAAAAAAAAAAAAAAAAAAAAAAAAAAAAAAAAAAAAAAAAAAAAAAAAAAAAAAAAAAAAAAAAAAAAAAAAAAAAAAAAAAAAAAAAAAAAAC9dh5KvXYe8L12Hv+9dh7+vXYeeQAAAAAAAAAAAAAAAAAAAAAAAAAAAAAAAL12Hku9dh7xvXYe/712Hv69dh57AAAAAAAAAAAAAAAAAAAAAAAAAAAAAAAAAAAAAAAAAAAAAAAAAAAAAAAAAAAAAAAAAAAAAAAAAAAAAAAAAAAAAAAAAAAAAAAAAAAAAAAAAAAAAAAAAAAAAAAAAAAAAAAAAAAAAAAAAAAAAAAAAAAAAAAAAAAAAAAAAAAAAL54HxG9dh66vXYe/712Hv+9dh7JvncfGgAAAAAAAAAAAAAAAAAAAAAAAAAAAAAAAL53Hge9dh6fvXYe/712Hv+9dh7fvXYfLQAAAAAAAAAAAAAAAAAAAAAAAAAAAAAAAAAAAAAAAAAAAAAAAAAAAAAAAAAAAAAAAAAAAAAAAAAAAAAAAAAAAAAAAAAAAAAAAAAAAAAAAAAAAAAAAAAAAAAAAAAAAAAAAAAAAAAAAAAAAAAAAL53Hxa9dh5BvXYeUb12HoO9dh75vXYe/712Hve9dh5bAAAAAAAAAAAAAAAAAAAAAAAAAAAAAAAAAAAAAAAAAAC9dh4yvXYe4712Hv+9dh7/vXYepr12HlO9dh5HvXceHL94HwEAAAAAAAAAAAAAAAAAAAAAAAAAAAAAAAAAAAAAAAAAAAAAAAAAAAAAAAAAAAAAAAAAAAAAAAAAAAAAAAAAAAAAAAAAAAAAAAAAAAAAAAAAAAAAAAC/eB8EvXceWb12Hsy9dh71vXYe/L12Hv29dh7/vXYe/712Hq6+dx8MAAAAAAAAAAAAAAAAAAAAAAAAAAAAAAAAAAAAAAAAAADCfyQBvXYegL12Hv69dh7/vXYe/r12Hvy9dh74vXYe1b12Hmm+dh8IAAAAAAAAAAAAAAAAAAAAAAAAAAAAAAAAAAAAAAAAAAAAAAAAAAAAAAAAAAAAAAAAAAAAAAAAAAAAAAAAAAAAAAAAAAAAAAAAAAAAAAAAAAC9dh5bvXYe7712Hv+9dh7/vXYe/712Hv+9dh7/vXYe/712Hm4AAAAAAAAAAAAAAAAAAAAAAAAAAAAAAAAAAAAAAAAAAAAAAAAAAAAAvXYeSb12HvW9dh7/vXYe/712Hv+9dh7/vXYe/712Hva9dh5ywnsiAQAAAAAAAAAAAAAAAAAAAAAAAAAAAAAAAAAAAAAAAAAAAAAAAAAAAAAAAAAAAAAAAAAAAAAAAAAAAAAAAAAAAAAAAAAAAAAAAL53Hhq9dh7QvXYe/712Hv+9dh7/vXYe/712Hv+9dh7/vXYe/712HsG+dx8RAAAAAAAAAAAAAAAAAAAAAAAAAAAAAAAAAAAAAAAAAAC+dx8HvXYep712Hv+9dh7/vXYe/712Hv+9dh7/vXYe/712Hv+9dh7hvnYfKwAAAAAAAAAAAAAAAAAAAAAAAAAAAAAAAAAAAAAAAAAAAAAAAAAAAAAAAAAAAAAAAAAAAAAAAAAAAAAAAAAAAAAAAAAAAAAAAL12Hky9dh74vXYe/712Hv+9dh7/vXYe/712Hv+9dh7/vXYe/712HvK9dx47AAAAAAAAAAAAAAAAAAAAAAAAAAAAAAAAAAAAAAAAAAC+dh8lvXYe4r12Hv+9dh7/vXYe/712Hv+9dh7/vXYe/712Hv+9dh7/vXYeZgAAAAAAAAAAAAAAAAAAAAAAAAAAAAAAAAAAAAAAAAAAAAAAAAAAAAAAAAAAAAAAAAAAAAAAAAAAAAAAAAAAAAAAAAAAAAAAAL12HmK9dh7/vXYe/712Hv+9dh7/vXYe/712Hv+9dh7/vXYe/712Hvq9dh5PAAAAAAAAAAAAAAAAAAAAAAAAAAAAAAAAAAAAAAAAAAC9dx42vXYe8L12Hv+9dh7/vXYe/712Hv+9dh7/vXYe/712Hv+9dh7/vXYefgAAAAAAAAAAAAAAAAAAAAAAAAAAAAAAAAAAAAAAAAAAAAAAAAAAAAAAAAAAAAAAAAAAAAAAAAAAAAAAAAAAAAAAAAAAAAAAAL12Hky9dh74vXYe/712Hv+9dh7/vXYe/712Hv+9dh7/vXYe/712HvK9dh48AAAAAAAAAAAAAAAAAAAAAAAAAAAAAAAAAAAAAAAAAAC+dx4mvXYe4712Hv+9dh7/vXYe/712Hv+9dh7/vXYe/712Hv+9dh7/vXYeaAAAAAAAAAAAAAAAAAAAAAAAAAAAAAAAAAAAAAAAAAAAAAAAAAAAAAAAAAAAAAAAAAAAAAAAAAAAAAAAAAAAAAAAAAAAAAAAAL53Hhu9dh7RvXYe/712Hv+9dh7/vXYe/712Hv+9dh7/vXYe/712HsO+dx8SAAAAAAAAAAAAAAAAAAAAAAAAAAAAAAAAAAAAAAAAAAC+eCAHvXYeqr12Hv+9dh7/vXYe/712Hv+9dh7/vXYe/712Hv+9dh7jvXcfLQAAAAAAAAAAAAAAAAAAAAAAAAAAAAAAAAAAAAAAAAAAAAAAAAAAAAAAAAAAAAAAAAAAAAAAAAAAAAAAAAAAAAAAAAAAAAAAAAAAAAC9dh9dvXYe8L12Hv+9dh7/vXYe/712Hv+9dh7/vXYe6r12Hk4AAAAAAAAAAAAAAAAAAAAAAAAAAAAAAAAAAAAAAAAAAAAAAAAAAAAAvXceOb12Ht29dh7/vXYe/712Hv+9dh7/vXYe/712Hvi9dh52wHokAQAAAAAAAAAAAAAAAAAAAAAAAAAAAAAAAAAAAAAAAAAAAAAAAAAAAAAAAAAAAAAAAAAAAAAAAAAAAAAAAAAAAAAAAAAAAAAAAAAAAAC9dx8EvXYeW712Hs+9dh73vXYe/r12Hva9dh7IvnYeUL54IAIAAAAAAAAAAAAAAAAAAAAAAAAAAAAAAAAAAAAAAAAAAAAAAAAAAAAAAAAAAL12HkC9dh69vXYe8712Hv69dh75vXYe2b12Hm6+dx8JAAAAAAAAAAAAAAAAAAAAAAAAAAAAAAAAAAAAAAAAAAAAAAAAAAAAAAAAAAAAAAAAAAAAAAAAAAAAAAAAAAAAAAAAAAAAAAAAAAAAAAAAAAAAAAAAAAAAAL53Hxi9dh5HvXYeWr12HkS+dx8VAAAAAAAAAAAAAAAAAAAAAAAAAAAAAAAAAAAAAAAAAAAAAAAAAAAAAAAAAAAAAAAAAAAAAAAAAAC+dx8QvnYeP712Hlu9dh5NvncfH754IAEAAAAAAAAAAAAAAAAAAAAAAAAAAAAAAAAAAAAAAAAAAAAAAAAAAAAAAAAAAAAAAAAAAAAAAAAAAAAAAAAAAAAAAAAAAAAAAAAAAAAAAAAAAAAAAAAAAAAAAAAAAAAAAAAAAAAAAAAAAAAAAAAAAAAAAAAAAAAAAAAAAAAAAAAAAAAAAAAAAAAAAAAAAAAAAAAAAAAAAAAAAAAAAAAAAAAAAAAAAAAAAAAAAAAAAAAAAAAAAAAAAAAAAAAAAAAAAAAAAAAAAAAAAAAAAAAAAAAAAAAAAAAAAAAAAAAAAAAAAAAAAAAAAAAAAAAAAAAAAAAAAAAAAAAAAAAAAAAAAAAAAAAAAAAAAAAAAAAAAAAAAAAAAAAAAAAAAAAAAAAAAAAAAAAAAAAAAAAAAAAAAAAAAAAAAAAAAAAAAAAAAAAAAAAAAAAAAAAAAAAAAAAAAAAAAAAAAAAAAAAAAAAAAAAAAAAAAAAAAAAAAAAAAAAAAAAAAAAAAAAAAAAAAAAAAAAAAAAAAAAAAAAAAAAAAAAAAAAAAAAAAAAAAAAAAAAAAAAAAAAAAAAAAAAAAP///////wAA////////AAD/////v/8AAP/wf/4H/wAA/+A//AP/AAD/wB/4A/8AAP/AH/gD/wAA/8Af+AH/AAD/wB/4A/8AAP/AH/gD/wAA/+A//Af/AAD/8B/4D/8AAP//H/h//wAA//8P8P//AAD//4fx//8AAP//h+H//wAA///H4///AAD//+f3//8AAP///////wAA4f/+f//HAACA//gf/wMAAIB/8A/+AQAAAADwBwAAAAAAAHAHAAAAAAAAcAcAAAAAAAHwB4AAAACAf/AP/gEAAMD/+B//AwAA4//+f/+HAAD///////8AAP//5+P//wAA///H4///AAD//4fh//8AAP//j/H//wAA//8P8P//AAD//h/4f/8AAP/wH/gP/wAA/+A//Af/AAD/wB/4A/8AAP/AH/gD/wAA/8Af+AP/AAD/wB/4A/8AAP/AH/gD/wAA/+A//Af/AAD/8H/+D/8AAP///////wAA////////AAD///////8AACgAAAAgAAAAQAAAAAEAIAAAAAAAABAAAAAAAAAAAAAAAAAAAAAAAAAAAAAAAAAAAAAAAAAAAAAAAAAAAAAAAAAAAAAAAAAAAAAAAAAAAAAAAAAAAAAAAAAAAAAAAAAAAAAAAAAAAAAAAAAAAAAAAAAAAAAAAAAAAAAAAAAAAAAAAAAAAAAAAAAAAAAAAAAAAAAAAAAAAAAAAAAAAAAAAAAAAAAAAAAAAAAAAAAAAAAAAAAAAAAAAAAAAAAAAAAAAAAAAAC+dh8EvXYeLb12HlG9dh49vXYfDAAAAAAAAAAAAAAAAAAAAAAAAAAAAAAAAAAAAAAAAAAAvncfCb12Hjy9dh5ZvXYeOb53HwgAAAAAAAAAAAAAAAAAAAAAAAAAAAAAAAAAAAAAAAAAAAAAAAAAAAAAAAAAAAAAAAAAAAAAvncfBr12Hne9dh7ovXYe/L12HvO9dh6lvnYfGQAAAAAAAAAAAAAAAAAAAAAAAAAAAAAAAL52HxG9dh6YvXYe8r12Hv69dh7wvXYekL53Hw0AAAAAAAAAAAAAAAAAAAAAAAAAAAAAAAAAAAAAAAAAAAAAAAAAAAAAAAAAAAAAAAC9dh5HvXYe8b12Hv+9dh7/vXYe/712Hv+9dh6FAAAAAAAAAAAAAAAAAAAAAAAAAAAAAAAAvXYebL12Hvy9dh7/vXYe/712Hv+9dh76vXYeYgAAAAAAAAAAAAAAAAAAAAAAAAAAAAAAAAAAAAAAAAAAAAAAAAAAAAAAAAAAAAAAAL12HoW9dh7/vXYe/712Hv+9dh7/vXYe/712HsW+dx8NAAAAAAAAAAAAAAAAAAAAAL53HwS9dh6rvXYe/712Hv+9dh7/vXYe/712Hv+9dh6hwHohAQAAAAAAAAAAAAAAAAAAAAAAAAAAAAAAAAAAAAAAAAAAAAAAAAAAAAAAAAAAvXYefr12Hv+9dh7/vXYe/712Hv+9dh7/vXYev753HwsAAAAAAAAAAAAAAAAAAAAAv3kfAr12HqO9dh7/vXYe/712Hv+9dh7/vXYe/712HpkAAAAAAAAAAAAAAAAAAAAAAAAAAAAAAAAAAAAAAAAAAAAAAAAAAAAAAAAAAAAAAAC9dh43vXYe5r12Hv+9dh7/vXYe/712Hv+9dh51AAAAAAAAAAAAAAAAAAAAAAAAAAAAAAAAvXYeVr12Hvi9dh7/vXYe/712Hv+9dh7xvXYeTAAAAAAAAAAAAAAAAAAAAAAAAAAAAAAAAAAAAAAAAAAAAAAAAAAAAAAAAAAAAAAAAL54IAK9dh5XvXYezr12Hu69dh73vXYe/712HnoAAAAAAAAAAAAAAAAAAAAAAAAAAAAAAAC9dh5ZvXYe+b12Hvu9dh7vvXYe1r12Hmi+dh8FAAAAAAAAAAAAAAAAAAAAAAAAAAAAAAAAAAAAAAAAAAAAAAAAAAAAAAAAAAAAAAAAAAAAAL53HwG9dx4WvXYeLr12Hn29dh79vXYe3r12HisAAAAAAAAAAAAAAAAAAAAAvnYfF712Hsa9dh7/vXYenr12HjK9dh4avncfAQAAAAAAAAAAAAAAAAAAAAAAAAAAAAAAAAAAAAAAAAAAAAAAAAAAAAAAAAAAAAAAAAAAAAAAAAAAAAAAAAAAAAAAAAAAvnYeFL12HsG9dh7/vXYelb53HwQAAAAAAAAAAAAAAAC9dh51vXYe/712Ht29dh4qAAAAAAAAAAAAAAAAAAAAAAAAAAAAAAAAAAAAAAAAAAAAAAAAAAAAAAAAAAAAAAAAAAAAAAAAAAAAAAAAAAAAAAAAAAAAAAAAAAAAAAAAAAAAAAAAvXYeUr12Hva9dh7pvXYeLgAAAAAAAAAAvXYeFr12HtG9dh7/vXYedQAAAAAAAAAAAAAAAAAAAAAAAAAAAAAAAAAAAAAAAAAAAAAAAAAAAAAAAAAAAAAAAAAAAAAAAAAAAAAAAAAAAAAAAAAAAAAAAAAAAAAAAAAAAAAAAAAAAAC+dx8JvXYeib12Hqy9dh4bAAAAAAAAAAC+dh8LvXYekr12Hp++dx4VAAAAAAAAAAAAAAAAAAAAAAAAAAAAAAAAAAAAAAAAAAAAAAAAAAAAAAAAAAAAAAAAvnceDb12Hjq9dh5HvnYeIb93HwEAAAAAAAAAAAAAAAAAAAAAAAAAAAAAAAC+dx8FvncfCL53HwW9dh4hvXYeJ713Hgu+dx8FvncfBgAAAAAAAAAAAAAAAAAAAAAAAAAAAAAAAAAAAAC+dh4YvXYeOr12Hi2+dx8IAAAAAL12HiS9dh6qvXYe8r12Hvm9dh7avXYeXMJ3IQEAAAAAAAAAAAAAAAAAAAAAAAAAAAAAAAC9dx4UvXYekb12HuG9dh7ovXYesL12Hi0AAAAAAAAAAAAAAAAAAAAAAAAAAAAAAAAAAAAAvXYeUb12Hs+9dh7zvXYe6712Hpy9dx4dvXYerL12Hv+9dh7/vXYe/712Hv+9dh7ivXYeUL12HjO9dh41vXYeNb12HiO+dx8CAAAAAL12HoS9dh7/vXYe/712Hv+9dh7/vXYet753Hg4AAAAAvnYeGb12HjC9dh4vvXYeLr12Hkq9dh7evXYe/712Hv+9dh7/vXYe/r12HqG9dh70vXYe/712Hv+9dh7/vXYe/712Hv+9dh72vXYe8r12HvK9dh70vXYe2b12Hyy+dx8OvXYezL12Hv+9dh7/vXYe/712Hv+9dh7vvXYeNL53HxK9dh6+vXYe8b12Hu+9dh7vvXYe8712Hv69dh7/vXYe/712Hv+9dh7/vXYe8L12HvK9dh7/vXYe/712Hv+9dh7/vXYe/r12Huu9dh7ivXYe4r12HuS9dh7GvnYeJb53Hg69dh7LvXYe/712Hv+9dh7/vXYe/712HvG9dh43vXcfD712HrK9dh7mvXYe5L12HuS9dh7svXYe/r12Hv+9dh7/vXYe/712Hv+9dh7yvXYeor12Hv69dh7/vXYe/712Hv+9dh7gvXYeQr12Hx+9dh8hvXYfIr13HxUAAAAAAAAAAL12HoC9dh7+vXYe/712Hv+9dh7/vXYeuL13Hw8AAAAAvXceEb12HiO9dh4jvXYeIb12HkK9dh7fvXYe/712Hv+9dh7/vXYe/712Hqe9dh4dvXYenL12Huq9dh7zvXYe0L12HlPBeiEBAAAAAAAAAAAAAAAAAAAAAAAAAAAAAAAAvXYeEr12Hom9dh7cvXYe4712Hqy9dh4rAAAAAAAAAAAAAAAAAAAAAAAAAAAAAAAAAAAAAL12HlK9dh7RvXYe9b12HvC9dh6mvXYfIQAAAAC+dh8IvXYeLb12Hjm9dx4YAAAAAAAAAAAAAAAAAAAAAAAAAAAAAAAAAAAAAL52Hgy9dh4RvncfBL12Hhy9dh4ivncfCb12Hw29dh8QAAAAAAAAAAAAAAAAAAAAAAAAAAAAAAAAvngfAb13Hxm9dh49vXYeNb13HwsAAAAAAAAAAAAAAAAAAAAAAAAAAAAAAAAAAAAAAAAAAAAAAAAAAAAAAAAAAAAAAAC+dx8NvXYenr12HsG9dh4iAAAAAAAAAAC+dx4QvXYeqr12Hre9dh4dAAAAAAAAAAAAAAAAAAAAAAAAAAAAAAAAAAAAAAAAAAAAAAAAAAAAAAAAAAAAAAAAAAAAAAAAAAAAAAAAAAAAAAAAAAAAAAAAAAAAAAAAAAAAAAAAAAAAAL12Hl+9dh76vXYe5b12HisAAAAAAAAAAL52Hxa9dh7PvXYe/712HoEAAAAAAAAAAAAAAAAAAAAAAAAAAAAAAAAAAAAAAAAAAAAAAAAAAAAAAAAAAAAAAAAAAAAAAAAAAAAAAAAAAAAAAAAAAAAAAAAAAAAAAAAAAAAAAAC9dx8bvXYezb12Hv+9dh6Kv3gfAgAAAAAAAAAAAAAAAL12Hmq9dh79vXYe4712HjEAAAAAAAAAAAAAAAAAAAAAAAAAAAAAAAAAAAAAAAAAAAAAAAAAAAAAAAAAAAAAAAAAAAAAAAAAAAAAAAAAAAAAAAAAAL54HwK9dh4fvXYeO712Ho29dh7/vXYe1r12HiMAAAAAAAAAAAAAAAAAAAAAvnceEr12Hr29dh7/vXYep712Hj69dh4jvncfAwAAAAAAAAAAAAAAAAAAAAAAAAAAAAAAAAAAAAAAAAAAAAAAAAAAAAAAAAAAAAAAAAAAAAC+dx8EvXYeZ712Htu9dh71vXYe+712Hv69dh5vAAAAAAAAAAAAAAAAAAAAAAAAAAAAAAAAvXYeUr12Hve9dh79vXYe9b12HuC9dh50vncfBwAAAAAAAAAAAAAAAAAAAAAAAAAAAAAAAAAAAAAAAAAAAAAAAAAAAAAAAAAAAAAAAL12HkG9dh7tvXYe/712Hv+9dh7/vXYe/712HnkAAAAAAAAAAAAAAAAAAAAAAAAAAAAAAAC9dh5kvXYe+712Hv+9dh7/vXYe/712HvS9dh5RAAAAAAAAAAAAAAAAAAAAAAAAAAAAAAAAAAAAAAAAAAAAAAAAAAAAAAAAAAAAAAAAvXYehb12Hv+9dh7/vXYe/712Hv+9dh7/vXYev753HwoAAAAAAAAAAAAAAAAAAAAAvncfBL12Hqy9dh7/vXYe/712Hv+9dh7/vXYe/712HpgAAAAAAAAAAAAAAAAAAAAAAAAAAAAAAAAAAAAAAAAAAAAAAAAAAAAAAAAAAAAAAAC9dh6FvXYe/712Hv+9dh7/vXYe/712Hv+9dh6/vncfCgAAAAAAAAAAAAAAAAAAAAC+eB8EvXYerb12Hv+9dh7/vXYe/712Hv+9dh7/vXYemQAAAAAAAAAAAAAAAAAAAAAAAAAAAAAAAAAAAAAAAAAAAAAAAAAAAAAAAAAAAAAAAL12HkK9dh7uvXYe/712Hv+9dh7/vXYe/b12HngAAAAAAAAAAAAAAAAAAAAAAAAAAAAAAAC9dh5lvXYe+r12Hv+9dh7/vXYe/712HvS9dh5TAAAAAAAAAAAAAAAAAAAAAAAAAAAAAAAAAAAAAAAAAAAAAAAAAAAAAAAAAAAAAAAAvXcfBL12Hmm9dh7dvXYe9712Huq9dh6SvXYfEgAAAAAAAAAAAAAAAAAAAAAAAAAAAAAAAL13Hgy9dh6GvXYe5712Hve9dh7ivXYed753HwcAAAAAAAAAAAAAAAAAAAAAAAAAAAAAAAAAAAAAAAAAAAAAAAAAAAAAAAAAAAAAAAAAAAAAvncfAr12HiG9dh5AvXYeLb53HwcAAAAAAAAAAAAAAAAAAAAAAAAAAAAAAAAAAAAAAAAAAL53HwW9dh4qvXYeQr12Hia+dx8DAAAAAAAAAAAAAAAAAAAAAAAAAAAAAAAAAAAAAAAAAAAAAAAAAAAAAAAAAAAAAAAAAAAAAAAAAAAAAAAAAAAAAAAAAAAAAAAAAAAAAAAAAAAAAAAAAAAAAAAAAAAAAAAAAAAAAAAAAAAAAAAAAAAAAAAAAAAAAAAAAAAAAAAAAAAAAAAAAAAAAAAAAAAAAAAAAAAAAAAAAAAAAAAA////////////D/B//gfwf/wH4D/+B+A//g/wf/8P8P//5+P//+Pn///zz///88///////4f8P+ED+B/AABgYAAAYGAAD+B/Ah/w/4f//////88////PH///j5///x+P//w/w//4P8H/8B+A//AfgP/4P8H//D/D///////////8oAAAAEAAAACAAAAABACAAAAAAAAAEAAAAAAAAAAAAAAAAAAAAAAAAAAAAAAAAAAAAAAAAvXYeB712HjG9dh4jvnYfAQAAAAAAAAAAAAAAAL12HiK9dh42vXYeCgAAAAAAAAAAAAAAAAAAAAAAAAAAAAAAAL12Hmy9dh7pvXYe0b12HjIAAAAAAAAAAL12Hiq9dh7MvXYe7b12Hnm+eCABAAAAAAAAAAAAAAAAAAAAAL12HwW9dh6yvXYe/712Hv+9dh5mAAAAAAAAAAC9dh5YvXYe/b12Hv+9dh6/vXYeCgAAAAAAAAAAAAAAAAAAAAAAAAAAvXYeYL12Ht+9dh7yvXYeTgAAAAAAAAAAvXYeP712Hu69dh7jvXYeagAAAAAAAAAAAAAAAAAAAAAAAAAAAAAAAL12HgO9dh4dvXYel712HqK9dh8HvXcfA712HpS9dh6mvXYeIb12HgQAAAAAAAAAAAAAAAAAAAAAAAAAAAAAAAAAAAAAAAAAAL12Hia9dh6ivXYeG712HhG9dh6evXYeMgAAAAAAAAAAAAAAAAAAAAAAAAAAvXYeR712HpO9dh5ZvnYeBAAAAAAAAAAAvXYeGL12Hmm9dh5yvXYeIAAAAAAAAAAAvncfA712HlO9dh6LvXYeQb12Hua9dh7/vXYe7r12Hp+9dh6UvXYeR712Hlq9dh76vXYe/712HnW9dh47vXYej712Hpy9dh7tvXYe/712HuK9dh7ivXYe/712Hu29dh6UvXYehr12Hj+9dh5ZvXYe+b12Hv+9dh52vXYeN712Hoa9dh6VvXYe7b12Hv+9dh7kvXYeQb12Hoq9dh5UvXYeBAAAAAC+dh4BvXYeHL12Hma9dh5wvXYeJb52HwEAAAAAvnYfA712HlS9dh6OvXYeRQAAAAAAAAAAAAAAAAAAAAAAAAAAvXYeKr12Hqq9dh4cvXYeEr12Hqe9dh43AAAAAAAAAAAAAAAAAAAAAAAAAAAAAAAAAAAAAAAAAAC9dh4FvXYeI712Hp69dh6dvXYeBb53HwK9dh6OvXYeq712Hie9dh4FAAAAAAAAAAAAAAAAAAAAAAAAAAAAAAAAvXYeZ712HuW9dh7zvXYeTAAAAAAAAAAAvXYeQL12HvC9dh7nvXYebgAAAAAAAAAAAAAAAAAAAAAAAAAAvXYeBr12HrS9dh7/vXYe/712HmQAAAAAAAAAAL12Hlu9dh79vXYe/712Hr29dh4JAAAAAAAAAAAAAAAAAAAAAAAAAAC9dh5nvXYe5L12Hsm9dh4tAAAAAAAAAAC9dh4nvXYexb12Hua9dh5vAAAAAAAAAAAAAAAAAAAAAAAAAAAAAAAAvXYeBb12Hiq9dh4cAAAAAAAAAAAAAAAAAAAAAL12Hhu9dh4rvXYeBwAAAAAAAAAAAAAAAP//AADzzwAA48cAAPPPAAD5nwAA/b8AAL/9AAAGYAAABmAAAL/9AAD9vwAA+Z8AAPPPAADjxwAA888AAP//AAA=","favIconFileName":"default-favicon.ico","footerContent":"<p>Theme Red</p>","aboutPageContent":"<p>Theme Red</p>","customcss":""}},"active":false}]}
Time Taken: 492 ms
----------------------------------------------------------------------------------------
[62/114] Get Individual Theme
{"output":{"name":"ThemeRed","uid":"fl878bd4ba9f9c07b6ca1d1b","settings":{"description":"test","theme":{"primaryColor":"#aa0000","primaryHeaderTextColor":"#ffffff","primaryTextColor":"#333333","linkColor":"#990000","primaryHoverColor":"#990000","backgroundImage":"data:image/svg+xml;base64,PD94bWwgdmVyc2lvbj0iMS4wIiBlbmNvZGluZz0idXRmLTgiPz4KPCEtLSBHZW5lcmF0b3I6IEFkb2JlIElsbHVzdHJhdG9yIDIzLjAuMCwgU1ZHIEV4cG9ydCBQbHVnLUluIC4gU1ZHIFZlcnNpb246IDYuMDAgQnVpbGQgMCkgIC0tPgo8c3ZnIHZlcnNpb249IjEuMSIgeG1sbnM9Imh0dHA6Ly93d3cudzMub3JnLzIwMDAvc3ZnIiB4bWxuczp4bGluaz0iaHR0cDovL3d3dy53My5vcmcvMTk5OS94bGluayIgeD0iMHB4IiB5PSIwcHgiCgkgdmlld0JveD0iMCAwIDE1NS4zIDUzLjUiIGVuYWJsZS1iYWNrZ3JvdW5kPSJuZXcgMCAwIDE1NS4zIDUzLjUiIHhtbDpzcGFjZT0icHJlc2VydmUiPgo8ZyBpZD0iTGF5ZXJfMTAiPgoJPGc+CgkJPGc+CgkJCTxwb2x5Z29uIGZpbGw9IiNGRkZGRkYiIHBvaW50cz0iMTMuOSwxMi40IDE1LjcsMTkuNyAxNS44LDE5LjcgMTguMSwxMi40IDIwLjQsMTIuNCAyMi43LDE5LjkgMjQuNiwxMi40IDI3LjEsMTIuNCAyMy44LDIzLjYgCgkJCQkyMS42LDIzLjYgMTkuMiwxNS45IDE2LjcsMjMuNiAxNC42LDIzLjYgMTEuMywxMi40IAkJCSIvPgoJCQk8cG9seWdvbiBmaWxsPSIjRkZGRkZGIiBwb2ludHM9IjM1LjksMTIuNCAzNS45LDE0LjcgMzAuOCwxNC43IDMwLjgsMTYuOCAzNS43LDE2LjggMzUuNywxOS4xIDMwLjgsMTkuMSAzMC44LDIxLjQgMzYuMiwyMS40IAoJCQkJMzYuMiwyMy42IDI4LjMsMjMuNiAyOC4zLDEyLjQgCQkJIi8+CgkJCTxwYXRoIGZpbGw9IiNGRkZGRkYiIGQ9Ik00Mi45LDIxLjVjMC44LDAsMS42LTAuMywxLjYtMS4zYzAtMS0xLjItMS4yLTItMS4yYy0xLjksMC0xLjksMC0xLjksMGMwLDIuNSwwLDIuNSwwLDIuNUg0Mi45egoJCQkJIE00Mi41LDE2LjljMC44LDAsMS41LTAuMywxLjUtMS4yYzAtMC45LTAuOS0xLjItMS42LTEuMmMtMS43LDAtMS43LDAtMS43LDBjMCwyLjQsMCwyLjQsMCwyLjRINDIuNXogTTQyLjUsMTIuNAoJCQkJYzIsMCw0LDAuNiw0LDIuOWMwLDEuMy0wLjgsMi4yLTEuOSwyLjVsMCwwYzEuMywwLjIsMi40LDEuMSwyLjQsMi44YzAsMi4zLTIuMiwzLjEtNC4yLDMuMWMtNC42LDAtNC42LDAtNC42LDAKCQkJCWMwLTExLjIsMC0xMS4yLDAtMTEuMkg0Mi41eiIvPgoJCQk8cG9seWdvbiBmaWxsPSIjRkZGRkZGIiBwb2ludHM9IjUyLjIsMTIuNCA1NC44LDE5LjggNTcuNSwxMi40IDYxLjIsMTIuNCA2MS4yLDIzLjYgNTguNywyMy42IDU4LjcsMTUgNTUuNywyMy42IDUzLjgsMjMuNiAKCQkJCTUxLDE1IDUxLDIzLjYgNDguNCwyMy42IDQ4LjQsMTIuNCAJCQkiLz4KCQkJPHBvbHlnb24gZmlsbD0iI0ZGRkZGRiIgcG9pbnRzPSI3MS4xLDEyLjQgNzEuMSwxNC43IDY2LDE0LjcgNjYsMTYuOCA3MC45LDE2LjggNzAuOSwxOS4xIDY2LDE5LjEgNjYsMjEuNCA3MS40LDIxLjQgNzEuNCwyMy42IAoJCQkJNjMuNSwyMy42IDYzLjUsMTIuNCAJCQkiLz4KCQkJPHBvbHlnb24gZmlsbD0iI0ZGRkZGRiIgcG9pbnRzPSI4MS4yLDEyLjQgODEuMiwxNC42IDc4LDE0LjYgNzgsMjMuNiA3NS42LDIzLjYgNzUuNiwxNC42IDcyLjQsMTQuNiA3Mi40LDEyLjQgCQkJIi8+CgkJCTxwb2x5Z29uIGZpbGw9IiNGRkZGRkYiIHBvaW50cz0iODUsMTIuNCA4NSwxNi42IDg5LjgsMTYuNiA4OS44LDEyLjQgOTIuMiwxMi40IDkyLjIsMjMuNiA4OS44LDIzLjYgODkuOCwxOC44IDg1LDE4LjggODUsMjMuNiAKCQkJCTgyLjUsMjMuNiA4Mi41LDEyLjQgCQkJIi8+CgkJCTxwYXRoIGZpbGw9IiNGRkZGRkYiIGQ9Ik05OS45LDIxLjZjMi4xLDAsMy41LTEuNCwzLjUtMy42YzAtMi4xLTEuNC0zLjUtMy41LTMuNWMtMi4xLDAtMy40LDEuNC0zLjQsMy41CgkJCQlDOTYuNSwyMC4yLDk3LjgsMjEuNiw5OS45LDIxLjZ6IE0xMDYsMThjMCwzLjYtMi41LDUuOS02LjEsNS45Yy0zLjUsMC02LTIuMy02LTUuOWMwLTMuNSwyLjUtNS44LDYtNS44CgkJCQlDMTAzLjYsMTIuMiwxMDYsMTQuNSwxMDYsMTh6Ii8+CgkJCTxwYXRoIGZpbGw9IiNGRkZGRkYiIGQ9Ik0xMTEuNiwyMS40YzIuMiwwLDMuOC0xLDMuOC0zLjRjMC0yLjMtMS44LTMuMy0zLjctMy4zYy0xLjUsMC0xLjUsMC0xLjUsMGMwLDYuNywwLDYuNywwLDYuN0gxMTEuNnoKCQkJCSBNMTExLjUsMTIuNGMzLjYsMCw2LjYsMS43LDYuNiw1LjdjMCwzLjUtMi45LDUuNS02LjMsNS41Yy00LjEsMC00LjEsMC00LjEsMGMwLTExLjIsMC0xMS4yLDAtMTEuMkgxMTEuNXoiLz4KCQkJPHBhdGggZmlsbD0iI0ZGRkZGRiIgZD0iTTEyNywxMy40Yy0xLjgsMS44LTEuOCwxLjgtMS44LDEuOGMtMC4zLTAuNC0xLjEtMC43LTEuOC0wLjdjLTAuNywwLTEuNiwwLjItMS42LDEuMQoJCQkJYzAsMSwxLjIsMS4yLDIuNCwxLjVjMS4zLDAuNCwyLjcsMS4xLDIuNywzLjFjMCwyLjYtMi4xLDMuNy00LjMsMy43Yy0xLjQsMC0yLjctMC40LTMuOS0xLjRjMS44LTEuOSwxLjgtMS45LDEuOC0xLjkKCQkJCWMwLjYsMC43LDEuMywxLDIuMiwxYzAuNywwLDEuOC0wLjIsMS44LTEuMWMwLTEtMS4yLTEuMy0yLjUtMS43Yy0xLjMtMC40LTIuOC0xLjEtMi44LTMuMWMwLTIuNCwyLjEtMy42LDQuMy0zLjYKCQkJCUMxMjQuOCwxMi4yLDEyNiwxMi41LDEyNywxMy40eiIvPgoJCQk8cGF0aCBmaWxsPSIjRkZGRkZGIiBkPSJNMTMwLjUsMjNjMCwwLjQtMC4zLDAuOC0wLjgsMC44UzEyOSwyMy40LDEyOSwyM2MwLTAuNCwwLjMtMC44LDAuOC0wLjhTMTMwLjUsMjIuNSwxMzAuNSwyM3oiLz4KCQkJPHBhdGggZmlsbD0iI0ZGRkZGRiIgZD0iTTEzMy4zLDE2LjRjMC45LDAsMC45LDAsMC45LDBjMCw3LjMsMCw3LjMsMCw3LjNjLTAuOSwwLTAuOSwwLTAuOSwwVjE2LjR6IE0xMzQuNSwxMy41CgkJCQljMCwwLjMtMC4zLDAuNy0wLjgsMC43Yy0wLjQsMC0wLjctMC4zLTAuNy0wLjdjMC0wLjQsMC4yLTAuOCwwLjctMC44QzEzNC4xLDEyLjcsMTM0LjUsMTMuMSwxMzQuNSwxMy41eiIvPgoJCQk8cGF0aCBmaWxsPSIjRkZGRkZGIiBkPSJNMTQwLjMsMjNjMS44LDAsMi45LTEuMiwyLjktM2MwLTEuOC0xLjEtMy0yLjktM2MtMS42LDAtMi45LDEuMi0yLjksM0MxMzcuNCwyMS44LDEzOC41LDIzLDE0MC4zLDIzegoJCQkJIE0xNDQuMSwyMGMwLDIuMi0xLjUsMy44LTMuOSwzLjhjLTIuMiwwLTMuOS0xLjctMy45LTMuOGMwLTIuMiwxLjYtMy45LDMuOS0zLjlDMTQyLjUsMTYuMSwxNDQuMSwxNy44LDE0NC4xLDIweiIvPgoJCQk8cmVjdCB4PSIxMi44IiB5PSIzMCIgZmlsbD0iI0ZGRkZGRiIgd2lkdGg9IjEiIGhlaWdodD0iMTEuMiIvPgoJCQk8cGF0aCBmaWxsPSIjRkZGRkZGIiBkPSJNMjIuOSwzNi45YzAsNC4zLDAsNC4zLDAsNC4zYy0xLDAtMSwwLTEsMGMwLTQuMiwwLTQuMiwwLTQuMmMwLTEuNy0wLjUtMi40LTEuOC0yLjQKCQkJCWMtMS41LDAtMi41LDEuMS0yLjUsM2MwLDMuNiwwLDMuNiwwLDMuNmMtMSwwLTEsMC0xLDBjMC01LjMsMC01LjMsMC01LjNjMC0wLjItMC4xLTEuOS0wLjEtMmMxLDAsMSwwLDEsMGMwLDAuNCwwLDEuMSwwLDEuMwoJCQkJYzAuMSwwLDAuMSwwLDAuMSwwYzAuNC0xLDEuNC0xLjUsMi41LTEuNUMyMS45LDMzLjcsMjIuOSwzNC43LDIyLjksMzYuOXoiLz4KCQkJPHBhdGggZmlsbD0iI0ZGRkZGRiIgZD0iTTI2LDMxLjljMSwwLDEsMCwxLDBjMCwyLjEsMCwyLjEsMCwyLjFjMi4xLDAsMi4xLDAsMi4xLDBjMCwwLjksMCwwLjksMCwwLjljLTIuMSwwLTIuMSwwLTIuMSwwCgkJCQljMCw0LjcsMCw0LjcsMCw0LjdjMCwwLjcsMC4zLDEsMSwxYzAuMywwLDAuNy0wLjEsMS4xLTAuMmMwLDAuOSwwLDAuOSwwLDAuOWMtMC40LDAuMS0wLjksMC4yLTEuMiwwLjJjLTEuMiwwLTEuOS0wLjgtMS45LTEuOQoJCQkJYzAtNC43LDAtNC43LDAtNC43Yy0xLjYsMC0xLjYsMC0xLjYsMGMwLTAuOSwwLTAuOSwwLTAuOWMxLjYsMCwxLjYsMCwxLjYsMFYzMS45eiIvPgoJCQk8cGF0aCBmaWxsPSIjRkZGRkZGIiBkPSJNMzYuNCwzN2MwLTEuNC0xLjEtMi40LTIuNS0yLjRjLTEuNCwwLTIuNSwxLjEtMi42LDIuNEgzNi40eiBNMzcuNCwzNy4zYzAsMC42LDAsMC42LDAsMC42CgkJCQljLTYuMiwwLTYuMiwwLTYuMiwwYzAuMSwxLjUsMSwyLjgsMi43LDIuOGMxLDAsMi0wLjQsMi40LTEuMmMwLjgsMC41LDAuOCwwLjUsMC44LDAuNWMtMC44LDEuMS0xLjksMS41LTMuMiwxLjUKCQkJCWMtMi4yLDAtMy43LTEuNS0zLjctMy44YzAtMi4xLDEuNS0zLjgsMy42LTMuOEMzNS45LDMzLjcsMzcuNCwzNS4xLDM3LjQsMzcuM3oiLz4KCQkJPHBhdGggZmlsbD0iI0ZGRkZGRiIgZD0iTTQzLjEsNDAuNWMxLjYsMCwyLjktMS4zLDIuOS0zYzAtMS41LTEuMi0yLjktMi45LTIuOWMtMS41LDAtMi45LDEuMy0yLjksMi45CgkJCQlDNDAuMiwzOSw0MS40LDQwLjUsNDMuMSw0MC41eiBNNDUuOSwzNS4yTDQ1LjksMzUuMmMwLTEuMiwwLTEuMiwwLTEuMmMxLDAsMSwwLDEsMGMwLDYuOCwwLDYuOCwwLDYuOGMwLDIuOS0xLjQsNC4zLTQsNC4zCgkJCQljLTEuMywwLTIuOC0wLjYtMy42LTEuNWMwLjgtMC43LDAuOC0wLjcsMC44LTAuN2MwLjcsMC45LDEuOCwxLjMsMi45LDEuM2MyLDAsMy0xLjEsMy0zLjNjMC0xLjEsMC0xLjEsMC0xLjFsMCwwCgkJCQljLTAuNSwwLjktMS41LDEuNC0yLjgsMS40Yy0yLjIsMC00LTEuNy00LTMuN2MwLTIuMSwxLjktMy43LDQtMy43QzQ0LjQsMzMuNyw0NS40LDM0LjMsNDUuOSwzNS4yeiIvPgoJCQk8cGF0aCBmaWxsPSIjRkZGRkZGIiBkPSJNNTMuMSwzMy45QzUzLDM0LjcsNTMsMzQuNyw1MywzNC43Yy0wLjEsMC0wLjMsMC0wLjQsMGMtMS41LDAtMi4zLDEtMi4zLDIuNWMwLDQsMCw0LDAsNGMtMSwwLTEsMC0xLDAKCQkJCWMwLTUuMywwLTUuMywwLTUuM2MwLTAuMi0wLjEtMS45LTAuMS0yYzEsMCwxLDAsMSwwYzAsMC41LDAsMS4xLDAsMS4zYzAuNy0xLDEuNC0xLjUsMi40LTEuNUM1Mi42LDMzLjcsNTIuOCwzMy43LDUzLjEsMzMuOXoiLz4KCQkJPHBhdGggZmlsbD0iI0ZGRkZGRiIgZD0iTTU2LjgsNDAuNmMxLjYsMCwyLjUtMC45LDIuNS0yLjRjMC0wLjUsMC0wLjUsMC0wLjVjLTEuMiwwLTEuMiwwLTEuMiwwYy0xLjUsMC0zLDAuNC0zLDEuNwoJCQkJQzU1LjIsNDAsNTUuOCw0MC42LDU2LjgsNDAuNnogTTYwLjIsMzYuNGMwLDIuMSwwLDIuMSwwLDIuMWMwLDEuMiwwLDIuMSwwLjEsMi44Yy0wLjksMC0wLjksMC0wLjksMGMtMC4xLTAuMy0wLjEtMC43LTAuMS0xLjEKCQkJCWwwLDBjLTAuNiwwLjktMS40LDEuMy0yLjUsMS4zYy0xLjcsMC0yLjYtMC45LTIuNi0yLjJjMC0xLjcsMS40LTIuNCw0LTIuNGMxLjIsMCwxLjIsMCwxLjIsMGMwLTAuNCwwLTAuNCwwLTAuNAoJCQkJYzAtMS4yLTAuOC0xLjgtMi4xLTEuOGMtMC45LDAtMS41LDAuMi0yLjIsMC44Yy0wLjUtMC43LTAuNS0wLjctMC41LTAuN2MwLjctMC43LDEuOC0xLDIuOC0xQzU5LjIsMzMuNyw2MC4yLDM0LjcsNjAuMiwzNi40eiIvPgoJCQk8cGF0aCBmaWxsPSIjRkZGRkZGIiBkPSJNNjMuMywzMS45YzAuOSwwLDAuOSwwLDAuOSwwYzAsMi4xLDAsMi4xLDAsMi4xYzIuMSwwLDIuMSwwLDIuMSwwYzAsMC45LDAsMC45LDAsMC45Yy0yLjEsMC0yLjEsMC0yLjEsMAoJCQkJYzAsNC43LDAsNC43LDAsNC43YzAsMC43LDAuNCwxLDEsMWMwLjQsMCwwLjgtMC4xLDEuMS0wLjJjMC4xLDAuOSwwLjEsMC45LDAuMSwwLjljLTAuNCwwLjEtMSwwLjItMS4yLDAuMgoJCQkJYy0xLjMsMC0xLjktMC44LTEuOS0xLjljMC00LjcsMC00LjcsMC00LjdjLTEuNiwwLTEuNiwwLTEuNiwwYzAtMC45LDAtMC45LDAtMC45YzEuNiwwLDEuNiwwLDEuNiwwVjMxLjl6Ii8+CgkJCTxwYXRoIGZpbGw9IiNGRkZGRkYiIGQ9Ik02OC4xLDM0YzEsMCwxLDAsMSwwYzAsNy4zLDAsNy4zLDAsNy4zYy0xLDAtMSwwLTEsMFYzNHogTTY5LjMsMzEuMWMwLDAuMy0wLjMsMC43LTAuOCwwLjcKCQkJCWMtMC4zLDAtMC43LTAuMy0wLjctMC43YzAtMC40LDAuMy0wLjgsMC43LTAuOEM2OSwzMC4zLDY5LjMsMzAuNyw2OS4zLDMxLjF6Ii8+CgkJCTxwYXRoIGZpbGw9IiNGRkZGRkYiIGQ9Ik03NS4yLDQwLjZjMS44LDAsMy0xLjIsMy0zYzAtMS44LTEuMi0zLTMtM2MtMS43LDAtMi45LDEuMi0yLjksM0M3Mi4zLDM5LjQsNzMuNSw0MC42LDc1LjIsNDAuNnoKCQkJCSBNNzksMzcuNmMwLDIuMi0xLjUsMy44LTMuOSwzLjhjLTIuMiwwLTMuOS0xLjctMy45LTMuOGMwLTIuMiwxLjYtMy44LDMuOS0zLjhDNzcuNSwzMy43LDc5LDM1LjQsNzksMzcuNnoiLz4KCQkJPHBhdGggZmlsbD0iI0ZGRkZGRiIgZD0iTTg3LjUsMzYuOWMwLDQuMywwLDQuMywwLDQuM2MtMSwwLTEsMC0xLDBjMC00LjIsMC00LjIsMC00LjJjMC0xLjctMC42LTIuNC0xLjktMi40CgkJCQljLTEuNSwwLTIuNSwxLjEtMi41LDNjMCwzLjYsMCwzLjYsMCwzLjZjLTAuOSwwLTAuOSwwLTAuOSwwYzAtNS4zLDAtNS4zLDAtNS4zYzAtMC4yLTAuMS0xLjktMC4xLTJjMSwwLDEsMCwxLDAKCQkJCWMwLDAuNCwwLDEuMSwwLDEuM2MwLjEsMCwwLjEsMCwwLjEsMGMwLjQtMSwxLjQtMS41LDIuNC0xLjVDODYuNSwzMy43LDg3LjUsMzQuNyw4Ny41LDM2Ljl6Ii8+CgkJPC9nPgoJPC9nPgo8L2c+CjxnIGlkPSJMYXllcl8yIj4KPC9nPgo8ZyBpZD0iTGF5ZXJfMyI+CjwvZz4KPC9zdmc+Cg==","logoFileName":"default-logo.svg","primaryBtnBgColor":"#aa0000","primaryBtnColor":"#ffffff","primaryBtnBrbColor":"#990000","secondaryBtnBgColor":"#ffffff","secondaryBtnColor":"#990000","secondaryBtnBrbColor":"#990000","favIconImage":"data:image/vnd.microsoft.icon;base64,AAABAAMAMDAAAAEAIACoJQAANgAAACAgAAABACAAqBAAAN4lAAAQEAAAAQAgAGgEAACGNgAAKAAAADAAAABgAAAAAQAgAAAAAAAAJAAAAAAAAAAAAAAAAAAAAAAAAAAAAAAAAAAAAAAAAAAAAAAAAAAAAAAAAAAAAAAAAAAAAAAAAAAAAAAAAAAAAAAAAAAAAAAAAAAAAAAAAAAAAAAAAAAAAAAAAAAAAAAAAAAAAAAAAAAAAAAAAAAAAAAAAAAAAAAAAAAAAAAAAAAAAAAAAAAAAAAAAAAAAAAAAAAAAAAAAAAAAAAAAAAAAAAAAAAAAAAAAAAAAAAAAAAAAAAAAAAAAAAAAAAAAAAAAAAAAAAAAAAAAAAAAAAAAAAAAAAAAAAAAAAAAAAAAAAAAAAAAAAAAAAAAAAAAAAAAAAAAAAAAAAAAAAAAAAAAAAAAAAAAAAAAAAAAAAAAAAAAAAAAAAAAAAAAAAAAAAAAAAAAAAAAAAAAAAAAAAAAAAAAAAAAAAAAAAAAAAAAAAAAAAAAAAAAAAAAAAAAAAAAAAAAAAAAAAAAAAAAAAAAAAAAAAAAAAAAAAAAAAAAAAAAAAAAAAAAAAAAAAAAAAAAAAAAAAAAAAAAAAAAAAAAAAAAAAAAAAAAAAAAAAAAAAAAAAAAAAAAAAAAAAAAAAAAAAAAAAAAAAAAAAAAAAAv3cgAr13Hyi9dh5gvXYedr12Hl+9dh8mv3YgAgAAAAAAAAAAAAAAAAAAAAAAAAAAAAAAAAAAAAAAAAAAAAAAAAAAAAAAAAAAAAAAAMB5IQG+dh8hvXYeYL12HoG9dh5zvncePL54HwcAAAAAAAAAAAAAAAAAAAAAAAAAAAAAAAAAAAAAAAAAAAAAAAAAAAAAAAAAAAAAAAAAAAAAAAAAAAAAAAAAAAAAAAAAAAAAAAAAAAAAAAAAAAAAAAC/dyAIvXYecb12HuG9dh79vXYe/712Hv29dh7evXYea793IAcAAAAAAAAAAAAAAAAAAAAAAAAAAAAAAAAAAAAAAAAAAAAAAAAAAAAAwXghAr52Hle9dh7WvXYe/b12Hv+9dh7/vXYe7712HpW+dx8VAAAAAAAAAAAAAAAAAAAAAAAAAAAAAAAAAAAAAAAAAAAAAAAAAAAAAAAAAAAAAAAAAAAAAAAAAAAAAAAAAAAAAAAAAAAAAAAAAAAAAAAAAAC9dh9svXYe9712Hv+9dh7/vXYe/712Hv+9dh7/vXYe9L12HmQAAAAAAAAAAAAAAAAAAAAAAAAAAAAAAAAAAAAAAAAAAAAAAAAAAAAAvnYeR712Hum9dh7/vXYe/712Hv+9dh7/vXYe/712Hv69dh6WvnggBwAAAAAAAAAAAAAAAAAAAAAAAAAAAAAAAAAAAAAAAAAAAAAAAAAAAAAAAAAAAAAAAAAAAAAAAAAAAAAAAAAAAAAAAAAAAAAAAL53Hx+9dh7XvXYe/712Hv+9dh7/vXYe/712Hv+9dh7/vXYe/712HtG9dh4aAAAAAAAAAAAAAAAAAAAAAAAAAAAAAAAAAAAAAAAAAAC+dx8JvXYesr12Hv+9dh7/vXYe/712Hv+9dh7/vXYe/712Hv+9dh7vvXcfPgAAAAAAAAAAAAAAAAAAAAAAAAAAAAAAAAAAAAAAAAAAAAAAAAAAAAAAAAAAAAAAAAAAAAAAAAAAAAAAAAAAAAAAAAAAAAAAAL12Hk69dh75vXYe/712Hv+9dh7/vXYe/712Hv+9dh7/vXYe/712Hva9dh5GAAAAAAAAAAAAAAAAAAAAAAAAAAAAAAAAAAAAAAAAAAC9dx4lvXYe4712Hv+9dh7/vXYe/712Hv+9dh7/vXYe/712Hv+9dh7/vXYedgAAAAAAAAAAAAAAAAAAAAAAAAAAAAAAAAAAAAAAAAAAAAAAAAAAAAAAAAAAAAAAAAAAAAAAAAAAAAAAAAAAAAAAAAAAAAAAAL12Hl29dh7+vXYe/712Hv+9dh7/vXYe/712Hv+9dh7/vXYe/712Hvu9dh5VAAAAAAAAAAAAAAAAAAAAAAAAAAAAAAAAAAAAAAAAAAC9dh4wvXYe6712Hv+9dh7/vXYe/712Hv+9dh7/vXYe/712Hv+9dh7/vXYehQAAAAAAAAAAAAAAAAAAAAAAAAAAAAAAAAAAAAAAAAAAAAAAAAAAAAAAAAAAAAAAAAAAAAAAAAAAAAAAAAAAAAAAAAAAAAAAAL12HkK9dh70vXYe/712Hv+9dh7/vXYe/712Hv+9dh7/vXYe/712HvG9dh47AAAAAAAAAAAAAAAAAAAAAAAAAAAAAAAAAAAAAAAAAAC+dx4cvXYe2L12Hv+9dh7/vXYe/712Hv+9dh7/vXYe/712Hv+9dh7+vXYeZgAAAAAAAAAAAAAAAAAAAAAAAAAAAAAAAAAAAAAAAAAAAAAAAAAAAAAAAAAAAAAAAAAAAAAAAAAAAAAAAAAAAAAAAAAAAAAAAL53HxK9dh7CvXYe/712Hv+9dh7/vXYe/712Hv+9dh7/vXYe/712Hrq+dx8PAAAAAAAAAAAAAAAAAAAAAAAAAAAAAAAAAAAAAAAAAADAeSICvXYejr12Hv+9dh7/vXYe/712Hv+9dh7/vXYe/712Hv+9dh7cvXYeJwAAAAAAAAAAAAAAAAAAAAAAAAAAAAAAAAAAAAAAAAAAAAAAAAAAAAAAAAAAAAAAAAAAAAAAAAAAAAAAAAAAAAAAAAAAAAAAAAAAAAC9dx5HvXYe4712Hv+9dh7/vXYe/712Hv+9dh7/vXYe/712HnIAAAAAAAAAAAAAAAAAAAAAAAAAAAAAAAAAAAAAAAAAAAAAAAAAAAAAvXYeQb12HvK9dh7/vXYe/712Hv+9dh7/vXYe/712HvG9dh5lAAAAAAAAAAAAAAAAAAAAAAAAAAAAAAAAAAAAAAAAAAAAAAAAAAAAAAAAAAAAAAAAAAAAAAAAAAAAAAAAAAAAAAAAAAAAAAAAAAAAAAAAAADAeiMBvXceQb12HrW9dh7qvXYe9L12Hve9dh7/vXYe/712Hr6+dx8TAAAAAAAAAAAAAAAAAAAAAAAAAAAAAAAAAAAAAAAAAAC/eCEEvXYekr12Hv+9dh7/vXYe+712HvW9dh7uvXYexL12H1a/dyAFAAAAAAAAAAAAAAAAAAAAAAAAAAAAAAAAAAAAAAAAAAAAAAAAAAAAAAAAAAAAAAAAAAAAAAAAAAAAAAAAAAAAAAAAAAAAAAAAAAAAAAAAAAAAAAAAAAAAAL53Hwu9dx4uvXYePL12Hmq9dh7zvXYe/712Hvu9dh5tAAAAAAAAAAAAAAAAAAAAAAAAAAAAAAAAAAAAAAAAAAC+dh5AvXYe6712Hv+9dh7/vXYemL12Hj69dh4zvncfEQAAAAAAAAAAAAAAAAAAAAAAAAAAAAAAAAAAAAAAAAAAAAAAAAAAAAAAAAAAAAAAAAAAAAAAAAAAAAAAAAAAAAAAAAAAAAAAAAAAAAAAAAAAAAAAAAAAAAAAAAAAAAAAAAAAAAAAAAAAAAAAAL53Hwm9dh6mvXYe/712Hv+9dh7WvncfJAAAAAAAAAAAAAAAAAAAAAAAAAAAAAAAAL53Hwy9dh6vvXYe/712Hv+9dh7WvXcfJAAAAAAAAAAAAAAAAAAAAAAAAAAAAAAAAAAAAAAAAAAAAAAAAAAAAAAAAAAAAAAAAAAAAAAAAAAAAAAAAAAAAAAAAAAAAAAAAAAAAAAAAAAAAAAAAAAAAAAAAAAAAAAAAAAAAAAAAAAAAAAAAAAAAAAAAAAAAAAAAAAAAAC+dx44vXYe5712Hv+9dh7/vXYeir95IQIAAAAAAAAAAAAAAAAAAAAAAAAAAL12Hlq9dh73vXYe/712Hvu9dh5rAAAAAAAAAAAAAAAAAAAAAAAAAAAAAAAAAAAAAAAAAAAAAAAAAAAAAAAAAAAAAAAAAAAAAAAAAAAAAAAAAAAAAAAAAAAAAAAAAAAAAAAAAAAAAAAAAAAAAAAAAAAAAAAAAAAAAAAAAAAAAAAAAAAAAAAAAAAAAAAAAAAAAAAAAADAeR8CvXYeib12Hv+9dh7/vXYe5r12HzAAAAAAAAAAAAAAAAAAAAAAvXYeEb12HsK9dh7/vXYe/712Hry9dx8SAAAAAAAAAAAAAAAAAAAAAAAAAAAAAAAAAAAAAAAAAAAAAAAAAAAAAAAAAAAAAAAAAAAAAAAAAAAAAAAAAAAAAAAAAAAAAAAAAAAAAAAAAAAAAAAAAAAAAAAAAAAAAAAAAAAAAAAAAAAAAAAAAAAAAAAAAAAAAAAAAAAAAAAAAAAAAAAAvnceI712HtS9dh7/vXYe9r12HkYAAAAAAAAAAAAAAAAAAAAAvXYeGr12Hta9dh7/vXYe8L12HksAAAAAAAAAAAAAAAAAAAAAAAAAAAAAAAAAAAAAAAAAAAAAAAAAAAAAAAAAAAAAAAAAAAAAAAAAAAAAAAAAAAAAAAAAAAAAAAAAAAAAAAAAAAAAAAAAAAAAAAAAAAAAAAAAAAAAAAAAAAAAAAAAAAAAAAAAAAAAAAAAAAAAAAAAAAAAAAAAAAAAAAAAAL12Hkq9dh62vXYehb52Hw4AAAAAAAAAAAAAAAAAAAAAv3ghAr12Hly9dh60vXYebb94HwYAAAAAAAAAAAAAAAAAAAAAAAAAAAAAAAAAAAAAAAAAAAAAAAAAAAAAAAAAAAAAAAAAAAAAAAAAAAAAAAAAAAAAAAAAAAAAAAAAAAAAAAAAAL54HwW+dx8RvncfDr93IAIAAAAAAAAAAAAAAAAAAAAAAAAAAAAAAAAAAAAAAAAAAAAAAAAAAAAAAAAAAAAAAAC/dyAHvngfAwAAAAAAAAAAAAAAAMN3JwEAAAAAAAAAAL54IAG+eCAFvnggAQAAAAAAAAAAAAAAAAAAAAAAAAAAAAAAAAAAAAAAAAAAAAAAAAAAAAAAAAAAAAAAAL53Hwa+dh8Hv3ggAgAAAAAAAAAAAAAAAAAAAAC+dh8IvXYeUr12Hqq9dh7NvXYex712HpW+dh41vnghAQAAAAAAAAAAAAAAAAAAAAAAAAAAAAAAAAAAAAAAAAAAAAAAAAAAAAAAAAAAAAAAAL53HxC9dh5WvXYekr12Hpu9dh5zvXYeJ8F4IQEAAAAAAAAAAAAAAAAAAAAAAAAAAAAAAAAAAAAAAAAAAAAAAAAAAAAAAAAAAAAAAAC+dx8mvXYefb12HrS9dh66vXYekr13Hj6+dx4EAAAAAL53Hwq9dh6EvXYe9b12Hv+9dh7/vXYe/712Hv+9dh7ivXYeUAAAAAAAAAAAAAAAAAAAAAAAAAAAAAAAAAAAAAAAAAAAAAAAAAAAAAAAAAAAvnceH712Hq29dh75vXYe/712Hv+9dh7/vXYe2b12HlAAAAAAAAAAAAAAAAAAAAAAAAAAAAAAAAAAAAAAAAAAAAAAAAAAAAAAAAAAAL53HkO9dh7UvXYe/712Hv+9dh7/vXYe/712Huy9dh5wv3gfBb52Hme9dh70vXYe/712Hv+9dh7/vXYe/712Hv+9dh7/vXYe1b53Hya8fiIBvXkgA715IAO9eSADvXkgA8B5IAIAAAAAAAAAAAAAAAC+dx8IvXYeoL12Hv+9dh7/vXYe/712Hv+9dh7/vXYe/712Ht6+dx4wAAAAAAAAAAAAAAAAAAAAAL19JAG9fCUBvXwkAb18JAEAAAAAvncfIL12Hs+9dh7/vXYe/712Hv+9dh7/vXYe/712Hv+9dh7uvXYeV712Hs69dh7/vXYe/712Hv+9dh7/vXYe/712Hv+9dh7/vXYe/b12Hsa9dh6svXYerb12Hq29dh6tvXYerr12Hp+9dh43AAAAAAAAAAC9dh44vXYe7r12Hv+9dh7/vXYe/712Hv+9dh7/vXYe/712Hv+9dh6IAAAAAAAAAAC+dh8YvXYegr12HqW9dh6lvXYepb12HqW9dh6jvXYewL12Hv29dh7/vXYe/712Hv+9dh7/vXYe/712Hv+9dh7/vXYew712Hvi9dh7/vXYe/712Hv+9dh7/vXYe/712Hv+9dh7/vXYe/712Hv+9dh7/vXYe/712Hv+9dh7/vXYe/712Hv+9dh60v3cgCAAAAAC9dh5ivXYe/712Hv+9dh7/vXYe/712Hv+9dh7/vXYe/712Hv+9dh64vnYgBwAAAAC9dh55vXYe/712Hv+9dh7/vXYe/712Hv+9dh7/vXYe/712Hv+9dh7/vXYe/712Hv+9dh7/vXYe/712Hv+9dh7/vXYe8r12HvW9dh7/vXYe/712Hv+9dh7/vXYe/712Hv+9dh7/vXYe/712Hv+9dh7/vXYe/712Hv+9dh7/vXYe/712Hv+9dh6lv3cgBgAAAAC9dh5gvXYe/r12Hv+9dh7/vXYe/712Hv+9dh7/vXYe/712Hv+9dh69vncfCQAAAAC9dh5vvXYe/L12Hv+9dh7/vXYe/712Hv+9dh7/vXYe/712Hv+9dh7/vXYe/712Hv+9dh7/vXYe/712Hv+9dh7/vXYe9L12HsW9dh7/vXYe/712Hv+9dh7/vXYe/712Hv+9dh7/vXYe/r12Hq+9dh6CvXYehL12HoS9dh6EvXYehb12HnW+dx8hAAAAAAAAAAC+dh41vXYe7L12Hv+9dh7/vXYe/712Hv+9dh7/vXYe/712Hv+9dh6NAAAAAAAAAAC+dx8QvXYeaL12Hom9dh6JvXYeib12Hom9dh6HvXYesL12Hv29dh7/vXYe/712Hv+9dh7/vXYe/712Hv+9dh7/vXYeyL13Hlm9dh7uvXYe/712Hv+9dh7/vXYe/712Hv+9dh7/vXYe0r53HiMAAAAAAAAAAAAAAAAAAAAAAAAAAAAAAAAAAAAAAAAAAAAAAAC+dx8GvXYemb12Hv+9dh7/vXYe/712Hv+9dh7/vXYe/712Ht6+dh8xAAAAAAAAAAAAAAAAAAAAAAAAAAAAAAAAAAAAAAAAAAAAAAAAvncfIb12HtC9dh7/vXYe/712Hv+9dh7/vXYe/712Hv+9dh7yvnYfYL53HwW9dh5wvXYe7L12Hv+9dh7/vXYe/712Hv+9dh7WvXYeRgAAAAAAAAAAAAAAAAAAAAAAAAAAAAAAAAAAAAAAAAAAAAAAAAAAAAAAAAAAvXcfGr12HqK9dh72vXYe/712Hv+9dh7+vXYe1b12Hk0AAAAAAAAAAAAAAAAAAAAAAAAAAAAAAAAAAAAAAAAAAAAAAAAAAAAAAAAAAL12H0S9dh7WvXYe/712Hv+9dh7/vXYe/712HvK9dh58vncgCAAAAAC+dx8EvXYePr12HpG9dh64vXYesr12Hn29dx4nAAAAAAAAAAAAAAAAAAAAAAAAAAAAAAAAAAAAAAAAAAAAAAAAAAAAAAAAAAAAAAAAAAAAAL53Hwy9dh5LvXYehb12HpC9dh5pvXceIgAAAAAAAAAAAAAAAAAAAAAAAAAAAAAAAAAAAAAAAAAAAAAAAAAAAAAAAAAAAAAAAAAAAAC9dx4nvXYegL12Hra9dh7FvXYeor12Hku+dx8GAAAAAAAAAAAAAAAAAAAAAL92IAG+dh8HvncfBQAAAAAAAAAAAAAAAAAAAAAAAAAAAAAAAAAAAAAAAAAAAAAAAAAAAAAAAAAAAAAAAL53HwO9dh4WvXcfCwAAAAAAAAAAAAAAAAAAAAAAAAAAAAAAAL53Hwa9dh8XvncfCAAAAAAAAAAAAAAAAAAAAAAAAAAAAAAAAAAAAAAAAAAAAAAAAAAAAAAAAAAAwnogAb53Hwe+dx8Mv3cgBAAAAAAAAAAAAAAAAAAAAAAAAAAAAAAAAAAAAAAAAAAAAAAAAAAAAAAAAAAAAAAAAAAAAAAAAAAAAAAAAAAAAAAAAAAAAAAAAAAAAAAAAAAAwHggAb12Hme9dh7WvXYeqL53HxgAAAAAAAAAAAAAAAAAAAAAvncfBr12HoC9dh7avXYekr53Hw0AAAAAAAAAAAAAAAAAAAAAAAAAAAAAAAAAAAAAAAAAAAAAAAAAAAAAAAAAAAAAAAAAAAAAAAAAAAAAAAAAAAAAAAAAAAAAAAAAAAAAAAAAAAAAAAAAAAAAAAAAAAAAAAAAAAAAAAAAAAAAAAAAAAAAAAAAAAAAAAAAAAAAAAAAAAAAAAAAAAAAvncfML12HuG9dh7/vXYe+L12HksAAAAAAAAAAAAAAAAAAAAAvncfIb12HuC9dh7/vXYe+L12Hl8AAAAAAAAAAAAAAAAAAAAAAAAAAAAAAAAAAAAAAAAAAAAAAAAAAAAAAAAAAAAAAAAAAAAAAAAAAAAAAAAAAAAAAAAAAAAAAAAAAAAAAAAAAAAAAAAAAAAAAAAAAAAAAAAAAAAAAAAAAAAAAAAAAAAAAAAAAAAAAAAAAAAAAAAAAAAAAAC+dx8GvXYenb12Hv+9dh7/vXYe3b53HigAAAAAAAAAAAAAAAAAAAAAvncfDb12Hri9dh7/vXYe/712Hsu9dh8bAAAAAAAAAAAAAAAAAAAAAAAAAAAAAAAAAAAAAAAAAAAAAAAAAAAAAAAAAAAAAAAAAAAAAAAAAAAAAAAAAAAAAAAAAAAAAAAAAAAAAAAAAAAAAAAAAAAAAAAAAAAAAAAAAAAAAAAAAAAAAAAAAAAAAAAAAAAAAAAAAAAAAAAAAAC9dh5KvXYe8L12Hv+9dh7+vXYeeQAAAAAAAAAAAAAAAAAAAAAAAAAAAAAAAL12Hku9dh7xvXYe/712Hv69dh57AAAAAAAAAAAAAAAAAAAAAAAAAAAAAAAAAAAAAAAAAAAAAAAAAAAAAAAAAAAAAAAAAAAAAAAAAAAAAAAAAAAAAAAAAAAAAAAAAAAAAAAAAAAAAAAAAAAAAAAAAAAAAAAAAAAAAAAAAAAAAAAAAAAAAAAAAAAAAAAAAAAAAL54HxG9dh66vXYe/712Hv+9dh7JvncfGgAAAAAAAAAAAAAAAAAAAAAAAAAAAAAAAL53Hge9dh6fvXYe/712Hv+9dh7fvXYfLQAAAAAAAAAAAAAAAAAAAAAAAAAAAAAAAAAAAAAAAAAAAAAAAAAAAAAAAAAAAAAAAAAAAAAAAAAAAAAAAAAAAAAAAAAAAAAAAAAAAAAAAAAAAAAAAAAAAAAAAAAAAAAAAAAAAAAAAAAAAAAAAL53Hxa9dh5BvXYeUb12HoO9dh75vXYe/712Hve9dh5bAAAAAAAAAAAAAAAAAAAAAAAAAAAAAAAAAAAAAAAAAAC9dh4yvXYe4712Hv+9dh7/vXYepr12HlO9dh5HvXceHL94HwEAAAAAAAAAAAAAAAAAAAAAAAAAAAAAAAAAAAAAAAAAAAAAAAAAAAAAAAAAAAAAAAAAAAAAAAAAAAAAAAAAAAAAAAAAAAAAAAAAAAAAAAAAAAAAAAC/eB8EvXceWb12Hsy9dh71vXYe/L12Hv29dh7/vXYe/712Hq6+dx8MAAAAAAAAAAAAAAAAAAAAAAAAAAAAAAAAAAAAAAAAAADCfyQBvXYegL12Hv69dh7/vXYe/r12Hvy9dh74vXYe1b12Hmm+dh8IAAAAAAAAAAAAAAAAAAAAAAAAAAAAAAAAAAAAAAAAAAAAAAAAAAAAAAAAAAAAAAAAAAAAAAAAAAAAAAAAAAAAAAAAAAAAAAAAAAAAAAAAAAC9dh5bvXYe7712Hv+9dh7/vXYe/712Hv+9dh7/vXYe/712Hm4AAAAAAAAAAAAAAAAAAAAAAAAAAAAAAAAAAAAAAAAAAAAAAAAAAAAAvXYeSb12HvW9dh7/vXYe/712Hv+9dh7/vXYe/712Hva9dh5ywnsiAQAAAAAAAAAAAAAAAAAAAAAAAAAAAAAAAAAAAAAAAAAAAAAAAAAAAAAAAAAAAAAAAAAAAAAAAAAAAAAAAAAAAAAAAAAAAAAAAL53Hhq9dh7QvXYe/712Hv+9dh7/vXYe/712Hv+9dh7/vXYe/712HsG+dx8RAAAAAAAAAAAAAAAAAAAAAAAAAAAAAAAAAAAAAAAAAAC+dx8HvXYep712Hv+9dh7/vXYe/712Hv+9dh7/vXYe/712Hv+9dh7hvnYfKwAAAAAAAAAAAAAAAAAAAAAAAAAAAAAAAAAAAAAAAAAAAAAAAAAAAAAAAAAAAAAAAAAAAAAAAAAAAAAAAAAAAAAAAAAAAAAAAL12Hky9dh74vXYe/712Hv+9dh7/vXYe/712Hv+9dh7/vXYe/712HvK9dx47AAAAAAAAAAAAAAAAAAAAAAAAAAAAAAAAAAAAAAAAAAC+dh8lvXYe4r12Hv+9dh7/vXYe/712Hv+9dh7/vXYe/712Hv+9dh7/vXYeZgAAAAAAAAAAAAAAAAAAAAAAAAAAAAAAAAAAAAAAAAAAAAAAAAAAAAAAAAAAAAAAAAAAAAAAAAAAAAAAAAAAAAAAAAAAAAAAAL12HmK9dh7/vXYe/712Hv+9dh7/vXYe/712Hv+9dh7/vXYe/712Hvq9dh5PAAAAAAAAAAAAAAAAAAAAAAAAAAAAAAAAAAAAAAAAAAC9dx42vXYe8L12Hv+9dh7/vXYe/712Hv+9dh7/vXYe/712Hv+9dh7/vXYefgAAAAAAAAAAAAAAAAAAAAAAAAAAAAAAAAAAAAAAAAAAAAAAAAAAAAAAAAAAAAAAAAAAAAAAAAAAAAAAAAAAAAAAAAAAAAAAAL12Hky9dh74vXYe/712Hv+9dh7/vXYe/712Hv+9dh7/vXYe/712HvK9dh48AAAAAAAAAAAAAAAAAAAAAAAAAAAAAAAAAAAAAAAAAAC+dx4mvXYe4712Hv+9dh7/vXYe/712Hv+9dh7/vXYe/712Hv+9dh7/vXYeaAAAAAAAAAAAAAAAAAAAAAAAAAAAAAAAAAAAAAAAAAAAAAAAAAAAAAAAAAAAAAAAAAAAAAAAAAAAAAAAAAAAAAAAAAAAAAAAAL53Hhu9dh7RvXYe/712Hv+9dh7/vXYe/712Hv+9dh7/vXYe/712HsO+dx8SAAAAAAAAAAAAAAAAAAAAAAAAAAAAAAAAAAAAAAAAAAC+eCAHvXYeqr12Hv+9dh7/vXYe/712Hv+9dh7/vXYe/712Hv+9dh7jvXcfLQAAAAAAAAAAAAAAAAAAAAAAAAAAAAAAAAAAAAAAAAAAAAAAAAAAAAAAAAAAAAAAAAAAAAAAAAAAAAAAAAAAAAAAAAAAAAAAAAAAAAC9dh9dvXYe8L12Hv+9dh7/vXYe/712Hv+9dh7/vXYe6r12Hk4AAAAAAAAAAAAAAAAAAAAAAAAAAAAAAAAAAAAAAAAAAAAAAAAAAAAAvXceOb12Ht29dh7/vXYe/712Hv+9dh7/vXYe/712Hvi9dh52wHokAQAAAAAAAAAAAAAAAAAAAAAAAAAAAAAAAAAAAAAAAAAAAAAAAAAAAAAAAAAAAAAAAAAAAAAAAAAAAAAAAAAAAAAAAAAAAAAAAAAAAAC9dx8EvXYeW712Hs+9dh73vXYe/r12Hva9dh7IvnYeUL54IAIAAAAAAAAAAAAAAAAAAAAAAAAAAAAAAAAAAAAAAAAAAAAAAAAAAAAAAAAAAL12HkC9dh69vXYe8712Hv69dh75vXYe2b12Hm6+dx8JAAAAAAAAAAAAAAAAAAAAAAAAAAAAAAAAAAAAAAAAAAAAAAAAAAAAAAAAAAAAAAAAAAAAAAAAAAAAAAAAAAAAAAAAAAAAAAAAAAAAAAAAAAAAAAAAAAAAAL53Hxi9dh5HvXYeWr12HkS+dx8VAAAAAAAAAAAAAAAAAAAAAAAAAAAAAAAAAAAAAAAAAAAAAAAAAAAAAAAAAAAAAAAAAAAAAAAAAAC+dx8QvnYeP712Hlu9dh5NvncfH754IAEAAAAAAAAAAAAAAAAAAAAAAAAAAAAAAAAAAAAAAAAAAAAAAAAAAAAAAAAAAAAAAAAAAAAAAAAAAAAAAAAAAAAAAAAAAAAAAAAAAAAAAAAAAAAAAAAAAAAAAAAAAAAAAAAAAAAAAAAAAAAAAAAAAAAAAAAAAAAAAAAAAAAAAAAAAAAAAAAAAAAAAAAAAAAAAAAAAAAAAAAAAAAAAAAAAAAAAAAAAAAAAAAAAAAAAAAAAAAAAAAAAAAAAAAAAAAAAAAAAAAAAAAAAAAAAAAAAAAAAAAAAAAAAAAAAAAAAAAAAAAAAAAAAAAAAAAAAAAAAAAAAAAAAAAAAAAAAAAAAAAAAAAAAAAAAAAAAAAAAAAAAAAAAAAAAAAAAAAAAAAAAAAAAAAAAAAAAAAAAAAAAAAAAAAAAAAAAAAAAAAAAAAAAAAAAAAAAAAAAAAAAAAAAAAAAAAAAAAAAAAAAAAAAAAAAAAAAAAAAAAAAAAAAAAAAAAAAAAAAAAAAAAAAAAAAAAAAAAAAAAAAAAAAAAAAAAAAAAAAAAAAAAAAAAAAAAAAAAAAAAAAAAAAAAAAP///////wAA////////AAD/////v/8AAP/wf/4H/wAA/+A//AP/AAD/wB/4A/8AAP/AH/gD/wAA/8Af+AH/AAD/wB/4A/8AAP/AH/gD/wAA/+A//Af/AAD/8B/4D/8AAP//H/h//wAA//8P8P//AAD//4fx//8AAP//h+H//wAA///H4///AAD//+f3//8AAP///////wAA4f/+f//HAACA//gf/wMAAIB/8A/+AQAAAADwBwAAAAAAAHAHAAAAAAAAcAcAAAAAAAHwB4AAAACAf/AP/gEAAMD/+B//AwAA4//+f/+HAAD///////8AAP//5+P//wAA///H4///AAD//4fh//8AAP//j/H//wAA//8P8P//AAD//h/4f/8AAP/wH/gP/wAA/+A//Af/AAD/wB/4A/8AAP/AH/gD/wAA/8Af+AP/AAD/wB/4A/8AAP/AH/gD/wAA/+A//Af/AAD/8H/+D/8AAP///////wAA////////AAD///////8AACgAAAAgAAAAQAAAAAEAIAAAAAAAABAAAAAAAAAAAAAAAAAAAAAAAAAAAAAAAAAAAAAAAAAAAAAAAAAAAAAAAAAAAAAAAAAAAAAAAAAAAAAAAAAAAAAAAAAAAAAAAAAAAAAAAAAAAAAAAAAAAAAAAAAAAAAAAAAAAAAAAAAAAAAAAAAAAAAAAAAAAAAAAAAAAAAAAAAAAAAAAAAAAAAAAAAAAAAAAAAAAAAAAAAAAAAAAAAAAAAAAAAAAAAAAAAAAAAAAAC+dh8EvXYeLb12HlG9dh49vXYfDAAAAAAAAAAAAAAAAAAAAAAAAAAAAAAAAAAAAAAAAAAAvncfCb12Hjy9dh5ZvXYeOb53HwgAAAAAAAAAAAAAAAAAAAAAAAAAAAAAAAAAAAAAAAAAAAAAAAAAAAAAAAAAAAAAAAAAAAAAvncfBr12Hne9dh7ovXYe/L12HvO9dh6lvnYfGQAAAAAAAAAAAAAAAAAAAAAAAAAAAAAAAL52HxG9dh6YvXYe8r12Hv69dh7wvXYekL53Hw0AAAAAAAAAAAAAAAAAAAAAAAAAAAAAAAAAAAAAAAAAAAAAAAAAAAAAAAAAAAAAAAC9dh5HvXYe8b12Hv+9dh7/vXYe/712Hv+9dh6FAAAAAAAAAAAAAAAAAAAAAAAAAAAAAAAAvXYebL12Hvy9dh7/vXYe/712Hv+9dh76vXYeYgAAAAAAAAAAAAAAAAAAAAAAAAAAAAAAAAAAAAAAAAAAAAAAAAAAAAAAAAAAAAAAAL12HoW9dh7/vXYe/712Hv+9dh7/vXYe/712HsW+dx8NAAAAAAAAAAAAAAAAAAAAAL53HwS9dh6rvXYe/712Hv+9dh7/vXYe/712Hv+9dh6hwHohAQAAAAAAAAAAAAAAAAAAAAAAAAAAAAAAAAAAAAAAAAAAAAAAAAAAAAAAAAAAvXYefr12Hv+9dh7/vXYe/712Hv+9dh7/vXYev753HwsAAAAAAAAAAAAAAAAAAAAAv3kfAr12HqO9dh7/vXYe/712Hv+9dh7/vXYe/712HpkAAAAAAAAAAAAAAAAAAAAAAAAAAAAAAAAAAAAAAAAAAAAAAAAAAAAAAAAAAAAAAAC9dh43vXYe5r12Hv+9dh7/vXYe/712Hv+9dh51AAAAAAAAAAAAAAAAAAAAAAAAAAAAAAAAvXYeVr12Hvi9dh7/vXYe/712Hv+9dh7xvXYeTAAAAAAAAAAAAAAAAAAAAAAAAAAAAAAAAAAAAAAAAAAAAAAAAAAAAAAAAAAAAAAAAL54IAK9dh5XvXYezr12Hu69dh73vXYe/712HnoAAAAAAAAAAAAAAAAAAAAAAAAAAAAAAAC9dh5ZvXYe+b12Hvu9dh7vvXYe1r12Hmi+dh8FAAAAAAAAAAAAAAAAAAAAAAAAAAAAAAAAAAAAAAAAAAAAAAAAAAAAAAAAAAAAAAAAAAAAAL53HwG9dx4WvXYeLr12Hn29dh79vXYe3r12HisAAAAAAAAAAAAAAAAAAAAAvnYfF712Hsa9dh7/vXYenr12HjK9dh4avncfAQAAAAAAAAAAAAAAAAAAAAAAAAAAAAAAAAAAAAAAAAAAAAAAAAAAAAAAAAAAAAAAAAAAAAAAAAAAAAAAAAAAAAAAAAAAvnYeFL12HsG9dh7/vXYelb53HwQAAAAAAAAAAAAAAAC9dh51vXYe/712Ht29dh4qAAAAAAAAAAAAAAAAAAAAAAAAAAAAAAAAAAAAAAAAAAAAAAAAAAAAAAAAAAAAAAAAAAAAAAAAAAAAAAAAAAAAAAAAAAAAAAAAAAAAAAAAAAAAAAAAvXYeUr12Hva9dh7pvXYeLgAAAAAAAAAAvXYeFr12HtG9dh7/vXYedQAAAAAAAAAAAAAAAAAAAAAAAAAAAAAAAAAAAAAAAAAAAAAAAAAAAAAAAAAAAAAAAAAAAAAAAAAAAAAAAAAAAAAAAAAAAAAAAAAAAAAAAAAAAAAAAAAAAAC+dx8JvXYeib12Hqy9dh4bAAAAAAAAAAC+dh8LvXYekr12Hp++dx4VAAAAAAAAAAAAAAAAAAAAAAAAAAAAAAAAAAAAAAAAAAAAAAAAAAAAAAAAAAAAAAAAvnceDb12Hjq9dh5HvnYeIb93HwEAAAAAAAAAAAAAAAAAAAAAAAAAAAAAAAC+dx8FvncfCL53HwW9dh4hvXYeJ713Hgu+dx8FvncfBgAAAAAAAAAAAAAAAAAAAAAAAAAAAAAAAAAAAAC+dh4YvXYeOr12Hi2+dx8IAAAAAL12HiS9dh6qvXYe8r12Hvm9dh7avXYeXMJ3IQEAAAAAAAAAAAAAAAAAAAAAAAAAAAAAAAC9dx4UvXYekb12HuG9dh7ovXYesL12Hi0AAAAAAAAAAAAAAAAAAAAAAAAAAAAAAAAAAAAAvXYeUb12Hs+9dh7zvXYe6712Hpy9dx4dvXYerL12Hv+9dh7/vXYe/712Hv+9dh7ivXYeUL12HjO9dh41vXYeNb12HiO+dx8CAAAAAL12HoS9dh7/vXYe/712Hv+9dh7/vXYet753Hg4AAAAAvnYeGb12HjC9dh4vvXYeLr12Hkq9dh7evXYe/712Hv+9dh7/vXYe/r12HqG9dh70vXYe/712Hv+9dh7/vXYe/712Hv+9dh72vXYe8r12HvK9dh70vXYe2b12Hyy+dx8OvXYezL12Hv+9dh7/vXYe/712Hv+9dh7vvXYeNL53HxK9dh6+vXYe8b12Hu+9dh7vvXYe8712Hv69dh7/vXYe/712Hv+9dh7/vXYe8L12HvK9dh7/vXYe/712Hv+9dh7/vXYe/r12Huu9dh7ivXYe4r12HuS9dh7GvnYeJb53Hg69dh7LvXYe/712Hv+9dh7/vXYe/712HvG9dh43vXcfD712HrK9dh7mvXYe5L12HuS9dh7svXYe/r12Hv+9dh7/vXYe/712Hv+9dh7yvXYeor12Hv69dh7/vXYe/712Hv+9dh7gvXYeQr12Hx+9dh8hvXYfIr13HxUAAAAAAAAAAL12HoC9dh7+vXYe/712Hv+9dh7/vXYeuL13Hw8AAAAAvXceEb12HiO9dh4jvXYeIb12HkK9dh7fvXYe/712Hv+9dh7/vXYe/712Hqe9dh4dvXYenL12Huq9dh7zvXYe0L12HlPBeiEBAAAAAAAAAAAAAAAAAAAAAAAAAAAAAAAAvXYeEr12Hom9dh7cvXYe4712Hqy9dh4rAAAAAAAAAAAAAAAAAAAAAAAAAAAAAAAAAAAAAL12HlK9dh7RvXYe9b12HvC9dh6mvXYfIQAAAAC+dh8IvXYeLb12Hjm9dx4YAAAAAAAAAAAAAAAAAAAAAAAAAAAAAAAAAAAAAL52Hgy9dh4RvncfBL12Hhy9dh4ivncfCb12Hw29dh8QAAAAAAAAAAAAAAAAAAAAAAAAAAAAAAAAvngfAb13Hxm9dh49vXYeNb13HwsAAAAAAAAAAAAAAAAAAAAAAAAAAAAAAAAAAAAAAAAAAAAAAAAAAAAAAAAAAAAAAAC+dx8NvXYenr12HsG9dh4iAAAAAAAAAAC+dx4QvXYeqr12Hre9dh4dAAAAAAAAAAAAAAAAAAAAAAAAAAAAAAAAAAAAAAAAAAAAAAAAAAAAAAAAAAAAAAAAAAAAAAAAAAAAAAAAAAAAAAAAAAAAAAAAAAAAAAAAAAAAAAAAAAAAAL12Hl+9dh76vXYe5b12HisAAAAAAAAAAL52Hxa9dh7PvXYe/712HoEAAAAAAAAAAAAAAAAAAAAAAAAAAAAAAAAAAAAAAAAAAAAAAAAAAAAAAAAAAAAAAAAAAAAAAAAAAAAAAAAAAAAAAAAAAAAAAAAAAAAAAAAAAAAAAAC9dx8bvXYezb12Hv+9dh6Kv3gfAgAAAAAAAAAAAAAAAL12Hmq9dh79vXYe4712HjEAAAAAAAAAAAAAAAAAAAAAAAAAAAAAAAAAAAAAAAAAAAAAAAAAAAAAAAAAAAAAAAAAAAAAAAAAAAAAAAAAAAAAAAAAAL54HwK9dh4fvXYeO712Ho29dh7/vXYe1r12HiMAAAAAAAAAAAAAAAAAAAAAvnceEr12Hr29dh7/vXYep712Hj69dh4jvncfAwAAAAAAAAAAAAAAAAAAAAAAAAAAAAAAAAAAAAAAAAAAAAAAAAAAAAAAAAAAAAAAAAAAAAC+dx8EvXYeZ712Htu9dh71vXYe+712Hv69dh5vAAAAAAAAAAAAAAAAAAAAAAAAAAAAAAAAvXYeUr12Hve9dh79vXYe9b12HuC9dh50vncfBwAAAAAAAAAAAAAAAAAAAAAAAAAAAAAAAAAAAAAAAAAAAAAAAAAAAAAAAAAAAAAAAL12HkG9dh7tvXYe/712Hv+9dh7/vXYe/712HnkAAAAAAAAAAAAAAAAAAAAAAAAAAAAAAAC9dh5kvXYe+712Hv+9dh7/vXYe/712HvS9dh5RAAAAAAAAAAAAAAAAAAAAAAAAAAAAAAAAAAAAAAAAAAAAAAAAAAAAAAAAAAAAAAAAvXYehb12Hv+9dh7/vXYe/712Hv+9dh7/vXYev753HwoAAAAAAAAAAAAAAAAAAAAAvncfBL12Hqy9dh7/vXYe/712Hv+9dh7/vXYe/712HpgAAAAAAAAAAAAAAAAAAAAAAAAAAAAAAAAAAAAAAAAAAAAAAAAAAAAAAAAAAAAAAAC9dh6FvXYe/712Hv+9dh7/vXYe/712Hv+9dh6/vncfCgAAAAAAAAAAAAAAAAAAAAC+eB8EvXYerb12Hv+9dh7/vXYe/712Hv+9dh7/vXYemQAAAAAAAAAAAAAAAAAAAAAAAAAAAAAAAAAAAAAAAAAAAAAAAAAAAAAAAAAAAAAAAL12HkK9dh7uvXYe/712Hv+9dh7/vXYe/b12HngAAAAAAAAAAAAAAAAAAAAAAAAAAAAAAAC9dh5lvXYe+r12Hv+9dh7/vXYe/712HvS9dh5TAAAAAAAAAAAAAAAAAAAAAAAAAAAAAAAAAAAAAAAAAAAAAAAAAAAAAAAAAAAAAAAAvXcfBL12Hmm9dh7dvXYe9712Huq9dh6SvXYfEgAAAAAAAAAAAAAAAAAAAAAAAAAAAAAAAL13Hgy9dh6GvXYe5712Hve9dh7ivXYed753HwcAAAAAAAAAAAAAAAAAAAAAAAAAAAAAAAAAAAAAAAAAAAAAAAAAAAAAAAAAAAAAAAAAAAAAvncfAr12HiG9dh5AvXYeLb53HwcAAAAAAAAAAAAAAAAAAAAAAAAAAAAAAAAAAAAAAAAAAL53HwW9dh4qvXYeQr12Hia+dx8DAAAAAAAAAAAAAAAAAAAAAAAAAAAAAAAAAAAAAAAAAAAAAAAAAAAAAAAAAAAAAAAAAAAAAAAAAAAAAAAAAAAAAAAAAAAAAAAAAAAAAAAAAAAAAAAAAAAAAAAAAAAAAAAAAAAAAAAAAAAAAAAAAAAAAAAAAAAAAAAAAAAAAAAAAAAAAAAAAAAAAAAAAAAAAAAAAAAAAAAAAAAAAAAA////////////D/B//gfwf/wH4D/+B+A//g/wf/8P8P//5+P//+Pn///zz///88///////4f8P+ED+B/AABgYAAAYGAAD+B/Ah/w/4f//////88////PH///j5///x+P//w/w//4P8H/8B+A//AfgP/4P8H//D/D///////////8oAAAAEAAAACAAAAABACAAAAAAAAAEAAAAAAAAAAAAAAAAAAAAAAAAAAAAAAAAAAAAAAAAvXYeB712HjG9dh4jvnYfAQAAAAAAAAAAAAAAAL12HiK9dh42vXYeCgAAAAAAAAAAAAAAAAAAAAAAAAAAAAAAAL12Hmy9dh7pvXYe0b12HjIAAAAAAAAAAL12Hiq9dh7MvXYe7b12Hnm+eCABAAAAAAAAAAAAAAAAAAAAAL12HwW9dh6yvXYe/712Hv+9dh5mAAAAAAAAAAC9dh5YvXYe/b12Hv+9dh6/vXYeCgAAAAAAAAAAAAAAAAAAAAAAAAAAvXYeYL12Ht+9dh7yvXYeTgAAAAAAAAAAvXYeP712Hu69dh7jvXYeagAAAAAAAAAAAAAAAAAAAAAAAAAAAAAAAL12HgO9dh4dvXYel712HqK9dh8HvXcfA712HpS9dh6mvXYeIb12HgQAAAAAAAAAAAAAAAAAAAAAAAAAAAAAAAAAAAAAAAAAAL12Hia9dh6ivXYeG712HhG9dh6evXYeMgAAAAAAAAAAAAAAAAAAAAAAAAAAvXYeR712HpO9dh5ZvnYeBAAAAAAAAAAAvXYeGL12Hmm9dh5yvXYeIAAAAAAAAAAAvncfA712HlO9dh6LvXYeQb12Hua9dh7/vXYe7r12Hp+9dh6UvXYeR712Hlq9dh76vXYe/712HnW9dh47vXYej712Hpy9dh7tvXYe/712HuK9dh7ivXYe/712Hu29dh6UvXYehr12Hj+9dh5ZvXYe+b12Hv+9dh52vXYeN712Hoa9dh6VvXYe7b12Hv+9dh7kvXYeQb12Hoq9dh5UvXYeBAAAAAC+dh4BvXYeHL12Hma9dh5wvXYeJb52HwEAAAAAvnYfA712HlS9dh6OvXYeRQAAAAAAAAAAAAAAAAAAAAAAAAAAvXYeKr12Hqq9dh4cvXYeEr12Hqe9dh43AAAAAAAAAAAAAAAAAAAAAAAAAAAAAAAAAAAAAAAAAAC9dh4FvXYeI712Hp69dh6dvXYeBb53HwK9dh6OvXYeq712Hie9dh4FAAAAAAAAAAAAAAAAAAAAAAAAAAAAAAAAvXYeZ712HuW9dh7zvXYeTAAAAAAAAAAAvXYeQL12HvC9dh7nvXYebgAAAAAAAAAAAAAAAAAAAAAAAAAAvXYeBr12HrS9dh7/vXYe/712HmQAAAAAAAAAAL12Hlu9dh79vXYe/712Hr29dh4JAAAAAAAAAAAAAAAAAAAAAAAAAAC9dh5nvXYe5L12Hsm9dh4tAAAAAAAAAAC9dh4nvXYexb12Hua9dh5vAAAAAAAAAAAAAAAAAAAAAAAAAAAAAAAAvXYeBb12Hiq9dh4cAAAAAAAAAAAAAAAAAAAAAL12Hhu9dh4rvXYeBwAAAAAAAAAAAAAAAP//AADzzwAA48cAAPPPAAD5nwAA/b8AAL/9AAAGYAAABmAAAL/9AAD9vwAA+Z8AAPPPAADjxwAA888AAP//AAA=","favIconFileName":"default-favicon.ico","footerContent":"<p>Theme Red</p>","aboutPageContent":"<p>Theme Red</p>","customcss":""}},"active":false}}
Time Taken: 507 ms
----------------------------------------------------------------------------------------
[63/114] Theme create
{"output":{"name":"TestTheme","uid":"fl159123d8bbe1efcf852935","settings":{"description":"Test Theme3","theme":{"primaryColor":"#1776BF","primaryHeaderTextColor":"#ffffff","primaryTextColor":"#333333","linkColor":"#1776BF","primaryHoverColor":"#1776BF","backgroundImage":"data:image/svg+xml;base64,PHN2ZyB3aWR0aD0iMTk3IiBoZWlnaHQ9IjE4IiB2aWV3Qm94PSIwIDAgMTk3IDE4IiBmaWxsPSJub25lIiB4bWxucz0iaHR0cDovL3d3dy53My5vcmcvMjAwMC9zdmciPgo8cGF0aCBkPSJNMjQuMTA4OSA1Ljc2ODAzSDI0LjAzODlMMjMuMjEyOSA3LjQwNjAzTDIwLjg3NDkgMTEuNjYyTDE4LjUzNjkgNy40MDYwM0wxNy43MTA5IDUuNzY4MDNIMTcuNjQwOVYxNEgxNi40OTI5VjQuMjI4MDNIMTguMDYwOUwyMC44NjA5IDkuNDkyMDNIMjAuOTMwOUwyMy43NDQ5IDQuMjI4MDNIMjUuMjU2OVYxNEgyNC4xMDg5VjUuNzY4MDNaIiBmaWxsPSJ3aGl0ZSIvPgo8cGF0aCBkPSJNNy4xODY1MiA0LjIyODAzSDExLjIwNDVDMTIuMDE2NSA0LjIyODAzIDEyLjY1MTIgNC40NTY2OSAxMy4xMDg1IDQuOTE0MDNDMTMuNTc1MiA1LjM3MTM2IDEzLjgwODUgNS45ODI2OSAxMy44MDg1IDYuNzQ4MDNDMTMuODA4NSA3LjExMjAzIDEzLjc1NzIgNy40MjAwMyAxMy42NTQ1IDcuNjcyMDNDMTMuNTUxOSA3LjkyNDAzIDEzLjQyMTIgOC4xMzQwMyAxMy4yNjI1IDguMzAyMDNDMTMuMTAzOSA4LjQ2MDY5IDEyLjkzMTIgOC41ODIwMyAxMi43NDQ1IDguNjY2MDNDMTIuNTU3OSA4Ljc0MDY5IDEyLjM4NTIgOC43OTIwMyAxMi4yMjY1IDguODIwMDNWOC45MDQwM0MxMi40MDM5IDguOTEzMzYgMTIuNTk5OSA4Ljk2MDAzIDEyLjgxNDUgOS4wNDQwM0MxMy4wMzg1IDkuMTI4MDMgMTMuMjQ4NSA5LjI2MzM2IDEzLjQ0NDUgOS40NTAwM0MxMy42NDA1IDkuNjI3MzYgMTMuODAzOSA5Ljg2MDY5IDEzLjkzNDUgMTAuMTVDMTQuMDc0NSAxMC40MyAxNC4xNDQ1IDEwLjc3MDcgMTQuMTQ0NSAxMS4xNzJDMTQuMTQ0NSAxMS41NzM0IDE0LjA3OTIgMTEuOTQ2NyAxMy45NDg1IDEyLjI5MkMxMy44MjcyIDEyLjYzNzQgMTMuNjU0NSAxMi45MzYgMTMuNDMwNSAxMy4xODhDMTMuMjA2NSAxMy40NCAxMi45NDA1IDEzLjY0MDcgMTIuNjMyNSAxMy43OUMxMi4zMjQ1IDEzLjkzIDExLjk4ODUgMTQgMTEuNjI0NSAxNEg3LjE4NjUyVjQuMjI4MDNaTTguMzYyNTIgMTIuOTY0SDExLjI2MDVDMTEuNzY0NSAxMi45NjQgMTIuMTYxMiAxMi44MzggMTIuNDUwNSAxMi41ODZDMTIuNzM5OSAxMi4zMjQ3IDEyLjg4NDUgMTEuOTQ2NyAxMi44ODQ1IDExLjQ1MlYxMC45NzZDMTIuODg0NSAxMC40ODE0IDEyLjczOTkgMTAuMTA4IDEyLjQ1MDUgOS44NTYwM0MxMi4xNjEyIDkuNTk0NjkgMTEuNzY0NSA5LjQ2NDAzIDExLjI2MDUgOS40NjQwM0g4LjM2MjUyVjEyLjk2NFpNOC4zNjI1MiA4LjQ1NjAzSDExLjA2NDVDMTEuNTMxMiA4LjQ1NjAzIDExLjg5NTIgOC4zMzkzNiAxMi4xNTY1IDguMTA2MDNDMTIuNDE3OSA3Ljg3MjY5IDEyLjU0ODUgNy41MzY2OSAxMi41NDg1IDcuMDk4MDNWNi42MjIwM0MxMi41NDg1IDYuMTgzMzYgMTIuNDE3OSA1Ljg0NzM2IDEyLjE1NjUgNS42MTQwM0MxMS44OTUyIDUuMzgwNjkgMTEuNTMxMiA1LjI2NDAzIDExLjA2NDUgNS4yNjQwM0g4LjM2MjUyVjguNDU2MDNaIiBmaWxsPSJ3aGl0ZSIvPgo8cGF0aCBkPSJNMC45NTg5ODQgMTRWMTMuMDJIMi4zMzA5OFY1LjIwODAzSDAuOTU4OTg0VjQuMjI4MDNINC44Nzg5OFY1LjIwODAzSDMuNTA2OThWMTMuMDJINC44Nzg5OFYxNEgwLjk1ODk4NFoiIGZpbGw9IndoaXRlIi8+CjxwYXRoIGQ9Ik0xODYuMjE4IDE0VjYuNjkyMDVIMTg4LjAxVjcuOTEwMDVIMTg4LjA4QzE4OC4yMjkgNy41MTgwNSAxODguNDYzIDcuMTkxMzggMTg4Ljc4IDYuOTMwMDVDMTg5LjEwNyA2LjY1OTM4IDE4OS41NTUgNi41MjQwNSAxOTAuMTI0IDYuNTI0MDVDMTkwLjg4IDYuNTI0MDUgMTkxLjQ1OSA2Ljc3MTM4IDE5MS44NiA3LjI2NjA1QzE5Mi4yNjEgNy43NjA3MSAxOTIuNDYyIDguNDY1MzggMTkyLjQ2MiA5LjM4MDA1VjE0SDE5MC42N1Y5LjU2MjA1QzE5MC42NyA5LjAzOTM4IDE5MC41NzcgOC42NDczOCAxOTAuMzkgOC4zODYwNUMxOTAuMjAzIDguMTI0NzIgMTg5Ljg5NSA3Ljk5NDA1IDE4OS40NjYgNy45OTQwNUMxODkuMjc5IDcuOTk0MDUgMTg5LjA5NyA4LjAyMjA1IDE4OC45MiA4LjA3ODA1QzE4OC43NTIgOC4xMjQ3MiAxODguNTk4IDguMTk5MzggMTg4LjQ1OCA4LjMwMjA1QzE4OC4zMjcgOC4zOTUzOCAxODguMjIgOC41MTY3MSAxODguMTM2IDguNjY2MDVDMTg4LjA1MiA4LjgwNjA1IDE4OC4wMSA4Ljk3NDA1IDE4OC4wMSA5LjE3MDA1VjE0SDE4Ni4yMThaIiBmaWxsPSJ3aGl0ZSIvPgo8cGF0aCBkPSJNMTgxLjA2OCAxNC4xNjhDMTgwLjU0NSAxNC4xNjggMTgwLjA3NCAxNC4wNzk0IDE3OS42NTQgMTMuOTAyQzE3OS4yNDMgMTMuNzI0NyAxNzguODg4IDEzLjQ2OCAxNzguNTg5IDEzLjEzMkMxNzguMyAxMi43OTYgMTc4LjA3NiAxMi4zOTQ3IDE3Ny45MTcgMTEuOTI4QzE3Ny43NTkgMTEuNDUyIDE3Ny42OCAxMC45MiAxNzcuNjggMTAuMzMyQzE3Ny42OCA5Ljc0NDA1IDE3Ny43NTkgOS4yMTY3MiAxNzcuOTE3IDguNzUwMDVDMTc4LjA3NiA4LjI4MzM4IDE3OC4zIDcuODg2NzIgMTc4LjU4OSA3LjU2MDA1QzE3OC44ODggNy4yMjQwNSAxNzkuMjQzIDYuOTY3MzggMTc5LjY1NCA2Ljc5MDA1QzE4MC4wNzQgNi42MTI3MSAxODAuNTQ1IDYuNTI0MDUgMTgxLjA2OCA2LjUyNDA1QzE4MS41OSA2LjUyNDA1IDE4Mi4wNjIgNi42MTI3MSAxODIuNDgyIDYuNzkwMDVDMTgyLjkwMiA2Ljk2NzM4IDE4My4yNTYgNy4yMjQwNSAxODMuNTQ2IDcuNTYwMDVDMTgzLjg0NCA3Ljg4NjcyIDE4NC4wNzMgOC4yODMzOCAxODQuMjMyIDguNzUwMDVDMTg0LjM5IDkuMjE2NzIgMTg0LjQ2OSA5Ljc0NDA1IDE4NC40NjkgMTAuMzMyQzE4NC40NjkgMTAuOTIgMTg0LjM5IDExLjQ1MiAxODQuMjMyIDExLjkyOEMxODQuMDczIDEyLjM5NDcgMTgzLjg0NCAxMi43OTYgMTgzLjU0NiAxMy4xMzJDMTgzLjI1NiAxMy40NjggMTgyLjkwMiAxMy43MjQ3IDE4Mi40ODIgMTMuOTAyQzE4Mi4wNjIgMTQuMDc5NCAxODEuNTkgMTQuMTY4IDE4MS4wNjggMTQuMTY4Wk0xODEuMDY4IDEyLjcyNkMxODEuNTQ0IDEyLjcyNiAxODEuOTE3IDEyLjU4MTQgMTgyLjE4OCAxMi4yOTJDMTgyLjQ1OCAxMi4wMDI3IDE4Mi41OTQgMTEuNTc4IDE4Mi41OTQgMTEuMDE4VjkuNjYwMDVDMTgyLjU5NCA5LjEwOTM4IDE4Mi40NTggOC42ODkzOCAxODIuMTg4IDguNDAwMDVDMTgxLjkxNyA4LjExMDcxIDE4MS41NDQgNy45NjYwNSAxODEuMDY4IDcuOTY2MDVDMTgwLjYwMSA3Ljk2NjA1IDE4MC4yMzIgOC4xMTA3MSAxNzkuOTYyIDguNDAwMDVDMTc5LjY5MSA4LjY4OTM4IDE3OS41NTUgOS4xMDkzOCAxNzkuNTU1IDkuNjYwMDVWMTEuMDE4QzE3OS41NTUgMTEuNTc4IDE3OS42OTEgMTIuMDAyNyAxNzkuOTYyIDEyLjI5MkMxODAuMjMyIDEyLjU4MTQgMTgwLjYwMSAxMi43MjYgMTgxLjA2OCAxMi43MjZaIiBmaWxsPSJ3aGl0ZSIvPgo8cGF0aCBkPSJNMTc1LjAzNiA1LjYyODAzQzE3NC42NjMgNS42MjgwMyAxNzQuMzkyIDUuNTQ0MDMgMTc0LjIyNCA1LjM3NjAzQzE3NC4wNjYgNS4yMDgwMyAxNzMuOTg2IDQuOTkzMzYgMTczLjk4NiA0LjczMjAzVjQuNDUyMDNDMTczLjk4NiA0LjE5MDcgMTc0LjA2NiAzLjk3NjAzIDE3NC4yMjQgMy44MDgwM0MxNzQuMzkyIDMuNjQwMDMgMTc0LjY2MyAzLjU1NjAzIDE3NS4wMzYgMy41NTYwM0MxNzUuNCAzLjU1NjAzIDE3NS42NjYgMy42NDAwMyAxNzUuODM0IDMuODA4MDNDMTc2LjAwMiAzLjk3NjAzIDE3Ni4wODYgNC4xOTA3IDE3Ni4wODYgNC40NTIwM1Y0LjczMjAzQzE3Ni4wODYgNC45OTMzNiAxNzYuMDAyIDUuMjA4MDMgMTc1LjgzNCA1LjM3NjAzQzE3NS42NjYgNS41NDQwMyAxNzUuNCA1LjYyODAzIDE3NS4wMzYgNS42MjgwM1pNMTc0LjE0IDYuNjkyMDNIMTc1LjkzMlYxNEgxNzQuMTRWNi42OTIwM1oiIGZpbGw9IndoaXRlIi8+CjxwYXRoIGQ9Ik0xNzEuMDI2IDE0LjAwMDFDMTcwLjQxIDE0LjAwMDEgMTY5LjkzOSAxMy44NDE0IDE2OS42MTIgMTMuNTI0MUMxNjkuMjk1IDEzLjE5NzQgMTY5LjEzNiAxMi43MzU0IDE2OS4xMzYgMTIuMTM4MVY4LjEyMDA2SDE2OC4wNThWNi42OTIwNkgxNjguNjE4QzE2OC44ODkgNi42OTIwNiAxNjkuMDcxIDYuNjMxNCAxNjkuMTY0IDYuNTEwMDZDMTY5LjI2NyA2LjM3OTQgMTY5LjMxOCA2LjE4ODA2IDE2OS4zMTggNS45MzYwNlY0LjY5MDA2SDE3MC45MjhWNi42OTIwNkgxNzIuNDI2VjguMTIwMDZIMTcwLjkyOFYxMi41NzIxSDE3Mi4zMTRWMTQuMDAwMUgxNzEuMDI2WiIgZmlsbD0id2hpdGUiLz4KPHBhdGggZD0iTTE2Ni4xOTQgMTRDMTY1LjgwMiAxNCAxNjUuNDkgMTMuODg4IDE2NS4yNTYgMTMuNjY0QzE2NS4wMzIgMTMuNDMwNyAxNjQuODkyIDEzLjEyMjcgMTY0LjgzNiAxMi43NEgxNjQuNzUyQzE2NC42MzEgMTMuMjE2IDE2NC4zODQgMTMuNTc1NCAxNjQuMDEgMTMuODE4QzE2My42MzcgMTQuMDUxNCAxNjMuMTc1IDE0LjE2OCAxNjIuNjI0IDE0LjE2OEMxNjEuODc4IDE0LjE2OCAxNjEuMzA0IDEzLjk3MiAxNjAuOTAyIDEzLjU4QzE2MC41MDEgMTMuMTg4IDE2MC4zIDEyLjY2NTQgMTYwLjMgMTIuMDEyQzE2MC4zIDExLjI1NiAxNjAuNTcxIDEwLjY5NiAxNjEuMTEyIDEwLjMzMkMxNjEuNjU0IDkuOTU4NzIgMTYyLjQyNCA5Ljc3MjA1IDE2My40MjIgOS43NzIwNUgxNjQuNjY4VjkuMjQwMDVDMTY0LjY2OCA4LjgyOTM4IDE2NC41NjEgOC41MTIwNSAxNjQuMzQ2IDguMjg4MDVDMTY0LjEzMiA4LjA2NDA1IDE2My43ODYgNy45NTIwNSAxNjMuMzEgNy45NTIwNUMxNjIuODkgNy45NTIwNSAxNjIuNTUgOC4wNDUzOCAxNjIuMjg4IDguMjMyMDVDMTYyLjAzNiA4LjQwOTM4IDE2MS44MjIgOC42MjQwNSAxNjEuNjQ0IDguODc2MDVMMTYwLjU4IDcuOTI0MDVDMTYwLjg1MSA3LjUwNDA1IDE2MS4yMSA3LjE2ODA1IDE2MS42NTggNi45MTYwNUMxNjIuMTA2IDYuNjU0NzEgMTYyLjY5OSA2LjUyNDA1IDE2My40MzYgNi41MjQwNUMxNjQuNDI2IDYuNTI0MDUgMTY1LjE3NyA2Ljc0ODA1IDE2NS42OSA3LjE5NjA1QzE2Ni4yMDQgNy42NDQwNSAxNjYuNDYgOC4yODgwNSAxNjYuNDYgOS4xMjgwNVYxMi41NzJIMTY3LjE4OFYxNEgxNjYuMTk0Wk0xNjMuMjI2IDEyLjg2NkMxNjMuNjI4IDEyLjg2NiAxNjMuOTY4IDEyLjc3NzQgMTY0LjI0OCAxMi42QzE2NC41MjggMTIuNDIyNyAxNjQuNjY4IDEyLjE2MTQgMTY0LjY2OCAxMS44MTZWMTAuODVIMTYzLjUyQzE2Mi41ODcgMTAuODUgMTYyLjEyIDExLjE0ODcgMTYyLjEyIDExLjc0NlYxMS45ODRDMTYyLjEyIDEyLjI4MjcgMTYyLjIxNCAxMi41MDY3IDE2Mi40IDEyLjY1NkMxNjIuNTk2IDEyLjc5NiAxNjIuODcyIDEyLjg2NiAxNjMuMjI2IDEyLjg2NloiIGZpbGw9IndoaXRlIi8+CjxwYXRoIGQ9Ik0xNTUuMzEzIDE0VjYuNjkyMDJIMTU3LjEwNVY4LjIwNDAySDE1Ny4xNzVDMTU3LjIyMSA4LjAwODAyIDE1Ny4yOTEgNy44MjEzNSAxNTcuMzg1IDcuNjQ0MDJDMTU3LjQ4NyA3LjQ1NzM1IDE1Ny42MTggNy4yOTQwMiAxNTcuNzc3IDcuMTU0MDJDMTU3LjkzNSA3LjAxNDAyIDE1OC4xMjIgNi45MDIwMiAxNTguMzM3IDYuODE4MDJDMTU4LjU2MSA2LjczNDAyIDE1OC44MTcgNi42OTIwMiAxNTkuMTA3IDYuNjkyMDJIMTU5LjQ5OVY4LjM4NjAySDE1OC45MzlDMTU4LjMzMiA4LjM4NjAyIDE1Ny44NzUgOC40NzQ2OCAxNTcuNTY3IDguNjUyMDJDMTU3LjI1OSA4LjgyOTM1IDE1Ny4xMDUgOS4xMTg2OCAxNTcuMTA1IDkuNTIwMDJWMTRIMTU1LjMxM1oiIGZpbGw9IndoaXRlIi8+CjxwYXRoIGQ9Ik0xNTQuMTE4IDE0LjYxNjFDMTU0LjExOCAxNC45OTg3IDE1NC4wNDggMTUuMzM0NyAxNTMuOTA4IDE1LjYyNDFDMTUzLjc3NyAxNS45MjI3IDE1My41NTggMTYuMTcwMSAxNTMuMjUgMTYuMzY2MUMxNTIuOTQyIDE2LjU2MjEgMTUyLjU0NSAxNi43MTE0IDE1Mi4wNiAxNi44MTQxQzE1MS41NzQgMTYuOTE2NyAxNTAuOTgyIDE2Ljk2ODEgMTUwLjI4MiAxNi45NjgxQzE0OS42NjYgMTYuOTY4MSAxNDkuMTQzIDE2LjkyNjEgMTQ4LjcxNCAxNi44NDIxQzE0OC4yODQgMTYuNzY3NCAxNDcuOTMgMTYuNjU1NCAxNDcuNjUgMTYuNTA2MUMxNDcuMzc5IDE2LjM2NjEgMTQ3LjE4MyAxNi4xODg3IDE0Ny4wNjIgMTUuOTc0MUMxNDYuOTQgMTUuNzU5NCAxNDYuODggMTUuNTE2NyAxNDYuODggMTUuMjQ2MUMxNDYuODggMTQuODM1NCAxNDYuOTkyIDE0LjUxMzQgMTQ3LjIxNiAxNC4yODAxQzE0Ny40NDkgMTQuMDU2MSAxNDcuNzcxIDEzLjkxMTQgMTQ4LjE4MiAxMy44NDYxVjEzLjY5MjFDMTQ3Ljg4MyAxMy42MTc0IDE0Ny42NSAxMy40NzI3IDE0Ny40ODIgMTMuMjU4MUMxNDcuMzIzIDEzLjAzNDEgMTQ3LjI0NCAxMi43NzI3IDE0Ny4yNDQgMTIuNDc0MUMxNDcuMjQ0IDEyLjI4NzQgMTQ3LjI4MSAxMi4xMjQxIDE0Ny4zNTYgMTEuOTg0MUMxNDcuNDMgMTEuODM0NyAxNDcuNTI4IDExLjcwODcgMTQ3LjY1IDExLjYwNjFDMTQ3Ljc4IDExLjUwMzQgMTQ3LjkyNSAxMS40MTk0IDE0OC4wODQgMTEuMzU0MUMxNDguMjQyIDExLjI3OTQgMTQ4LjQxIDExLjIyMzQgMTQ4LjU4OCAxMS4xODYxVjExLjEzMDFDMTQ4LjE0IDEwLjkyNDcgMTQ3LjgwNCAxMC42NDAxIDE0Ny41OCAxMC4yNzYxQzE0Ny4zNjUgOS45MTIwNSAxNDcuMjU4IDkuNDg3MzkgMTQ3LjI1OCA5LjAwMjA1QzE0Ny4yNTggOC4yNTUzOSAxNDcuNTE0IDcuNjU4MDUgMTQ4LjAyOCA3LjIxMDA1QzE0OC41NDEgNi43NTI3MiAxNDkuMjkyIDYuNTI0MDUgMTUwLjI4MiA2LjUyNDA1QzE1MC41MDYgNi41MjQwNSAxNTAuNzI1IDYuNTM4MDUgMTUwLjk0IDYuNTY2MDVDMTUxLjE2NCA2LjU5NDA1IDE1MS4zNjkgNi42NDA3MiAxNTEuNTU2IDYuNzA2MDVWNi40NjgwNUMxNTEuNTU2IDUuNzU4NzIgMTUxLjkwMSA1LjQwNDA1IDE1Mi41OTIgNS40MDQwNUgxNTMuNzI2VjYuNzc2MDVIMTUyLjE3MlY2Ljk3MjA1QzE1Mi41NTQgNy4xODY3MiAxNTIuODM5IDcuNDY2NzIgMTUzLjAyNiA3LjgxMjA1QzE1My4yMTIgOC4xNTczOSAxNTMuMzA2IDguNTU0MDUgMTUzLjMwNiA5LjAwMjA1QzE1My4zMDYgOS43MzkzOSAxNTMuMDQ5IDEwLjMzMjEgMTUyLjUzNiAxMC43ODAxQzE1Mi4wMzIgMTEuMjI4MSAxNTEuMjggMTEuNDUyMSAxNTAuMjgyIDExLjQ1MjFDMTQ5Ljg1MiAxMS40NTIxIDE0OS40NzkgMTEuNDEwMSAxNDkuMTYyIDExLjMyNjFDMTQ5LjAyMiAxMS4zOTE0IDE0OC45IDExLjQ4MDEgMTQ4Ljc5OCAxMS41OTIxQzE0OC42OTUgMTEuNjk0NyAxNDguNjQ0IDExLjgyNTQgMTQ4LjY0NCAxMS45ODQxQzE0OC42NDQgMTIuMzQ4MSAxNDguOTYxIDEyLjUzMDEgMTQ5LjU5NiAxMi41MzAxSDE1MS41NTZDMTUyLjQ1MiAxMi41MzAxIDE1My4xIDEyLjcxNjcgMTUzLjUwMiAxMy4wOTAxQzE1My45MTIgMTMuNDU0MSAxNTQuMTE4IDEzLjk2MjcgMTU0LjExOCAxNC42MTYxWk0xNTIuNDM4IDE0LjgyNjFDMTUyLjQzOCAxNC41OTI3IDE1Mi4zNDQgMTQuNDEwNyAxNTIuMTU4IDE0LjI4MDFDMTUxLjk3MSAxNC4xNDk0IDE1MS42NDkgMTQuMDg0MSAxNTEuMTkyIDE0LjA4NDFIMTQ4LjdDMTQ4LjQ0OCAxNC4yNzA3IDE0OC4zMjIgMTQuNTIyNyAxNDguMzIyIDE0Ljg0MDFDMTQ4LjMyMiAxNS4xMjAxIDE0OC40MzggMTUuMzM5NCAxNDguNjcyIDE1LjQ5ODFDMTQ4LjkwNSAxNS42NTY3IDE0OS4zMDIgMTUuNzM2MSAxNDkuODYyIDE1LjczNjFIMTUwLjc1OEMxNTEuMzQ2IDE1LjczNjEgMTUxLjc3IDE1LjY2MTQgMTUyLjAzMiAxNS41MTIxQzE1Mi4zMDIgMTUuMzYyNyAxNTIuNDM4IDE1LjEzNDEgMTUyLjQzOCAxNC44MjYxWk0xNTAuMjgyIDEwLjIzNDFDMTUxLjE1OSAxMC4yMzQxIDE1MS41OTggOS44NjA3MiAxNTEuNTk4IDkuMTE0MDVWOC44NzYwNUMxNTEuNTk4IDguMTI5MzkgMTUxLjE1OSA3Ljc1NjA1IDE1MC4yODIgNy43NTYwNUMxNDkuNDA0IDcuNzU2MDUgMTQ4Ljk2NiA4LjEyOTM5IDE0OC45NjYgOC44NzYwNVY5LjExNDA1QzE0OC45NjYgOS44NjA3MiAxNDkuNDA0IDEwLjIzNDEgMTUwLjI4MiAxMC4yMzQxWiIgZmlsbD0id2hpdGUiLz4KPHBhdGggZD0iTTE0Mi41MTEgMTQuMTY4QzE0MS45NyAxNC4xNjggMTQxLjQ4NCAxNC4wNzk0IDE0MS4wNTUgMTMuOTAyQzE0MC42MzUgMTMuNzE1NCAxNDAuMjc2IDEzLjQ1ODcgMTM5Ljk3NyAxMy4xMzJDMTM5LjY4OCAxMi43OTYgMTM5LjQ2NCAxMi4zOTQ3IDEzOS4zMDUgMTEuOTI4QzEzOS4xNDYgMTEuNDUyIDEzOS4wNjcgMTAuOTIgMTM5LjA2NyAxMC4zMzJDMTM5LjA2NyA5Ljc1MzM4IDEzOS4xNDIgOS4yMzA3MiAxMzkuMjkxIDguNzY0MDVDMTM5LjQ1IDguMjk3MzggMTM5LjY3NCA3LjkwMDcyIDEzOS45NjMgNy41NzQwNUMxNDAuMjUyIDcuMjM4MDUgMTQwLjYwNyA2Ljk4MTM4IDE0MS4wMjcgNi44MDQwNUMxNDEuNDQ3IDYuNjE3MzggMTQxLjkyMyA2LjUyNDA1IDE0Mi40NTUgNi41MjQwNUMxNDMuMDI0IDYuNTI0MDUgMTQzLjUxOSA2LjYyMjA1IDE0My45MzkgNi44MTgwNUMxNDQuMzU5IDcuMDE0MDUgMTQ0LjcwNCA3LjI4MDA1IDE0NC45NzUgNy42MTYwNUMxNDUuMjQ2IDcuOTUyMDUgMTQ1LjQ0NiA4LjM0NDA1IDE0NS41NzcgOC43OTIwNUMxNDUuNzE3IDkuMjMwNzIgMTQ1Ljc4NyA5LjcwMjA1IDE0NS43ODcgMTAuMjA2VjEwLjc5NEgxNDAuOTI5VjEwLjk3NkMxNDAuOTI5IDExLjUwOCAxNDEuMDc4IDExLjkzNzQgMTQxLjM3NyAxMi4yNjRDMTQxLjY3NiAxMi41ODE0IDE0Mi4xMTkgMTIuNzQgMTQyLjcwNyAxMi43NEMxNDMuMTU1IDEyLjc0IDE0My41MTkgMTIuNjQ2NyAxNDMuNzk5IDEyLjQ2QzE0NC4wODggMTIuMjczNCAxNDQuMzQ1IDEyLjAzNTQgMTQ0LjU2OSAxMS43NDZMMTQ1LjUzNSAxMi44MjRDMTQ1LjIzNiAxMy4yNDQgMTQ0LjgyNiAxMy41NzU0IDE0NC4zMDMgMTMuODE4QzE0My43OSAxNC4wNTE0IDE0My4xOTIgMTQuMTY4IDE0Mi41MTEgMTQuMTY4Wk0xNDIuNDgzIDcuODY4MDVDMTQyLjAwNyA3Ljg2ODA1IDE0MS42MjkgOC4wMjY3MiAxNDEuMzQ5IDguMzQ0MDVDMTQxLjA2OSA4LjY2MTM4IDE0MC45MjkgOS4wNzIwNSAxNDAuOTI5IDkuNTc2MDVWOS42ODgwNUgxNDMuOTI1VjkuNTYyMDVDMTQzLjkyNSA5LjA1ODA1IDE0My43OTkgOC42NTIwNSAxNDMuNTQ3IDguMzQ0MDVDMTQzLjMwNCA4LjAyNjcyIDE0Mi45NSA3Ljg2ODA1IDE0Mi40ODMgNy44NjgwNVoiIGZpbGw9IndoaXRlIi8+CjxwYXRoIGQ9Ik0xMzYuNDk3IDE0LjAwMDFDMTM1Ljg4MSAxNC4wMDAxIDEzNS40MSAxMy44NDE0IDEzNS4wODMgMTMuNTI0MUMxMzQuNzY2IDEzLjE5NzQgMTM0LjYwNyAxMi43MzU0IDEzNC42MDcgMTIuMTM4MVY4LjEyMDA2SDEzMy41MjlWNi42OTIwNkgxMzQuMDg5QzEzNC4zNiA2LjY5MjA2IDEzNC41NDIgNi42MzE0IDEzNC42MzUgNi41MTAwNkMxMzQuNzM4IDYuMzc5NCAxMzQuNzg5IDYuMTg4MDYgMTM0Ljc4OSA1LjkzNjA2VjQuNjkwMDZIMTM2LjM5OVY2LjY5MjA2SDEzNy44OTdWOC4xMjAwNkgxMzYuMzk5VjEyLjU3MjFIMTM3Ljc4NVYxNC4wMDAxSDEzNi40OTdaIiBmaWxsPSJ3aGl0ZSIvPgo8cGF0aCBkPSJNMTI1LjgyNSAxNFY2LjY5MjA1SDEyNy42MTdWNy45MTAwNUgxMjcuNjg3QzEyNy44MzYgNy41MTgwNSAxMjguMDcgNy4xOTEzOCAxMjguMzg3IDYuOTMwMDVDMTI4LjcxNCA2LjY1OTM4IDEyOS4xNjIgNi41MjQwNSAxMjkuNzMxIDYuNTI0MDVDMTMwLjQ4NyA2LjUyNDA1IDEzMS4wNjYgNi43NzEzOCAxMzEuNDY3IDcuMjY2MDVDMTMxLjg2OCA3Ljc2MDcxIDEzMi4wNjkgOC40NjUzOCAxMzIuMDY5IDkuMzgwMDVWMTRIMTMwLjI3N1Y5LjU2MjA1QzEzMC4yNzcgOS4wMzkzOCAxMzAuMTg0IDguNjQ3MzggMTI5Ljk5NyA4LjM4NjA1QzEyOS44MSA4LjEyNDcyIDEyOS41MDIgNy45OTQwNSAxMjkuMDczIDcuOTk0MDVDMTI4Ljg4NiA3Ljk5NDA1IDEyOC43MDQgOC4wMjIwNSAxMjguNTI3IDguMDc4MDVDMTI4LjM1OSA4LjEyNDcyIDEyOC4yMDUgOC4xOTkzOCAxMjguMDY1IDguMzAyMDVDMTI3LjkzNCA4LjM5NTM4IDEyNy44MjcgOC41MTY3MSAxMjcuNzQzIDguNjY2MDVDMTI3LjY1OSA4LjgwNjA1IDEyNy42MTcgOC45NzQwNSAxMjcuNjE3IDkuMTcwMDVWMTRIMTI1LjgyNVoiIGZpbGw9IndoaXRlIi8+CjxwYXRoIGQ9Ik0xMTkuNDUxIDE0VjEyLjUxNkgxMjAuNzM5VjUuNzEyMDNIMTE5LjQ1MVY0LjIyODAzSDEyMy44ODlWNS43MTIwM0gxMjIuNTg3VjEyLjUxNkgxMjMuODg5VjE0SDExOS40NTFaIiBmaWxsPSJ3aGl0ZSIvPgo8cGF0aCBkPSJNMTExLjUyNCAxNC4xNjhDMTEwLjgyNCAxNC4xNjggMTEwLjIzNiAxNC4wNTE0IDEwOS43NiAxMy44MThDMTA5LjI4NCAxMy41NzU0IDEwOC44NjQgMTMuMjQ0IDEwOC41IDEyLjgyNEwxMDkuNTkyIDExLjc2QzEwOS44NjMgMTIuMDY4IDExMC4xNTcgMTIuMzEwNyAxMTAuNDc0IDEyLjQ4OEMxMTAuODAxIDEyLjY2NTQgMTExLjE3NCAxMi43NTQgMTExLjU5NCAxMi43NTRDMTEyLjAyNCAxMi43NTQgMTEyLjMzMiAxMi42Nzk0IDExMi41MTggMTIuNTNDMTEyLjcxNCAxMi4zODA3IDExMi44MTIgMTIuMTc1NCAxMTIuODEyIDExLjkxNEMxMTIuODEyIDExLjY5OTQgMTEyLjc0MiAxMS41MzE0IDExMi42MDIgMTEuNDFDMTEyLjQ3MiAxMS4yNzk0IDExMi4yNDMgMTEuMTkwNyAxMTEuOTE2IDExLjE0NEwxMTEuMTg4IDExLjA0NkMxMTAuMzk1IDEwLjk0MzQgMTA5Ljc4OCAxMC43MTk0IDEwOS4zNjggMTAuMzc0QzEwOC45NTggMTAuMDE5NCAxMDguNzUyIDkuNTA2MDUgMTA4Ljc1MiA4LjgzNDA1QzEwOC43NTIgOC40NzkzOCAxMDguODE4IDguMTYyMDUgMTA4Ljk0OCA3Ljg4MjA1QzEwOS4wNzkgNy41OTI3MiAxMDkuMjY2IDcuMzUwMDUgMTA5LjUwOCA3LjE1NDA1QzEwOS43NTEgNi45NDg3MSAxMTAuMDQgNi43OTQ3MiAxMTAuMzc2IDYuNjkyMDVDMTEwLjcyMiA2LjU4MDA1IDExMS4xMDQgNi41MjQwNSAxMTEuNTI0IDYuNTI0MDVDMTExLjg3OSA2LjUyNDA1IDExMi4xOTIgNi41NTIwNSAxMTIuNDYyIDYuNjA4MDVDMTEyLjc0MiA2LjY1NDcyIDExMi45OTQgNi43MjkzOCAxMTMuMjE4IDYuODMyMDVDMTEzLjQ0MiA2LjkyNTM4IDExMy42NDggNy4wNDY3MSAxMTMuODM0IDcuMTk2MDVDMTE0LjAyMSA3LjMzNjA1IDExNC4yMDMgNy40OTQ3MiAxMTQuMzggNy42NzIwNUwxMTMuMzMgOC43MjIwNUMxMTMuMTE2IDguNDk4MDUgMTEyLjg1OSA4LjMxMTM4IDExMi41NiA4LjE2MjA1QzExMi4yNjIgOC4wMTI3MSAxMTEuOTM1IDcuOTM4MDUgMTExLjU4IDcuOTM4MDVDMTExLjE4OCA3LjkzODA1IDExMC45MDQgOC4wMDgwNSAxMTAuNzI2IDguMTQ4MDVDMTEwLjU1OCA4LjI4ODA1IDExMC40NzQgOC40NzAwNSAxMTAuNDc0IDguNjk0MDVDMTEwLjQ3NCA4LjkzNjcyIDExMC41NDQgOS4xMjMzOCAxMTAuNjg0IDkuMjU0MDVDMTEwLjgzNCA5LjM3NTM4IDExMS4wODEgOS40NjQwNSAxMTEuNDI2IDkuNTIwMDVMMTEyLjE2OCA5LjYxODA1QzExMy43NDYgOS44NDIwNSAxMTQuNTM0IDEwLjU2MDcgMTE0LjUzNCAxMS43NzRDMTE0LjUzNCAxMi4xMjg3IDExNC40NiAxMi40NTU0IDExNC4zMSAxMi43NTRDMTE0LjE3IDEzLjA0MzQgMTEzLjk3IDEzLjI5NTQgMTEzLjcwOCAxMy41MUMxMTMuNDQ3IDEzLjcxNTQgMTEzLjEzIDEzLjg3ODcgMTEyLjc1NiAxNEMxMTIuMzkyIDE0LjExMiAxMTEuOTgyIDE0LjE2OCAxMTEuNTI0IDE0LjE2OFoiIGZpbGw9IndoaXRlIi8+CjxwYXRoIGQ9Ik0xMDUuMTEyIDEyLjc4MkgxMDUuMDQyQzEwNC45MTEgMTMuMjAyIDEwNC42NjQgMTMuNTM4IDEwNC4zIDEzLjc5QzEwMy45MzYgMTQuMDQyIDEwMy41MTEgMTQuMTY4IDEwMy4wMjYgMTQuMTY4QzEwMi4xMDIgMTQuMTY4IDEwMS4zOTIgMTMuODM2NyAxMDAuODk4IDEzLjE3NEMxMDAuNDEyIDEyLjUxMTMgMTAwLjE3IDExLjU2NCAxMDAuMTcgMTAuMzMyQzEwMC4xNyA5LjEwOTM1IDEwMC40MTIgOC4xNzEzNSAxMDAuODk4IDcuNTE4MDFDMTAxLjM5MiA2Ljg1NTM1IDEwMi4xMDIgNi41MjQwMSAxMDMuMDI2IDYuNTI0MDFDMTAzLjUxMSA2LjUyNDAxIDEwMy45MzYgNi42NTAwMSAxMDQuMyA2LjkwMjAxQzEwNC42NjQgNy4xNDQ2OCAxMDQuOTExIDcuNDc2MDEgMTA1LjA0MiA3Ljg5NjAxSDEwNS4xMTJWMy42NDAwMUgxMDYuOTA0VjE0SDEwNS4xMTJWMTIuNzgyWk0xMDMuNiAxMi42ODRDMTA0LjAyOSAxMi42ODQgMTA0LjM4OCAxMi41ODEzIDEwNC42NzggMTIuMzc2QzEwNC45NjcgMTIuMTcwNyAxMDUuMTEyIDExLjg3NjcgMTA1LjExMiAxMS40OTRWOS4xNzAwMUMxMDUuMTEyIDguODE1MzUgMTA0Ljk2NyA4LjUzMDY4IDEwNC42NzggOC4zMTYwMUMxMDQuMzg4IDguMTAxMzUgMTA0LjAyOSA3Ljk5NDAxIDEwMy42IDcuOTk0MDFDMTAzLjEzMyA3Ljk5NDAxIDEwMi43NTUgOC4xNTI2OCAxMDIuNDY2IDguNDcwMDJDMTAyLjE4NiA4Ljc3ODAxIDEwMi4wNDYgOS4xOTMzNSAxMDIuMDQ2IDkuNzE2MDFWMTAuOTc2QzEwMi4wNDYgMTEuNDk4NyAxMDIuMTg2IDExLjkxNCAxMDIuNDY2IDEyLjIyMkMxMDIuNzU1IDEyLjUzIDEwMy4xMzMgMTIuNjg0IDEwMy42IDEyLjY4NFoiIGZpbGw9IndoaXRlIi8+CjxwYXRoIGQ9Ik05NS40MjUgMTQuMTY4Qzk0LjkwMjMgMTQuMTY4IDk0LjQzMSAxNC4wNzk0IDk0LjAxMSAxMy45MDJDOTMuNjAwMyAxMy43MjQ3IDkzLjI0NTcgMTMuNDY4IDkyLjk0NyAxMy4xMzJDOTIuNjU3NyAxMi43OTYgOTIuNDMzNyAxMi4zOTQ3IDkyLjI3NSAxMS45MjhDOTIuMTE2MyAxMS40NTIgOTIuMDM3IDEwLjkyIDkyLjAzNyAxMC4zMzJDOTIuMDM3IDkuNzQ0MDUgOTIuMTE2MyA5LjIxNjcyIDkyLjI3NSA4Ljc1MDA1QzkyLjQzMzcgOC4yODMzOCA5Mi42NTc3IDcuODg2NzIgOTIuOTQ3IDcuNTYwMDVDOTMuMjQ1NyA3LjIyNDA1IDkzLjYwMDMgNi45NjczOCA5NC4wMTEgNi43OTAwNUM5NC40MzEgNi42MTI3MSA5NC45MDIzIDYuNTI0MDUgOTUuNDI1IDYuNTI0MDVDOTUuOTQ3NyA2LjUyNDA1IDk2LjQxOSA2LjYxMjcxIDk2LjgzOSA2Ljc5MDA1Qzk3LjI1OSA2Ljk2NzM4IDk3LjYxMzcgNy4yMjQwNSA5Ny45MDMgNy41NjAwNUM5OC4yMDE3IDcuODg2NzIgOTguNDMwMyA4LjI4MzM4IDk4LjU4OSA4Ljc1MDA1Qzk4Ljc0NzcgOS4yMTY3MiA5OC44MjcgOS43NDQwNSA5OC44MjcgMTAuMzMyQzk4LjgyNyAxMC45MiA5OC43NDc3IDExLjQ1MiA5OC41ODkgMTEuOTI4Qzk4LjQzMDMgMTIuMzk0NyA5OC4yMDE3IDEyLjc5NiA5Ny45MDMgMTMuMTMyQzk3LjYxMzcgMTMuNDY4IDk3LjI1OSAxMy43MjQ3IDk2LjgzOSAxMy45MDJDOTYuNDE5IDE0LjA3OTQgOTUuOTQ3NyAxNC4xNjggOTUuNDI1IDE0LjE2OFpNOTUuNDI1IDEyLjcyNkM5NS45MDEgMTIuNzI2IDk2LjI3NDMgMTIuNTgxNCA5Ni41NDUgMTIuMjkyQzk2LjgxNTYgMTIuMDAyNyA5Ni45NTEgMTEuNTc4IDk2Ljk1MSAxMS4wMThWOS42NjAwNUM5Ni45NTEgOS4xMDkzOCA5Ni44MTU2IDguNjg5MzggOTYuNTQ1IDguNDAwMDVDOTYuMjc0MyA4LjExMDcxIDk1LjkwMSA3Ljk2NjA1IDk1LjQyNSA3Ljk2NjA1Qzk0Ljk1ODMgNy45NjYwNSA5NC41ODk3IDguMTEwNzEgOTQuMzE5IDguNDAwMDVDOTQuMDQ4MyA4LjY4OTM4IDkzLjkxMyA5LjEwOTM4IDkzLjkxMyA5LjY2MDA1VjExLjAxOEM5My45MTMgMTEuNTc4IDk0LjA0ODMgMTIuMDAyNyA5NC4zMTkgMTIuMjkyQzk0LjU4OTcgMTIuNTgxNCA5NC45NTgzIDEyLjcyNiA5NS40MjUgMTIuNzI2WiIgZmlsbD0id2hpdGUiLz4KPHBhdGggZD0iTTg0LjEzNjUgMy42NDAwMUg4NS45Mjg1VjcuOTEwMDFIODUuOTk4NUM4Ni4xNDc5IDcuNTE4MDEgODYuMzgxMiA3LjE5MTM1IDg2LjY5ODUgNi45MzAwMkM4Ny4wMjUyIDYuNjU5MzUgODcuNDczMiA2LjUyNDAxIDg4LjA0MjUgNi41MjQwMUM4OC43OTg1IDYuNTI0MDEgODkuMzc3MiA2Ljc3MTM1IDg5Ljc3ODUgNy4yNjYwMUM5MC4xNzk5IDcuNzYwNjggOTAuMzgwNSA4LjQ2NTM1IDkwLjM4MDUgOS4zODAwMVYxNEg4OC41ODg1VjkuNTYyMDJDODguNTg4NSA5LjAzOTM1IDg4LjQ5NTIgOC42NDczNSA4OC4zMDg1IDguMzg2MDFDODguMTIxOSA4LjEyNDY4IDg3LjgxMzkgNy45OTQwMSA4Ny4zODQ1IDcuOTk0MDFDODcuMTk3OSA3Ljk5NDAxIDg3LjAxNTkgOC4wMjIwMSA4Ni44Mzg1IDguMDc4MDFDODYuNjcwNSA4LjEyNDY4IDg2LjUxNjUgOC4xOTkzNSA4Ni4zNzY1IDguMzAyMDFDODYuMjQ1OSA4LjM5NTM1IDg2LjEzODUgOC41MTY2OCA4Ni4wNTQ1IDguNjY2MDFDODUuOTcwNSA4LjgwNjAxIDg1LjkyODUgOC45NzQwMSA4NS45Mjg1IDkuMTcwMDFWMTRIODQuMTM2NVYzLjY0MDAxWiIgZmlsbD0id2hpdGUiLz4KPHBhdGggZD0iTTgxLjAyMjIgMTQuMDAwMUM4MC40MDYyIDE0LjAwMDEgNzkuOTM0OSAxMy44NDE0IDc5LjYwODIgMTMuNTI0MUM3OS4yOTA5IDEzLjE5NzQgNzkuMTMyMiAxMi43MzU0IDc5LjEzMjIgMTIuMTM4MVY4LjEyMDA2SDc4LjA1NDJWNi42OTIwNkg3OC42MTQyQzc4Ljg4NDkgNi42OTIwNiA3OS4wNjY5IDYuNjMxNCA3OS4xNjAyIDYuNTEwMDZDNzkuMjYyOSA2LjM3OTQgNzkuMzE0MiA2LjE4ODA2IDc5LjMxNDIgNS45MzYwNlY0LjY5MDA2SDgwLjkyNDJWNi42OTIwNkg4Mi40MjIyVjguMTIwMDZIODAuOTI0MlYxMi41NzIxSDgyLjMxMDJWMTQuMDAwMUg4MS4wMjIyWiIgZmlsbD0id2hpdGUiLz4KPHBhdGggZD0iTTczLjcyNzYgMTQuMTY4QzczLjE4NjIgMTQuMTY4IDcyLjcwMDkgMTQuMDc5NCA3Mi4yNzE2IDEzLjkwMkM3MS44NTE2IDEzLjcxNTQgNzEuNDkyMiAxMy40NTg3IDcxLjE5MzYgMTMuMTMyQzcwLjkwNDIgMTIuNzk2IDcwLjY4MDIgMTIuMzk0NyA3MC41MjE2IDExLjkyOEM3MC4zNjI5IDExLjQ1MiA3MC4yODM2IDEwLjkyIDcwLjI4MzYgMTAuMzMyQzcwLjI4MzYgOS43NTMzOCA3MC4zNTgyIDkuMjMwNzIgNzAuNTA3NiA4Ljc2NDA1QzcwLjY2NjIgOC4yOTczOCA3MC44OTAyIDcuOTAwNzIgNzEuMTc5NiA3LjU3NDA1QzcxLjQ2ODkgNy4yMzgwNSA3MS44MjM2IDYuOTgxMzggNzIuMjQzNiA2LjgwNDA1QzcyLjY2MzYgNi42MTczOCA3My4xMzk2IDYuNTI0MDUgNzMuNjcxNiA2LjUyNDA1Qzc0LjI0MDkgNi41MjQwNSA3NC43MzU2IDYuNjIyMDUgNzUuMTU1NiA2LjgxODA1Qzc1LjU3NTYgNy4wMTQwNSA3NS45MjA5IDcuMjgwMDUgNzYuMTkxNiA3LjYxNjA1Qzc2LjQ2MjIgNy45NTIwNSA3Ni42NjI5IDguMzQ0MDUgNzYuNzkzNiA4Ljc5MjA1Qzc2LjkzMzYgOS4yMzA3MiA3Ny4wMDM2IDkuNzAyMDUgNzcuMDAzNiAxMC4yMDZWMTAuNzk0SDcyLjE0NTZWMTAuOTc2QzcyLjE0NTYgMTEuNTA4IDcyLjI5NDkgMTEuOTM3NCA3Mi41OTM2IDEyLjI2NEM3Mi44OTIyIDEyLjU4MTQgNzMuMzM1NiAxMi43NCA3My45MjM2IDEyLjc0Qzc0LjM3MTYgMTIuNzQgNzQuNzM1NiAxMi42NDY3IDc1LjAxNTYgMTIuNDZDNzUuMzA0OSAxMi4yNzM0IDc1LjU2MTYgMTIuMDM1NCA3NS43ODU2IDExLjc0Nkw3Ni43NTE2IDEyLjgyNEM3Ni40NTI5IDEzLjI0NCA3Ni4wNDIyIDEzLjU3NTQgNzUuNTE5NiAxMy44MThDNzUuMDA2MiAxNC4wNTE0IDc0LjQwODkgMTQuMTY4IDczLjcyNzYgMTQuMTY4Wk03My42OTk2IDcuODY4MDVDNzMuMjIzNiA3Ljg2ODA1IDcyLjg0NTYgOC4wMjY3MiA3Mi41NjU2IDguMzQ0MDVDNzIuMjg1NiA4LjY2MTM4IDcyLjE0NTYgOS4wNzIwNSA3Mi4xNDU2IDkuNTc2MDVWOS42ODgwNUg3NS4xNDE2VjkuNTYyMDVDNzUuMTQxNiA5LjA1ODA1IDc1LjAxNTYgOC42NTIwNSA3NC43NjM2IDguMzQ0MDVDNzQuNTIwOSA4LjAyNjcyIDc0LjE2NjIgNy44NjgwNSA3My42OTk2IDcuODY4MDVaIiBmaWxsPSJ3aGl0ZSIvPgo8cGF0aCBkPSJNNjYuNjczOCA2Ljk4NjAzSDY2LjYxNzhMNjUuODYxOCA4LjU0MDAzTDYzLjg1OTggMTIuMjM2TDYxLjg1NzggOC41NDAwM0w2MS4xMDE4IDYuOTg2MDNINjEuMDQ1OFYxNEg1OS4yOTU4VjQuMjI4MDNINjEuMzgxOEw2My44ODc4IDkuMDAyMDNINjMuOTQzOEw2Ni40MjE4IDQuMjI4MDNINjguNDIzOFYxNEg2Ni42NzM4VjYuOTg2MDNaIiBmaWxsPSJ3aGl0ZSIvPgo8cGF0aCBkPSJNNTAuNjI5MyAzLjY0MDAxSDUyLjQyMTNWNy44OTYwMUg1Mi40NzczQzUyLjYwOCA3LjQ3NjAxIDUyLjg1NTMgNy4xNDQ2OCA1My4yMTkzIDYuOTAyMDFDNTMuNTgzMyA2LjY1MDAxIDU0LjAwOCA2LjUyNDAxIDU0LjQ5MzMgNi41MjQwMUM1NS40MjY3IDYuNTI0MDEgNTYuMTM2IDYuODU1MzUgNTYuNjIxMyA3LjUxODAxQzU3LjExNiA4LjE3MTM1IDU3LjM2MzMgOS4xMDkzNSA1Ny4zNjMzIDEwLjMzMkM1Ny4zNjMzIDExLjU2NCA1Ny4xMTYgMTIuNTExMyA1Ni42MjEzIDEzLjE3NEM1Ni4xMzYgMTMuODM2NyA1NS40MjY3IDE0LjE2OCA1NC40OTMzIDE0LjE2OEM1NC4wMDggMTQuMTY4IDUzLjU4MzMgMTQuMDQyIDUzLjIxOTMgMTMuNzlDNTIuODY0NyAxMy41MzggNTIuNjE3MyAxMy4yMDIgNTIuNDc3MyAxMi43ODJINTIuNDIxM1YxNEg1MC42MjkzVjMuNjQwMDFaTTUzLjkxOTMgMTIuNjg0QzU0LjM4NiAxMi42ODQgNTQuNzY0IDEyLjUzIDU1LjA1MzMgMTIuMjIyQzU1LjM0MjcgMTEuOTE0IDU1LjQ4NzMgMTEuNDk4NyA1NS40ODczIDEwLjk3NlY5LjcxNjAxQzU1LjQ4NzMgOS4xOTMzNSA1NS4zNDI3IDguNzc4MDEgNTUuMDUzMyA4LjQ3MDAyQzU0Ljc2NCA4LjE1MjY4IDU0LjM4NiA3Ljk5NDAxIDUzLjkxOTMgNy45OTQwMUM1My40OSA3Ljk5NDAxIDUzLjEzMDcgOC4xMDEzNSA1Mi44NDEzIDguMzE2MDFDNTIuNTYxMyA4LjUzMDY4IDUyLjQyMTMgOC44MTUzNSA1Mi40MjEzIDkuMTcwMDFWMTEuNDk0QzUyLjQyMTMgMTEuODc2NyA1Mi41NjEzIDEyLjE3MDcgNTIuODQxMyAxMi4zNzZDNTMuMTMwNyAxMi41ODEzIDUzLjQ5IDEyLjY4NCA1My45MTkzIDEyLjY4NFoiIGZpbGw9IndoaXRlIi8+CjxwYXRoIGQ9Ik00NS42MTY3IDE0LjE2OEM0NS4wNzU0IDE0LjE2OCA0NC41OTAxIDE0LjA3OTQgNDQuMTYwNyAxMy45MDJDNDMuNzQwNyAxMy43MTU0IDQzLjM4MTQgMTMuNDU4NyA0My4wODI3IDEzLjEzMkM0Mi43OTM0IDEyLjc5NiA0Mi41Njk0IDEyLjM5NDcgNDIuNDEwNyAxMS45MjhDNDIuMjUyMSAxMS40NTIgNDIuMTcyNyAxMC45MiA0Mi4xNzI3IDEwLjMzMkM0Mi4xNzI3IDkuNzUzMzggNDIuMjQ3NCA5LjIzMDcyIDQyLjM5NjcgOC43NjQwNUM0Mi41NTU0IDguMjk3MzggNDIuNzc5NCA3LjkwMDcyIDQzLjA2ODcgNy41NzQwNUM0My4zNTgxIDcuMjM4MDUgNDMuNzEyNyA2Ljk4MTM4IDQ0LjEzMjcgNi44MDQwNUM0NC41NTI3IDYuNjE3MzggNDUuMDI4NyA2LjUyNDA1IDQ1LjU2MDcgNi41MjQwNUM0Ni4xMzAxIDYuNTI0MDUgNDYuNjI0NyA2LjYyMjA1IDQ3LjA0NDcgNi44MTgwNUM0Ny40NjQ3IDcuMDE0MDUgNDcuODEwMSA3LjI4MDA1IDQ4LjA4MDcgNy42MTYwNUM0OC4zNTE0IDcuOTUyMDUgNDguNTUyMSA4LjM0NDA1IDQ4LjY4MjcgOC43OTIwNUM0OC44MjI3IDkuMjMwNzIgNDguODkyNyA5LjcwMjA1IDQ4Ljg5MjcgMTAuMjA2VjEwLjc5NEg0NC4wMzQ3VjEwLjk3NkM0NC4wMzQ3IDExLjUwOCA0NC4xODQxIDExLjkzNzQgNDQuNDgyNyAxMi4yNjRDNDQuNzgxNCAxMi41ODE0IDQ1LjIyNDcgMTIuNzQgNDUuODEyNyAxMi43NEM0Ni4yNjA3IDEyLjc0IDQ2LjYyNDcgMTIuNjQ2NyA0Ni45MDQ3IDEyLjQ2QzQ3LjE5NDEgMTIuMjczNCA0Ny40NTA3IDEyLjAzNTQgNDcuNjc0NyAxMS43NDZMNDguNjQwNyAxMi44MjRDNDguMzQyMSAxMy4yNDQgNDcuOTMxNCAxMy41NzU0IDQ3LjQwODcgMTMuODE4QzQ2Ljg5NTQgMTQuMDUxNCA0Ni4yOTgxIDE0LjE2OCA0NS42MTY3IDE0LjE2OFpNNDUuNTg4NyA3Ljg2ODA1QzQ1LjExMjcgNy44NjgwNSA0NC43MzQ3IDguMDI2NzIgNDQuNDU0NyA4LjM0NDA1QzQ0LjE3NDcgOC42NjEzOCA0NC4wMzQ3IDkuMDcyMDUgNDQuMDM0NyA5LjU3NjA1VjkuNjg4MDVINDcuMDMwN1Y5LjU2MjA1QzQ3LjAzMDcgOS4wNTgwNSA0Ni45MDQ3IDguNjUyMDUgNDYuNjUyNyA4LjM0NDA1QzQ2LjQxMDEgOC4wMjY3MiA0Ni4wNTU0IDcuODY4MDUgNDUuNTg4NyA3Ljg2ODA1WiIgZmlsbD0id2hpdGUiLz4KPHBhdGggZD0iTTMwLjQ0MSA2LjY5MjAySDMyLjE2M0wzMi45MDUgOS43MDIwMkwzMy40NzkgMTIuMjA4SDMzLjUzNUwzNC4yMDcgOS43MDIwMkwzNS4wNjEgNi42OTIwMkgzNi42ODVMMzcuNTY3IDkuNzAyMDJMMzguMjUzIDEyLjIwOEgzOC4zMDlMMzguODgzIDkuNzAyMDJMMzkuNjExIDYuNjkyMDJINDEuMjc3TDM5LjI3NSAxNEgzNy4zNDNMMzYuNDA1IDEwLjc4TDM1Ljg1OSA4Ljc5MjAySDM1LjgxN0wzNS4yODUgMTAuNzhMMzQuMzYxIDE0SDMyLjQ1N0wzMC40NDEgNi42OTIwMloiIGZpbGw9IndoaXRlIi8+Cjwvc3ZnPgo=","logoFileName":"default-logo.svg","primaryBtnBgColor":"#1776BF","primaryBtnColor":"#ffffff","primaryBtnBrbColor":"#1776BF","secondaryBtnBgColor":"#ffffff","secondaryBtnColor":"#1776BF","secondaryBtnBrbColor":"#1776BF","favIconImage":"data:image/vnd.microsoft.icon;base64,AAABAAMAEBAAAAEAIABoBAAANgAAACAgAAABACAAKBEAAJ4EAAAwMAAAAQAgAGgmAADGFQAAKAAAABAAAAAgAAAAAQAgAAAAAAAAAAAAAAAAAAAAAAAAAAAAAAAAAAAAAAAAAAAAAAAAAAAAAAAAAAAAAAAAAAAAAABVVVUDgICAAgAAAAAAAAAAAAAAAAAAAAAAAAAAAAAAAAAAAAAAAAAAAAAAAAAAAAAAAAAAAAAAAJKSkgeXjoiQlo6H3ZaOiNuXjoiQkpKSBwAAAAAAAAAAAAAAAAAAAAAAAAAAAAAAAJmZmQWZmZkFAAAAAAAAAACXjoiQlo2IjaqAgAa2kpIHmI+Ij5eOiJAAAAAAAAAAAJmZmQWZmZkFAAAAAJWPh1mWjofdlY2I3peOiFiAgIAClo2I3qqqgAYAAAAAAAAAAJKSkgeWjYfd////AZiPilmXjYjcl42I3JWNh1eWjYffmYyMFJKShhWXj4jamZmACpaMh/eWjojflo6I35aOiN+Wjojflo6H9b+AgASWjofbkpKGFZWVihiWjojfl42H15WOhyQAAAAAlo6I2ZmZiA+WjYfZgICAAoCAgAKAgIACgICAApeOh9eqjo4Jlo6I2QAAAACVjockl46I15SNhUOWjojUlI6IK5aOiNmZmYgPl46I2AAAAAAAAAAAAAAAAAAAAACXjofXqo6OCZaOiNmYjIYql42H05SNiUMAAAAAlo2JOJaOiNqWjYjrmYiID5aMh/eWjojelo6I3paOiN6Wjojelo6H9aqOjgmWjYjrlo6I2pmQhjcAAAAAAAAAAAAAAACTjogtlo6I3Z+fnwiWjYfdgICACICAgAKAgIACqo6OCZaNiN+fn58Ilo6I3ZeLhSwAAAAAAAAAAAAAAAAAAAAAAAAAAJOLiyGqqqoDlo2Ij5aNiIu2kpIHgICABpaNiIuWj4iPgICABJaOhyIAAAAAAAAAAAAAAAAAAAAAAAAAAAAAAAAAAAAAAAAAAJ+AgAiWj4iPlo2I3paNh92WjYiPn4CACAAAAAAAAAAAAAAAAAAAAAAAAAAAAAAAAAAAAAAAAAAAAAAAAJeXixaVjYh0lo+IS4CAgAKAgIAClo+IS5iPiHKXl4sWAAAAAAAAAAAAAAAAAAAAAAAAAAAAAAAAAAAAAAAAAACXjofGlY2HfZaOh8SWj4hJlI2GTJaNiMWWjoh8l46HxgAAAAAAAAAAAAAAAAAAAAAAAAAAAAAAAAAAAACqqqoDlY2H4JmZgAqWjoh6l46Hc5eOh3OWjYd5i4uLC5aNiN6qqqoDAAAAAAAAAAAAAAAAAAAAAAAAAAAAAAAAAAAAAJWMh2qWjYjelo2IxZeLixaXi4sWl46HxpaOiN+VjodqAAAAAAAAAAAAAAAAAAAAAAAAAAAAAAAAAAAAAAAAAAAAAAAAqqqqA////wEAAAAAAAAAAAAAAAGqqqoDAAAAAAAAAAAAAAAAAAAAAAAAAAAAAAAAAAAAAAAAAAAAAAAAAAAAAAAAAAAAAAAAAAAAAAAAAAAAAAAAAAAAAAAAAAAAAAAAAAAAAAAAAAAAAAAAKAAAACAAAABAAAAAAQAgAAAAAAAAAAAAAAAAAAAAAAAAAAAAAAAAAAAAAAAAAAAAAAAAAAAAAAAAAAAAAAAAAAAAAAAAAAAAAAAAAAAAAAAAAAAAAAAAAAAAAAAAAAAAAAAAAAAAAAAAAAAAAAAAAAAAAAAAAAAAAAAAAAAAAAAAAAAAAAAAAAAAAAAAAAAAAAAAAAAAAAAAAAAAAAAAAAAAAAAAAAAAAAAAAAAAAAAAAAAAAAAAAAAAAAAAAAAAAAAAAAAAAAAAAAAAAAAAAAAAAAAAAAAAAAAAAAAAAAAAAAABjo6OCZ+AgAgAAAABAAAAAAAAAAAAAAAAAAAAAAAAAAAAAAAAAAAAAAAAAAAAAAAAAAAAAAAAAAAAAAAAAAAAAAAAAAAAAAAAAAAAAAAAAAAAAAAAAAAAAAAAAAAAAAAAAAAAAAAAAAAAAAAAAAAAAAAAAACZmYAKmI6JapeOiMeWjojqlo2I6ZaNiMOWj4hrjo6OCQAAAAAAAAAAAAAAAAAAAAAAAAAAAAAAAAAAAAAAAAAAAAAAAAAAAAAAAAAAAAAAAAAAAAAAAAAAAAAAAAAAAAAAAAAAAAAAAAAAAAAAAAAAAAAAAAAAAAAAAAAAnZOJGpaOiM+WjYf/lo6H9ZeNhs2WjojPlo2H85aNh/+WjYjMlY2NHQAAAAAAAAAAAAAAAAAAAAAAAAAAAAAAAAAAAAAAAAAAAAAAAAAAAAAAAAAAAAAAAAAAAAAAAAAAAAAAAAAAAAAAAAAAAAAAAAAAAAAAAAAAAAAAAKKLiwuXjYjNlo2H/ZeNh5uXi4sW/wAAAf8AAAGbkokclo6HoJaNh/2XjojNjo6OCQAAAAAAAAAAAAAAAAAAAAAAAAAAAAAAAAAAAAAAAAAAAAAAAAAAAAAAAAAAAAAAAICAgAKcjo4SloeHEYCAgAIAAAAAAAAAAAAAAAAAAAAAlo2Fa5aNh/+Xjoia////AQAAAAAAAAAAAAAAAAAAAAD///8Bl46HoJaNh/+Wj4hrAAAAAAAAAAAAAAAAAAAAAICAgAKfj48QnI6OEoCAgAIAAAAAAAAAAAAAAACXj4Y7lo6HyJaNh/mWjoj6lo2Ix5WNiDoAAAAAAAAAAP///wGWjofIlo2H9JCQhRcAAAAAAAAAAAAAAAAAAAAAAAAAAAAAAACXjoQblo2H9ZaNiMP///8BAAAAAAAAAACXj4o7l46HwpeNh/mWjYf5l46HwpaNiTgAAAAAlJCGN5aOh/GWjYj6lo6HuZaNiL6WjYf5lo6H9ZmPijIAAAAAmZlmBZeNiO6XjojN////AQAAAAAAAAAAAAAAAAAAAAAAAAAAAAAAAP///wGXjojNloyH7qqqqgMAAAAAl46JNpWNh/SWjYf5lo6IvZeNiLqWjYf7lo6H8ZmPijKXjYi6lo2H/JeOh1EAAAAAAAAAAJeOh1GWjoj8lo6IsgAAAACZmYgPloyH95aNh/iWjofklo6H5JaOh+SWjofklo6H5JaOh+SWjofklo6H5JaNh/iVjYf0v4CABAAAAACWjYe3lo6I/JSOh1EAAAAAAAAAAJWNiF6WjYf8lo6IspaNh/aWjojPAAAAAAAAAAAAAAAAgICAApeOiNCWjofsn5+fCJmZiA+WjIf3lo2H9ZaOiNqWjojalo6I2paOiNqWjojalo6I2paOiNqWjojalo6H9ZWNh/S/gIAEjo6OCZaOh+yXjojNgICAAgAAAAAAAAAAqqqqA5aOiNuVjYf0lY2H6peOiNqAgIAEAAAAAAAAAAAAAAAAmI+IwZaOh/GSkpIOmZmID5aMh/eWjoi7qqqqA6qqqgOqqqoDqqqqA6qqqgOqqqoDqqqqA6qqqgOXjoi7lY2H9L+AgASSkpIOlo6H8ZiPiMEAAAAAAAAAAAAAAACZmZkFlo6H4ZeOh+iXjYmblo2H/paOiYiAgIACAAAAAAAAAACYj4jBlo6H8ZKSkg6ZmYgPloyH95ePiLoAAAAAAAAAAAAAAAAAAAAAAAAAAAAAAAAAAAAAAAAAAJePiLqVjYf0v4CABJKSkg6WjofxmI+IwQAAAAAAAAAAgICAApeNiImXjoj+lo6Jl5KShhWWjojYlo2H/piPiI2qqqoDAAAAAJiPiMGWjofxkpKSDpmZiA+WjIf3l4+IugAAAAAAAAAAAAAAAAAAAAAAAAAAAAAAAAAAAAAAAAAAl4+IupWNh/S/gIAEkpKSDpaOh/GYj4jBAAAAAKqqqgOYjomKlo2H/paOiNiTiYkaAAAAAJWNhB2WjofIl46I/peNiJ+fgIAImI+IwZaOh/GSkpIOmZmID5aMh/eXj4i6AAAAAAAAAAAAAAAAAAAAAAAAAAAAAAAAAAAAAAAAAACXj4i6lY2H9L+AgASSkpIOlo6H8ZiPiMGfgIAImI6InJeOiP6XjofGmY+FGQAAAAAAAAAAAAAAAI+PjxCWjoi/lo2H/5aNh7GWjYfMlo6H8ZKSkg6ZmYgPloyH95aNh/aXj4jcl4+I3JePiNyXj4jcl4+I3JePiNyXj4jcl4+I3JaNh/aVjYf0v4CABJKSkg6Wjofxl46Iy5eNh7GWjYf/lo6Hv5mIiA8AAAAAAAAAAAAAAAAAAAAAAAAAAJmIiA+Wjoe5lo2H/5aNh/+WjofxkpKSDpmIiA+WjIf3loyH95aOh+CWjofglo6H4JaOh+CWjofglo6H4JaOh+CWjofglo2H95WNh/S/gIAEkpKSDpaOh/GWjYf/lo2H/5aOh7mZiIgPAAAAAAAAAAAAAAAAAAAAAAAAAAAAAAAAAAAAAIuLiwuWjoijlo2H/5aOh/GSkpIOgICABJaNh/CXjYjLgICABICAgASAgIAEgICABICAgASAgIAEgICABL+AgASXjYjNlo6I74CAgASSkpIOlo6H8ZaNh/+WjoegmYCACgAAAAAAAAAAAAAAAAAAAAAAAAAAAAAAAAAAAAAAAAAAAAAAAJmZmQWWj4iUlo6H8ZKSkg7///8Blo2HxZaNhvWXi4sWAAAAAAAAAAAAAAAAAAAAAAAAAAAAAAAAm5KJHJaMh/eXjYjJ////AZKSkg6Wjofxlo2IlICAgAQAAAAAAAAAAAAAAAAAAAAAAAAAAAAAAAAAAAAAAAAAAAAAAAAAAAAAAAAAAICAgASXjYl/nYmJDQAAAACWjYhrlo2H/5aNiJSAgIACAAAAAAAAAAAAAAAAAAAAAICAgAKYjoeZlo2H/5WOh2wAAAAAkpKADpaOiIGAgIAEAAAAAAAAAAAAAAAAAAAAAAAAAAAAAAAAAAAAAAAAAAAAAAAAAAAAAAAAAAAAAAAAAAAAAAAAAAEAAAAAAAAAAJmZgAqWjYbJlo2H/piOh5mbkokc////AQAAAAGXi4sWmI2IlJaNh/6WjofImZmACgAAAAAAAAAAAAAAAQAAAAAAAAAAAAAAAAAAAAAAAAAAAAAAAAAAAAAAAAAAAAAAAAAAAAAAAAAAAAAAAAAAAAAAAAAAAAAAAAAAAAAAAAAAAAAAAJSMhB+WjYbJlo2H/5aNiPaXjojLlo2IypaNhvWWjYf/lo6HyJmQiB4AAAAAAAAAAAAAAAAAAAAAAAAAAAAAAAAAAAAAAAAAAAAAAAAAAAAAAAAAAAAAAAAAAAAAAAAAAAAAAAAAAAAAAAAAAAAAAAAAAAAAAAAAAAAAAAAAAAAAAAAAAJmZgAqVjodsl42IyZaOiO+Wjojvlo2HxZaNiGuZmYAKAAAAAAAAAAAAAAAAAAAAAAAAAAAAAAAAAAAAAAAAAAAAAAAAAAAAAAAAAAAAAAAAAAAAAAAAAAAAAAAAAAAAAAAAAAAAAAAAAAAAAAAAAAAAAAAAAAAAAP///wGSkpIH////AQAAAAD///8BgICABICAgAT///8BAAAAAP///wGZmZkF////AQAAAAAAAAAAAAAAAAAAAAAAAAAAAAAAAAAAAAAAAAAAAAAAAAAAAAAAAAAAAAAAAAAAAAAAAAAAAAAAAAAAAAAAAAAAAAAAAP///wGXjohYlo2I1JaOh/OWjofRlYyHWf///wEAAAAAAAAAAP///wGXjohYl42H0paNh/OXjojQl46IWP///wEAAAAAAAAAAAAAAAAAAAAAAAAAAAAAAAAAAAAAAAAAAAAAAAAAAAAAAAAAAAAAAAAAAAAAAAAAAAAAAAAAAAAAlo6IWpaNh/yWjYf2lo2Ix5aNh/CWjYf9l46IVgAAAAAAAAAAlo6IWpaNh/2WjYf1lo6HyJaOh/OWjYf8mI+KWQAAAAAAAAAAAAAAAAAAAAAAAAAAAAAAAAAAAAAAAAAAAAAAAAAAAAAAAAAAAAAAAAAAAAAAAAAAAAAAAP///wGXjYfQlo2H9JOOiTT///8BmY6ILZWNh/aWjYfOAAAAAQAAAAGWjYfTlo2H8ZWPijD///8BlpGHM5aNh/KXjYfQ////AQAAAAAAAAAAAAAAAAAAAAAAAAAAAAAAAAAAAAAAAAAAAAAAAAAAAAAAAAAAAAAAAAAAAAAAAAAAoqKLC5WNiO+WjYjHAAAAAAAAAAAAAAABlo6HyJaNh/GOjo4Jjo6OCZaNh/GWjYfKAAAAAQAAAAAAAAAAl42Ix5aNiO+ii4sLAAAAAAAAAAAAAAAAAAAAAAAAAAAAAAAAAAAAAAAAAAAAAAAAAAAAAAAAAAAAAAAAAAAAAAAAAAD///8Blo2H1ZWNh/SZjIYoAAAAAJqOiCuWjYf0lY2H0gAAAAAAAAAAl46H0ZaNh/GZk4YoAAAAAJSOiCuWjYjvl42H04CAgAIAAAAAAAAAAAAAAAAAAAAAAAAAAAAAAAAAAAAAAAAAAAAAAAAAAAAAAAAAAAAAAAAAAAAAAAAAAAAAAACXjYdTlo2H/ZaNh/GWjofIlo2H85aNh/yXjohYAAAAAAAAAACVjYdXlY2H+5aNh/OXjojHlo2H9ZaNh/uVjYdXAAAAAAAAAAAAAAAAAAAAAAAAAAAAAAAAAAAAAAAAAAAAAAAAAAAAAAAAAAAAAAAAAAAAAAAAAAAAAAAAAAAAAAAAAAGWjYdVl42H0paNiO2XjojSl42HUwAAAAEAAAAAAAAAAAAAAAGYjIdZl46H0ZeNiO2XjojSlI6IVgAAAAAAAAAAAAAAAAAAAAAAAAAAAAAAAAAAAAAAAAAAAAAAAAAAAAAAAAAAAAAAAAAAAAAAAAAAAAAAAAAAAAAAAAAAAAAAAAAAAACAgIACmZmZCqqqqgMAAAAAAAAAAAAAAAAAAAAAAAAAAAAAAACAgIACmZmZCqpVVQMAAAAAAAAAAAAAAAAAAAAAAAAAAAAAAAAAAAAAAAAAAAAAAAAAAAAAAAAAAAAAAAAAAAAAAAAAAAAAAAAAAAAAAAAAAAAAAAAAAAAAAAAAAAAAAAAAAAAAAAAAAAAAAAAAAAAAAAAAAAAAAAAAAAAAAAAAAAAAAAAAAAAAAAAAAAAAAAAAAAAAAAAAAAAAAAAAAAAAAAAAAAAAAAAAAAAAAAAAAAAAAAAAAAAAAAAAAAAAAAAAAAAAAAAAAAAAAAAAAAAAAAAAAAAAAAAAAAAAAAAAAAAAAAAAAAAAAAAAAAAAAAAAAAAAAAAAAAAAAAAAAAAAAAAAAAAAAAAAAAAAAAAAAAAAAAAAAAAAAAAAAAAAAAAAAAAAAAAAAAAAAAAAAAAAAAAAAAAAAAAAAAAAAAAAAAAAAAAAAAAAAAAAAAAAAAAAAAAAAAAAAAAAAAAAAAAAAAAAAAAAAAAAAAAAAAAAAAAAAAAAAAAAAAAAAAAAAAAAAAAAAAAAAAAAAAAAAAAAAAAAAAAAAAAAAAAAAAAAAAAAAAAAAAAAAAAAAAAAAAAAAAAAKAAAADAAAABgAAAAAQAgAAAAAAAAAAAAAAAAAAAAAAAAAAAAAAAAAAAAAAAAAAAAAAAAAAAAAAAAAAAAAAAAAAAAAAAAAAAAAAAAAAAAAAAAAAAAAAAAAAAAAAAAAAAAAAAAAAAAAAAAAAAAAAAAAAAAAAAAAAAAAAAAAAAAAAAAAAAAAAAAAAAAAAAAAAAAAAAAAAAAAAAAAAAAAAAAAAAAAAAAAAAAAAAAAAAAAAAAAAAAAAAAAAAAAAAAAAAAAAAAAAAAAAAAAAAAAAAAAAAAAAAAAAAAAAAAAAAAAAAAAAAAAAAAAAAAAAAAAAAAAAAAAAAAAAAAAAAAAAAAAAAAAAAAAAAAAAAAAAAAAAAAAAAAAAAAAAAAAAAAAAAAAAAAAAAAAAAAAAAAAAAAAAAAAAAAAAAAAAAAAAAAAAAAAAAAAAAAAAAAAAAAAAAAAAAAAAAAAAAAAAAAAAAAAAAAAAAAAAAAAAAAAAAAAAAAAAAAAAAAAAAAAAAAAAAAAAAAAAAAAAAAAAAAAAAAAAAAAAAAAAAAAAAAAAAAAAAAAAAAAAAAAAAAAAAAAAAAAAAAAAAAAAAAAAAAAAAAAAAAAAAAAAAAAAAAAAAAAAAAAAAAAAAAAAAAAAAAAAAAAAAAAAAAAAAAAAAAAAAAAAAAAAAAAAAAAAAAAAAAAACSkpIHloeHEZmIiA+ZmZkFAAAAAAAAAAAAAAAAAAAAAAAAAAAAAAAAAAAAAAAAAAAAAAAAAAAAAAAAAAAAAAAAAAAAAAAAAAAAAAAAAAAAAAAAAAAAAAAAAAAAAAAAAAAAAAAAAAAAAAAAAAAAAAAAAAAAAAAAAAAAAAAAAAAAAAAAAAAAAAAAAAAAAAAAAAAAAAAAAAAAAAAAAAAAAAAAAAAAAAAAAAAAAAAAAAAAAP///wGfj48Ql4+LQJaNhpKWjYjKlo6H4JaNiN6XjojHlo2HiJSNhUOPj48Q////AQAAAAAAAAAAAAAAAAAAAAAAAAAAAAAAAAAAAAAAAAAAAAAAAAAAAAAAAAAAAAAAAAAAAAAAAAAAAAAAAAAAAAAAAAAAAAAAAAAAAAAAAAAAAAAAAAAAAAAAAAAAAAAAAAAAAAAAAAAAAAAAAAAAAAAAAAAAAAAAAAAAAAAAAAAAAAAAAAAAAAAAAAAA////AZiQiD6Vjoipl42I7paNh/+WjYf/lo2H/5aNh/+WjYf/l46I/paNiO+XjYemlo6KPf///wEAAAAAAAAAAAAAAAAAAAAAAAAAAAAAAAAAAAAAAAAAAAAAAAAAAAAAAAAAAAAAAAAAAAAAAAAAAAAAAAAAAAAAAAAAAAAAAAAAAAAAAAAAAAAAAAAAAAAAAAAAAAAAAAAAAAAAAAAAAAAAAAAAAAAAAAAAAAAAAAAAAAAAAAAAAAAAAAAAAAABlY6HRpaNh+CWjYf9lo2H/5aNh/iWjYfOl46GopeOiKeXjYbLloyH95aNh/+Xjoj8lY2H4JWOiE0AAAABAAAAAAAAAAAAAAAAAAAAAAAAAAAAAAAAAAAAAAAAAAAAAAAAAAAAAAAAAAAAAAAAAAAAAAAAAAAAAAAAAAAAAAAAAAAAAAAAAAAAAAAAAAAAAAAAAAAAAAAAAAAAAAAAAAAAAAAAAAAAAAAAAAAAAAAAAAAAAAAAAAAAAP///wGWjoo9lo2H35aNh/+VjYf2lo2Ir5aMhzOfn4AIAAAAAAAAAACfgIAIlo6LRJaMh7uVjYf2lo2H/5aNhuCWjoY/////AQAAAAAAAAAAAAAAAAAAAAAAAAAAAAAAAAAAAAAAAAAAAAAAAAAAAAAAAAAAAAAAAAAAAAAAAAAAAAAAAAAAAAAAAAAAAAAAAAAAAAAAAAAAAAAAAAAAAAAAAAAAAAAAAAAAAAAAAAAAAAAAAAAAAAAAAAAAAAAAAJaWhxGXjoiplo2H/ZeOh/WXjomMnpKGFQAAAAAAAAAAAAAAAAAAAAAAAAAAAAAAAJeXixaXjoiOlo2I9paOiPyXjoillpaWEQAAAAAAAAAAAAAAAAAAAAAAAAAAAAAAAAAAAAAAAAAAAAAAAAAAAAAAAAAAAAAAAAAAAAAAAAAAAAAAAAAAAAAAAAAAAAAAAP///wGdiYkNlY6HJJ6OhyKioosL//8AAQAAAAAAAAAAAAAAAAAAAAAAAAAAAAAAAJmNhUGWjYfulo2H/5eOh7CZjIwUAAAAAAAAAAAAAAAAAAAAAAAAAAAAAAAAAAAAAAAAAACXi4sWlo6IuZaNh/+WjYjvl4+HQAAAAAAAAAAAAAAAAAAAAAAAAAAAAAAAAP///wGVgIAMlo6HIpWOhySdiYkN////AQAAAAAAAAAAAAAAAAAAAACAgIAClpCJJ5iNiI2WjYfdlo6I+JaNh/mXjYjclo2IjZaOhyKqqqoDAAAAAAAAAAAAAAAAAAAAAZaNiJSWjYf/lo6H9ZWQhzUAAAAAAAAAAAAAAAAAAAAAAAAAAAAAAAAAAAAAAAAAAAAAAAAAAAAAlo6HRJaNh/iXjoj+l42IiQAAAAAAAAAAAAAAAAAAAACAgIAElo6HIpaQiH6XjYjclo2H+ZaOiPiWjofbmJCIfpKSgyOAgIACAAAAAICAgAKVjYlBlo2IzJaNh/2WjYf/lo2H/5aNh/+WjYf/lo6I/peNhsuWjIhJqqqqAwAAAAAAAAAAv4CABJeOiMuWjYf/l42Hzp+AgAgAAAAAAAAAAAAAAAAAAAAAAAAAAAAAAAAAAAAAAAAAAAAAAAAAAAAAgICABpeOiM2WjYf/l42IyYCAgAQAAAAAAAAAAKqqqgOWjIhJl42Iy5aOiP6WjYf/lo2H/5eOiP6WjYf/lo2H/ZeOiMmVjYlBgICAApaOhyKWjofIlo2H/ZeOiPyWjIfIlo6IfpWNh4KWjYfMlo2H/JaNh/6WjofCk5OJGgAAAAAAAAAAjo6OCZaOh+qWjYf/lo2Io////wEAAAAAAAAAAAAAAAAAAAAAAAAAAAAAAAAAAAAAAAAAAAAAAAAAAAAA////AZeNh6SWjYf/lo2I6aqAgAYAAAAAAAAAAJSUhB+WjYjHlo2H/paNh/yXjojLlo6IgZaOiH6WjYfKlo2H/ZaNh/2Wj4jDl46EG5aNh3eWjYf9lo2H/ZaOh6CXi4sWAAAAAAAAAACSkoYVlY2HppaNh/6VjIf7lo6KZgAAAAAAAAAAmY+FGZaMh/KWjYf/lo2I65eOiNKXjojSl46I0peOiNKXjojSl46I0peOiNKXjojSl46I0peOiNKXjojSl46I0paNiOuWjYf/lo2I7ZJtbQcAAAAAAAAAAJeMhnaWjYj8lo2H/paOiKWZmYwUAAAAAAAAAACbkokclo2HsZaNh/2WjYf8lo6KZpaNh8yWjYf/l42I3JuSiRwAAAAAAAAAAAAAAAAAAAAAmY+FGZaNiN6WjYf/lo+Iw4CAgAQAAAAAmY+FGZaMh/KWjYf/lo2H/5aNh/+WjYf/lo2H/5aNh/+WjYf/lo2H/5aNh/+WjYf/lo2H/5aNh/+WjYf/lo2H/5aNh/+WjYf/lo2I7ZJtbQcAAAAAgICABJaOh8CWjYf/lo2H25mPhRkAAAAAAAAAAAAAAAAAAAAAk4yMKJaNiOeWjYf/lo2Hx5eNh/eWjYf/lo2IoQAAAAAAAAAAAAAAAAAAAAAAAAAA//8AAZeNiaSWjYf/lo2H5JyOjhIAAAAAmY+FGZaMh/KWjYf/l46H45aOh8KWjofClo6HwpaOh8KWjofClo6HwpaOh8KWjofClo6HwpaOh8KWjofClo6HwpaNhuSWjYf/lo2I7ZJtbQcAAAAAlIaGE5aNh+SWjYf/mI+Hn///AAEAAAAAAAAAAAAAAAAAAAAAgICAApWOibeWjYf/lYyG9paNiOmWjYf/lo2HsYCAgAIAAAAAAAAAAAAAAAAAAAAAAAAAAJiOiZmWjYf/lo2H6ZeXlxYAAAAAmY+FGZaMh/KWjYf/lo2Jj5mZmQWZmZkFmZmZBZmZmQWZmZkFmZmZBZmZmQWZmZkFmZmZBZmZmQWZmZkFmZmZBZiNiY+WjYf/lo2I7ZJtbQcAAAAAkJCQF5aNh+mWjYf/mI6HmQAAAAAAAAAAAAAAAAAAAAAAAAAAqqqqA5ePh8GWjYf/lo2H5JWNh6iWjYf/lo6H7JSNhUOAgIACAAAAAAAAAAAAAAAAAAAAAJiOiZmWjYf/lo2H6ZeXlxYAAAAAmY+FGZaMh/KWjYf/lo+IjQAAAAAAAAAAAAAAAAAAAAAAAAAAAAAAAAAAAAAAAAAAAAAAAAAAAAAAAAAAAAAAAJaPiI2WjYf/lo2I7ZJtbQcAAAAAkJCQF5aNh+mWjYf/mI6HmQAAAAAAAAAAAAAAAAAAAACAgIAClY6HRpaNh+6WjYf/l46Gp5aPiEuWjYfyl46I/paOh9aTi4dA////AQAAAAAAAAAAAAAAAJiOiZmWjYf/lo2H6ZeXlxYAAAAAmY+FGZaMh/KWjYf/lo+IjQAAAAAAAAAAAAAAAAAAAAAAAAAAAAAAAAAAAAAAAAAAAAAAAAAAAAAAAAAAAAAAAJaPiI2WjYf/lo2I7ZJtbQcAAAAAkJCQF5aNh+mWjYf/mI6HmQAAAAAAAAAAAAAAAP///wGTj4dAlY2H15aNh/+WjYjwlY6HRqKLiwuWjYaSl42H+ZeOiP6XjofOmZCLN4CAgAIAAAAAAAAAAJiOiZmWjYf/lo2H6ZeXlxYAAAAAmY+FGZaMh/KWjYf/lo+IjQAAAAAAAAAAAAAAAAAAAAAAAAAAAAAAAAAAAAAAAAAAAAAAAAAAAAAAAAAAAAAAAJaPiI2WjYf/lo2I7ZJtbQcAAAAAkJCQF5aNh+mWjYf/mI6HmQAAAAAAAAAAgICAApeOiTaXjofOl46I/peNh/mXjYiakpKADgAAAACUjIQflo6InpaMh/eWjYf+l42H15mPiEuZmZkFAAAAAJiOiZmWjYf/lo2H6ZeXlxYAAAAAmY+FGZaMh/KWjYf/lo+IjQAAAAAAAAAAAAAAAAAAAAAAAAAAAAAAAAAAAAAAAAAAAAAAAAAAAAAAAAAAAAAAAJaPiI2WjYf/lo2I7ZJtbQcAAAAAkJCQF5aNh+mWjYf/mI6HmQAAAAC/gIAElo+IS5eOiNKWjYf+loyH95aOh5mUjIQfAAAAAAAAAAAAAAAAj4CAEJaMhn6WjIf3lo2H/5eOiOOWjolhv4CABJiOiZmWjYf/lo2H6ZeXlxYAAAAAmY+FGZaMh/KWjYf/lo+IjQAAAAAAAAAAAAAAAAAAAAAAAAAAAAAAAAAAAAAAAAAAAAAAAAAAAAAAAAAAAAAAAJaPiI2WjYf/lo2I7ZJtbQcAAAAAkJCQF5aNh+mWjYf/mI6Hmb+AgASYjYhel46H4ZaNh/+VjYf0lo6IfJKSgA4AAAAAAAAAAAAAAAAAAAAAAAAAAI6OjgmVjYl9lo2H8ZaNh/+XjYfol4+JXZeNiJ+WjYf/lo2H6ZeXlxYAAAAAmY+FGZaMh/KWjYf/lo2I5ZeOiMWXjojFl46IxZeOiMWXjojFl46IxZeOiMWXjojFl46IxZeOiMWXjojFl46IxZaNiOWWjYf/lo2I7ZJtbQcAAAAAkJCQF5aNh+mWjYf/mI6InpqPiV2XjYfolo2H/5aNh/GVj4l7n5+fCAAAAAAAAAAAAAAAAAAAAAAAAAAAAAAAAAAAAACZiIgPlY+Je5aNh/KWjYf/l42I7ZeNiNyWjYf/lo2H6ZeXlxYAAAAAmY+FGZaMh/KWjYf/lo2H/5aNh/+WjYf/lo2H/5aNh/+WjYf/lo2H/5aNh/+WjYf/lo2H/5aNh/+WjYf/lo2H/5aNh/+WjYf/lo2I7ZJtbQcAAAAAkJCQF5aNh+mWjYf/l42I3JeNiO2WjYf/lo2H8pWPiXuZiIgPAAAAAAAAAAAAAAAAAAAAAAAAAAAAAAAAAAAAAAAAAAAAAAAAn5+fCJeNiGWWjYfulo2H/5aNh/+WjYf/lo2H6ZeXlxYAAAAAlYqKGJaMh/KWjYf/l46H6JaOh8yWjofMlo6HzJaOh8yWjofMlo6HzJaOh8yWjofMlo6HzJaOh8yWjofMlo6HzJaNiOmWjYf/lo2I7ZJtbQcAAAAAkJCQF5aNh+mWjYf/lo2H/5aNh/+WjYful42IZZ+fnwgAAAAAAAAAAAAAAAAAAAAAAAAAAAAAAAAAAAAAAAAAAAAAAAAAAAAAAAAAAKqAgAaXjYhllo2H5ZaNh/+WjYf/lo2H6ZeXlxYAAAAAkpKSB5aNh+uWjYf/lo2IoW1tbQeAgIAGgICABoCAgAaAgIAGgICABoCAgAaAgIAGgICABoCAgAaAgIAGkm1tB5aNh6iWjYf/lo6H6qqAgAYAAAAAkJCQF5aNh+mWjYf/lo2H/5eOh+OXjYdgmZmZBQAAAAAAAAAAAAAAAAAAAAAAAAAAAAAAAAAAAAAAAAAAAAAAAAAAAAAAAAAAAAAAAAAAAACZmZkFmZCKVZaOiNiXjoj+lo2H6ZeXlxYAAAAAv7+ABJeOiM2WjYf/l46Iy6qAgAYAAAAAAAAAAAAAAAAAAAAAAAAAAAAAAAAAAAAAAAAAAAAAAAAAAAAAkpKSB5aNh8yWjYf/lo6H0b+AgAQAAAAAkJCQF5aNh+mXjoj+loyH2JeOh1GZmZkFAAAAAAAAAAAAAAAAAAAAAAAAAAAAAAAAAAAAAAAAAAAAAAAAAAAAAAAAAAAAAAAAAAAAAAAAAAAAAAAAqlVVA5iQjD6WjojYl46H6JeXlxYAAAAAAAAAAJaNiIuWjYf/lo6H9ZiOiTQAAAAAAAAAAAAAAAAAAAAAAAAAAAAAAAAAAAAAAAAAAAAAAAAAAAAAmJCFRZaNh/iWjYf/l42HkQAAAAEAAAAAkJCQF5eOh+iWjIjYmJCMPoCAgAIAAAAAAAAAAAAAAAAAAAAAAAAAAAAAAAAAAAAAAAAAAAAAAAAAAAAAAAAAAAAAAAAAAAAAAAAAAAAAAAAAAAAAAAAAAICAgAKXkIhHlo2Iw5eLixYAAAAAAAAAAJOLh0CWjYjvlo2H/5eOiKyWh4cRAAAAAAAAAAAAAAAAAAAAAAAAAAAAAAAAAAAAAAAAAACUlIYTlo6Ht5aNh/+WjYjvlI2FQwAAAAAAAAAAkJCFF5aOh8SWi4hLgICAAgAAAAAAAAAAAAAAAAAAAAAAAAAAAAAAAAAAAAAAAAAAAAAAAAAAAAAAAAAAAAAAAAAAAAAAAAAAAAAAAAAAAAAAAAAAAAAAAAAAAACAgIACmY+KMqKLiwsAAAAAAAAAAJaHhxGXjoinlo2H/ZaNh/SWj4eGlJSGEwAAAAAAAAAAAAAAAAAAAAAAAAAAAAAAAJaHhxGWj4mGlo2H9JaNh/2WjoinloeHEQAAAAAAAAAAoouLC5aMhzOqqqoDAAAAAAAAAAAAAAAAAAAAAAAAAAAAAAAAAAAAAAAAAAAAAAAAAAAAAAAAAAAAAAAAAAAAAAAAAAAAAAAAAAAAAAAAAAAAAAAAAAAAAAAAAAAAAAAAAAAAAAAAAAAAAAAAAAAAAP///wGXjok2lo2H35aNh/+WjYf0lo6Ht5qSh0SSkpIH////AQAAAAGqgIAGlYyHNZaOiK2WjYf0lo2H/5aNh9+VkIc1////AQAAAAAAAAAAAAAAAAAAAAAAAAAAAAAAAAAAAAAAAAAAAAAAAAAAAAAAAAAAAAAAAAAAAAAAAAAAAAAAAAAAAAAAAAAAAAAAAAAAAAAAAAAAAAAAAAAAAAAAAAAAAAAAAAAAAAAAAAAAAAAAAAAAAAAAAAAAAAAAAAAAAAAAAAABmIyJUpaNh9+WjYf9lo2H/5aNh/iXjojLl4+HpJeNiJ+XjojLlo6H9ZaNh/+WjYf9lo2I3piMhlIAAAABAAAAAAAAAAAAAAAAAAAAAAAAAAAAAAAAAAAAAAAAAAAAAAAAAAAAAAAAAAAAAAAAAAAAAAAAAAAAAAAAAAAAAAAAAAAAAAAAAAAAAAAAAAAAAAAAAAAAAAAAAAAAAAAAAAAAAAAAAAAAAAAAAAAAAAAAAAAAAAAAAAAAAAAAAAAAAAAAAAAAAZeOiTaXjoinlo2I75aNh/+WjYf/lo2H/5aNh/+WjYf/lo2H/5aNiO+XjoinmpCHNQAAAAEAAAAAAAAAAAAAAAAAAAAAAAAAAAAAAAAAAAAAAAAAAAAAAAAAAAAAAAAAAAAAAAAAAAAAAAAAAAAAAAAAAAAAAAAAAAAAAAAAAAAAAAAAAAAAAAAAAAAAAAAAAAAAAAAAAAAAAAAAAAAAAAAAAAAAAAAAAAAAAAAAAAAAAAAAAAAAAAAAAAAAAAAAAP///wGWh4cRlI2FQ5eNh5GXjofRl46H6paOh+qXjojNlo2Ii5OLh0CWh4cR////AQAAAAAAAAAAAAAAAAAAAAAAAAAAAAAAAAAAAAAAAAAAAAAAAAAAAAAAAAAAAAAAAAAAAAAAAAAAAAAAAAAAAAAAAAAAAAAAAAAAAAAAAAAAAAAAAAAAAAAAAAAAAAAAAAAAAAAAAAAAAAAAAAAAAAAAAAAAAAAAAAAAAAAAAAAAAAAAAAAAAACAgIACqlVVAwAAAAEAAAAAAAAAAAAAAAG/v4AEqqqABqqqgAa/v4AEAAAAAAAAAAAAAAAAAAAAAf///wH///8BAAAAAAAAAAAAAAAAAAAAAAAAAAAAAAAAAAAAAAAAAAAAAAAAAAAAAAAAAAAAAAAAAAAAAAAAAAAAAAAAAAAAAAAAAAAAAAAAAAAAAAAAAAAAAAAAAAAAAAAAAAAAAAAAAAAAAAAAAAAAAAAAAAAAAAAAAAAAAAAAmYiID5aPiEuXjIdxl42He5aOhl+Vj4kpqqqqAwAAAAAAAAAAAAAAAAAAAAAAAAAAAAAAAKqqqgObj4kpl42HYpaNh3eZjYlwlY6HRpWVgAwAAAAAAAAAAAAAAAAAAAAAAAAAAAAAAAAAAAAAAAAAAAAAAAAAAAAAAAAAAAAAAAAAAAAAAAAAAAAAAAAAAAAAAAAAAAAAAAAAAAAAAAAAAAAAAAAAAAAAAAAAAAAAAAAAAAAAAAAAAAAAAACYjIwqlo6HqpaNiO2WjIf5lo2H+5aOh/OVjYfXmI6JYaqqVQMAAAAAAAAAAAAAAAAAAAAAqqqqA5WNh2CWjYfTlo2H9JaNh/uWjYj4lo2H65aNiK+YjIwqAAAAAAAAAAAAAAAAAAAAAAAAAAAAAAAAAAAAAAAAAAAAAAAAAAAAAAAAAAAAAAAAAAAAAAAAAAAAAAAAAAAAAAAAAAAAAAAAAAAAAAAAAAAAAAAAAAAAAAAAAAAAAAAAAAAAAJmPjxmVjYe1lo2H/ZaNh/6WjYfzloyH7JaMh/eWjYf/lo2H+peMhl2qqqoDAAAAAAAAAACqqqoDmY+KZJaNh/qWjYf/l42H+ZaOh+yWjYfylo2H/paNh/2VjYe1mY+PGQAAAAAAAAAAAAAAAAAAAAAAAAAAAAAAAAAAAAAAAAAAAAAAAAAAAAAAAAAAAAAAAAAAAAAAAAAAAAAAAAAAAAAAAAAAAAAAAAAAAAAAAAAAAAAAAAAAAAAAAAAAAAAAAJSNhmmWjYf5lo2H/5aNh8KWjolhl4yIR5aMiHqXjojjlo2H/5aOh9GWkIknAAAAAAAAAACVj4kplY2H15aNh/+Xjofmlo6Ig5iOikiYkIhelY2HwZaNh/+WjYf5lo2IawAAAAAAAAAAAAAAAAAAAAAAAAAAAAAAAAAAAAAAAAAAAAAAAAAAAAAAAAAAAAAAAAAAAAAAAAAAAAAAAAAAAAAAAAAAAAAAAAAAAAAAAAAAAAAAAAAAAAAAAAAAqqqqA5eNiMeWjYf/lo6H4paQiSeAgIACAAAAAI6OjgmXj4eElo2H+paNh/OXjIZdAAAAAAAAAACXjYdglo2H9JeNh/eXjYd9jo6OCQAAAACAgIACmo2GJpeNiNyWjYf/lo2HxKqqqgMAAAAAAAAAAAAAAAAAAAAAAAAAAAAAAAAAAAAAAAAAAAAAAAAAAAAAAAAAAAAAAAAAAAAAAAAAAAAAAAAAAAAAAAAAAAAAAAAAAAAAAAAAAAAAAAAAAAAAjo6AEpaNh+SWjYf/l42HpAAAAAEAAAAAAAAAAAAAAACWjIhJlo6H7JaNiPqVjYd7qqqqA6qqqgOVjYd7lo2I+peNiO2XjYpMAAAAAAAAAAAAAAAAAAAAAZeNh6SWjYf/lo2I55KShhUAAAAAAAAAAAAAAAAAAAAAAAAAAAAAAAAAAAAAAAAAAAAAAAAAAAAAAAAAAAAAAAAAAAAAAAAAAAAAAAAAAAAAAAAAAAAAAAAAAAAAAAAAAAAAAAAAAAAAoqKLC5eNiNyWjYf/l46JvKqAgAYAAAAAAAAAAICAgAKWjolfl42H8paMh/mVjodx////Af///wGXjYlulo2H+JaNh/KWjohaAAAAAQAAAAAAAAAAmZmZBZeOiLaWjYf/lo2H2aKLiwsAAAAAAAAAAAAAAAAAAAAAAAAAAAAAAAAAAAAAAAAAAAAAAAAAAAAAAAAAAAAAAAAAAAAAAAAAAAAAAAAAAAAAAAAAAAAAAAAAAAAAAAAAAAAAAAAAAAAAAAAAAJWNh6iWjYf/lo2H+JiQiF6ZmZkFAAAAAJmQiB6WjYe3lo2H/ZaNh+qUjIlFAAAAAAAAAACXkIhHlo2H65aNh/2Wjoe0lY2NHQAAAACAgIAImI6KZpaNhvWWjYf/l42Hpv///wEAAAAAAAAAAAAAAAAAAAAAAAAAAAAAAAAAAAAAAAAAAAAAAAAAAAAAAAAAAAAAAAAAAAAAAAAAAAAAAAAAAAAAAAAAAAAAAAAAAAAAAAAAAAAAAAAAAAAAAAAAAJeSiTaVjofjlo2H/5aOh/WXjoi9lo6HoJWNh+CWjYf/lo2H/ZaMiLKdiYkNAAAAAAAAAACdiYkNlo2HsZaNh/2WjYf/lY2H4JePh6SXj4i/loyG+ZaNh/+WjYfkl4+GOwAAAAAAAAAAAAAAAAAAAAAAAAAAAAAAAAAAAAAAAAAAAAAAAAAAAAAAAAAAAAAAAAAAAAAAAAAAAAAAAAAAAAAAAAAAAAAAAAAAAAAAAAAAAAAAAAAAAAAAAAAAAAAAAJKSbQeWjIdml46H45aNh/+WjYf/lo2H/5aNh/+WjYf3lo2HsZiRiiUAAAABAAAAAAAAAAAAAAABlY6HJJeOiK6WjYf5lo2H/5aNh/+WjYf/l46I/pWOh+OXjYhltpKSBwAAAAAAAAAAAAAAAAAAAAAAAAAAAAAAAAAAAAAAAAAAAAAAAAAAAAAAAAAAAAAAAAAAAAAAAAAAAAAAAAAAAAAAAAAAAAAAAAAAAAAAAAAAAAAAAAAAAAAAAAAAAAAAAAAAAACSkpIHmIuGOZeOh6KXjYjXl4+J4ZeNiMuXkIhnl4uAFgAAAAAAAAAAAAAAAAAAAAAAAAAAAAAAAJ+VihiYjYZylo2Hw5eOiOGWjojalo+IoZOPhjuSkpIHAAAAAAAAAAAAAAAAAAAAAAAAAAAAAAAAAAAAAAAAAAAAAAAAAAAAAAAAAAAAAAAAAAAAAAAAAAAAAAAAAAAAAAAAAAAAAAAAAAAAAAAAAAAAAAAAAAAAAAAAAAAAAAAAAAAAAAAAAAAAAAAAAAAAAP///wGLi4sLpZaWEZ+AgAgAAAAAAAAAAAAAAAAAAAAAAAAAAAAAAAAAAAAAAAAAAAAAAAAAAAAAgICABpaHhxGdiYkN////AQAAAAAAAAAAAAAAAAAAAAAAAAAAAAAAAAAAAAAAAAAAAAAAAAAAAAAAAAAAAAAAAAAAAAAAAAAAAAAAAAAAAAAAAAAAAAAAAAAAAAAAAAAAAAAAAAAAAAAAAAAAAAAAAAAAAAAAAAAAAAAAAAAAAAAAAAAAAAAAAAAAAAAAAAAAAAAAAAAAAAAAAAAAAAAAAAAAAAAAAAAAAAAAAAAAAAAAAAAAAAAAAAAAAAAAAAAAAAAAAAAAAAAAAAAAAAAAAAAAAAAAAAAAAAAAAAAAAAAAAAAAAAAAAAAAAAAAAAAAAAAAAAAAAAAAAAAAAAAAAAAAAAAAAAAAAAAAAAAAAAAAAAAAAAAAAAAAAAAAAAAAAAAAAAAAAAAAAAAAAAAAAAAAAAAAAAAAAAAAAAAAAAAAAAAAAAAAAAAAAAAAAAAAAAAAAAAAAAAAAAAAAAAAAAAAAAAAAAAAAAAAAAAAAAAAAAAAAAAAAAAAAAAAAAAAAAAAAAAAAAAAAAAAAAAAAAAAAAAAAAAAAAAAAAAAAAAAAAAAAAAAAAAAAAAAAAAAAAAAAAAAAAAAAAAAAAAAAAAAAAAAAAAAAAAAAAAAAAAAAAAAAAAAAAAAAAAAAAAAAAAAAAAAAAAAAAAAAAAAAAAAAAAAAAAAAAAAAAAAAAAAAAAAAAAAAAAAAAAAAAAAAAAAAAAAAAAAAAAAAAAAAAAAAAAAAAAAAAAAAAAAAAAAAAAAAAAAAAAAAAAAAAAAAAAAAAAAAAAAAAAAAAAAAAAAAAAAAAAAAAAAAAAAAAAAAAAAAAAAAAAAAAAAAAAAAAAAAAAAAAAAAAAAAAAAAAAAAAAAAAAAAAAAAAAAAAAAAAAAAAAAAAAAAAAAAAAAAAAAAAAAAAAAAAAAAAAAAAAAAAAAAAAAAAAAAAAAAAAAAAAAAAAAAAAAAAAAAAAAAAAAAAAAAAAAAAAAAAAAAAAAAAAAAAAAAAAAAAAAAAAAAAAAAAAAAAAAAAAAAAAAAAAAAAAAAAAAAAAAAAAAAAAAAAAAAAAAAAAAAAAAAAAAAAAAAAAAAAAAAAAAAAAAAAAAAAAAAAAAAAAAAAAAAAAAAAAAAAAAAAAAAAAAAAAAAAAAAAAAAAAAAAAAAAAAAAAAAAAAAAAAAAAAAAAAAAAAAAAAAAAAAAAAAAAAAAAAAAAAAAAAAAAAAAAAAAAAAAAAAAAAAAAAAAAAAAAAAAAAAAAAAAAAAAAAAAAAAAAAAAAAAAAAAAAAAAAAAAAAAAAAAAAAAAAAAAAAAAAAAAAAAAAAAAAAAAAAAAAAAAAAAAAAAAAAAAAAAAAAAAAAAAAAAAAAAAAAAAAAAAAAAAAAAAAAAAAAAAAAAA==","favIconFileName":"default-favicon.ico","footerContent":"undefined","aboutPageContent":"undefined","name":"ThemeRed","uid":"fl878bd4ba9f9c07b6ca1d1b","settings":{"description":"test","theme":{"primaryColor":"#aa0000","primaryHeaderTextColor":"#ffffff","primaryTextColor":"#333333","linkColor":"#990000","primaryHoverColor":"#990000","backgroundImage":"data:image/svg+xml;base64,PD94bWwgdmVyc2lvbj0iMS4wIiBlbmNvZGluZz0idXRmLTgiPz4KPCEtLSBHZW5lcmF0b3I6IEFkb2JlIElsbHVzdHJhdG9yIDIzLjAuMCwgU1ZHIEV4cG9ydCBQbHVnLUluIC4gU1ZHIFZlcnNpb246IDYuMDAgQnVpbGQgMCkgIC0tPgo8c3ZnIHZlcnNpb249IjEuMSIgeG1sbnM9Imh0dHA6Ly93d3cudzMub3JnLzIwMDAvc3ZnIiB4bWxuczp4bGluaz0iaHR0cDovL3d3dy53My5vcmcvMTk5OS94bGluayIgeD0iMHB4IiB5PSIwcHgiCgkgdmlld0JveD0iMCAwIDE1NS4zIDUzLjUiIGVuYWJsZS1iYWNrZ3JvdW5kPSJuZXcgMCAwIDE1NS4zIDUzLjUiIHhtbDpzcGFjZT0icHJlc2VydmUiPgo8ZyBpZD0iTGF5ZXJfMTAiPgoJPGc+CgkJPGc+CgkJCTxwb2x5Z29uIGZpbGw9IiNGRkZGRkYiIHBvaW50cz0iMTMuOSwxMi40IDE1LjcsMTkuNyAxNS44LDE5LjcgMTguMSwxMi40IDIwLjQsMTIuNCAyMi43LDE5LjkgMjQuNiwxMi40IDI3LjEsMTIuNCAyMy44LDIzLjYgCgkJCQkyMS42LDIzLjYgMTkuMiwxNS45IDE2LjcsMjMuNiAxNC42LDIzLjYgMTEuMywxMi40IAkJCSIvPgoJCQk8cG9seWdvbiBmaWxsPSIjRkZGRkZGIiBwb2ludHM9IjM1LjksMTIuNCAzNS45LDE0LjcgMzAuOCwxNC43IDMwLjgsMTYuOCAzNS43LDE2LjggMzUuNywxOS4xIDMwLjgsMTkuMSAzMC44LDIxLjQgMzYuMiwyMS40IAoJCQkJMzYuMiwyMy42IDI4LjMsMjMuNiAyOC4zLDEyLjQgCQkJIi8+CgkJCTxwYXRoIGZpbGw9IiNGRkZGRkYiIGQ9Ik00Mi45LDIxLjVjMC44LDAsMS42LTAuMywxLjYtMS4zYzAtMS0xLjItMS4yLTItMS4yYy0xLjksMC0xLjksMC0xLjksMGMwLDIuNSwwLDIuNSwwLDIuNUg0Mi45egoJCQkJIE00Mi41LDE2LjljMC44LDAsMS41LTAuMywxLjUtMS4yYzAtMC45LTAuOS0xLjItMS42LTEuMmMtMS43LDAtMS43LDAtMS43LDBjMCwyLjQsMCwyLjQsMCwyLjRINDIuNXogTTQyLjUsMTIuNAoJCQkJYzIsMCw0LDAuNiw0LDIuOWMwLDEuMy0wLjgsMi4yLTEuOSwyLjVsMCwwYzEuMywwLjIsMi40LDEuMSwyLjQsMi44YzAsMi4zLTIuMiwzLjEtNC4yLDMuMWMtNC42LDAtNC42LDAtNC42LDAKCQkJCWMwLTExLjIsMC0xMS4yLDAtMTEuMkg0Mi41eiIvPgoJCQk8cG9seWdvbiBmaWxsPSIjRkZGRkZGIiBwb2ludHM9IjUyLjIsMTIuNCA1NC44LDE5LjggNTcuNSwxMi40IDYxLjIsMTIuNCA2MS4yLDIzLjYgNTguNywyMy42IDU4LjcsMTUgNTUuNywyMy42IDUzLjgsMjMuNiAKCQkJCTUxLDE1IDUxLDIzLjYgNDguNCwyMy42IDQ4LjQsMTIuNCAJCQkiLz4KCQkJPHBvbHlnb24gZmlsbD0iI0ZGRkZGRiIgcG9pbnRzPSI3MS4xLDEyLjQgNzEuMSwxNC43IDY2LDE0LjcgNjYsMTYuOCA3MC45LDE2LjggNzAuOSwxOS4xIDY2LDE5LjEgNjYsMjEuNCA3MS40LDIxLjQgNzEuNCwyMy42IAoJCQkJNjMuNSwyMy42IDYzLjUsMTIuNCAJCQkiLz4KCQkJPHBvbHlnb24gZmlsbD0iI0ZGRkZGRiIgcG9pbnRzPSI4MS4yLDEyLjQgODEuMiwxNC42IDc4LDE0LjYgNzgsMjMuNiA3NS42LDIzLjYgNzUuNiwxNC42IDcyLjQsMTQuNiA3Mi40LDEyLjQgCQkJIi8+CgkJCTxwb2x5Z29uIGZpbGw9IiNGRkZGRkYiIHBvaW50cz0iODUsMTIuNCA4NSwxNi42IDg5LjgsMTYuNiA4OS44LDEyLjQgOTIuMiwxMi40IDkyLjIsMjMuNiA4OS44LDIzLjYgODkuOCwxOC44IDg1LDE4LjggODUsMjMuNiAKCQkJCTgyLjUsMjMuNiA4Mi41LDEyLjQgCQkJIi8+CgkJCTxwYXRoIGZpbGw9IiNGRkZGRkYiIGQ9Ik05OS45LDIxLjZjMi4xLDAsMy41LTEuNCwzLjUtMy42YzAtMi4xLTEuNC0zLjUtMy41LTMuNWMtMi4xLDAtMy40LDEuNC0zLjQsMy41CgkJCQlDOTYuNSwyMC4yLDk3LjgsMjEuNiw5OS45LDIxLjZ6IE0xMDYsMThjMCwzLjYtMi41LDUuOS02LjEsNS45Yy0zLjUsMC02LTIuMy02LTUuOWMwLTMuNSwyLjUtNS44LDYtNS44CgkJCQlDMTAzLjYsMTIuMiwxMDYsMTQuNSwxMDYsMTh6Ii8+CgkJCTxwYXRoIGZpbGw9IiNGRkZGRkYiIGQ9Ik0xMTEuNiwyMS40YzIuMiwwLDMuOC0xLDMuOC0zLjRjMC0yLjMtMS44LTMuMy0zLjctMy4zYy0xLjUsMC0xLjUsMC0xLjUsMGMwLDYuNywwLDYuNywwLDYuN0gxMTEuNnoKCQkJCSBNMTExLjUsMTIuNGMzLjYsMCw2LjYsMS43LDYuNiw1LjdjMCwzLjUtMi45LDUuNS02LjMsNS41Yy00LjEsMC00LjEsMC00LjEsMGMwLTExLjIsMC0xMS4yLDAtMTEuMkgxMTEuNXoiLz4KCQkJPHBhdGggZmlsbD0iI0ZGRkZGRiIgZD0iTTEyNywxMy40Yy0xLjgsMS44LTEuOCwxLjgtMS44LDEuOGMtMC4zLTAuNC0xLjEtMC43LTEuOC0wLjdjLTAuNywwLTEuNiwwLjItMS42LDEuMQoJCQkJYzAsMSwxLjIsMS4yLDIuNCwxLjVjMS4zLDAuNCwyLjcsMS4xLDIuNywzLjFjMCwyLjYtMi4xLDMuNy00LjMsMy43Yy0xLjQsMC0yLjctMC40LTMuOS0xLjRjMS44LTEuOSwxLjgtMS45LDEuOC0xLjkKCQkJCWMwLjYsMC43LDEuMywxLDIuMiwxYzAuNywwLDEuOC0wLjIsMS44LTEuMWMwLTEtMS4yLTEuMy0yLjUtMS43Yy0xLjMtMC40LTIuOC0xLjEtMi44LTMuMWMwLTIuNCwyLjEtMy42LDQuMy0zLjYKCQkJCUMxMjQuOCwxMi4yLDEyNiwxMi41LDEyNywxMy40eiIvPgoJCQk8cGF0aCBmaWxsPSIjRkZGRkZGIiBkPSJNMTMwLjUsMjNjMCwwLjQtMC4zLDAuOC0wLjgsMC44UzEyOSwyMy40LDEyOSwyM2MwLTAuNCwwLjMtMC44LDAuOC0wLjhTMTMwLjUsMjIuNSwxMzAuNSwyM3oiLz4KCQkJPHBhdGggZmlsbD0iI0ZGRkZGRiIgZD0iTTEzMy4zLDE2LjRjMC45LDAsMC45LDAsMC45LDBjMCw3LjMsMCw3LjMsMCw3LjNjLTAuOSwwLTAuOSwwLTAuOSwwVjE2LjR6IE0xMzQuNSwxMy41CgkJCQljMCwwLjMtMC4zLDAuNy0wLjgsMC43Yy0wLjQsMC0wLjctMC4zLTAuNy0wLjdjMC0wLjQsMC4yLTAuOCwwLjctMC44QzEzNC4xLDEyLjcsMTM0LjUsMTMuMSwxMzQuNSwxMy41eiIvPgoJCQk8cGF0aCBmaWxsPSIjRkZGRkZGIiBkPSJNMTQwLjMsMjNjMS44LDAsMi45LTEuMiwyLjktM2MwLTEuOC0xLjEtMy0yLjktM2MtMS42LDAtMi45LDEuMi0yLjksM0MxMzcuNCwyMS44LDEzOC41LDIzLDE0MC4zLDIzegoJCQkJIE0xNDQuMSwyMGMwLDIuMi0xLjUsMy44LTMuOSwzLjhjLTIuMiwwLTMuOS0xLjctMy45LTMuOGMwLTIuMiwxLjYtMy45LDMuOS0zLjlDMTQyLjUsMTYuMSwxNDQuMSwxNy44LDE0NC4xLDIweiIvPgoJCQk8cmVjdCB4PSIxMi44IiB5PSIzMCIgZmlsbD0iI0ZGRkZGRiIgd2lkdGg9IjEiIGhlaWdodD0iMTEuMiIvPgoJCQk8cGF0aCBmaWxsPSIjRkZGRkZGIiBkPSJNMjIuOSwzNi45YzAsNC4zLDAsNC4zLDAsNC4zYy0xLDAtMSwwLTEsMGMwLTQuMiwwLTQuMiwwLTQuMmMwLTEuNy0wLjUtMi40LTEuOC0yLjQKCQkJCWMtMS41LDAtMi41LDEuMS0yLjUsM2MwLDMuNiwwLDMuNiwwLDMuNmMtMSwwLTEsMC0xLDBjMC01LjMsMC01LjMsMC01LjNjMC0wLjItMC4xLTEuOS0wLjEtMmMxLDAsMSwwLDEsMGMwLDAuNCwwLDEuMSwwLDEuMwoJCQkJYzAuMSwwLDAuMSwwLDAuMSwwYzAuNC0xLDEuNC0xLjUsMi41LTEuNUMyMS45LDMzLjcsMjIuOSwzNC43LDIyLjksMzYuOXoiLz4KCQkJPHBhdGggZmlsbD0iI0ZGRkZGRiIgZD0iTTI2LDMxLjljMSwwLDEsMCwxLDBjMCwyLjEsMCwyLjEsMCwyLjFjMi4xLDAsMi4xLDAsMi4xLDBjMCwwLjksMCwwLjksMCwwLjljLTIuMSwwLTIuMSwwLTIuMSwwCgkJCQljMCw0LjcsMCw0LjcsMCw0LjdjMCwwLjcsMC4zLDEsMSwxYzAuMywwLDAuNy0wLjEsMS4xLTAuMmMwLDAuOSwwLDAuOSwwLDAuOWMtMC40LDAuMS0wLjksMC4yLTEuMiwwLjJjLTEuMiwwLTEuOS0wLjgtMS45LTEuOQoJCQkJYzAtNC43LDAtNC43LDAtNC43Yy0xLjYsMC0xLjYsMC0xLjYsMGMwLTAuOSwwLTAuOSwwLTAuOWMxLjYsMCwxLjYsMCwxLjYsMFYzMS45eiIvPgoJCQk8cGF0aCBmaWxsPSIjRkZGRkZGIiBkPSJNMzYuNCwzN2MwLTEuNC0xLjEtMi40LTIuNS0yLjRjLTEuNCwwLTIuNSwxLjEtMi42LDIuNEgzNi40eiBNMzcuNCwzNy4zYzAsMC42LDAsMC42LDAsMC42CgkJCQljLTYuMiwwLTYuMiwwLTYuMiwwYzAuMSwxLjUsMSwyLjgsMi43LDIuOGMxLDAsMi0wLjQsMi40LTEuMmMwLjgsMC41LDAuOCwwLjUsMC44LDAuNWMtMC44LDEuMS0xLjksMS41LTMuMiwxLjUKCQkJCWMtMi4yLDAtMy43LTEuNS0zLjctMy44YzAtMi4xLDEuNS0zLjgsMy42LTMuOEMzNS45LDMzLjcsMzcuNCwzNS4xLDM3LjQsMzcuM3oiLz4KCQkJPHBhdGggZmlsbD0iI0ZGRkZGRiIgZD0iTTQzLjEsNDAuNWMxLjYsMCwyLjktMS4zLDIuOS0zYzAtMS41LTEuMi0yLjktMi45LTIuOWMtMS41LDAtMi45LDEuMy0yLjksMi45CgkJCQlDNDAuMiwzOSw0MS40LDQwLjUsNDMuMSw0MC41eiBNNDUuOSwzNS4yTDQ1LjksMzUuMmMwLTEuMiwwLTEuMiwwLTEuMmMxLDAsMSwwLDEsMGMwLDYuOCwwLDYuOCwwLDYuOGMwLDIuOS0xLjQsNC4zLTQsNC4zCgkJCQljLTEuMywwLTIuOC0wLjYtMy42LTEuNWMwLjgtMC43LDAuOC0wLjcsMC44LTAuN2MwLjcsMC45LDEuOCwxLjMsMi45LDEuM2MyLDAsMy0xLjEsMy0zLjNjMC0xLjEsMC0xLjEsMC0xLjFsMCwwCgkJCQljLTAuNSwwLjktMS41LDEuNC0yLjgsMS40Yy0yLjIsMC00LTEuNy00LTMuN2MwLTIuMSwxLjktMy43LDQtMy43QzQ0LjQsMzMuNyw0NS40LDM0LjMsNDUuOSwzNS4yeiIvPgoJCQk8cGF0aCBmaWxsPSIjRkZGRkZGIiBkPSJNNTMuMSwzMy45QzUzLDM0LjcsNTMsMzQuNyw1MywzNC43Yy0wLjEsMC0wLjMsMC0wLjQsMGMtMS41LDAtMi4zLDEtMi4zLDIuNWMwLDQsMCw0LDAsNGMtMSwwLTEsMC0xLDAKCQkJCWMwLTUuMywwLTUuMywwLTUuM2MwLTAuMi0wLjEtMS45LTAuMS0yYzEsMCwxLDAsMSwwYzAsMC41LDAsMS4xLDAsMS4zYzAuNy0xLDEuNC0xLjUsMi40LTEuNUM1Mi42LDMzLjcsNTIuOCwzMy43LDUzLjEsMzMuOXoiLz4KCQkJPHBhdGggZmlsbD0iI0ZGRkZGRiIgZD0iTTU2LjgsNDAuNmMxLjYsMCwyLjUtMC45LDIuNS0yLjRjMC0wLjUsMC0wLjUsMC0wLjVjLTEuMiwwLTEuMiwwLTEuMiwwYy0xLjUsMC0zLDAuNC0zLDEuNwoJCQkJQzU1LjIsNDAsNTUuOCw0MC42LDU2LjgsNDAuNnogTTYwLjIsMzYuNGMwLDIuMSwwLDIuMSwwLDIuMWMwLDEuMiwwLDIuMSwwLjEsMi44Yy0wLjksMC0wLjksMC0wLjksMGMtMC4xLTAuMy0wLjEtMC43LTAuMS0xLjEKCQkJCWwwLDBjLTAuNiwwLjktMS40LDEuMy0yLjUsMS4zYy0xLjcsMC0yLjYtMC45LTIuNi0yLjJjMC0xLjcsMS40LTIuNCw0LTIuNGMxLjIsMCwxLjIsMCwxLjIsMGMwLTAuNCwwLTAuNCwwLTAuNAoJCQkJYzAtMS4yLTAuOC0xLjgtMi4xLTEuOGMtMC45LDAtMS41LDAuMi0yLjIsMC44Yy0wLjUtMC43LTAuNS0wLjctMC41LTAuN2MwLjctMC43LDEuOC0xLDIuOC0xQzU5LjIsMzMuNyw2MC4yLDM0LjcsNjAuMiwzNi40eiIvPgoJCQk8cGF0aCBmaWxsPSIjRkZGRkZGIiBkPSJNNjMuMywzMS45YzAuOSwwLDAuOSwwLDAuOSwwYzAsMi4xLDAsMi4xLDAsMi4xYzIuMSwwLDIuMSwwLDIuMSwwYzAsMC45LDAsMC45LDAsMC45Yy0yLjEsMC0yLjEsMC0yLjEsMAoJCQkJYzAsNC43LDAsNC43LDAsNC43YzAsMC43LDAuNCwxLDEsMWMwLjQsMCwwLjgtMC4xLDEuMS0wLjJjMC4xLDAuOSwwLjEsMC45LDAuMSwwLjljLTAuNCwwLjEtMSwwLjItMS4yLDAuMgoJCQkJYy0xLjMsMC0xLjktMC44LTEuOS0xLjljMC00LjcsMC00LjcsMC00LjdjLTEuNiwwLTEuNiwwLTEuNiwwYzAtMC45LDAtMC45LDAtMC45YzEuNiwwLDEuNiwwLDEuNiwwVjMxLjl6Ii8+CgkJCTxwYXRoIGZpbGw9IiNGRkZGRkYiIGQ9Ik02OC4xLDM0YzEsMCwxLDAsMSwwYzAsNy4zLDAsNy4zLDAsNy4zYy0xLDAtMSwwLTEsMFYzNHogTTY5LjMsMzEuMWMwLDAuMy0wLjMsMC43LTAuOCwwLjcKCQkJCWMtMC4zLDAtMC43LTAuMy0wLjctMC43YzAtMC40LDAuMy0wLjgsMC43LTAuOEM2OSwzMC4zLDY5LjMsMzAuNyw2OS4zLDMxLjF6Ii8+CgkJCTxwYXRoIGZpbGw9IiNGRkZGRkYiIGQ9Ik03NS4yLDQwLjZjMS44LDAsMy0xLjIsMy0zYzAtMS44LTEuMi0zLTMtM2MtMS43LDAtMi45LDEuMi0yLjksM0M3Mi4zLDM5LjQsNzMuNSw0MC42LDc1LjIsNDAuNnoKCQkJCSBNNzksMzcuNmMwLDIuMi0xLjUsMy44LTMuOSwzLjhjLTIuMiwwLTMuOS0xLjctMy45LTMuOGMwLTIuMiwxLjYtMy44LDMuOS0zLjhDNzcuNSwzMy43LDc5LDM1LjQsNzksMzcuNnoiLz4KCQkJPHBhdGggZmlsbD0iI0ZGRkZGRiIgZD0iTTg3LjUsMzYuOWMwLDQuMywwLDQuMywwLDQuM2MtMSwwLTEsMC0xLDBjMC00LjIsMC00LjIsMC00LjJjMC0xLjctMC42LTIuNC0xLjktMi40CgkJCQljLTEuNSwwLTIuNSwxLjEtMi41LDNjMCwzLjYsMCwzLjYsMCwzLjZjLTAuOSwwLTAuOSwwLTAuOSwwYzAtNS4zLDAtNS4zLDAtNS4zYzAtMC4yLTAuMS0xLjktMC4xLTJjMSwwLDEsMCwxLDAKCQkJCWMwLDAuNCwwLDEuMSwwLDEuM2MwLjEsMCwwLjEsMCwwLjEsMGMwLjQtMSwxLjQtMS41LDIuNC0xLjVDODYuNSwzMy43LDg3LjUsMzQuNyw4Ny41LDM2Ljl6Ii8+CgkJPC9nPgoJPC9nPgo8L2c+CjxnIGlkPSJMYXllcl8yIj4KPC9nPgo8ZyBpZD0iTGF5ZXJfMyI+CjwvZz4KPC9zdmc+Cg==","logoFileName":"default-logo.svg","primaryBtnBgColor":"#aa0000","primaryBtnColor":"#ffffff","primaryBtnBrbColor":"#990000","secondaryBtnBgColor":"#ffffff","secondaryBtnColor":"#990000","secondaryBtnBrbColor":"#990000","favIconImage":"data:image/vnd.microsoft.icon;base64,AAABAAMAMDAAAAEAIACoJQAANgAAACAgAAABACAAqBAAAN4lAAAQEAAAAQAgAGgEAACGNgAAKAAAADAAAABgAAAAAQAgAAAAAAAAJAAAAAAAAAAAAAAAAAAAAAAAAAAAAAAAAAAAAAAAAAAAAAAAAAAAAAAAAAAAAAAAAAAAAAAAAAAAAAAAAAAAAAAAAAAAAAAAAAAAAAAAAAAAAAAAAAAAAAAAAAAAAAAAAAAAAAAAAAAAAAAAAAAAAAAAAAAAAAAAAAAAAAAAAAAAAAAAAAAAAAAAAAAAAAAAAAAAAAAAAAAAAAAAAAAAAAAAAAAAAAAAAAAAAAAAAAAAAAAAAAAAAAAAAAAAAAAAAAAAAAAAAAAAAAAAAAAAAAAAAAAAAAAAAAAAAAAAAAAAAAAAAAAAAAAAAAAAAAAAAAAAAAAAAAAAAAAAAAAAAAAAAAAAAAAAAAAAAAAAAAAAAAAAAAAAAAAAAAAAAAAAAAAAAAAAAAAAAAAAAAAAAAAAAAAAAAAAAAAAAAAAAAAAAAAAAAAAAAAAAAAAAAAAAAAAAAAAAAAAAAAAAAAAAAAAAAAAAAAAAAAAAAAAAAAAAAAAAAAAAAAAAAAAAAAAAAAAAAAAAAAAAAAAAAAAAAAAAAAAAAAAAAAAAAAAAAAAAAAAAAAAAAAAAAAAAAAAAAAAAAAAAAAAAAAAAAAAv3cgAr13Hyi9dh5gvXYedr12Hl+9dh8mv3YgAgAAAAAAAAAAAAAAAAAAAAAAAAAAAAAAAAAAAAAAAAAAAAAAAAAAAAAAAAAAAAAAAMB5IQG+dh8hvXYeYL12HoG9dh5zvncePL54HwcAAAAAAAAAAAAAAAAAAAAAAAAAAAAAAAAAAAAAAAAAAAAAAAAAAAAAAAAAAAAAAAAAAAAAAAAAAAAAAAAAAAAAAAAAAAAAAAAAAAAAAAAAAAAAAAC/dyAIvXYecb12HuG9dh79vXYe/712Hv29dh7evXYea793IAcAAAAAAAAAAAAAAAAAAAAAAAAAAAAAAAAAAAAAAAAAAAAAAAAAAAAAwXghAr52Hle9dh7WvXYe/b12Hv+9dh7/vXYe7712HpW+dx8VAAAAAAAAAAAAAAAAAAAAAAAAAAAAAAAAAAAAAAAAAAAAAAAAAAAAAAAAAAAAAAAAAAAAAAAAAAAAAAAAAAAAAAAAAAAAAAAAAAAAAAAAAAC9dh9svXYe9712Hv+9dh7/vXYe/712Hv+9dh7/vXYe9L12HmQAAAAAAAAAAAAAAAAAAAAAAAAAAAAAAAAAAAAAAAAAAAAAAAAAAAAAvnYeR712Hum9dh7/vXYe/712Hv+9dh7/vXYe/712Hv69dh6WvnggBwAAAAAAAAAAAAAAAAAAAAAAAAAAAAAAAAAAAAAAAAAAAAAAAAAAAAAAAAAAAAAAAAAAAAAAAAAAAAAAAAAAAAAAAAAAAAAAAL53Hx+9dh7XvXYe/712Hv+9dh7/vXYe/712Hv+9dh7/vXYe/712HtG9dh4aAAAAAAAAAAAAAAAAAAAAAAAAAAAAAAAAAAAAAAAAAAC+dx8JvXYesr12Hv+9dh7/vXYe/712Hv+9dh7/vXYe/712Hv+9dh7vvXcfPgAAAAAAAAAAAAAAAAAAAAAAAAAAAAAAAAAAAAAAAAAAAAAAAAAAAAAAAAAAAAAAAAAAAAAAAAAAAAAAAAAAAAAAAAAAAAAAAL12Hk69dh75vXYe/712Hv+9dh7/vXYe/712Hv+9dh7/vXYe/712Hva9dh5GAAAAAAAAAAAAAAAAAAAAAAAAAAAAAAAAAAAAAAAAAAC9dx4lvXYe4712Hv+9dh7/vXYe/712Hv+9dh7/vXYe/712Hv+9dh7/vXYedgAAAAAAAAAAAAAAAAAAAAAAAAAAAAAAAAAAAAAAAAAAAAAAAAAAAAAAAAAAAAAAAAAAAAAAAAAAAAAAAAAAAAAAAAAAAAAAAL12Hl29dh7+vXYe/712Hv+9dh7/vXYe/712Hv+9dh7/vXYe/712Hvu9dh5VAAAAAAAAAAAAAAAAAAAAAAAAAAAAAAAAAAAAAAAAAAC9dh4wvXYe6712Hv+9dh7/vXYe/712Hv+9dh7/vXYe/712Hv+9dh7/vXYehQAAAAAAAAAAAAAAAAAAAAAAAAAAAAAAAAAAAAAAAAAAAAAAAAAAAAAAAAAAAAAAAAAAAAAAAAAAAAAAAAAAAAAAAAAAAAAAAL12HkK9dh70vXYe/712Hv+9dh7/vXYe/712Hv+9dh7/vXYe/712HvG9dh47AAAAAAAAAAAAAAAAAAAAAAAAAAAAAAAAAAAAAAAAAAC+dx4cvXYe2L12Hv+9dh7/vXYe/712Hv+9dh7/vXYe/712Hv+9dh7+vXYeZgAAAAAAAAAAAAAAAAAAAAAAAAAAAAAAAAAAAAAAAAAAAAAAAAAAAAAAAAAAAAAAAAAAAAAAAAAAAAAAAAAAAAAAAAAAAAAAAL53HxK9dh7CvXYe/712Hv+9dh7/vXYe/712Hv+9dh7/vXYe/712Hrq+dx8PAAAAAAAAAAAAAAAAAAAAAAAAAAAAAAAAAAAAAAAAAADAeSICvXYejr12Hv+9dh7/vXYe/712Hv+9dh7/vXYe/712Hv+9dh7cvXYeJwAAAAAAAAAAAAAAAAAAAAAAAAAAAAAAAAAAAAAAAAAAAAAAAAAAAAAAAAAAAAAAAAAAAAAAAAAAAAAAAAAAAAAAAAAAAAAAAAAAAAC9dx5HvXYe4712Hv+9dh7/vXYe/712Hv+9dh7/vXYe/712HnIAAAAAAAAAAAAAAAAAAAAAAAAAAAAAAAAAAAAAAAAAAAAAAAAAAAAAvXYeQb12HvK9dh7/vXYe/712Hv+9dh7/vXYe/712HvG9dh5lAAAAAAAAAAAAAAAAAAAAAAAAAAAAAAAAAAAAAAAAAAAAAAAAAAAAAAAAAAAAAAAAAAAAAAAAAAAAAAAAAAAAAAAAAAAAAAAAAAAAAAAAAADAeiMBvXceQb12HrW9dh7qvXYe9L12Hve9dh7/vXYe/712Hr6+dx8TAAAAAAAAAAAAAAAAAAAAAAAAAAAAAAAAAAAAAAAAAAC/eCEEvXYekr12Hv+9dh7/vXYe+712HvW9dh7uvXYexL12H1a/dyAFAAAAAAAAAAAAAAAAAAAAAAAAAAAAAAAAAAAAAAAAAAAAAAAAAAAAAAAAAAAAAAAAAAAAAAAAAAAAAAAAAAAAAAAAAAAAAAAAAAAAAAAAAAAAAAAAAAAAAL53Hwu9dx4uvXYePL12Hmq9dh7zvXYe/712Hvu9dh5tAAAAAAAAAAAAAAAAAAAAAAAAAAAAAAAAAAAAAAAAAAC+dh5AvXYe6712Hv+9dh7/vXYemL12Hj69dh4zvncfEQAAAAAAAAAAAAAAAAAAAAAAAAAAAAAAAAAAAAAAAAAAAAAAAAAAAAAAAAAAAAAAAAAAAAAAAAAAAAAAAAAAAAAAAAAAAAAAAAAAAAAAAAAAAAAAAAAAAAAAAAAAAAAAAAAAAAAAAAAAAAAAAL53Hwm9dh6mvXYe/712Hv+9dh7WvncfJAAAAAAAAAAAAAAAAAAAAAAAAAAAAAAAAL53Hwy9dh6vvXYe/712Hv+9dh7WvXcfJAAAAAAAAAAAAAAAAAAAAAAAAAAAAAAAAAAAAAAAAAAAAAAAAAAAAAAAAAAAAAAAAAAAAAAAAAAAAAAAAAAAAAAAAAAAAAAAAAAAAAAAAAAAAAAAAAAAAAAAAAAAAAAAAAAAAAAAAAAAAAAAAAAAAAAAAAAAAAAAAAAAAAC+dx44vXYe5712Hv+9dh7/vXYeir95IQIAAAAAAAAAAAAAAAAAAAAAAAAAAL12Hlq9dh73vXYe/712Hvu9dh5rAAAAAAAAAAAAAAAAAAAAAAAAAAAAAAAAAAAAAAAAAAAAAAAAAAAAAAAAAAAAAAAAAAAAAAAAAAAAAAAAAAAAAAAAAAAAAAAAAAAAAAAAAAAAAAAAAAAAAAAAAAAAAAAAAAAAAAAAAAAAAAAAAAAAAAAAAAAAAAAAAAAAAAAAAADAeR8CvXYeib12Hv+9dh7/vXYe5r12HzAAAAAAAAAAAAAAAAAAAAAAvXYeEb12HsK9dh7/vXYe/712Hry9dx8SAAAAAAAAAAAAAAAAAAAAAAAAAAAAAAAAAAAAAAAAAAAAAAAAAAAAAAAAAAAAAAAAAAAAAAAAAAAAAAAAAAAAAAAAAAAAAAAAAAAAAAAAAAAAAAAAAAAAAAAAAAAAAAAAAAAAAAAAAAAAAAAAAAAAAAAAAAAAAAAAAAAAAAAAAAAAAAAAvnceI712HtS9dh7/vXYe9r12HkYAAAAAAAAAAAAAAAAAAAAAvXYeGr12Hta9dh7/vXYe8L12HksAAAAAAAAAAAAAAAAAAAAAAAAAAAAAAAAAAAAAAAAAAAAAAAAAAAAAAAAAAAAAAAAAAAAAAAAAAAAAAAAAAAAAAAAAAAAAAAAAAAAAAAAAAAAAAAAAAAAAAAAAAAAAAAAAAAAAAAAAAAAAAAAAAAAAAAAAAAAAAAAAAAAAAAAAAAAAAAAAAAAAAAAAAL12Hkq9dh62vXYehb52Hw4AAAAAAAAAAAAAAAAAAAAAv3ghAr12Hly9dh60vXYebb94HwYAAAAAAAAAAAAAAAAAAAAAAAAAAAAAAAAAAAAAAAAAAAAAAAAAAAAAAAAAAAAAAAAAAAAAAAAAAAAAAAAAAAAAAAAAAAAAAAAAAAAAAAAAAL54HwW+dx8RvncfDr93IAIAAAAAAAAAAAAAAAAAAAAAAAAAAAAAAAAAAAAAAAAAAAAAAAAAAAAAAAAAAAAAAAC/dyAHvngfAwAAAAAAAAAAAAAAAMN3JwEAAAAAAAAAAL54IAG+eCAFvnggAQAAAAAAAAAAAAAAAAAAAAAAAAAAAAAAAAAAAAAAAAAAAAAAAAAAAAAAAAAAAAAAAL53Hwa+dh8Hv3ggAgAAAAAAAAAAAAAAAAAAAAC+dh8IvXYeUr12Hqq9dh7NvXYex712HpW+dh41vnghAQAAAAAAAAAAAAAAAAAAAAAAAAAAAAAAAAAAAAAAAAAAAAAAAAAAAAAAAAAAAAAAAL53HxC9dh5WvXYekr12Hpu9dh5zvXYeJ8F4IQEAAAAAAAAAAAAAAAAAAAAAAAAAAAAAAAAAAAAAAAAAAAAAAAAAAAAAAAAAAAAAAAC+dx8mvXYefb12HrS9dh66vXYekr13Hj6+dx4EAAAAAL53Hwq9dh6EvXYe9b12Hv+9dh7/vXYe/712Hv+9dh7ivXYeUAAAAAAAAAAAAAAAAAAAAAAAAAAAAAAAAAAAAAAAAAAAAAAAAAAAAAAAAAAAvnceH712Hq29dh75vXYe/712Hv+9dh7/vXYe2b12HlAAAAAAAAAAAAAAAAAAAAAAAAAAAAAAAAAAAAAAAAAAAAAAAAAAAAAAAAAAAL53HkO9dh7UvXYe/712Hv+9dh7/vXYe/712Huy9dh5wv3gfBb52Hme9dh70vXYe/712Hv+9dh7/vXYe/712Hv+9dh7/vXYe1b53Hya8fiIBvXkgA715IAO9eSADvXkgA8B5IAIAAAAAAAAAAAAAAAC+dx8IvXYeoL12Hv+9dh7/vXYe/712Hv+9dh7/vXYe/712Ht6+dx4wAAAAAAAAAAAAAAAAAAAAAL19JAG9fCUBvXwkAb18JAEAAAAAvncfIL12Hs+9dh7/vXYe/712Hv+9dh7/vXYe/712Hv+9dh7uvXYeV712Hs69dh7/vXYe/712Hv+9dh7/vXYe/712Hv+9dh7/vXYe/b12Hsa9dh6svXYerb12Hq29dh6tvXYerr12Hp+9dh43AAAAAAAAAAC9dh44vXYe7r12Hv+9dh7/vXYe/712Hv+9dh7/vXYe/712Hv+9dh6IAAAAAAAAAAC+dh8YvXYegr12HqW9dh6lvXYepb12HqW9dh6jvXYewL12Hv29dh7/vXYe/712Hv+9dh7/vXYe/712Hv+9dh7/vXYew712Hvi9dh7/vXYe/712Hv+9dh7/vXYe/712Hv+9dh7/vXYe/712Hv+9dh7/vXYe/712Hv+9dh7/vXYe/712Hv+9dh60v3cgCAAAAAC9dh5ivXYe/712Hv+9dh7/vXYe/712Hv+9dh7/vXYe/712Hv+9dh64vnYgBwAAAAC9dh55vXYe/712Hv+9dh7/vXYe/712Hv+9dh7/vXYe/712Hv+9dh7/vXYe/712Hv+9dh7/vXYe/712Hv+9dh7/vXYe8r12HvW9dh7/vXYe/712Hv+9dh7/vXYe/712Hv+9dh7/vXYe/712Hv+9dh7/vXYe/712Hv+9dh7/vXYe/712Hv+9dh6lv3cgBgAAAAC9dh5gvXYe/r12Hv+9dh7/vXYe/712Hv+9dh7/vXYe/712Hv+9dh69vncfCQAAAAC9dh5vvXYe/L12Hv+9dh7/vXYe/712Hv+9dh7/vXYe/712Hv+9dh7/vXYe/712Hv+9dh7/vXYe/712Hv+9dh7/vXYe9L12HsW9dh7/vXYe/712Hv+9dh7/vXYe/712Hv+9dh7/vXYe/r12Hq+9dh6CvXYehL12HoS9dh6EvXYehb12HnW+dx8hAAAAAAAAAAC+dh41vXYe7L12Hv+9dh7/vXYe/712Hv+9dh7/vXYe/712Hv+9dh6NAAAAAAAAAAC+dx8QvXYeaL12Hom9dh6JvXYeib12Hom9dh6HvXYesL12Hv29dh7/vXYe/712Hv+9dh7/vXYe/712Hv+9dh7/vXYeyL13Hlm9dh7uvXYe/712Hv+9dh7/vXYe/712Hv+9dh7/vXYe0r53HiMAAAAAAAAAAAAAAAAAAAAAAAAAAAAAAAAAAAAAAAAAAAAAAAC+dx8GvXYemb12Hv+9dh7/vXYe/712Hv+9dh7/vXYe/712Ht6+dh8xAAAAAAAAAAAAAAAAAAAAAAAAAAAAAAAAAAAAAAAAAAAAAAAAvncfIb12HtC9dh7/vXYe/712Hv+9dh7/vXYe/712Hv+9dh7yvnYfYL53HwW9dh5wvXYe7L12Hv+9dh7/vXYe/712Hv+9dh7WvXYeRgAAAAAAAAAAAAAAAAAAAAAAAAAAAAAAAAAAAAAAAAAAAAAAAAAAAAAAAAAAvXcfGr12HqK9dh72vXYe/712Hv+9dh7+vXYe1b12Hk0AAAAAAAAAAAAAAAAAAAAAAAAAAAAAAAAAAAAAAAAAAAAAAAAAAAAAAAAAAL12H0S9dh7WvXYe/712Hv+9dh7/vXYe/712HvK9dh58vncgCAAAAAC+dx8EvXYePr12HpG9dh64vXYesr12Hn29dx4nAAAAAAAAAAAAAAAAAAAAAAAAAAAAAAAAAAAAAAAAAAAAAAAAAAAAAAAAAAAAAAAAAAAAAL53Hwy9dh5LvXYehb12HpC9dh5pvXceIgAAAAAAAAAAAAAAAAAAAAAAAAAAAAAAAAAAAAAAAAAAAAAAAAAAAAAAAAAAAAAAAAAAAAC9dx4nvXYegL12Hra9dh7FvXYeor12Hku+dx8GAAAAAAAAAAAAAAAAAAAAAL92IAG+dh8HvncfBQAAAAAAAAAAAAAAAAAAAAAAAAAAAAAAAAAAAAAAAAAAAAAAAAAAAAAAAAAAAAAAAL53HwO9dh4WvXcfCwAAAAAAAAAAAAAAAAAAAAAAAAAAAAAAAL53Hwa9dh8XvncfCAAAAAAAAAAAAAAAAAAAAAAAAAAAAAAAAAAAAAAAAAAAAAAAAAAAAAAAAAAAwnogAb53Hwe+dx8Mv3cgBAAAAAAAAAAAAAAAAAAAAAAAAAAAAAAAAAAAAAAAAAAAAAAAAAAAAAAAAAAAAAAAAAAAAAAAAAAAAAAAAAAAAAAAAAAAAAAAAAAAAAAAAAAAwHggAb12Hme9dh7WvXYeqL53HxgAAAAAAAAAAAAAAAAAAAAAvncfBr12HoC9dh7avXYekr53Hw0AAAAAAAAAAAAAAAAAAAAAAAAAAAAAAAAAAAAAAAAAAAAAAAAAAAAAAAAAAAAAAAAAAAAAAAAAAAAAAAAAAAAAAAAAAAAAAAAAAAAAAAAAAAAAAAAAAAAAAAAAAAAAAAAAAAAAAAAAAAAAAAAAAAAAAAAAAAAAAAAAAAAAAAAAAAAAAAAAAAAAvncfML12HuG9dh7/vXYe+L12HksAAAAAAAAAAAAAAAAAAAAAvncfIb12HuC9dh7/vXYe+L12Hl8AAAAAAAAAAAAAAAAAAAAAAAAAAAAAAAAAAAAAAAAAAAAAAAAAAAAAAAAAAAAAAAAAAAAAAAAAAAAAAAAAAAAAAAAAAAAAAAAAAAAAAAAAAAAAAAAAAAAAAAAAAAAAAAAAAAAAAAAAAAAAAAAAAAAAAAAAAAAAAAAAAAAAAAAAAAAAAAC+dx8GvXYenb12Hv+9dh7/vXYe3b53HigAAAAAAAAAAAAAAAAAAAAAvncfDb12Hri9dh7/vXYe/712Hsu9dh8bAAAAAAAAAAAAAAAAAAAAAAAAAAAAAAAAAAAAAAAAAAAAAAAAAAAAAAAAAAAAAAAAAAAAAAAAAAAAAAAAAAAAAAAAAAAAAAAAAAAAAAAAAAAAAAAAAAAAAAAAAAAAAAAAAAAAAAAAAAAAAAAAAAAAAAAAAAAAAAAAAAAAAAAAAAC9dh5KvXYe8L12Hv+9dh7+vXYeeQAAAAAAAAAAAAAAAAAAAAAAAAAAAAAAAL12Hku9dh7xvXYe/712Hv69dh57AAAAAAAAAAAAAAAAAAAAAAAAAAAAAAAAAAAAAAAAAAAAAAAAAAAAAAAAAAAAAAAAAAAAAAAAAAAAAAAAAAAAAAAAAAAAAAAAAAAAAAAAAAAAAAAAAAAAAAAAAAAAAAAAAAAAAAAAAAAAAAAAAAAAAAAAAAAAAAAAAAAAAL54HxG9dh66vXYe/712Hv+9dh7JvncfGgAAAAAAAAAAAAAAAAAAAAAAAAAAAAAAAL53Hge9dh6fvXYe/712Hv+9dh7fvXYfLQAAAAAAAAAAAAAAAAAAAAAAAAAAAAAAAAAAAAAAAAAAAAAAAAAAAAAAAAAAAAAAAAAAAAAAAAAAAAAAAAAAAAAAAAAAAAAAAAAAAAAAAAAAAAAAAAAAAAAAAAAAAAAAAAAAAAAAAAAAAAAAAL53Hxa9dh5BvXYeUb12HoO9dh75vXYe/712Hve9dh5bAAAAAAAAAAAAAAAAAAAAAAAAAAAAAAAAAAAAAAAAAAC9dh4yvXYe4712Hv+9dh7/vXYepr12HlO9dh5HvXceHL94HwEAAAAAAAAAAAAAAAAAAAAAAAAAAAAAAAAAAAAAAAAAAAAAAAAAAAAAAAAAAAAAAAAAAAAAAAAAAAAAAAAAAAAAAAAAAAAAAAAAAAAAAAAAAAAAAAC/eB8EvXceWb12Hsy9dh71vXYe/L12Hv29dh7/vXYe/712Hq6+dx8MAAAAAAAAAAAAAAAAAAAAAAAAAAAAAAAAAAAAAAAAAADCfyQBvXYegL12Hv69dh7/vXYe/r12Hvy9dh74vXYe1b12Hmm+dh8IAAAAAAAAAAAAAAAAAAAAAAAAAAAAAAAAAAAAAAAAAAAAAAAAAAAAAAAAAAAAAAAAAAAAAAAAAAAAAAAAAAAAAAAAAAAAAAAAAAAAAAAAAAC9dh5bvXYe7712Hv+9dh7/vXYe/712Hv+9dh7/vXYe/712Hm4AAAAAAAAAAAAAAAAAAAAAAAAAAAAAAAAAAAAAAAAAAAAAAAAAAAAAvXYeSb12HvW9dh7/vXYe/712Hv+9dh7/vXYe/712Hva9dh5ywnsiAQAAAAAAAAAAAAAAAAAAAAAAAAAAAAAAAAAAAAAAAAAAAAAAAAAAAAAAAAAAAAAAAAAAAAAAAAAAAAAAAAAAAAAAAAAAAAAAAL53Hhq9dh7QvXYe/712Hv+9dh7/vXYe/712Hv+9dh7/vXYe/712HsG+dx8RAAAAAAAAAAAAAAAAAAAAAAAAAAAAAAAAAAAAAAAAAAC+dx8HvXYep712Hv+9dh7/vXYe/712Hv+9dh7/vXYe/712Hv+9dh7hvnYfKwAAAAAAAAAAAAAAAAAAAAAAAAAAAAAAAAAAAAAAAAAAAAAAAAAAAAAAAAAAAAAAAAAAAAAAAAAAAAAAAAAAAAAAAAAAAAAAAL12Hky9dh74vXYe/712Hv+9dh7/vXYe/712Hv+9dh7/vXYe/712HvK9dx47AAAAAAAAAAAAAAAAAAAAAAAAAAAAAAAAAAAAAAAAAAC+dh8lvXYe4r12Hv+9dh7/vXYe/712Hv+9dh7/vXYe/712Hv+9dh7/vXYeZgAAAAAAAAAAAAAAAAAAAAAAAAAAAAAAAAAAAAAAAAAAAAAAAAAAAAAAAAAAAAAAAAAAAAAAAAAAAAAAAAAAAAAAAAAAAAAAAL12HmK9dh7/vXYe/712Hv+9dh7/vXYe/712Hv+9dh7/vXYe/712Hvq9dh5PAAAAAAAAAAAAAAAAAAAAAAAAAAAAAAAAAAAAAAAAAAC9dx42vXYe8L12Hv+9dh7/vXYe/712Hv+9dh7/vXYe/712Hv+9dh7/vXYefgAAAAAAAAAAAAAAAAAAAAAAAAAAAAAAAAAAAAAAAAAAAAAAAAAAAAAAAAAAAAAAAAAAAAAAAAAAAAAAAAAAAAAAAAAAAAAAAL12Hky9dh74vXYe/712Hv+9dh7/vXYe/712Hv+9dh7/vXYe/712HvK9dh48AAAAAAAAAAAAAAAAAAAAAAAAAAAA
Time Taken: 606 ms
----------------------------------------------------------------------------------------
[64/114] Theme Update
{"output":{"name":"TestTheme","uid":"fl159123d8bbe1efcf852935","settings":{"description":"Test Theme3","theme":{"primaryColor":"#1776BF","primaryHeaderTextColor":"#ffffff","primaryTextColor":"#333333","linkColor":"#1776BF","primaryHoverColor":"#1776BF","backgroundImage":"data:image/svg+xml;base64,PHN2ZyB3aWR0aD0iMTk3IiBoZWlnaHQ9IjE4IiB2aWV3Qm94PSIwIDAgMTk3IDE4IiBmaWxsPSJub25lIiB4bWxucz0iaHR0cDovL3d3dy53My5vcmcvMjAwMC9zdmciPgo8cGF0aCBkPSJNMjQuMTA4OSA1Ljc2ODAzSDI0LjAzODlMMjMuMjEyOSA3LjQwNjAzTDIwLjg3NDkgMTEuNjYyTDE4LjUzNjkgNy40MDYwM0wxNy43MTA5IDUuNzY4MDNIMTcuNjQwOVYxNEgxNi40OTI5VjQuMjI4MDNIMTguMDYwOUwyMC44NjA5IDkuNDkyMDNIMjAuOTMwOUwyMy43NDQ5IDQuMjI4MDNIMjUuMjU2OVYxNEgyNC4xMDg5VjUuNzY4MDNaIiBmaWxsPSJ3aGl0ZSIvPgo8cGF0aCBkPSJNNy4xODY1MiA0LjIyODAzSDExLjIwNDVDMTIuMDE2NSA0LjIyODAzIDEyLjY1MTIgNC40NTY2OSAxMy4xMDg1IDQuOTE0MDNDMTMuNTc1MiA1LjM3MTM2IDEzLjgwODUgNS45ODI2OSAxMy44MDg1IDYuNzQ4MDNDMTMuODA4NSA3LjExMjAzIDEzLjc1NzIgNy40MjAwMyAxMy42NTQ1IDcuNjcyMDNDMTMuNTUxOSA3LjkyNDAzIDEzLjQyMTIgOC4xMzQwMyAxMy4yNjI1IDguMzAyMDNDMTMuMTAzOSA4LjQ2MDY5IDEyLjkzMTIgOC41ODIwMyAxMi43NDQ1IDguNjY2MDNDMTIuNTU3OSA4Ljc0MDY5IDEyLjM4NTIgOC43OTIwMyAxMi4yMjY1IDguODIwMDNWOC45MDQwM0MxMi40MDM5IDguOTEzMzYgMTIuNTk5OSA4Ljk2MDAzIDEyLjgxNDUgOS4wNDQwM0MxMy4wMzg1IDkuMTI4MDMgMTMuMjQ4NSA5LjI2MzM2IDEzLjQ0NDUgOS40NTAwM0MxMy42NDA1IDkuNjI3MzYgMTMuODAzOSA5Ljg2MDY5IDEzLjkzNDUgMTAuMTVDMTQuMDc0NSAxMC40MyAxNC4xNDQ1IDEwLjc3MDcgMTQuMTQ0NSAxMS4xNzJDMTQuMTQ0NSAxMS41NzM0IDE0LjA3OTIgMTEuOTQ2NyAxMy45NDg1IDEyLjI5MkMxMy44MjcyIDEyLjYzNzQgMTMuNjU0NSAxMi45MzYgMTMuNDMwNSAxMy4xODhDMTMuMjA2NSAxMy40NCAxMi45NDA1IDEzLjY0MDcgMTIuNjMyNSAxMy43OUMxMi4zMjQ1IDEzLjkzIDExLjk4ODUgMTQgMTEuNjI0NSAxNEg3LjE4NjUyVjQuMjI4MDNaTTguMzYyNTIgMTIuOTY0SDExLjI2MDVDMTEuNzY0NSAxMi45NjQgMTIuMTYxMiAxMi44MzggMTIuNDUwNSAxMi41ODZDMTIuNzM5OSAxMi4zMjQ3IDEyLjg4NDUgMTEuOTQ2NyAxMi44ODQ1IDExLjQ1MlYxMC45NzZDMTIuODg0NSAxMC40ODE0IDEyLjczOTkgMTAuMTA4IDEyLjQ1MDUgOS44NTYwM0MxMi4xNjEyIDkuNTk0NjkgMTEuNzY0NSA5LjQ2NDAzIDExLjI2MDUgOS40NjQwM0g4LjM2MjUyVjEyLjk2NFpNOC4zNjI1MiA4LjQ1NjAzSDExLjA2NDVDMTEuNTMxMiA4LjQ1NjAzIDExLjg5NTIgOC4zMzkzNiAxMi4xNTY1IDguMTA2MDNDMTIuNDE3OSA3Ljg3MjY5IDEyLjU0ODUgNy41MzY2OSAxMi41NDg1IDcuMDk4MDNWNi42MjIwM0MxMi41NDg1IDYuMTgzMzYgMTIuNDE3OSA1Ljg0NzM2IDEyLjE1NjUgNS42MTQwM0MxMS44OTUyIDUuMzgwNjkgMTEuNTMxMiA1LjI2NDAzIDExLjA2NDUgNS4yNjQwM0g4LjM2MjUyVjguNDU2MDNaIiBmaWxsPSJ3aGl0ZSIvPgo8cGF0aCBkPSJNMC45NTg5ODQgMTRWMTMuMDJIMi4zMzA5OFY1LjIwODAzSDAuOTU4OTg0VjQuMjI4MDNINC44Nzg5OFY1LjIwODAzSDMuNTA2OThWMTMuMDJINC44Nzg5OFYxNEgwLjk1ODk4NFoiIGZpbGw9IndoaXRlIi8+CjxwYXRoIGQ9Ik0xODYuMjE4IDE0VjYuNjkyMDVIMTg4LjAxVjcuOTEwMDVIMTg4LjA4QzE4OC4yMjkgNy41MTgwNSAxODguNDYzIDcuMTkxMzggMTg4Ljc4IDYuOTMwMDVDMTg5LjEwNyA2LjY1OTM4IDE4OS41NTUgNi41MjQwNSAxOTAuMTI0IDYuNTI0MDVDMTkwLjg4IDYuNTI0MDUgMTkxLjQ1OSA2Ljc3MTM4IDE5MS44NiA3LjI2NjA1QzE5Mi4yNjEgNy43NjA3MSAxOTIuNDYyIDguNDY1MzggMTkyLjQ2MiA5LjM4MDA1VjE0SDE5MC42N1Y5LjU2MjA1QzE5MC42NyA5LjAzOTM4IDE5MC41NzcgOC42NDczOCAxOTAuMzkgOC4zODYwNUMxOTAuMjAzIDguMTI0NzIgMTg5Ljg5NSA3Ljk5NDA1IDE4OS40NjYgNy45OTQwNUMxODkuMjc5IDcuOTk0MDUgMTg5LjA5NyA4LjAyMjA1IDE4OC45MiA4LjA3ODA1QzE4OC43NTIgOC4xMjQ3MiAxODguNTk4IDguMTk5MzggMTg4LjQ1OCA4LjMwMjA1QzE4OC4zMjcgOC4zOTUzOCAxODguMjIgOC41MTY3MSAxODguMTM2IDguNjY2MDVDMTg4LjA1MiA4LjgwNjA1IDE4OC4wMSA4Ljk3NDA1IDE4OC4wMSA5LjE3MDA1VjE0SDE4Ni4yMThaIiBmaWxsPSJ3aGl0ZSIvPgo8cGF0aCBkPSJNMTgxLjA2OCAxNC4xNjhDMTgwLjU0NSAxNC4xNjggMTgwLjA3NCAxNC4wNzk0IDE3OS42NTQgMTMuOTAyQzE3OS4yNDMgMTMuNzI0NyAxNzguODg4IDEzLjQ2OCAxNzguNTg5IDEzLjEzMkMxNzguMyAxMi43OTYgMTc4LjA3NiAxMi4zOTQ3IDE3Ny45MTcgMTEuOTI4QzE3Ny43NTkgMTEuNDUyIDE3Ny42OCAxMC45MiAxNzcuNjggMTAuMzMyQzE3Ny42OCA5Ljc0NDA1IDE3Ny43NTkgOS4yMTY3MiAxNzcuOTE3IDguNzUwMDVDMTc4LjA3NiA4LjI4MzM4IDE3OC4zIDcuODg2NzIgMTc4LjU4OSA3LjU2MDA1QzE3OC44ODggNy4yMjQwNSAxNzkuMjQzIDYuOTY3MzggMTc5LjY1NCA2Ljc5MDA1QzE4MC4wNzQgNi42MTI3MSAxODAuNTQ1IDYuNTI0MDUgMTgxLjA2OCA2LjUyNDA1QzE4MS41OSA2LjUyNDA1IDE4Mi4wNjIgNi42MTI3MSAxODIuNDgyIDYuNzkwMDVDMTgyLjkwMiA2Ljk2NzM4IDE4My4yNTYgNy4yMjQwNSAxODMuNTQ2IDcuNTYwMDVDMTgzLjg0NCA3Ljg4NjcyIDE4NC4wNzMgOC4yODMzOCAxODQuMjMyIDguNzUwMDVDMTg0LjM5IDkuMjE2NzIgMTg0LjQ2OSA5Ljc0NDA1IDE4NC40NjkgMTAuMzMyQzE4NC40NjkgMTAuOTIgMTg0LjM5IDExLjQ1MiAxODQuMjMyIDExLjkyOEMxODQuMDczIDEyLjM5NDcgMTgzLjg0NCAxMi43OTYgMTgzLjU0NiAxMy4xMzJDMTgzLjI1NiAxMy40NjggMTgyLjkwMiAxMy43MjQ3IDE4Mi40ODIgMTMuOTAyQzE4Mi4wNjIgMTQuMDc5NCAxODEuNTkgMTQuMTY4IDE4MS4wNjggMTQuMTY4Wk0xODEuMDY4IDEyLjcyNkMxODEuNTQ0IDEyLjcyNiAxODEuOTE3IDEyLjU4MTQgMTgyLjE4OCAxMi4yOTJDMTgyLjQ1OCAxMi4wMDI3IDE4Mi41OTQgMTEuNTc4IDE4Mi41OTQgMTEuMDE4VjkuNjYwMDVDMTgyLjU5NCA5LjEwOTM4IDE4Mi40NTggOC42ODkzOCAxODIuMTg4IDguNDAwMDVDMTgxLjkxNyA4LjExMDcxIDE4MS41NDQgNy45NjYwNSAxODEuMDY4IDcuOTY2MDVDMTgwLjYwMSA3Ljk2NjA1IDE4MC4yMzIgOC4xMTA3MSAxNzkuOTYyIDguNDAwMDVDMTc5LjY5MSA4LjY4OTM4IDE3OS41NTUgOS4xMDkzOCAxNzkuNTU1IDkuNjYwMDVWMTEuMDE4QzE3OS41NTUgMTEuNTc4IDE3OS42OTEgMTIuMDAyNyAxNzkuOTYyIDEyLjI5MkMxODAuMjMyIDEyLjU4MTQgMTgwLjYwMSAxMi43MjYgMTgxLjA2OCAxMi43MjZaIiBmaWxsPSJ3aGl0ZSIvPgo8cGF0aCBkPSJNMTc1LjAzNiA1LjYyODAzQzE3NC42NjMgNS42MjgwMyAxNzQuMzkyIDUuNTQ0MDMgMTc0LjIyNCA1LjM3NjAzQzE3NC4wNjYgNS4yMDgwMyAxNzMuOTg2IDQuOTkzMzYgMTczLjk4NiA0LjczMjAzVjQuNDUyMDNDMTczLjk4NiA0LjE5MDcgMTc0LjA2NiAzLjk3NjAzIDE3NC4yMjQgMy44MDgwM0MxNzQuMzkyIDMuNjQwMDMgMTc0LjY2MyAzLjU1NjAzIDE3NS4wMzYgMy41NTYwM0MxNzUuNCAzLjU1NjAzIDE3NS42NjYgMy42NDAwMyAxNzUuODM0IDMuODA4MDNDMTc2LjAwMiAzLjk3NjAzIDE3Ni4wODYgNC4xOTA3IDE3Ni4wODYgNC40NTIwM1Y0LjczMjAzQzE3Ni4wODYgNC45OTMzNiAxNzYuMDAyIDUuMjA4MDMgMTc1LjgzNCA1LjM3NjAzQzE3NS42NjYgNS41NDQwMyAxNzUuNCA1LjYyODAzIDE3NS4wMzYgNS42MjgwM1pNMTc0LjE0IDYuNjkyMDNIMTc1LjkzMlYxNEgxNzQuMTRWNi42OTIwM1oiIGZpbGw9IndoaXRlIi8+CjxwYXRoIGQ9Ik0xNzEuMDI2IDE0LjAwMDFDMTcwLjQxIDE0LjAwMDEgMTY5LjkzOSAxMy44NDE0IDE2OS42MTIgMTMuNTI0MUMxNjkuMjk1IDEzLjE5NzQgMTY5LjEzNiAxMi43MzU0IDE2OS4xMzYgMTIuMTM4MVY4LjEyMDA2SDE2OC4wNThWNi42OTIwNkgxNjguNjE4QzE2OC44ODkgNi42OTIwNiAxNjkuMDcxIDYuNjMxNCAxNjkuMTY0IDYuNTEwMDZDMTY5LjI2NyA2LjM3OTQgMTY5LjMxOCA2LjE4ODA2IDE2OS4zMTggNS45MzYwNlY0LjY5MDA2SDE3MC45MjhWNi42OTIwNkgxNzIuNDI2VjguMTIwMDZIMTcwLjkyOFYxMi41NzIxSDE3Mi4zMTRWMTQuMDAwMUgxNzEuMDI2WiIgZmlsbD0id2hpdGUiLz4KPHBhdGggZD0iTTE2Ni4xOTQgMTRDMTY1LjgwMiAxNCAxNjUuNDkgMTMuODg4IDE2NS4yNTYgMTMuNjY0QzE2NS4wMzIgMTMuNDMwNyAxNjQuODkyIDEzLjEyMjcgMTY0LjgzNiAxMi43NEgxNjQuNzUyQzE2NC42MzEgMTMuMjE2IDE2NC4zODQgMTMuNTc1NCAxNjQuMDEgMTMuODE4QzE2My42MzcgMTQuMDUxNCAxNjMuMTc1IDE0LjE2OCAxNjIuNjI0IDE0LjE2OEMxNjEuODc4IDE0LjE2OCAxNjEuMzA0IDEzLjk3MiAxNjAuOTAyIDEzLjU4QzE2MC41MDEgMTMuMTg4IDE2MC4zIDEyLjY2NTQgMTYwLjMgMTIuMDEyQzE2MC4zIDExLjI1NiAxNjAuNTcxIDEwLjY5NiAxNjEuMTEyIDEwLjMzMkMxNjEuNjU0IDkuOTU4NzIgMTYyLjQyNCA5Ljc3MjA1IDE2My40MjIgOS43NzIwNUgxNjQuNjY4VjkuMjQwMDVDMTY0LjY2OCA4LjgyOTM4IDE2NC41NjEgOC41MTIwNSAxNjQuMzQ2IDguMjg4MDVDMTY0LjEzMiA4LjA2NDA1IDE2My43ODYgNy45NTIwNSAxNjMuMzEgNy45NTIwNUMxNjIuODkgNy45NTIwNSAxNjIuNTUgOC4wNDUzOCAxNjIuMjg4IDguMjMyMDVDMTYyLjAzNiA4LjQwOTM4IDE2MS44MjIgOC42MjQwNSAxNjEuNjQ0IDguODc2MDVMMTYwLjU4IDcuOTI0MDVDMTYwLjg1MSA3LjUwNDA1IDE2MS4yMSA3LjE2ODA1IDE2MS42NTggNi45MTYwNUMxNjIuMTA2IDYuNjU0NzEgMTYyLjY5OSA2LjUyNDA1IDE2My40MzYgNi41MjQwNUMxNjQuNDI2IDYuNTI0MDUgMTY1LjE3NyA2Ljc0ODA1IDE2NS42OSA3LjE5NjA1QzE2Ni4yMDQgNy42NDQwNSAxNjYuNDYgOC4yODgwNSAxNjYuNDYgOS4xMjgwNVYxMi41NzJIMTY3LjE4OFYxNEgxNjYuMTk0Wk0xNjMuMjI2IDEyLjg2NkMxNjMuNjI4IDEyLjg2NiAxNjMuOTY4IDEyLjc3NzQgMTY0LjI0OCAxMi42QzE2NC41MjggMTIuNDIyNyAxNjQuNjY4IDEyLjE2MTQgMTY0LjY2OCAxMS44MTZWMTAuODVIMTYzLjUyQzE2Mi41ODcgMTAuODUgMTYyLjEyIDExLjE0ODcgMTYyLjEyIDExLjc0NlYxMS45ODRDMTYyLjEyIDEyLjI4MjcgMTYyLjIxNCAxMi41MDY3IDE2Mi40IDEyLjY1NkMxNjIuNTk2IDEyLjc5NiAxNjIuODcyIDEyLjg2NiAxNjMuMjI2IDEyLjg2NloiIGZpbGw9IndoaXRlIi8+CjxwYXRoIGQ9Ik0xNTUuMzEzIDE0VjYuNjkyMDJIMTU3LjEwNVY4LjIwNDAySDE1Ny4xNzVDMTU3LjIyMSA4LjAwODAyIDE1Ny4yOTEgNy44MjEzNSAxNTcuMzg1IDcuNjQ0MDJDMTU3LjQ4NyA3LjQ1NzM1IDE1Ny42MTggNy4yOTQwMiAxNTcuNzc3IDcuMTU0MDJDMTU3LjkzNSA3LjAxNDAyIDE1OC4xMjIgNi45MDIwMiAxNTguMzM3IDYuODE4MDJDMTU4LjU2MSA2LjczNDAyIDE1OC44MTcgNi42OTIwMiAxNTkuMTA3IDYuNjkyMDJIMTU5LjQ5OVY4LjM4NjAySDE1OC45MzlDMTU4LjMzMiA4LjM4NjAyIDE1Ny44NzUgOC40NzQ2OCAxNTcuNTY3IDguNjUyMDJDMTU3LjI1OSA4LjgyOTM1IDE1Ny4xMDUgOS4xMTg2OCAxNTcuMTA1IDkuNTIwMDJWMTRIMTU1LjMxM1oiIGZpbGw9IndoaXRlIi8+CjxwYXRoIGQ9Ik0xNTQuMTE4IDE0LjYxNjFDMTU0LjExOCAxNC45OTg3IDE1NC4wNDggMTUuMzM0NyAxNTMuOTA4IDE1LjYyNDFDMTUzLjc3NyAxNS45MjI3IDE1My41NTggMTYuMTcwMSAxNTMuMjUgMTYuMzY2MUMxNTIuOTQyIDE2LjU2MjEgMTUyLjU0NSAxNi43MTE0IDE1Mi4wNiAxNi44MTQxQzE1MS41NzQgMTYuOTE2NyAxNTAuOTgyIDE2Ljk2ODEgMTUwLjI4MiAxNi45NjgxQzE0OS42NjYgMTYuOTY4MSAxNDkuMTQzIDE2LjkyNjEgMTQ4LjcxNCAxNi44NDIxQzE0OC4yODQgMTYuNzY3NCAxNDcuOTMgMTYuNjU1NCAxNDcuNjUgMTYuNTA2MUMxNDcuMzc5IDE2LjM2NjEgMTQ3LjE4MyAxNi4xODg3IDE0Ny4wNjIgMTUuOTc0MUMxNDYuOTQgMTUuNzU5NCAxNDYuODggMTUuNTE2NyAxNDYuODggMTUuMjQ2MUMxNDYuODggMTQuODM1NCAxNDYuOTkyIDE0LjUxMzQgMTQ3LjIxNiAxNC4yODAxQzE0Ny40NDkgMTQuMDU2MSAxNDcuNzcxIDEzLjkxMTQgMTQ4LjE4MiAxMy44NDYxVjEzLjY5MjFDMTQ3Ljg4MyAxMy42MTc0IDE0Ny42NSAxMy40NzI3IDE0Ny40ODIgMTMuMjU4MUMxNDcuMzIzIDEzLjAzNDEgMTQ3LjI0NCAxMi43NzI3IDE0Ny4yNDQgMTIuNDc0MUMxNDcuMjQ0IDEyLjI4NzQgMTQ3LjI4MSAxMi4xMjQxIDE0Ny4zNTYgMTEuOTg0MUMxNDcuNDMgMTEuODM0NyAxNDcuNTI4IDExLjcwODcgMTQ3LjY1IDExLjYwNjFDMTQ3Ljc4IDExLjUwMzQgMTQ3LjkyNSAxMS40MTk0IDE0OC4wODQgMTEuMzU0MUMxNDguMjQyIDExLjI3OTQgMTQ4LjQxIDExLjIyMzQgMTQ4LjU4OCAxMS4xODYxVjExLjEzMDFDMTQ4LjE0IDEwLjkyNDcgMTQ3LjgwNCAxMC42NDAxIDE0Ny41OCAxMC4yNzYxQzE0Ny4zNjUgOS45MTIwNSAxNDcuMjU4IDkuNDg3MzkgMTQ3LjI1OCA5LjAwMjA1QzE0Ny4yNTggOC4yNTUzOSAxNDcuNTE0IDcuNjU4MDUgMTQ4LjAyOCA3LjIxMDA1QzE0OC41NDEgNi43NTI3MiAxNDkuMjkyIDYuNTI0MDUgMTUwLjI4MiA2LjUyNDA1QzE1MC41MDYgNi41MjQwNSAxNTAuNzI1IDYuNTM4MDUgMTUwLjk0IDYuNTY2MDVDMTUxLjE2NCA2LjU5NDA1IDE1MS4zNjkgNi42NDA3MiAxNTEuNTU2IDYuNzA2MDVWNi40NjgwNUMxNTEuNTU2IDUuNzU4NzIgMTUxLjkwMSA1LjQwNDA1IDE1Mi41OTIgNS40MDQwNUgxNTMuNzI2VjYuNzc2MDVIMTUyLjE3MlY2Ljk3MjA1QzE1Mi41NTQgNy4xODY3MiAxNTIuODM5IDcuNDY2NzIgMTUzLjAyNiA3LjgxMjA1QzE1My4yMTIgOC4xNTczOSAxNTMuMzA2IDguNTU0MDUgMTUzLjMwNiA5LjAwMjA1QzE1My4zMDYgOS43MzkzOSAxNTMuMDQ5IDEwLjMzMjEgMTUyLjUzNiAxMC43ODAxQzE1Mi4wMzIgMTEuMjI4MSAxNTEuMjggMTEuNDUyMSAxNTAuMjgyIDExLjQ1MjFDMTQ5Ljg1MiAxMS40NTIxIDE0OS40NzkgMTEuNDEwMSAxNDkuMTYyIDExLjMyNjFDMTQ5LjAyMiAxMS4zOTE0IDE0OC45IDExLjQ4MDEgMTQ4Ljc5OCAxMS41OTIxQzE0OC42OTUgMTEuNjk0NyAxNDguNjQ0IDExLjgyNTQgMTQ4LjY0NCAxMS45ODQxQzE0OC42NDQgMTIuMzQ4MSAxNDguOTYxIDEyLjUzMDEgMTQ5LjU5NiAxMi41MzAxSDE1MS41NTZDMTUyLjQ1MiAxMi41MzAxIDE1My4xIDEyLjcxNjcgMTUzLjUwMiAxMy4wOTAxQzE1My45MTIgMTMuNDU0MSAxNTQuMTE4IDEzLjk2MjcgMTU0LjExOCAxNC42MTYxWk0xNTIuNDM4IDE0LjgyNjFDMTUyLjQzOCAxNC41OTI3IDE1Mi4zNDQgMTQuNDEwNyAxNTIuMTU4IDE0LjI4MDFDMTUxLjk3MSAxNC4xNDk0IDE1MS42NDkgMTQuMDg0MSAxNTEuMTkyIDE0LjA4NDFIMTQ4LjdDMTQ4LjQ0OCAxNC4yNzA3IDE0OC4zMjIgMTQuNTIyNyAxNDguMzIyIDE0Ljg0MDFDMTQ4LjMyMiAxNS4xMjAxIDE0OC40MzggMTUuMzM5NCAxNDguNjcyIDE1LjQ5ODFDMTQ4LjkwNSAxNS42NTY3IDE0OS4zMDIgMTUuNzM2MSAxNDkuODYyIDE1LjczNjFIMTUwLjc1OEMxNTEuMzQ2IDE1LjczNjEgMTUxLjc3IDE1LjY2MTQgMTUyLjAzMiAxNS41MTIxQzE1Mi4zMDIgMTUuMzYyNyAxNTIuNDM4IDE1LjEzNDEgMTUyLjQzOCAxNC44MjYxWk0xNTAuMjgyIDEwLjIzNDFDMTUxLjE1OSAxMC4yMzQxIDE1MS41OTggOS44NjA3MiAxNTEuNTk4IDkuMTE0MDVWOC44NzYwNUMxNTEuNTk4IDguMTI5MzkgMTUxLjE1OSA3Ljc1NjA1IDE1MC4yODIgNy43NTYwNUMxNDkuNDA0IDcuNzU2MDUgMTQ4Ljk2NiA4LjEyOTM5IDE0OC45NjYgOC44NzYwNVY5LjExNDA1QzE0OC45NjYgOS44NjA3MiAxNDkuNDA0IDEwLjIzNDEgMTUwLjI4MiAxMC4yMzQxWiIgZmlsbD0id2hpdGUiLz4KPHBhdGggZD0iTTE0Mi41MTEgMTQuMTY4QzE0MS45NyAxNC4xNjggMTQxLjQ4NCAxNC4wNzk0IDE0MS4wNTUgMTMuOTAyQzE0MC42MzUgMTMuNzE1NCAxNDAuMjc2IDEzLjQ1ODcgMTM5Ljk3NyAxMy4xMzJDMTM5LjY4OCAxMi43OTYgMTM5LjQ2NCAxMi4zOTQ3IDEzOS4zMDUgMTEuOTI4QzEzOS4xNDYgMTEuNDUyIDEzOS4wNjcgMTAuOTIgMTM5LjA2NyAxMC4zMzJDMTM5LjA2NyA5Ljc1MzM4IDEzOS4xNDIgOS4yMzA3MiAxMzkuMjkxIDguNzY0MDVDMTM5LjQ1IDguMjk3MzggMTM5LjY3NCA3LjkwMDcyIDEzOS45NjMgNy41NzQwNUMxNDAuMjUyIDcuMjM4MDUgMTQwLjYwNyA2Ljk4MTM4IDE0MS4wMjcgNi44MDQwNUMxNDEuNDQ3IDYuNjE3MzggMTQxLjkyMyA2LjUyNDA1IDE0Mi40NTUgNi41MjQwNUMxNDMuMDI0IDYuNTI0MDUgMTQzLjUxOSA2LjYyMjA1IDE0My45MzkgNi44MTgwNUMxNDQuMzU5IDcuMDE0MDUgMTQ0LjcwNCA3LjI4MDA1IDE0NC45NzUgNy42MTYwNUMxNDUuMjQ2IDcuOTUyMDUgMTQ1LjQ0NiA4LjM0NDA1IDE0NS41NzcgOC43OTIwNUMxNDUuNzE3IDkuMjMwNzIgMTQ1Ljc4NyA5LjcwMjA1IDE0NS43ODcgMTAuMjA2VjEwLjc5NEgxNDAuOTI5VjEwLjk3NkMxNDAuOTI5IDExLjUwOCAxNDEuMDc4IDExLjkzNzQgMTQxLjM3NyAxMi4yNjRDMTQxLjY3NiAxMi41ODE0IDE0Mi4xMTkgMTIuNzQgMTQyLjcwNyAxMi43NEMxNDMuMTU1IDEyLjc0IDE0My41MTkgMTIuNjQ2NyAxNDMuNzk5IDEyLjQ2QzE0NC4wODggMTIuMjczNCAxNDQuMzQ1IDEyLjAzNTQgMTQ0LjU2OSAxMS43NDZMMTQ1LjUzNSAxMi44MjRDMTQ1LjIzNiAxMy4yNDQgMTQ0LjgyNiAxMy41NzU0IDE0NC4zMDMgMTMuODE4QzE0My43OSAxNC4wNTE0IDE0My4xOTIgMTQuMTY4IDE0Mi41MTEgMTQuMTY4Wk0xNDIuNDgzIDcuODY4MDVDMTQyLjAwNyA3Ljg2ODA1IDE0MS42MjkgOC4wMjY3MiAxNDEuMzQ5IDguMzQ0MDVDMTQxLjA2OSA4LjY2MTM4IDE0MC45MjkgOS4wNzIwNSAxNDAuOTI5IDkuNTc2MDVWOS42ODgwNUgxNDMuOTI1VjkuNTYyMDVDMTQzLjkyNSA5LjA1ODA1IDE0My43OTkgOC42NTIwNSAxNDMuNTQ3IDguMzQ0MDVDMTQzLjMwNCA4LjAyNjcyIDE0Mi45NSA3Ljg2ODA1IDE0Mi40ODMgNy44NjgwNVoiIGZpbGw9IndoaXRlIi8+CjxwYXRoIGQ9Ik0xMzYuNDk3IDE0LjAwMDFDMTM1Ljg4MSAxNC4wMDAxIDEzNS40MSAxMy44NDE0IDEzNS4wODMgMTMuNTI0MUMxMzQuNzY2IDEzLjE5NzQgMTM0LjYwNyAxMi43MzU0IDEzNC42MDcgMTIuMTM4MVY4LjEyMDA2SDEzMy41MjlWNi42OTIwNkgxMzQuMDg5QzEzNC4zNiA2LjY5MjA2IDEzNC41NDIgNi42MzE0IDEzNC42MzUgNi41MTAwNkMxMzQuNzM4IDYuMzc5NCAxMzQuNzg5IDYuMTg4MDYgMTM0Ljc4OSA1LjkzNjA2VjQuNjkwMDZIMTM2LjM5OVY2LjY5MjA2SDEzNy44OTdWOC4xMjAwNkgxMzYuMzk5VjEyLjU3MjFIMTM3Ljc4NVYxNC4wMDAxSDEzNi40OTdaIiBmaWxsPSJ3aGl0ZSIvPgo8cGF0aCBkPSJNMTI1LjgyNSAxNFY2LjY5MjA1SDEyNy42MTdWNy45MTAwNUgxMjcuNjg3QzEyNy44MzYgNy41MTgwNSAxMjguMDcgNy4xOTEzOCAxMjguMzg3IDYuOTMwMDVDMTI4LjcxNCA2LjY1OTM4IDEyOS4xNjIgNi41MjQwNSAxMjkuNzMxIDYuNTI0MDVDMTMwLjQ4NyA2LjUyNDA1IDEzMS4wNjYgNi43NzEzOCAxMzEuNDY3IDcuMjY2MDVDMTMxLjg2OCA3Ljc2MDcxIDEzMi4wNjkgOC40NjUzOCAxMzIuMDY5IDkuMzgwMDVWMTRIMTMwLjI3N1Y5LjU2MjA1QzEzMC4yNzcgOS4wMzkzOCAxMzAuMTg0IDguNjQ3MzggMTI5Ljk5NyA4LjM4NjA1QzEyOS44MSA4LjEyNDcyIDEyOS41MDIgNy45OTQwNSAxMjkuMDczIDcuOTk0MDVDMTI4Ljg4NiA3Ljk5NDA1IDEyOC43MDQgOC4wMjIwNSAxMjguNTI3IDguMDc4MDVDMTI4LjM1OSA4LjEyNDcyIDEyOC4yMDUgOC4xOTkzOCAxMjguMDY1IDguMzAyMDVDMTI3LjkzNCA4LjM5NTM4IDEyNy44MjcgOC41MTY3MSAxMjcuNzQzIDguNjY2MDVDMTI3LjY1OSA4LjgwNjA1IDEyNy42MTcgOC45NzQwNSAxMjcuNjE3IDkuMTcwMDVWMTRIMTI1LjgyNVoiIGZpbGw9IndoaXRlIi8+CjxwYXRoIGQ9Ik0xMTkuNDUxIDE0VjEyLjUxNkgxMjAuNzM5VjUuNzEyMDNIMTE5LjQ1MVY0LjIyODAzSDEyMy44ODlWNS43MTIwM0gxMjIuNTg3VjEyLjUxNkgxMjMuODg5VjE0SDExOS40NTFaIiBmaWxsPSJ3aGl0ZSIvPgo8cGF0aCBkPSJNMTExLjUyNCAxNC4xNjhDMTEwLjgyNCAxNC4xNjggMTEwLjIzNiAxNC4wNTE0IDEwOS43NiAxMy44MThDMTA5LjI4NCAxMy41NzU0IDEwOC44NjQgMTMuMjQ0IDEwOC41IDEyLjgyNEwxMDkuNTkyIDExLjc2QzEwOS44NjMgMTIuMDY4IDExMC4xNTcgMTIuMzEwNyAxMTAuNDc0IDEyLjQ4OEMxMTAuODAxIDEyLjY2NTQgMTExLjE3NCAxMi43NTQgMTExLjU5NCAxMi43NTRDMTEyLjAyNCAxMi43NTQgMTEyLjMzMiAxMi42Nzk0IDExMi41MTggMTIuNTNDMTEyLjcxNCAxMi4zODA3IDExMi44MTIgMTIuMTc1NCAxMTIuODEyIDExLjkxNEMxMTIuODEyIDExLjY5OTQgMTEyLjc0MiAxMS41MzE0IDExMi42MDIgMTEuNDFDMTEyLjQ3MiAxMS4yNzk0IDExMi4yNDMgMTEuMTkwNyAxMTEuOTE2IDExLjE0NEwxMTEuMTg4IDExLjA0NkMxMTAuMzk1IDEwLjk0MzQgMTA5Ljc4OCAxMC43MTk0IDEwOS4zNjggMTAuMzc0QzEwOC45NTggMTAuMDE5NCAxMDguNzUyIDkuNTA2MDUgMTA4Ljc1MiA4LjgzNDA1QzEwOC43NTIgOC40NzkzOCAxMDguODE4IDguMTYyMDUgMTA4Ljk0OCA3Ljg4MjA1QzEwOS4wNzkgNy41OTI3MiAxMDkuMjY2IDcuMzUwMDUgMTA5LjUwOCA3LjE1NDA1QzEwOS43NTEgNi45NDg3MSAxMTAuMDQgNi43OTQ3MiAxMTAuMzc2IDYuNjkyMDVDMTEwLjcyMiA2LjU4MDA1IDExMS4xMDQgNi41MjQwNSAxMTEuNTI0IDYuNTI0MDVDMTExLjg3OSA2LjUyNDA1IDExMi4xOTIgNi41NTIwNSAxMTIuNDYyIDYuNjA4MDVDMTEyLjc0MiA2LjY1NDcyIDExMi45OTQgNi43MjkzOCAxMTMuMjE4IDYuODMyMDVDMTEzLjQ0MiA2LjkyNTM4IDExMy42NDggNy4wNDY3MSAxMTMuODM0IDcuMTk2MDVDMTE0LjAyMSA3LjMzNjA1IDExNC4yMDMgNy40OTQ3MiAxMTQuMzggNy42NzIwNUwxMTMuMzMgOC43MjIwNUMxMTMuMTE2IDguNDk4MDUgMTEyLjg1OSA4LjMxMTM4IDExMi41NiA4LjE2MjA1QzExMi4yNjIgOC4wMTI3MSAxMTEuOTM1IDcuOTM4MDUgMTExLjU4IDcuOTM4MDVDMTExLjE4OCA3LjkzODA1IDExMC45MDQgOC4wMDgwNSAxMTAuNzI2IDguMTQ4MDVDMTEwLjU1OCA4LjI4ODA1IDExMC40NzQgOC40NzAwNSAxMTAuNDc0IDguNjk0MDVDMTEwLjQ3NCA4LjkzNjcyIDExMC41NDQgOS4xMjMzOCAxMTAuNjg0IDkuMjU0MDVDMTEwLjgzNCA5LjM3NTM4IDExMS4wODEgOS40NjQwNSAxMTEuNDI2IDkuNTIwMDVMMTEyLjE2OCA5LjYxODA1QzExMy43NDYgOS44NDIwNSAxMTQuNTM0IDEwLjU2MDcgMTE0LjUzNCAxMS43NzRDMTE0LjUzNCAxMi4xMjg3IDExNC40NiAxMi40NTU0IDExNC4zMSAxMi43NTRDMTE0LjE3IDEzLjA0MzQgMTEzLjk3IDEzLjI5NTQgMTEzLjcwOCAxMy41MUMxMTMuNDQ3IDEzLjcxNTQgMTEzLjEzIDEzLjg3ODcgMTEyLjc1NiAxNEMxMTIuMzkyIDE0LjExMiAxMTEuOTgyIDE0LjE2OCAxMTEuNTI0IDE0LjE2OFoiIGZpbGw9IndoaXRlIi8+CjxwYXRoIGQ9Ik0xMDUuMTEyIDEyLjc4MkgxMDUuMDQyQzEwNC45MTEgMTMuMjAyIDEwNC42NjQgMTMuNTM4IDEwNC4zIDEzLjc5QzEwMy45MzYgMTQuMDQyIDEwMy41MTEgMTQuMTY4IDEwMy4wMjYgMTQuMTY4QzEwMi4xMDIgMTQuMTY4IDEwMS4zOTIgMTMuODM2NyAxMDAuODk4IDEzLjE3NEMxMDAuNDEyIDEyLjUxMTMgMTAwLjE3IDExLjU2NCAxMDAuMTcgMTAuMzMyQzEwMC4xNyA5LjEwOTM1IDEwMC40MTIgOC4xNzEzNSAxMDAuODk4IDcuNTE4MDFDMTAxLjM5MiA2Ljg1NTM1IDEwMi4xMDIgNi41MjQwMSAxMDMuMDI2IDYuNTI0MDFDMTAzLjUxMSA2LjUyNDAxIDEwMy45MzYgNi42NTAwMSAxMDQuMyA2LjkwMjAxQzEwNC42NjQgNy4xNDQ2OCAxMDQuOTExIDcuNDc2MDEgMTA1LjA0MiA3Ljg5NjAxSDEwNS4xMTJWMy42NDAwMUgxMDYuOTA0VjE0SDEwNS4xMTJWMTIuNzgyWk0xMDMuNiAxMi42ODRDMTA0LjAyOSAxMi42ODQgMTA0LjM4OCAxMi41ODEzIDEwNC42NzggMTIuMzc2QzEwNC45NjcgMTIuMTcwNyAxMDUuMTEyIDExLjg3NjcgMTA1LjExMiAxMS40OTRWOS4xNzAwMUMxMDUuMTEyIDguODE1MzUgMTA0Ljk2NyA4LjUzMDY4IDEwNC42NzggOC4zMTYwMUMxMDQuMzg4IDguMTAxMzUgMTA0LjAyOSA3Ljk5NDAxIDEwMy42IDcuOTk0MDFDMTAzLjEzMyA3Ljk5NDAxIDEwMi43NTUgOC4xNTI2OCAxMDIuNDY2IDguNDcwMDJDMTAyLjE4NiA4Ljc3ODAxIDEwMi4wNDYgOS4xOTMzNSAxMDIuMDQ2IDkuNzE2MDFWMTAuOTc2QzEwMi4wNDYgMTEuNDk4NyAxMDIuMTg2IDExLjkxNCAxMDIuNDY2IDEyLjIyMkMxMDIuNzU1IDEyLjUzIDEwMy4xMzMgMTIuNjg0IDEwMy42IDEyLjY4NFoiIGZpbGw9IndoaXRlIi8+CjxwYXRoIGQ9Ik05NS40MjUgMTQuMTY4Qzk0LjkwMjMgMTQuMTY4IDk0LjQzMSAxNC4wNzk0IDk0LjAxMSAxMy45MDJDOTMuNjAwMyAxMy43MjQ3IDkzLjI0NTcgMTMuNDY4IDkyLjk0NyAxMy4xMzJDOTIuNjU3NyAxMi43OTYgOTIuNDMzNyAxMi4zOTQ3IDkyLjI3NSAxMS45MjhDOTIuMTE2MyAxMS40NTIgOTIuMDM3IDEwLjkyIDkyLjAzNyAxMC4zMzJDOTIuMDM3IDkuNzQ0MDUgOTIuMTE2MyA5LjIxNjcyIDkyLjI3NSA4Ljc1MDA1QzkyLjQzMzcgOC4yODMzOCA5Mi42NTc3IDcuODg2NzIgOTIuOTQ3IDcuNTYwMDVDOTMuMjQ1NyA3LjIyNDA1IDkzLjYwMDMgNi45NjczOCA5NC4wMTEgNi43OTAwNUM5NC40MzEgNi42MTI3MSA5NC45MDIzIDYuNTI0MDUgOTUuNDI1IDYuNTI0MDVDOTUuOTQ3NyA2LjUyNDA1IDk2LjQxOSA2LjYxMjcxIDk2LjgzOSA2Ljc5MDA1Qzk3LjI1OSA2Ljk2NzM4IDk3LjYxMzcgNy4yMjQwNSA5Ny45MDMgNy41NjAwNUM5OC4yMDE3IDcuODg2NzIgOTguNDMwMyA4LjI4MzM4IDk4LjU4OSA4Ljc1MDA1Qzk4Ljc0NzcgOS4yMTY3MiA5OC44MjcgOS43NDQwNSA5OC44MjcgMTAuMzMyQzk4LjgyNyAxMC45MiA5OC43NDc3IDExLjQ1MiA5OC41ODkgMTEuOTI4Qzk4LjQzMDMgMTIuMzk0NyA5OC4yMDE3IDEyLjc5NiA5Ny45MDMgMTMuMTMyQzk3LjYxMzcgMTMuNDY4IDk3LjI1OSAxMy43MjQ3IDk2LjgzOSAxMy45MDJDOTYuNDE5IDE0LjA3OTQgOTUuOTQ3NyAxNC4xNjggOTUuNDI1IDE0LjE2OFpNOTUuNDI1IDEyLjcyNkM5NS45MDEgMTIuNzI2IDk2LjI3NDMgMTIuNTgxNCA5Ni41NDUgMTIuMjkyQzk2LjgxNTYgMTIuMDAyNyA5Ni45NTEgMTEuNTc4IDk2Ljk1MSAxMS4wMThWOS42NjAwNUM5Ni45NTEgOS4xMDkzOCA5Ni44MTU2IDguNjg5MzggOTYuNTQ1IDguNDAwMDVDOTYuMjc0MyA4LjExMDcxIDk1LjkwMSA3Ljk2NjA1IDk1LjQyNSA3Ljk2NjA1Qzk0Ljk1ODMgNy45NjYwNSA5NC41ODk3IDguMTEwNzEgOTQuMzE5IDguNDAwMDVDOTQuMDQ4MyA4LjY4OTM4IDkzLjkxMyA5LjEwOTM4IDkzLjkxMyA5LjY2MDA1VjExLjAxOEM5My45MTMgMTEuNTc4IDk0LjA0ODMgMTIuMDAyNyA5NC4zMTkgMTIuMjkyQzk0LjU4OTcgMTIuNTgxNCA5NC45NTgzIDEyLjcyNiA5NS40MjUgMTIuNzI2WiIgZmlsbD0id2hpdGUiLz4KPHBhdGggZD0iTTg0LjEzNjUgMy42NDAwMUg4NS45Mjg1VjcuOTEwMDFIODUuOTk4NUM4Ni4xNDc5IDcuNTE4MDEgODYuMzgxMiA3LjE5MTM1IDg2LjY5ODUgNi45MzAwMkM4Ny4wMjUyIDYuNjU5MzUgODcuNDczMiA2LjUyNDAxIDg4LjA0MjUgNi41MjQwMUM4OC43OTg1IDYuNTI0MDEgODkuMzc3MiA2Ljc3MTM1IDg5Ljc3ODUgNy4yNjYwMUM5MC4xNzk5IDcuNzYwNjggOTAuMzgwNSA4LjQ2NTM1IDkwLjM4MDUgOS4zODAwMVYxNEg4OC41ODg1VjkuNTYyMDJDODguNTg4NSA5LjAzOTM1IDg4LjQ5NTIgOC42NDczNSA4OC4zMDg1IDguMzg2MDFDODguMTIxOSA4LjEyNDY4IDg3LjgxMzkgNy45OTQwMSA4Ny4zODQ1IDcuOTk0MDFDODcuMTk3OSA3Ljk5NDAxIDg3LjAxNTkgOC4wMjIwMSA4Ni44Mzg1IDguMDc4MDFDODYuNjcwNSA4LjEyNDY4IDg2LjUxNjUgOC4xOTkzNSA4Ni4zNzY1IDguMzAyMDFDODYuMjQ1OSA4LjM5NTM1IDg2LjEzODUgOC41MTY2OCA4Ni4wNTQ1IDguNjY2MDFDODUuOTcwNSA4LjgwNjAxIDg1LjkyODUgOC45NzQwMSA4NS45Mjg1IDkuMTcwMDFWMTRIODQuMTM2NVYzLjY0MDAxWiIgZmlsbD0id2hpdGUiLz4KPHBhdGggZD0iTTgxLjAyMjIgMTQuMDAwMUM4MC40MDYyIDE0LjAwMDEgNzkuOTM0OSAxMy44NDE0IDc5LjYwODIgMTMuNTI0MUM3OS4yOTA5IDEzLjE5NzQgNzkuMTMyMiAxMi43MzU0IDc5LjEzMjIgMTIuMTM4MVY4LjEyMDA2SDc4LjA1NDJWNi42OTIwNkg3OC42MTQyQzc4Ljg4NDkgNi42OTIwNiA3OS4wNjY5IDYuNjMxNCA3OS4xNjAyIDYuNTEwMDZDNzkuMjYyOSA2LjM3OTQgNzkuMzE0MiA2LjE4ODA2IDc5LjMxNDIgNS45MzYwNlY0LjY5MDA2SDgwLjkyNDJWNi42OTIwNkg4Mi40MjIyVjguMTIwMDZIODAuOTI0MlYxMi41NzIxSDgyLjMxMDJWMTQuMDAwMUg4MS4wMjIyWiIgZmlsbD0id2hpdGUiLz4KPHBhdGggZD0iTTczLjcyNzYgMTQuMTY4QzczLjE4NjIgMTQuMTY4IDcyLjcwMDkgMTQuMDc5NCA3Mi4yNzE2IDEzLjkwMkM3MS44NTE2IDEzLjcxNTQgNzEuNDkyMiAxMy40NTg3IDcxLjE5MzYgMTMuMTMyQzcwLjkwNDIgMTIuNzk2IDcwLjY4MDIgMTIuMzk0NyA3MC41MjE2IDExLjkyOEM3MC4zNjI5IDExLjQ1MiA3MC4yODM2IDEwLjkyIDcwLjI4MzYgMTAuMzMyQzcwLjI4MzYgOS43NTMzOCA3MC4zNTgyIDkuMjMwNzIgNzAuNTA3NiA4Ljc2NDA1QzcwLjY2NjIgOC4yOTczOCA3MC44OTAyIDcuOTAwNzIgNzEuMTc5NiA3LjU3NDA1QzcxLjQ2ODkgNy4yMzgwNSA3MS44MjM2IDYuOTgxMzggNzIuMjQzNiA2LjgwNDA1QzcyLjY2MzYgNi42MTczOCA3My4xMzk2IDYuNTI0MDUgNzMuNjcxNiA2LjUyNDA1Qzc0LjI0MDkgNi41MjQwNSA3NC43MzU2IDYuNjIyMDUgNzUuMTU1NiA2LjgxODA1Qzc1LjU3NTYgNy4wMTQwNSA3NS45MjA5IDcuMjgwMDUgNzYuMTkxNiA3LjYxNjA1Qzc2LjQ2MjIgNy45NTIwNSA3Ni42NjI5IDguMzQ0MDUgNzYuNzkzNiA4Ljc5MjA1Qzc2LjkzMzYgOS4yMzA3MiA3Ny4wMDM2IDkuNzAyMDUgNzcuMDAzNiAxMC4yMDZWMTAuNzk0SDcyLjE0NTZWMTAuOTc2QzcyLjE0NTYgMTEuNTA4IDcyLjI5NDkgMTEuOTM3NCA3Mi41OTM2IDEyLjI2NEM3Mi44OTIyIDEyLjU4MTQgNzMuMzM1NiAxMi43NCA3My45MjM2IDEyLjc0Qzc0LjM3MTYgMTIuNzQgNzQuNzM1NiAxMi42NDY3IDc1LjAxNTYgMTIuNDZDNzUuMzA0OSAxMi4yNzM0IDc1LjU2MTYgMTIuMDM1NCA3NS43ODU2IDExLjc0Nkw3Ni43NTE2IDEyLjgyNEM3Ni40NTI5IDEzLjI0NCA3Ni4wNDIyIDEzLjU3NTQgNzUuNTE5NiAxMy44MThDNzUuMDA2MiAxNC4wNTE0IDc0LjQwODkgMTQuMTY4IDczLjcyNzYgMTQuMTY4Wk03My42OTk2IDcuODY4MDVDNzMuMjIzNiA3Ljg2ODA1IDcyLjg0NTYgOC4wMjY3MiA3Mi41NjU2IDguMzQ0MDVDNzIuMjg1NiA4LjY2MTM4IDcyLjE0NTYgOS4wNzIwNSA3Mi4xNDU2IDkuNTc2MDVWOS42ODgwNUg3NS4xNDE2VjkuNTYyMDVDNzUuMTQxNiA5LjA1ODA1IDc1LjAxNTYgOC42NTIwNSA3NC43NjM2IDguMzQ0MDVDNzQuNTIwOSA4LjAyNjcyIDc0LjE2NjIgNy44NjgwNSA3My42OTk2IDcuODY4MDVaIiBmaWxsPSJ3aGl0ZSIvPgo8cGF0aCBkPSJNNjYuNjczOCA2Ljk4NjAzSDY2LjYxNzhMNjUuODYxOCA4LjU0MDAzTDYzLjg1OTggMTIuMjM2TDYxLjg1NzggOC41NDAwM0w2MS4xMDE4IDYuOTg2MDNINjEuMDQ1OFYxNEg1OS4yOTU4VjQuMjI4MDNINjEuMzgxOEw2My44ODc4IDkuMDAyMDNINjMuOTQzOEw2Ni40MjE4IDQuMjI4MDNINjguNDIzOFYxNEg2Ni42NzM4VjYuOTg2MDNaIiBmaWxsPSJ3aGl0ZSIvPgo8cGF0aCBkPSJNNTAuNjI5MyAzLjY0MDAxSDUyLjQyMTNWNy44OTYwMUg1Mi40NzczQzUyLjYwOCA3LjQ3NjAxIDUyLjg1NTMgNy4xNDQ2OCA1My4yMTkzIDYuOTAyMDFDNTMuNTgzMyA2LjY1MDAxIDU0LjAwOCA2LjUyNDAxIDU0LjQ5MzMgNi41MjQwMUM1NS40MjY3IDYuNTI0MDEgNTYuMTM2IDYuODU1MzUgNTYuNjIxMyA3LjUxODAxQzU3LjExNiA4LjE3MTM1IDU3LjM2MzMgOS4xMDkzNSA1Ny4zNjMzIDEwLjMzMkM1Ny4zNjMzIDExLjU2NCA1Ny4xMTYgMTIuNTExMyA1Ni42MjEzIDEzLjE3NEM1Ni4xMzYgMTMuODM2NyA1NS40MjY3IDE0LjE2OCA1NC40OTMzIDE0LjE2OEM1NC4wMDggMTQuMTY4IDUzLjU4MzMgMTQuMDQyIDUzLjIxOTMgMTMuNzlDNTIuODY0NyAxMy41MzggNTIuNjE3MyAxMy4yMDIgNTIuNDc3MyAxMi43ODJINTIuNDIxM1YxNEg1MC42MjkzVjMuNjQwMDFaTTUzLjkxOTMgMTIuNjg0QzU0LjM4NiAxMi42ODQgNTQuNzY0IDEyLjUzIDU1LjA1MzMgMTIuMjIyQzU1LjM0MjcgMTEuOTE0IDU1LjQ4NzMgMTEuNDk4NyA1NS40ODczIDEwLjk3NlY5LjcxNjAxQzU1LjQ4NzMgOS4xOTMzNSA1NS4zNDI3IDguNzc4MDEgNTUuMDUzMyA4LjQ3MDAyQzU0Ljc2NCA4LjE1MjY4IDU0LjM4NiA3Ljk5NDAxIDUzLjkxOTMgNy45OTQwMUM1My40OSA3Ljk5NDAxIDUzLjEzMDcgOC4xMDEzNSA1Mi44NDEzIDguMzE2MDFDNTIuNTYxMyA4LjUzMDY4IDUyLjQyMTMgOC44MTUzNSA1Mi40MjEzIDkuMTcwMDFWMTEuNDk0QzUyLjQyMTMgMTEuODc2NyA1Mi41NjEzIDEyLjE3MDcgNTIuODQxMyAxMi4zNzZDNTMuMTMwNyAxMi41ODEzIDUzLjQ5IDEyLjY4NCA1My45MTkzIDEyLjY4NFoiIGZpbGw9IndoaXRlIi8+CjxwYXRoIGQ9Ik00NS42MTY3IDE0LjE2OEM0NS4wNzU0IDE0LjE2OCA0NC41OTAxIDE0LjA3OTQgNDQuMTYwNyAxMy45MDJDNDMuNzQwNyAxMy43MTU0IDQzLjM4MTQgMTMuNDU4NyA0My4wODI3IDEzLjEzMkM0Mi43OTM0IDEyLjc5NiA0Mi41Njk0IDEyLjM5NDcgNDIuNDEwNyAxMS45MjhDNDIuMjUyMSAxMS40NTIgNDIuMTcyNyAxMC45MiA0Mi4xNzI3IDEwLjMzMkM0Mi4xNzI3IDkuNzUzMzggNDIuMjQ3NCA5LjIzMDcyIDQyLjM5NjcgOC43NjQwNUM0Mi41NTU0IDguMjk3MzggNDIuNzc5NCA3LjkwMDcyIDQzLjA2ODcgNy41NzQwNUM0My4zNTgxIDcuMjM4MDUgNDMuNzEyNyA2Ljk4MTM4IDQ0LjEzMjcgNi44MDQwNUM0NC41NTI3IDYuNjE3MzggNDUuMDI4NyA2LjUyNDA1IDQ1LjU2MDcgNi41MjQwNUM0Ni4xMzAxIDYuNTI0MDUgNDYuNjI0NyA2LjYyMjA1IDQ3LjA0NDcgNi44MTgwNUM0Ny40NjQ3IDcuMDE0MDUgNDcuODEwMSA3LjI4MDA1IDQ4LjA4MDcgNy42MTYwNUM0OC4zNTE0IDcuOTUyMDUgNDguNTUyMSA4LjM0NDA1IDQ4LjY4MjcgOC43OTIwNUM0OC44MjI3IDkuMjMwNzIgNDguODkyNyA5LjcwMjA1IDQ4Ljg5MjcgMTAuMjA2VjEwLjc5NEg0NC4wMzQ3VjEwLjk3NkM0NC4wMzQ3IDExLjUwOCA0NC4xODQxIDExLjkzNzQgNDQuNDgyNyAxMi4yNjRDNDQuNzgxNCAxMi41ODE0IDQ1LjIyNDcgMTIuNzQgNDUuODEyNyAxMi43NEM0Ni4yNjA3IDEyLjc0IDQ2LjYyNDcgMTIuNjQ2NyA0Ni45MDQ3IDEyLjQ2QzQ3LjE5NDEgMTIuMjczNCA0Ny40NTA3IDEyLjAzNTQgNDcuNjc0NyAxMS43NDZMNDguNjQwNyAxMi44MjRDNDguMzQyMSAxMy4yNDQgNDcuOTMxNCAxMy41NzU0IDQ3LjQwODcgMTMuODE4QzQ2Ljg5NTQgMTQuMDUxNCA0Ni4yOTgxIDE0LjE2OCA0NS42MTY3IDE0LjE2OFpNNDUuNTg4NyA3Ljg2ODA1QzQ1LjExMjcgNy44NjgwNSA0NC43MzQ3IDguMDI2NzIgNDQuNDU0NyA4LjM0NDA1QzQ0LjE3NDcgOC42NjEzOCA0NC4wMzQ3IDkuMDcyMDUgNDQuMDM0NyA5LjU3NjA1VjkuNjg4MDVINDcuMDMwN1Y5LjU2MjA1QzQ3LjAzMDcgOS4wNTgwNSA0Ni45MDQ3IDguNjUyMDUgNDYuNjUyNyA4LjM0NDA1QzQ2LjQxMDEgOC4wMjY3MiA0Ni4wNTU0IDcuODY4MDUgNDUuNTg4NyA3Ljg2ODA1WiIgZmlsbD0id2hpdGUiLz4KPHBhdGggZD0iTTMwLjQ0MSA2LjY5MjAySDMyLjE2M0wzMi45MDUgOS43MDIwMkwzMy40NzkgMTIuMjA4SDMzLjUzNUwzNC4yMDcgOS43MDIwMkwzNS4wNjEgNi42OTIwMkgzNi42ODVMMzcuNTY3IDkuNzAyMDJMMzguMjUzIDEyLjIwOEgzOC4zMDlMMzguODgzIDkuNzAyMDJMMzkuNjExIDYuNjkyMDJINDEuMjc3TDM5LjI3NSAxNEgzNy4zNDNMMzYuNDA1IDEwLjc4TDM1Ljg1OSA4Ljc5MjAySDM1LjgxN0wzNS4yODUgMTAuNzhMMzQuMzYxIDE0SDMyLjQ1N0wzMC40NDEgNi42OTIwMloiIGZpbGw9IndoaXRlIi8+Cjwvc3ZnPgo=","logoFileName":"default-logo.svg","primaryBtnBgColor":"#1776BF","primaryBtnColor":"#ffffff","primaryBtnBrbColor":"#1776BF","secondaryBtnBgColor":"#ffffff","secondaryBtnColor":"#1776BF","secondaryBtnBrbColor":"#1776BF","favIconImage":"data:image/vnd.microsoft.icon;base64,AAABAAMAEBAAAAEAIABoBAAANgAAACAgAAABACAAKBEAAJ4EAAAwMAAAAQAgAGgmAADGFQAAKAAAABAAAAAgAAAAAQAgAAAAAAAAAAAAAAAAAAAAAAAAAAAAAAAAAAAAAAAAAAAAAAAAAAAAAAAAAAAAAAAAAAAAAABVVVUDgICAAgAAAAAAAAAAAAAAAAAAAAAAAAAAAAAAAAAAAAAAAAAAAAAAAAAAAAAAAAAAAAAAAJKSkgeXjoiQlo6H3ZaOiNuXjoiQkpKSBwAAAAAAAAAAAAAAAAAAAAAAAAAAAAAAAJmZmQWZmZkFAAAAAAAAAACXjoiQlo2IjaqAgAa2kpIHmI+Ij5eOiJAAAAAAAAAAAJmZmQWZmZkFAAAAAJWPh1mWjofdlY2I3peOiFiAgIAClo2I3qqqgAYAAAAAAAAAAJKSkgeWjYfd////AZiPilmXjYjcl42I3JWNh1eWjYffmYyMFJKShhWXj4jamZmACpaMh/eWjojflo6I35aOiN+Wjojflo6H9b+AgASWjofbkpKGFZWVihiWjojfl42H15WOhyQAAAAAlo6I2ZmZiA+WjYfZgICAAoCAgAKAgIACgICAApeOh9eqjo4Jlo6I2QAAAACVjockl46I15SNhUOWjojUlI6IK5aOiNmZmYgPl46I2AAAAAAAAAAAAAAAAAAAAACXjofXqo6OCZaOiNmYjIYql42H05SNiUMAAAAAlo2JOJaOiNqWjYjrmYiID5aMh/eWjojelo6I3paOiN6Wjojelo6H9aqOjgmWjYjrlo6I2pmQhjcAAAAAAAAAAAAAAACTjogtlo6I3Z+fnwiWjYfdgICACICAgAKAgIACqo6OCZaNiN+fn58Ilo6I3ZeLhSwAAAAAAAAAAAAAAAAAAAAAAAAAAJOLiyGqqqoDlo2Ij5aNiIu2kpIHgICABpaNiIuWj4iPgICABJaOhyIAAAAAAAAAAAAAAAAAAAAAAAAAAAAAAAAAAAAAAAAAAJ+AgAiWj4iPlo2I3paNh92WjYiPn4CACAAAAAAAAAAAAAAAAAAAAAAAAAAAAAAAAAAAAAAAAAAAAAAAAJeXixaVjYh0lo+IS4CAgAKAgIAClo+IS5iPiHKXl4sWAAAAAAAAAAAAAAAAAAAAAAAAAAAAAAAAAAAAAAAAAACXjofGlY2HfZaOh8SWj4hJlI2GTJaNiMWWjoh8l46HxgAAAAAAAAAAAAAAAAAAAAAAAAAAAAAAAAAAAACqqqoDlY2H4JmZgAqWjoh6l46Hc5eOh3OWjYd5i4uLC5aNiN6qqqoDAAAAAAAAAAAAAAAAAAAAAAAAAAAAAAAAAAAAAJWMh2qWjYjelo2IxZeLixaXi4sWl46HxpaOiN+VjodqAAAAAAAAAAAAAAAAAAAAAAAAAAAAAAAAAAAAAAAAAAAAAAAAqqqqA////wEAAAAAAAAAAAAAAAGqqqoDAAAAAAAAAAAAAAAAAAAAAAAAAAAAAAAAAAAAAAAAAAAAAAAAAAAAAAAAAAAAAAAAAAAAAAAAAAAAAAAAAAAAAAAAAAAAAAAAAAAAAAAAAAAAAAAAKAAAACAAAABAAAAAAQAgAAAAAAAAAAAAAAAAAAAAAAAAAAAAAAAAAAAAAAAAAAAAAAAAAAAAAAAAAAAAAAAAAAAAAAAAAAAAAAAAAAAAAAAAAAAAAAAAAAAAAAAAAAAAAAAAAAAAAAAAAAAAAAAAAAAAAAAAAAAAAAAAAAAAAAAAAAAAAAAAAAAAAAAAAAAAAAAAAAAAAAAAAAAAAAAAAAAAAAAAAAAAAAAAAAAAAAAAAAAAAAAAAAAAAAAAAAAAAAAAAAAAAAAAAAAAAAAAAAAAAAAAAAAAAAAAAAAAAAAAAAABjo6OCZ+AgAgAAAABAAAAAAAAAAAAAAAAAAAAAAAAAAAAAAAAAAAAAAAAAAAAAAAAAAAAAAAAAAAAAAAAAAAAAAAAAAAAAAAAAAAAAAAAAAAAAAAAAAAAAAAAAAAAAAAAAAAAAAAAAAAAAAAAAAAAAAAAAACZmYAKmI6JapeOiMeWjojqlo2I6ZaNiMOWj4hrjo6OCQAAAAAAAAAAAAAAAAAAAAAAAAAAAAAAAAAAAAAAAAAAAAAAAAAAAAAAAAAAAAAAAAAAAAAAAAAAAAAAAAAAAAAAAAAAAAAAAAAAAAAAAAAAAAAAAAAAAAAAAAAAnZOJGpaOiM+WjYf/lo6H9ZeNhs2WjojPlo2H85aNh/+WjYjMlY2NHQAAAAAAAAAAAAAAAAAAAAAAAAAAAAAAAAAAAAAAAAAAAAAAAAAAAAAAAAAAAAAAAAAAAAAAAAAAAAAAAAAAAAAAAAAAAAAAAAAAAAAAAAAAAAAAAKKLiwuXjYjNlo2H/ZeNh5uXi4sW/wAAAf8AAAGbkokclo6HoJaNh/2XjojNjo6OCQAAAAAAAAAAAAAAAAAAAAAAAAAAAAAAAAAAAAAAAAAAAAAAAAAAAAAAAAAAAAAAAICAgAKcjo4SloeHEYCAgAIAAAAAAAAAAAAAAAAAAAAAlo2Fa5aNh/+Xjoia////AQAAAAAAAAAAAAAAAAAAAAD///8Bl46HoJaNh/+Wj4hrAAAAAAAAAAAAAAAAAAAAAICAgAKfj48QnI6OEoCAgAIAAAAAAAAAAAAAAACXj4Y7lo6HyJaNh/mWjoj6lo2Ix5WNiDoAAAAAAAAAAP///wGWjofIlo2H9JCQhRcAAAAAAAAAAAAAAAAAAAAAAAAAAAAAAACXjoQblo2H9ZaNiMP///8BAAAAAAAAAACXj4o7l46HwpeNh/mWjYf5l46HwpaNiTgAAAAAlJCGN5aOh/GWjYj6lo6HuZaNiL6WjYf5lo6H9ZmPijIAAAAAmZlmBZeNiO6XjojN////AQAAAAAAAAAAAAAAAAAAAAAAAAAAAAAAAP///wGXjojNloyH7qqqqgMAAAAAl46JNpWNh/SWjYf5lo6IvZeNiLqWjYf7lo6H8ZmPijKXjYi6lo2H/JeOh1EAAAAAAAAAAJeOh1GWjoj8lo6IsgAAAACZmYgPloyH95aNh/iWjofklo6H5JaOh+SWjofklo6H5JaOh+SWjofklo6H5JaNh/iVjYf0v4CABAAAAACWjYe3lo6I/JSOh1EAAAAAAAAAAJWNiF6WjYf8lo6IspaNh/aWjojPAAAAAAAAAAAAAAAAgICAApeOiNCWjofsn5+fCJmZiA+WjIf3lo2H9ZaOiNqWjojalo6I2paOiNqWjojalo6I2paOiNqWjojalo6H9ZWNh/S/gIAEjo6OCZaOh+yXjojNgICAAgAAAAAAAAAAqqqqA5aOiNuVjYf0lY2H6peOiNqAgIAEAAAAAAAAAAAAAAAAmI+IwZaOh/GSkpIOmZmID5aMh/eWjoi7qqqqA6qqqgOqqqoDqqqqA6qqqgOqqqoDqqqqA6qqqgOXjoi7lY2H9L+AgASSkpIOlo6H8ZiPiMEAAAAAAAAAAAAAAACZmZkFlo6H4ZeOh+iXjYmblo2H/paOiYiAgIACAAAAAAAAAACYj4jBlo6H8ZKSkg6ZmYgPloyH95ePiLoAAAAAAAAAAAAAAAAAAAAAAAAAAAAAAAAAAAAAAAAAAJePiLqVjYf0v4CABJKSkg6WjofxmI+IwQAAAAAAAAAAgICAApeNiImXjoj+lo6Jl5KShhWWjojYlo2H/piPiI2qqqoDAAAAAJiPiMGWjofxkpKSDpmZiA+WjIf3l4+IugAAAAAAAAAAAAAAAAAAAAAAAAAAAAAAAAAAAAAAAAAAl4+IupWNh/S/gIAEkpKSDpaOh/GYj4jBAAAAAKqqqgOYjomKlo2H/paOiNiTiYkaAAAAAJWNhB2WjofIl46I/peNiJ+fgIAImI+IwZaOh/GSkpIOmZmID5aMh/eXj4i6AAAAAAAAAAAAAAAAAAAAAAAAAAAAAAAAAAAAAAAAAACXj4i6lY2H9L+AgASSkpIOlo6H8ZiPiMGfgIAImI6InJeOiP6XjofGmY+FGQAAAAAAAAAAAAAAAI+PjxCWjoi/lo2H/5aNh7GWjYfMlo6H8ZKSkg6ZmYgPloyH95aNh/aXj4jcl4+I3JePiNyXj4jcl4+I3JePiNyXj4jcl4+I3JaNh/aVjYf0v4CABJKSkg6Wjofxl46Iy5eNh7GWjYf/lo6Hv5mIiA8AAAAAAAAAAAAAAAAAAAAAAAAAAJmIiA+Wjoe5lo2H/5aNh/+WjofxkpKSDpmIiA+WjIf3loyH95aOh+CWjofglo6H4JaOh+CWjofglo6H4JaOh+CWjofglo2H95WNh/S/gIAEkpKSDpaOh/GWjYf/lo2H/5aOh7mZiIgPAAAAAAAAAAAAAAAAAAAAAAAAAAAAAAAAAAAAAIuLiwuWjoijlo2H/5aOh/GSkpIOgICABJaNh/CXjYjLgICABICAgASAgIAEgICABICAgASAgIAEgICABL+AgASXjYjNlo6I74CAgASSkpIOlo6H8ZaNh/+WjoegmYCACgAAAAAAAAAAAAAAAAAAAAAAAAAAAAAAAAAAAAAAAAAAAAAAAJmZmQWWj4iUlo6H8ZKSkg7///8Blo2HxZaNhvWXi4sWAAAAAAAAAAAAAAAAAAAAAAAAAAAAAAAAm5KJHJaMh/eXjYjJ////AZKSkg6Wjofxlo2IlICAgAQAAAAAAAAAAAAAAAAAAAAAAAAAAAAAAAAAAAAAAAAAAAAAAAAAAAAAAAAAAICAgASXjYl/nYmJDQAAAACWjYhrlo2H/5aNiJSAgIACAAAAAAAAAAAAAAAAAAAAAICAgAKYjoeZlo2H/5WOh2wAAAAAkpKADpaOiIGAgIAEAAAAAAAAAAAAAAAAAAAAAAAAAAAAAAAAAAAAAAAAAAAAAAAAAAAAAAAAAAAAAAAAAAAAAAAAAAEAAAAAAAAAAJmZgAqWjYbJlo2H/piOh5mbkokc////AQAAAAGXi4sWmI2IlJaNh/6WjofImZmACgAAAAAAAAAAAAAAAQAAAAAAAAAAAAAAAAAAAAAAAAAAAAAAAAAAAAAAAAAAAAAAAAAAAAAAAAAAAAAAAAAAAAAAAAAAAAAAAAAAAAAAAAAAAAAAAJSMhB+WjYbJlo2H/5aNiPaXjojLlo2IypaNhvWWjYf/lo6HyJmQiB4AAAAAAAAAAAAAAAAAAAAAAAAAAAAAAAAAAAAAAAAAAAAAAAAAAAAAAAAAAAAAAAAAAAAAAAAAAAAAAAAAAAAAAAAAAAAAAAAAAAAAAAAAAAAAAAAAAAAAAAAAAJmZgAqVjodsl42IyZaOiO+Wjojvlo2HxZaNiGuZmYAKAAAAAAAAAAAAAAAAAAAAAAAAAAAAAAAAAAAAAAAAAAAAAAAAAAAAAAAAAAAAAAAAAAAAAAAAAAAAAAAAAAAAAAAAAAAAAAAAAAAAAAAAAAAAAAAAAAAAAP///wGSkpIH////AQAAAAD///8BgICABICAgAT///8BAAAAAP///wGZmZkF////AQAAAAAAAAAAAAAAAAAAAAAAAAAAAAAAAAAAAAAAAAAAAAAAAAAAAAAAAAAAAAAAAAAAAAAAAAAAAAAAAAAAAAAAAAAAAAAAAP///wGXjohYlo2I1JaOh/OWjofRlYyHWf///wEAAAAAAAAAAP///wGXjohYl42H0paNh/OXjojQl46IWP///wEAAAAAAAAAAAAAAAAAAAAAAAAAAAAAAAAAAAAAAAAAAAAAAAAAAAAAAAAAAAAAAAAAAAAAAAAAAAAAAAAAAAAAlo6IWpaNh/yWjYf2lo2Ix5aNh/CWjYf9l46IVgAAAAAAAAAAlo6IWpaNh/2WjYf1lo6HyJaOh/OWjYf8mI+KWQAAAAAAAAAAAAAAAAAAAAAAAAAAAAAAAAAAAAAAAAAAAAAAAAAAAAAAAAAAAAAAAAAAAAAAAAAAAAAAAP///wGXjYfQlo2H9JOOiTT///8BmY6ILZWNh/aWjYfOAAAAAQAAAAGWjYfTlo2H8ZWPijD///8BlpGHM5aNh/KXjYfQ////AQAAAAAAAAAAAAAAAAAAAAAAAAAAAAAAAAAAAAAAAAAAAAAAAAAAAAAAAAAAAAAAAAAAAAAAAAAAoqKLC5WNiO+WjYjHAAAAAAAAAAAAAAABlo6HyJaNh/GOjo4Jjo6OCZaNh/GWjYfKAAAAAQAAAAAAAAAAl42Ix5aNiO+ii4sLAAAAAAAAAAAAAAAAAAAAAAAAAAAAAAAAAAAAAAAAAAAAAAAAAAAAAAAAAAAAAAAAAAAAAAAAAAD///8Blo2H1ZWNh/SZjIYoAAAAAJqOiCuWjYf0lY2H0gAAAAAAAAAAl46H0ZaNh/GZk4YoAAAAAJSOiCuWjYjvl42H04CAgAIAAAAAAAAAAAAAAAAAAAAAAAAAAAAAAAAAAAAAAAAAAAAAAAAAAAAAAAAAAAAAAAAAAAAAAAAAAAAAAACXjYdTlo2H/ZaNh/GWjofIlo2H85aNh/yXjohYAAAAAAAAAACVjYdXlY2H+5aNh/OXjojHlo2H9ZaNh/uVjYdXAAAAAAAAAAAAAAAAAAAAAAAAAAAAAAAAAAAAAAAAAAAAAAAAAAAAAAAAAAAAAAAAAAAAAAAAAAAAAAAAAAAAAAAAAAGWjYdVl42H0paNiO2XjojSl42HUwAAAAEAAAAAAAAAAAAAAAGYjIdZl46H0ZeNiO2XjojSlI6IVgAAAAAAAAAAAAAAAAAAAAAAAAAAAAAAAAAAAAAAAAAAAAAAAAAAAAAAAAAAAAAAAAAAAAAAAAAAAAAAAAAAAAAAAAAAAAAAAAAAAACAgIACmZmZCqqqqgMAAAAAAAAAAAAAAAAAAAAAAAAAAAAAAACAgIACmZmZCqpVVQMAAAAAAAAAAAAAAAAAAAAAAAAAAAAAAAAAAAAAAAAAAAAAAAAAAAAAAAAAAAAAAAAAAAAAAAAAAAAAAAAAAAAAAAAAAAAAAAAAAAAAAAAAAAAAAAAAAAAAAAAAAAAAAAAAAAAAAAAAAAAAAAAAAAAAAAAAAAAAAAAAAAAAAAAAAAAAAAAAAAAAAAAAAAAAAAAAAAAAAAAAAAAAAAAAAAAAAAAAAAAAAAAAAAAAAAAAAAAAAAAAAAAAAAAAAAAAAAAAAAAAAAAAAAAAAAAAAAAAAAAAAAAAAAAAAAAAAAAAAAAAAAAAAAAAAAAAAAAAAAAAAAAAAAAAAAAAAAAAAAAAAAAAAAAAAAAAAAAAAAAAAAAAAAAAAAAAAAAAAAAAAAAAAAAAAAAAAAAAAAAAAAAAAAAAAAAAAAAAAAAAAAAAAAAAAAAAAAAAAAAAAAAAAAAAAAAAAAAAAAAAAAAAAAAAAAAAAAAAAAAAAAAAAAAAAAAAAAAAAAAAAAAAAAAAAAAAAAAAAAAAAAAAAAAAAAAAAAAAAAAAAAAAAAAAAAAAAAAAAAAAAAAAKAAAADAAAABgAAAAAQAgAAAAAAAAAAAAAAAAAAAAAAAAAAAAAAAAAAAAAAAAAAAAAAAAAAAAAAAAAAAAAAAAAAAAAAAAAAAAAAAAAAAAAAAAAAAAAAAAAAAAAAAAAAAAAAAAAAAAAAAAAAAAAAAAAAAAAAAAAAAAAAAAAAAAAAAAAAAAAAAAAAAAAAAAAAAAAAAAAAAAAAAAAAAAAAAAAAAAAAAAAAAAAAAAAAAAAAAAAAAAAAAAAAAAAAAAAAAAAAAAAAAAAAAAAAAAAAAAAAAAAAAAAAAAAAAAAAAAAAAAAAAAAAAAAAAAAAAAAAAAAAAAAAAAAAAAAAAAAAAAAAAAAAAAAAAAAAAAAAAAAAAAAAAAAAAAAAAAAAAAAAAAAAAAAAAAAAAAAAAAAAAAAAAAAAAAAAAAAAAAAAAAAAAAAAAAAAAAAAAAAAAAAAAAAAAAAAAAAAAAAAAAAAAAAAAAAAAAAAAAAAAAAAAAAAAAAAAAAAAAAAAAAAAAAAAAAAAAAAAAAAAAAAAAAAAAAAAAAAAAAAAAAAAAAAAAAAAAAAAAAAAAAAAAAAAAAAAAAAAAAAAAAAAAAAAAAAAAAAAAAAAAAAAAAAAAAAAAAAAAAAAAAAAAAAAAAAAAAAAAAAAAAAAAAAAAAAAAAAAAAAAAAAAAAAAAAAAAAAAAAACSkpIHloeHEZmIiA+ZmZkFAAAAAAAAAAAAAAAAAAAAAAAAAAAAAAAAAAAAAAAAAAAAAAAAAAAAAAAAAAAAAAAAAAAAAAAAAAAAAAAAAAAAAAAAAAAAAAAAAAAAAAAAAAAAAAAAAAAAAAAAAAAAAAAAAAAAAAAAAAAAAAAAAAAAAAAAAAAAAAAAAAAAAAAAAAAAAAAAAAAAAAAAAAAAAAAAAAAAAAAAAAAAAAAAAAAAAP///wGfj48Ql4+LQJaNhpKWjYjKlo6H4JaNiN6XjojHlo2HiJSNhUOPj48Q////AQAAAAAAAAAAAAAAAAAAAAAAAAAAAAAAAAAAAAAAAAAAAAAAAAAAAAAAAAAAAAAAAAAAAAAAAAAAAAAAAAAAAAAAAAAAAAAAAAAAAAAAAAAAAAAAAAAAAAAAAAAAAAAAAAAAAAAAAAAAAAAAAAAAAAAAAAAAAAAAAAAAAAAAAAAAAAAAAAAAAAAAAAAA////AZiQiD6Vjoipl42I7paNh/+WjYf/lo2H/5aNh/+WjYf/l46I/paNiO+XjYemlo6KPf///wEAAAAAAAAAAAAAAAAAAAAAAAAAAAAAAAAAAAAAAAAAAAAAAAAAAAAAAAAAAAAAAAAAAAAAAAAAAAAAAAAAAAAAAAAAAAAAAAAAAAAAAAAAAAAAAAAAAAAAAAAAAAAAAAAAAAAAAAAAAAAAAAAAAAAAAAAAAAAAAAAAAAAAAAAAAAAAAAAAAAABlY6HRpaNh+CWjYf9lo2H/5aNh/iWjYfOl46GopeOiKeXjYbLloyH95aNh/+Xjoj8lY2H4JWOiE0AAAABAAAAAAAAAAAAAAAAAAAAAAAAAAAAAAAAAAAAAAAAAAAAAAAAAAAAAAAAAAAAAAAAAAAAAAAAAAAAAAAAAAAAAAAAAAAAAAAAAAAAAAAAAAAAAAAAAAAAAAAAAAAAAAAAAAAAAAAAAAAAAAAAAAAAAAAAAAAAAAAAAAAAAP///wGWjoo9lo2H35aNh/+VjYf2lo2Ir5aMhzOfn4AIAAAAAAAAAACfgIAIlo6LRJaMh7uVjYf2lo2H/5aNhuCWjoY/////AQAAAAAAAAAAAAAAAAAAAAAAAAAAAAAAAAAAAAAAAAAAAAAAAAAAAAAAAAAAAAAAAAAAAAAAAAAAAAAAAAAAAAAAAAAAAAAAAAAAAAAAAAAAAAAAAAAAAAAAAAAAAAAAAAAAAAAAAAAAAAAAAAAAAAAAAAAAAAAAAJaWhxGXjoiplo2H/ZeOh/WXjomMnpKGFQAAAAAAAAAAAAAAAAAAAAAAAAAAAAAAAJeXixaXjoiOlo2I9paOiPyXjoillpaWEQAAAAAAAAAAAAAAAAAAAAAAAAAAAAAAAAAAAAAAAAAAAAAAAAAAAAAAAAAAAAAAAAAAAAAAAAAAAAAAAAAAAAAAAAAAAAAAAP///wGdiYkNlY6HJJ6OhyKioosL//8AAQAAAAAAAAAAAAAAAAAAAAAAAAAAAAAAAJmNhUGWjYfulo2H/5eOh7CZjIwUAAAAAAAAAAAAAAAAAAAAAAAAAAAAAAAAAAAAAAAAAACXi4sWlo6IuZaNh/+WjYjvl4+HQAAAAAAAAAAAAAAAAAAAAAAAAAAAAAAAAP///wGVgIAMlo6HIpWOhySdiYkN////AQAAAAAAAAAAAAAAAAAAAACAgIAClpCJJ5iNiI2WjYfdlo6I+JaNh/mXjYjclo2IjZaOhyKqqqoDAAAAAAAAAAAAAAAAAAAAAZaNiJSWjYf/lo6H9ZWQhzUAAAAAAAAAAAAAAAAAAAAAAAAAAAAAAAAAAAAAAAAAAAAAAAAAAAAAlo6HRJaNh/iXjoj+l42IiQAAAAAAAAAAAAAAAAAAAACAgIAElo6HIpaQiH6XjYjclo2H+ZaOiPiWjofbmJCIfpKSgyOAgIACAAAAAICAgAKVjYlBlo2IzJaNh/2WjYf/lo2H/5aNh/+WjYf/lo6I/peNhsuWjIhJqqqqAwAAAAAAAAAAv4CABJeOiMuWjYf/l42Hzp+AgAgAAAAAAAAAAAAAAAAAAAAAAAAAAAAAAAAAAAAAAAAAAAAAAAAAAAAAgICABpeOiM2WjYf/l42IyYCAgAQAAAAAAAAAAKqqqgOWjIhJl42Iy5aOiP6WjYf/lo2H/5eOiP6WjYf/lo2H/ZeOiMmVjYlBgICAApaOhyKWjofIlo2H/ZeOiPyWjIfIlo6IfpWNh4KWjYfMlo2H/JaNh/6WjofCk5OJGgAAAAAAAAAAjo6OCZaOh+qWjYf/lo2Io////wEAAAAAAAAAAAAAAAAAAAAAAAAAAAAAAAAAAAAAAAAAAAAAAAAAAAAA////AZeNh6SWjYf/lo2I6aqAgAYAAAAAAAAAAJSUhB+WjYjHlo2H/paNh/yXjojLlo6IgZaOiH6WjYfKlo2H/ZaNh/2Wj4jDl46EG5aNh3eWjYf9lo2H/ZaOh6CXi4sWAAAAAAAAAACSkoYVlY2HppaNh/6VjIf7lo6KZgAAAAAAAAAAmY+FGZaMh/KWjYf/lo2I65eOiNKXjojSl46I0peOiNKXjojSl46I0peOiNKXjojSl46I0peOiNKXjojSl46I0paNiOuWjYf/lo2I7ZJtbQcAAAAAAAAAAJeMhnaWjYj8lo2H/paOiKWZmYwUAAAAAAAAAACbkokclo2HsZaNh/2WjYf8lo6KZpaNh8yWjYf/l42I3JuSiRwAAAAAAAAAAAAAAAAAAAAAmY+FGZaNiN6WjYf/lo+Iw4CAgAQAAAAAmY+FGZaMh/KWjYf/lo2H/5aNh/+WjYf/lo2H/5aNh/+WjYf/lo2H/5aNh/+WjYf/lo2H/5aNh/+WjYf/lo2H/5aNh/+WjYf/lo2I7ZJtbQcAAAAAgICABJaOh8CWjYf/lo2H25mPhRkAAAAAAAAAAAAAAAAAAAAAk4yMKJaNiOeWjYf/lo2Hx5eNh/eWjYf/lo2IoQAAAAAAAAAAAAAAAAAAAAAAAAAA//8AAZeNiaSWjYf/lo2H5JyOjhIAAAAAmY+FGZaMh/KWjYf/l46H45aOh8KWjofClo6HwpaOh8KWjofClo6HwpaOh8KWjofClo6HwpaOh8KWjofClo6HwpaNhuSWjYf/lo2I7ZJtbQcAAAAAlIaGE5aNh+SWjYf/mI+Hn///AAEAAAAAAAAAAAAAAAAAAAAAgICAApWOibeWjYf/lYyG9paNiOmWjYf/lo2HsYCAgAIAAAAAAAAAAAAAAAAAAAAAAAAAAJiOiZmWjYf/lo2H6ZeXlxYAAAAAmY+FGZaMh/KWjYf/lo2Jj5mZmQWZmZkFmZmZBZmZmQWZmZkFmZmZBZmZmQWZmZkFmZmZBZmZmQWZmZkFmZmZBZiNiY+WjYf/lo2I7ZJtbQcAAAAAkJCQF5aNh+mWjYf/mI6HmQAAAAAAAAAAAAAAAAAAAAAAAAAAqqqqA5ePh8GWjYf/lo2H5JWNh6iWjYf/lo6H7JSNhUOAgIACAAAAAAAAAAAAAAAAAAAAAJiOiZmWjYf/lo2H6ZeXlxYAAAAAmY+FGZaMh/KWjYf/lo+IjQAAAAAAAAAAAAAAAAAAAAAAAAAAAAAAAAAAAAAAAAAAAAAAAAAAAAAAAAAAAAAAAJaPiI2WjYf/lo2I7ZJtbQcAAAAAkJCQF5aNh+mWjYf/mI6HmQAAAAAAAAAAAAAAAAAAAACAgIAClY6HRpaNh+6WjYf/l46Gp5aPiEuWjYfyl46I/paOh9aTi4dA////AQAAAAAAAAAAAAAAAJiOiZmWjYf/lo2H6ZeXlxYAAAAAmY+FGZaMh/KWjYf/lo+IjQAAAAAAAAAAAAAAAAAAAAAAAAAAAAAAAAAAAAAAAAAAAAAAAAAAAAAAAAAAAAAAAJaPiI2WjYf/lo2I7ZJtbQcAAAAAkJCQF5aNh+mWjYf/mI6HmQAAAAAAAAAAAAAAAP///wGTj4dAlY2H15aNh/+WjYjwlY6HRqKLiwuWjYaSl42H+ZeOiP6XjofOmZCLN4CAgAIAAAAAAAAAAJiOiZmWjYf/lo2H6ZeXlxYAAAAAmY+FGZaMh/KWjYf/lo+IjQAAAAAAAAAAAAAAAAAAAAAAAAAAAAAAAAAAAAAAAAAAAAAAAAAAAAAAAAAAAAAAAJaPiI2WjYf/lo2I7ZJtbQcAAAAAkJCQF5aNh+mWjYf/mI6HmQAAAAAAAAAAgICAApeOiTaXjofOl46I/peNh/mXjYiakpKADgAAAACUjIQflo6InpaMh/eWjYf+l42H15mPiEuZmZkFAAAAAJiOiZmWjYf/lo2H6ZeXlxYAAAAAmY+FGZaMh/KWjYf/lo+IjQAAAAAAAAAAAAAAAAAAAAAAAAAAAAAAAAAAAAAAAAAAAAAAAAAAAAAAAAAAAAAAAJaPiI2WjYf/lo2I7ZJtbQcAAAAAkJCQF5aNh+mWjYf/mI6HmQAAAAC/gIAElo+IS5eOiNKWjYf+loyH95aOh5mUjIQfAAAAAAAAAAAAAAAAj4CAEJaMhn6WjIf3lo2H/5eOiOOWjolhv4CABJiOiZmWjYf/lo2H6ZeXlxYAAAAAmY+FGZaMh/KWjYf/lo+IjQAAAAAAAAAAAAAAAAAAAAAAAAAAAAAAAAAAAAAAAAAAAAAAAAAAAAAAAAAAAAAAAJaPiI2WjYf/lo2I7ZJtbQcAAAAAkJCQF5aNh+mWjYf/mI6Hmb+AgASYjYhel46H4ZaNh/+VjYf0lo6IfJKSgA4AAAAAAAAAAAAAAAAAAAAAAAAAAI6OjgmVjYl9lo2H8ZaNh/+XjYfol4+JXZeNiJ+WjYf/lo2H6ZeXlxYAAAAAmY+FGZaMh/KWjYf/lo2I5ZeOiMWXjojFl46IxZeOiMWXjojFl46IxZeOiMWXjojFl46IxZeOiMWXjojFl46IxZaNiOWWjYf/lo2I7ZJtbQcAAAAAkJCQF5aNh+mWjYf/mI6InpqPiV2XjYfolo2H/5aNh/GVj4l7n5+fCAAAAAAAAAAAAAAAAAAAAAAAAAAAAAAAAAAAAACZiIgPlY+Je5aNh/KWjYf/l42I7ZeNiNyWjYf/lo2H6ZeXlxYAAAAAmY+FGZaMh/KWjYf/lo2H/5aNh/+WjYf/lo2H/5aNh/+WjYf/lo2H/5aNh/+WjYf/lo2H/5aNh/+WjYf/lo2H/5aNh/+WjYf/lo2I7ZJtbQcAAAAAkJCQF5aNh+mWjYf/l42I3JeNiO2WjYf/lo2H8pWPiXuZiIgPAAAAAAAAAAAAAAAAAAAAAAAAAAAAAAAAAAAAAAAAAAAAAAAAn5+fCJeNiGWWjYfulo2H/5aNh/+WjYf/lo2H6ZeXlxYAAAAAlYqKGJaMh/KWjYf/l46H6JaOh8yWjofMlo6HzJaOh8yWjofMlo6HzJaOh8yWjofMlo6HzJaOh8yWjofMlo6HzJaNiOmWjYf/lo2I7ZJtbQcAAAAAkJCQF5aNh+mWjYf/lo2H/5aNh/+WjYful42IZZ+fnwgAAAAAAAAAAAAAAAAAAAAAAAAAAAAAAAAAAAAAAAAAAAAAAAAAAAAAAAAAAKqAgAaXjYhllo2H5ZaNh/+WjYf/lo2H6ZeXlxYAAAAAkpKSB5aNh+uWjYf/lo2IoW1tbQeAgIAGgICABoCAgAaAgIAGgICABoCAgAaAgIAGgICABoCAgAaAgIAGkm1tB5aNh6iWjYf/lo6H6qqAgAYAAAAAkJCQF5aNh+mWjYf/lo2H/5eOh+OXjYdgmZmZBQAAAAAAAAAAAAAAAAAAAAAAAAAAAAAAAAAAAAAAAAAAAAAAAAAAAAAAAAAAAAAAAAAAAACZmZkFmZCKVZaOiNiXjoj+lo2H6ZeXlxYAAAAAv7+ABJeOiM2WjYf/l46Iy6qAgAYAAAAAAAAAAAAAAAAAAAAAAAAAAAAAAAAAAAAAAAAAAAAAAAAAAAAAkpKSB5aNh8yWjYf/lo6H0b+AgAQAAAAAkJCQF5aNh+mXjoj+loyH2JeOh1GZmZkFAAAAAAAAAAAAAAAAAAAAAAAAAAAAAAAAAAAAAAAAAAAAAAAAAAAAAAAAAAAAAAAAAAAAAAAAAAAAAAAAqlVVA5iQjD6WjojYl46H6JeXlxYAAAAAAAAAAJaNiIuWjYf/lo6H9ZiOiTQAAAAAAAAAAAAAAAAAAAAAAAAAAAAAAAAAAAAAAAAAAAAAAAAAAAAAmJCFRZaNh/iWjYf/l42HkQAAAAEAAAAAkJCQF5eOh+iWjIjYmJCMPoCAgAIAAAAAAAAAAAAAAAAAAAAAAAAAAAAAAAAAAAAAAAAAAAAAAAAAAAAAAAAAAAAAAAAAAAAAAAAAAAAAAAAAAAAAAAAAAICAgAKXkIhHlo2Iw5eLixYAAAAAAAAAAJOLh0CWjYjvlo2H/5eOiKyWh4cRAAAAAAAAAAAAAAAAAAAAAAAAAAAAAAAAAAAAAAAAAACUlIYTlo6Ht5aNh/+WjYjvlI2FQwAAAAAAAAAAkJCFF5aOh8SWi4hLgICAAgAAAAAAAAAAAAAAAAAAAAAAAAAAAAAAAAAAAAAAAAAAAAAAAAAAAAAAAAAAAAAAAAAAAAAAAAAAAAAAAAAAAAAAAAAAAAAAAAAAAACAgIACmY+KMqKLiwsAAAAAAAAAAJaHhxGXjoinlo2H/ZaNh/SWj4eGlJSGEwAAAAAAAAAAAAAAAAAAAAAAAAAAAAAAAJaHhxGWj4mGlo2H9JaNh/2WjoinloeHEQAAAAAAAAAAoouLC5aMhzOqqqoDAAAAAAAAAAAAAAAAAAAAAAAAAAAAAAAAAAAAAAAAAAAAAAAAAAAAAAAAAAAAAAAAAAAAAAAAAAAAAAAAAAAAAAAAAAAAAAAAAAAAAAAAAAAAAAAAAAAAAAAAAAAAAAAAAAAAAP///wGXjok2lo2H35aNh/+WjYf0lo6Ht5qSh0SSkpIH////AQAAAAGqgIAGlYyHNZaOiK2WjYf0lo2H/5aNh9+VkIc1////AQAAAAAAAAAAAAAAAAAAAAAAAAAAAAAAAAAAAAAAAAAAAAAAAAAAAAAAAAAAAAAAAAAAAAAAAAAAAAAAAAAAAAAAAAAAAAAAAAAAAAAAAAAAAAAAAAAAAAAAAAAAAAAAAAAAAAAAAAAAAAAAAAAAAAAAAAAAAAAAAAAAAAAAAAABmIyJUpaNh9+WjYf9lo2H/5aNh/iXjojLl4+HpJeNiJ+XjojLlo6H9ZaNh/+WjYf9lo2I3piMhlIAAAABAAAAAAAAAAAAAAAAAAAAAAAAAAAAAAAAAAAAAAAAAAAAAAAAAAAAAAAAAAAAAAAAAAAAAAAAAAAAAAAAAAAAAAAAAAAAAAAAAAAAAAAAAAAAAAAAAAAAAAAAAAAAAAAAAAAAAAAAAAAAAAAAAAAAAAAAAAAAAAAAAAAAAAAAAAAAAAAAAAAAAZeOiTaXjoinlo2I75aNh/+WjYf/lo2H/5aNh/+WjYf/lo2H/5aNiO+XjoinmpCHNQAAAAEAAAAAAAAAAAAAAAAAAAAAAAAAAAAAAAAAAAAAAAAAAAAAAAAAAAAAAAAAAAAAAAAAAAAAAAAAAAAAAAAAAAAAAAAAAAAAAAAAAAAAAAAAAAAAAAAAAAAAAAAAAAAAAAAAAAAAAAAAAAAAAAAAAAAAAAAAAAAAAAAAAAAAAAAAAAAAAAAAAAAAAAAAAP///wGWh4cRlI2FQ5eNh5GXjofRl46H6paOh+qXjojNlo2Ii5OLh0CWh4cR////AQAAAAAAAAAAAAAAAAAAAAAAAAAAAAAAAAAAAAAAAAAAAAAAAAAAAAAAAAAAAAAAAAAAAAAAAAAAAAAAAAAAAAAAAAAAAAAAAAAAAAAAAAAAAAAAAAAAAAAAAAAAAAAAAAAAAAAAAAAAAAAAAAAAAAAAAAAAAAAAAAAAAAAAAAAAAAAAAAAAAACAgIACqlVVAwAAAAEAAAAAAAAAAAAAAAG/v4AEqqqABqqqgAa/v4AEAAAAAAAAAAAAAAAAAAAAAf///wH///8BAAAAAAAAAAAAAAAAAAAAAAAAAAAAAAAAAAAAAAAAAAAAAAAAAAAAAAAAAAAAAAAAAAAAAAAAAAAAAAAAAAAAAAAAAAAAAAAAAAAAAAAAAAAAAAAAAAAAAAAAAAAAAAAAAAAAAAAAAAAAAAAAAAAAAAAAAAAAAAAAmYiID5aPiEuXjIdxl42He5aOhl+Vj4kpqqqqAwAAAAAAAAAAAAAAAAAAAAAAAAAAAAAAAKqqqgObj4kpl42HYpaNh3eZjYlwlY6HRpWVgAwAAAAAAAAAAAAAAAAAAAAAAAAAAAAAAAAAAAAAAAAAAAAAAAAAAAAAAAAAAAAAAAAAAAAAAAAAAAAAAAAAAAAAAAAAAAAAAAAAAAAAAAAAAAAAAAAAAAAAAAAAAAAAAAAAAAAAAAAAAAAAAACYjIwqlo6HqpaNiO2WjIf5lo2H+5aOh/OVjYfXmI6JYaqqVQMAAAAAAAAAAAAAAAAAAAAAqqqqA5WNh2CWjYfTlo2H9JaNh/uWjYj4lo2H65aNiK+YjIwqAAAAAAAAAAAAAAAAAAAAAAAAAAAAAAAAAAAAAAAAAAAAAAAAAAAAAAAAAAAAAAAAAAAAAAAAAAAAAAAAAAAAAAAAAAAAAAAAAAAAAAAAAAAAAAAAAAAAAAAAAAAAAAAAAAAAAJmPjxmVjYe1lo2H/ZaNh/6WjYfzloyH7JaMh/eWjYf/lo2H+peMhl2qqqoDAAAAAAAAAACqqqoDmY+KZJaNh/qWjYf/l42H+ZaOh+yWjYfylo2H/paNh/2VjYe1mY+PGQAAAAAAAAAAAAAAAAAAAAAAAAAAAAAAAAAAAAAAAAAAAAAAAAAAAAAAAAAAAAAAAAAAAAAAAAAAAAAAAAAAAAAAAAAAAAAAAAAAAAAAAAAAAAAAAAAAAAAAAAAAAAAAAJSNhmmWjYf5lo2H/5aNh8KWjolhl4yIR5aMiHqXjojjlo2H/5aOh9GWkIknAAAAAAAAAACVj4kplY2H15aNh/+Xjofmlo6Ig5iOikiYkIhelY2HwZaNh/+WjYf5lo2IawAAAAAAAAAAAAAAAAAAAAAAAAAAAAAAAAAAAAAAAAAAAAAAAAAAAAAAAAAAAAAAAAAAAAAAAAAAAAAAAAAAAAAAAAAAAAAAAAAAAAAAAAAAAAAAAAAAAAAAAAAAqqqqA5eNiMeWjYf/lo6H4paQiSeAgIACAAAAAI6OjgmXj4eElo2H+paNh/OXjIZdAAAAAAAAAACXjYdglo2H9JeNh/eXjYd9jo6OCQAAAACAgIACmo2GJpeNiNyWjYf/lo2HxKqqqgMAAAAAAAAAAAAAAAAAAAAAAAAAAAAAAAAAAAAAAAAAAAAAAAAAAAAAAAAAAAAAAAAAAAAAAAAAAAAAAAAAAAAAAAAAAAAAAAAAAAAAAAAAAAAAAAAAAAAAjo6AEpaNh+SWjYf/l42HpAAAAAEAAAAAAAAAAAAAAACWjIhJlo6H7JaNiPqVjYd7qqqqA6qqqgOVjYd7lo2I+peNiO2XjYpMAAAAAAAAAAAAAAAAAAAAAZeNh6SWjYf/lo2I55KShhUAAAAAAAAAAAAAAAAAAAAAAAAAAAAAAAAAAAAAAAAAAAAAAAAAAAAAAAAAAAAAAAAAAAAAAAAAAAAAAAAAAAAAAAAAAAAAAAAAAAAAAAAAAAAAAAAAAAAAoqKLC5eNiNyWjYf/l46JvKqAgAYAAAAAAAAAAICAgAKWjolfl42H8paMh/mVjodx////Af///wGXjYlulo2H+JaNh/KWjohaAAAAAQAAAAAAAAAAmZmZBZeOiLaWjYf/lo2H2aKLiwsAAAAAAAAAAAAAAAAAAAAAAAAAAAAAAAAAAAAAAAAAAAAAAAAAAAAAAAAAAAAAAAAAAAAAAAAAAAAAAAAAAAAAAAAAAAAAAAAAAAAAAAAAAAAAAAAAAAAAAAAAAJWNh6iWjYf/lo2H+JiQiF6ZmZkFAAAAAJmQiB6WjYe3lo2H/ZaNh+qUjIlFAAAAAAAAAACXkIhHlo2H65aNh/2Wjoe0lY2NHQAAAACAgIAImI6KZpaNhvWWjYf/l42Hpv///wEAAAAAAAAAAAAAAAAAAAAAAAAAAAAAAAAAAAAAAAAAAAAAAAAAAAAAAAAAAAAAAAAAAAAAAAAAAAAAAAAAAAAAAAAAAAAAAAAAAAAAAAAAAAAAAAAAAAAAAAAAAJeSiTaVjofjlo2H/5aOh/WXjoi9lo6HoJWNh+CWjYf/lo2H/ZaMiLKdiYkNAAAAAAAAAACdiYkNlo2HsZaNh/2WjYf/lY2H4JePh6SXj4i/loyG+ZaNh/+WjYfkl4+GOwAAAAAAAAAAAAAAAAAAAAAAAAAAAAAAAAAAAAAAAAAAAAAAAAAAAAAAAAAAAAAAAAAAAAAAAAAAAAAAAAAAAAAAAAAAAAAAAAAAAAAAAAAAAAAAAAAAAAAAAAAAAAAAAJKSbQeWjIdml46H45aNh/+WjYf/lo2H/5aNh/+WjYf3lo2HsZiRiiUAAAABAAAAAAAAAAAAAAABlY6HJJeOiK6WjYf5lo2H/5aNh/+WjYf/l46I/pWOh+OXjYhltpKSBwAAAAAAAAAAAAAAAAAAAAAAAAAAAAAAAAAAAAAAAAAAAAAAAAAAAAAAAAAAAAAAAAAAAAAAAAAAAAAAAAAAAAAAAAAAAAAAAAAAAAAAAAAAAAAAAAAAAAAAAAAAAAAAAAAAAACSkpIHmIuGOZeOh6KXjYjXl4+J4ZeNiMuXkIhnl4uAFgAAAAAAAAAAAAAAAAAAAAAAAAAAAAAAAJ+VihiYjYZylo2Hw5eOiOGWjojalo+IoZOPhjuSkpIHAAAAAAAAAAAAAAAAAAAAAAAAAAAAAAAAAAAAAAAAAAAAAAAAAAAAAAAAAAAAAAAAAAAAAAAAAAAAAAAAAAAAAAAAAAAAAAAAAAAAAAAAAAAAAAAAAAAAAAAAAAAAAAAAAAAAAAAAAAAAAAAAAAAAAP///wGLi4sLpZaWEZ+AgAgAAAAAAAAAAAAAAAAAAAAAAAAAAAAAAAAAAAAAAAAAAAAAAAAAAAAAgICABpaHhxGdiYkN////AQAAAAAAAAAAAAAAAAAAAAAAAAAAAAAAAAAAAAAAAAAAAAAAAAAAAAAAAAAAAAAAAAAAAAAAAAAAAAAAAAAAAAAAAAAAAAAAAAAAAAAAAAAAAAAAAAAAAAAAAAAAAAAAAAAAAAAAAAAAAAAAAAAAAAAAAAAAAAAAAAAAAAAAAAAAAAAAAAAAAAAAAAAAAAAAAAAAAAAAAAAAAAAAAAAAAAAAAAAAAAAAAAAAAAAAAAAAAAAAAAAAAAAAAAAAAAAAAAAAAAAAAAAAAAAAAAAAAAAAAAAAAAAAAAAAAAAAAAAAAAAAAAAAAAAAAAAAAAAAAAAAAAAAAAAAAAAAAAAAAAAAAAAAAAAAAAAAAAAAAAAAAAAAAAAAAAAAAAAAAAAAAAAAAAAAAAAAAAAAAAAAAAAAAAAAAAAAAAAAAAAAAAAAAAAAAAAAAAAAAAAAAAAAAAAAAAAAAAAAAAAAAAAAAAAAAAAAAAAAAAAAAAAAAAAAAAAAAAAAAAAAAAAAAAAAAAAAAAAAAAAAAAAAAAAAAAAAAAAAAAAAAAAAAAAAAAAAAAAAAAAAAAAAAAAAAAAAAAAAAAAAAAAAAAAAAAAAAAAAAAAAAAAAAAAAAAAAAAAAAAAAAAAAAAAAAAAAAAAAAAAAAAAAAAAAAAAAAAAAAAAAAAAAAAAAAAAAAAAAAAAAAAAAAAAAAAAAAAAAAAAAAAAAAAAAAAAAAAAAAAAAAAAAAAAAAAAAAAAAAAAAAAAAAAAAAAAAAAAAAAAAAAAAAAAAAAAAAAAAAAAAAAAAAAAAAAAAAAAAAAAAAAAAAAAAAAAAAAAAAAAAAAAAAAAAAAAAAAAAAAAAAAAAAAAAAAAAAAAAAAAAAAAAAAAAAAAAAAAAAAAAAAAAAAAAAAAAAAAAAAAAAAAAAAAAAAAAAAAAAAAAAAAAAAAAAAAAAAAAAAAAAAAAAAAAAAAAAAAAAAAAAAAAAAAAAAAAAAAAAAAAAAAAAAAAAAAAAAAAAAAAAAAAAAAAAAAAAAAAAAAAAAAAAAAAAAAAAAAAAAAAAAAAAAAAAAAAAAAAAAAAAAAAAAAAAAAAAAAAAAAAAAAAAAAAAAAAAAAAAAAAAAAAAAAAAAAAAAAAAAAAAAAAAAAAAAAAAAAAAAAAAAAAAAAAAAAAAAAAAAAAAAAAAAAAAAAAAAAAAAAAAAAAAAAAAAAAAAAAAAAAAAAAAAAAAAAAAAAAAAAAAAAAAAAAAAAAAAAAAAAAAAAAAAAAAAAAAAAAAAAAAAAAAAAAAAAAAAAAAAAAAAAAAAAAAAAAAAAAAAAAAAAAAAAAAAAAAAAAAAAAAAAAAAAAAAAAAAAAAAAAAAAAAAAAAAAAAAAAAA==","favIconFileName":"default-favicon.ico","footerContent":"undefined","aboutPageContent":"undefined","name":"ThemeRed","uid":"fl878bd4ba9f9c07b6ca1d1b","settings":{"description":"test","theme":{"primaryColor":"#aa0000","primaryHeaderTextColor":"#ffffff","primaryTextColor":"#333333","linkColor":"#990000","primaryHoverColor":"#990000","backgroundImage":"data:image/svg+xml;base64,PD94bWwgdmVyc2lvbj0iMS4wIiBlbmNvZGluZz0idXRmLTgiPz4KPCEtLSBHZW5lcmF0b3I6IEFkb2JlIElsbHVzdHJhdG9yIDIzLjAuMCwgU1ZHIEV4cG9ydCBQbHVnLUluIC4gU1ZHIFZlcnNpb246IDYuMDAgQnVpbGQgMCkgIC0tPgo8c3ZnIHZlcnNpb249IjEuMSIgeG1sbnM9Imh0dHA6Ly93d3cudzMub3JnLzIwMDAvc3ZnIiB4bWxuczp4bGluaz0iaHR0cDovL3d3dy53My5vcmcvMTk5OS94bGluayIgeD0iMHB4IiB5PSIwcHgiCgkgdmlld0JveD0iMCAwIDE1NS4zIDUzLjUiIGVuYWJsZS1iYWNrZ3JvdW5kPSJuZXcgMCAwIDE1NS4zIDUzLjUiIHhtbDpzcGFjZT0icHJlc2VydmUiPgo8ZyBpZD0iTGF5ZXJfMTAiPgoJPGc+CgkJPGc+CgkJCTxwb2x5Z29uIGZpbGw9IiNGRkZGRkYiIHBvaW50cz0iMTMuOSwxMi40IDE1LjcsMTkuNyAxNS44LDE5LjcgMTguMSwxMi40IDIwLjQsMTIuNCAyMi43LDE5LjkgMjQuNiwxMi40IDI3LjEsMTIuNCAyMy44LDIzLjYgCgkJCQkyMS42LDIzLjYgMTkuMiwxNS45IDE2LjcsMjMuNiAxNC42LDIzLjYgMTEuMywxMi40IAkJCSIvPgoJCQk8cG9seWdvbiBmaWxsPSIjRkZGRkZGIiBwb2ludHM9IjM1LjksMTIuNCAzNS45LDE0LjcgMzAuOCwxNC43IDMwLjgsMTYuOCAzNS43LDE2LjggMzUuNywxOS4xIDMwLjgsMTkuMSAzMC44LDIxLjQgMzYuMiwyMS40IAoJCQkJMzYuMiwyMy42IDI4LjMsMjMuNiAyOC4zLDEyLjQgCQkJIi8+CgkJCTxwYXRoIGZpbGw9IiNGRkZGRkYiIGQ9Ik00Mi45LDIxLjVjMC44LDAsMS42LTAuMywxLjYtMS4zYzAtMS0xLjItMS4yLTItMS4yYy0xLjksMC0xLjksMC0xLjksMGMwLDIuNSwwLDIuNSwwLDIuNUg0Mi45egoJCQkJIE00Mi41LDE2LjljMC44LDAsMS41LTAuMywxLjUtMS4yYzAtMC45LTAuOS0xLjItMS42LTEuMmMtMS43LDAtMS43LDAtMS43LDBjMCwyLjQsMCwyLjQsMCwyLjRINDIuNXogTTQyLjUsMTIuNAoJCQkJYzIsMCw0LDAuNiw0LDIuOWMwLDEuMy0wLjgsMi4yLTEuOSwyLjVsMCwwYzEuMywwLjIsMi40LDEuMSwyLjQsMi44YzAsMi4zLTIuMiwzLjEtNC4yLDMuMWMtNC42LDAtNC42LDAtNC42LDAKCQkJCWMwLTExLjIsMC0xMS4yLDAtMTEuMkg0Mi41eiIvPgoJCQk8cG9seWdvbiBmaWxsPSIjRkZGRkZGIiBwb2ludHM9IjUyLjIsMTIuNCA1NC44LDE5LjggNTcuNSwxMi40IDYxLjIsMTIuNCA2MS4yLDIzLjYgNTguNywyMy42IDU4LjcsMTUgNTUuNywyMy42IDUzLjgsMjMuNiAKCQkJCTUxLDE1IDUxLDIzLjYgNDguNCwyMy42IDQ4LjQsMTIuNCAJCQkiLz4KCQkJPHBvbHlnb24gZmlsbD0iI0ZGRkZGRiIgcG9pbnRzPSI3MS4xLDEyLjQgNzEuMSwxNC43IDY2LDE0LjcgNjYsMTYuOCA3MC45LDE2LjggNzAuOSwxOS4xIDY2LDE5LjEgNjYsMjEuNCA3MS40LDIxLjQgNzEuNCwyMy42IAoJCQkJNjMuNSwyMy42IDYzLjUsMTIuNCAJCQkiLz4KCQkJPHBvbHlnb24gZmlsbD0iI0ZGRkZGRiIgcG9pbnRzPSI4MS4yLDEyLjQgODEuMiwxNC42IDc4LDE0LjYgNzgsMjMuNiA3NS42LDIzLjYgNzUuNiwxNC42IDcyLjQsMTQuNiA3Mi40LDEyLjQgCQkJIi8+CgkJCTxwb2x5Z29uIGZpbGw9IiNGRkZGRkYiIHBvaW50cz0iODUsMTIuNCA4NSwxNi42IDg5LjgsMTYuNiA4OS44LDEyLjQgOTIuMiwxMi40IDkyLjIsMjMuNiA4OS44LDIzLjYgODkuOCwxOC44IDg1LDE4LjggODUsMjMuNiAKCQkJCTgyLjUsMjMuNiA4Mi41LDEyLjQgCQkJIi8+CgkJCTxwYXRoIGZpbGw9IiNGRkZGRkYiIGQ9Ik05OS45LDIxLjZjMi4xLDAsMy41LTEuNCwzLjUtMy42YzAtMi4xLTEuNC0zLjUtMy41LTMuNWMtMi4xLDAtMy40LDEuNC0zLjQsMy41CgkJCQlDOTYuNSwyMC4yLDk3LjgsMjEuNiw5OS45LDIxLjZ6IE0xMDYsMThjMCwzLjYtMi41LDUuOS02LjEsNS45Yy0zLjUsMC02LTIuMy02LTUuOWMwLTMuNSwyLjUtNS44LDYtNS44CgkJCQlDMTAzLjYsMTIuMiwxMDYsMTQuNSwxMDYsMTh6Ii8+CgkJCTxwYXRoIGZpbGw9IiNGRkZGRkYiIGQ9Ik0xMTEuNiwyMS40YzIuMiwwLDMuOC0xLDMuOC0zLjRjMC0yLjMtMS44LTMuMy0zLjctMy4zYy0xLjUsMC0xLjUsMC0xLjUsMGMwLDYuNywwLDYuNywwLDYuN0gxMTEuNnoKCQkJCSBNMTExLjUsMTIuNGMzLjYsMCw2LjYsMS43LDYuNiw1LjdjMCwzLjUtMi45LDUuNS02LjMsNS41Yy00LjEsMC00LjEsMC00LjEsMGMwLTExLjIsMC0xMS4yLDAtMTEuMkgxMTEuNXoiLz4KCQkJPHBhdGggZmlsbD0iI0ZGRkZGRiIgZD0iTTEyNywxMy40Yy0xLjgsMS44LTEuOCwxLjgtMS44LDEuOGMtMC4zLTAuNC0xLjEtMC43LTEuOC0wLjdjLTAuNywwLTEuNiwwLjItMS42LDEuMQoJCQkJYzAsMSwxLjIsMS4yLDIuNCwxLjVjMS4zLDAuNCwyLjcsMS4xLDIuNywzLjFjMCwyLjYtMi4xLDMuNy00LjMsMy43Yy0xLjQsMC0yLjctMC40LTMuOS0xLjRjMS44LTEuOSwxLjgtMS45LDEuOC0xLjkKCQkJCWMwLjYsMC43LDEuMywxLDIuMiwxYzAuNywwLDEuOC0wLjIsMS44LTEuMWMwLTEtMS4yLTEuMy0yLjUtMS43Yy0xLjMtMC40LTIuOC0xLjEtMi44LTMuMWMwLTIuNCwyLjEtMy42LDQuMy0zLjYKCQkJCUMxMjQuOCwxMi4yLDEyNiwxMi41LDEyNywxMy40eiIvPgoJCQk8cGF0aCBmaWxsPSIjRkZGRkZGIiBkPSJNMTMwLjUsMjNjMCwwLjQtMC4zLDAuOC0wLjgsMC44UzEyOSwyMy40LDEyOSwyM2MwLTAuNCwwLjMtMC44LDAuOC0wLjhTMTMwLjUsMjIuNSwxMzAuNSwyM3oiLz4KCQkJPHBhdGggZmlsbD0iI0ZGRkZGRiIgZD0iTTEzMy4zLDE2LjRjMC45LDAsMC45LDAsMC45LDBjMCw3LjMsMCw3LjMsMCw3LjNjLTAuOSwwLTAuOSwwLTAuOSwwVjE2LjR6IE0xMzQuNSwxMy41CgkJCQljMCwwLjMtMC4zLDAuNy0wLjgsMC43Yy0wLjQsMC0wLjctMC4zLTAuNy0wLjdjMC0wLjQsMC4yLTAuOCwwLjctMC44QzEzNC4xLDEyLjcsMTM0LjUsMTMuMSwxMzQuNSwxMy41eiIvPgoJCQk8cGF0aCBmaWxsPSIjRkZGRkZGIiBkPSJNMTQwLjMsMjNjMS44LDAsMi45LTEuMiwyLjktM2MwLTEuOC0xLjEtMy0yLjktM2MtMS42LDAtMi45LDEuMi0yLjksM0MxMzcuNCwyMS44LDEzOC41LDIzLDE0MC4zLDIzegoJCQkJIE0xNDQuMSwyMGMwLDIuMi0xLjUsMy44LTMuOSwzLjhjLTIuMiwwLTMuOS0xLjctMy45LTMuOGMwLTIuMiwxLjYtMy45LDMuOS0zLjlDMTQyLjUsMTYuMSwxNDQuMSwxNy44LDE0NC4xLDIweiIvPgoJCQk8cmVjdCB4PSIxMi44IiB5PSIzMCIgZmlsbD0iI0ZGRkZGRiIgd2lkdGg9IjEiIGhlaWdodD0iMTEuMiIvPgoJCQk8cGF0aCBmaWxsPSIjRkZGRkZGIiBkPSJNMjIuOSwzNi45YzAsNC4zLDAsNC4zLDAsNC4zYy0xLDAtMSwwLTEsMGMwLTQuMiwwLTQuMiwwLTQuMmMwLTEuNy0wLjUtMi40LTEuOC0yLjQKCQkJCWMtMS41LDAtMi41LDEuMS0yLjUsM2MwLDMuNiwwLDMuNiwwLDMuNmMtMSwwLTEsMC0xLDBjMC01LjMsMC01LjMsMC01LjNjMC0wLjItMC4xLTEuOS0wLjEtMmMxLDAsMSwwLDEsMGMwLDAuNCwwLDEuMSwwLDEuMwoJCQkJYzAuMSwwLDAuMSwwLDAuMSwwYzAuNC0xLDEuNC0xLjUsMi41LTEuNUMyMS45LDMzLjcsMjIuOSwzNC43LDIyLjksMzYuOXoiLz4KCQkJPHBhdGggZmlsbD0iI0ZGRkZGRiIgZD0iTTI2LDMxLjljMSwwLDEsMCwxLDBjMCwyLjEsMCwyLjEsMCwyLjFjMi4xLDAsMi4xLDAsMi4xLDBjMCwwLjksMCwwLjksMCwwLjljLTIuMSwwLTIuMSwwLTIuMSwwCgkJCQljMCw0LjcsMCw0LjcsMCw0LjdjMCwwLjcsMC4zLDEsMSwxYzAuMywwLDAuNy0wLjEsMS4xLTAuMmMwLDAuOSwwLDAuOSwwLDAuOWMtMC40LDAuMS0wLjksMC4yLTEuMiwwLjJjLTEuMiwwLTEuOS0wLjgtMS45LTEuOQoJCQkJYzAtNC43LDAtNC43LDAtNC43Yy0xLjYsMC0xLjYsMC0xLjYsMGMwLTAuOSwwLTAuOSwwLTAuOWMxLjYsMCwxLjYsMCwxLjYsMFYzMS45eiIvPgoJCQk8cGF0aCBmaWxsPSIjRkZGRkZGIiBkPSJNMzYuNCwzN2MwLTEuNC0xLjEtMi40LTIuNS0yLjRjLTEuNCwwLTIuNSwxLjEtMi42LDIuNEgzNi40eiBNMzcuNCwzNy4zYzAsMC42LDAsMC42LDAsMC42CgkJCQljLTYuMiwwLTYuMiwwLTYuMiwwYzAuMSwxLjUsMSwyLjgsMi43LDIuOGMxLDAsMi0wLjQsMi40LTEuMmMwLjgsMC41LDAuOCwwLjUsMC44LDAuNWMtMC44LDEuMS0xLjksMS41LTMuMiwxLjUKCQkJCWMtMi4yLDAtMy43LTEuNS0zLjctMy44YzAtMi4xLDEuNS0zLjgsMy42LTMuOEMzNS45LDMzLjcsMzcuNCwzNS4xLDM3LjQsMzcuM3oiLz4KCQkJPHBhdGggZmlsbD0iI0ZGRkZGRiIgZD0iTTQzLjEsNDAuNWMxLjYsMCwyLjktMS4zLDIuOS0zYzAtMS41LTEuMi0yLjktMi45LTIuOWMtMS41LDAtMi45LDEuMy0yLjksMi45CgkJCQlDNDAuMiwzOSw0MS40LDQwLjUsNDMuMSw0MC41eiBNNDUuOSwzNS4yTDQ1LjksMzUuMmMwLTEuMiwwLTEuMiwwLTEuMmMxLDAsMSwwLDEsMGMwLDYuOCwwLDYuOCwwLDYuOGMwLDIuOS0xLjQsNC4zLTQsNC4zCgkJCQljLTEuMywwLTIuOC0wLjYtMy42LTEuNWMwLjgtMC43LDAuOC0wLjcsMC44LTAuN2MwLjcsMC45LDEuOCwxLjMsMi45LDEuM2MyLDAsMy0xLjEsMy0zLjNjMC0xLjEsMC0xLjEsMC0xLjFsMCwwCgkJCQljLTAuNSwwLjktMS41LDEuNC0yLjgsMS40Yy0yLjIsMC00LTEuNy00LTMuN2MwLTIuMSwxLjktMy43LDQtMy43QzQ0LjQsMzMuNyw0NS40LDM0LjMsNDUuOSwzNS4yeiIvPgoJCQk8cGF0aCBmaWxsPSIjRkZGRkZGIiBkPSJNNTMuMSwzMy45QzUzLDM0LjcsNTMsMzQuNyw1MywzNC43Yy0wLjEsMC0wLjMsMC0wLjQsMGMtMS41LDAtMi4zLDEtMi4zLDIuNWMwLDQsMCw0LDAsNGMtMSwwLTEsMC0xLDAKCQkJCWMwLTUuMywwLTUuMywwLTUuM2MwLTAuMi0wLjEtMS45LTAuMS0yYzEsMCwxLDAsMSwwYzAsMC41LDAsMS4xLDAsMS4zYzAuNy0xLDEuNC0xLjUsMi40LTEuNUM1Mi42LDMzLjcsNTIuOCwzMy43LDUzLjEsMzMuOXoiLz4KCQkJPHBhdGggZmlsbD0iI0ZGRkZGRiIgZD0iTTU2LjgsNDAuNmMxLjYsMCwyLjUtMC45LDIuNS0yLjRjMC0wLjUsMC0wLjUsMC0wLjVjLTEuMiwwLTEuMiwwLTEuMiwwYy0xLjUsMC0zLDAuNC0zLDEuNwoJCQkJQzU1LjIsNDAsNTUuOCw0MC42LDU2LjgsNDAuNnogTTYwLjIsMzYuNGMwLDIuMSwwLDIuMSwwLDIuMWMwLDEuMiwwLDIuMSwwLjEsMi44Yy0wLjksMC0wLjksMC0wLjksMGMtMC4xLTAuMy0wLjEtMC43LTAuMS0xLjEKCQkJCWwwLDBjLTAuNiwwLjktMS40LDEuMy0yLjUsMS4zYy0xLjcsMC0yLjYtMC45LTIuNi0yLjJjMC0xLjcsMS40LTIuNCw0LTIuNGMxLjIsMCwxLjIsMCwxLjIsMGMwLTAuNCwwLTAuNCwwLTAuNAoJCQkJYzAtMS4yLTAuOC0xLjgtMi4xLTEuOGMtMC45LDAtMS41LDAuMi0yLjIsMC44Yy0wLjUtMC43LTAuNS0wLjctMC41LTAuN2MwLjctMC43LDEuOC0xLDIuOC0xQzU5LjIsMzMuNyw2MC4yLDM0LjcsNjAuMiwzNi40eiIvPgoJCQk8cGF0aCBmaWxsPSIjRkZGRkZGIiBkPSJNNjMuMywzMS45YzAuOSwwLDAuOSwwLDAuOSwwYzAsMi4xLDAsMi4xLDAsMi4xYzIuMSwwLDIuMSwwLDIuMSwwYzAsMC45LDAsMC45LDAsMC45Yy0yLjEsMC0yLjEsMC0yLjEsMAoJCQkJYzAsNC43LDAsNC43LDAsNC43YzAsMC43LDAuNCwxLDEsMWMwLjQsMCwwLjgtMC4xLDEuMS0wLjJjMC4xLDAuOSwwLjEsMC45LDAuMSwwLjljLTAuNCwwLjEtMSwwLjItMS4yLDAuMgoJCQkJYy0xLjMsMC0xLjktMC44LTEuOS0xLjljMC00LjcsMC00LjcsMC00LjdjLTEuNiwwLTEuNiwwLTEuNiwwYzAtMC45LDAtMC45LDAtMC45YzEuNiwwLDEuNiwwLDEuNiwwVjMxLjl6Ii8+CgkJCTxwYXRoIGZpbGw9IiNGRkZGRkYiIGQ9Ik02OC4xLDM0YzEsMCwxLDAsMSwwYzAsNy4zLDAsNy4zLDAsNy4zYy0xLDAtMSwwLTEsMFYzNHogTTY5LjMsMzEuMWMwLDAuMy0wLjMsMC43LTAuOCwwLjcKCQkJCWMtMC4zLDAtMC43LTAuMy0wLjctMC43YzAtMC40LDAuMy0wLjgsMC43LTAuOEM2OSwzMC4zLDY5LjMsMzAuNyw2OS4zLDMxLjF6Ii8+CgkJCTxwYXRoIGZpbGw9IiNGRkZGRkYiIGQ9Ik03NS4yLDQwLjZjMS44LDAsMy0xLjIsMy0zYzAtMS44LTEuMi0zLTMtM2MtMS43LDAtMi45LDEuMi0yLjksM0M3Mi4zLDM5LjQsNzMuNSw0MC42LDc1LjIsNDAuNnoKCQkJCSBNNzksMzcuNmMwLDIuMi0xLjUsMy44LTMuOSwzLjhjLTIuMiwwLTMuOS0xLjctMy45LTMuOGMwLTIuMiwxLjYtMy44LDMuOS0zLjhDNzcuNSwzMy43LDc5LDM1LjQsNzksMzcuNnoiLz4KCQkJPHBhdGggZmlsbD0iI0ZGRkZGRiIgZD0iTTg3LjUsMzYuOWMwLDQuMywwLDQuMywwLDQuM2MtMSwwLTEsMC0xLDBjMC00LjIsMC00LjIsMC00LjJjMC0xLjctMC42LTIuNC0xLjktMi40CgkJCQljLTEuNSwwLTIuNSwxLjEtMi41LDNjMCwzLjYsMCwzLjYsMCwzLjZjLTAuOSwwLTAuOSwwLTAuOSwwYzAtNS4zLDAtNS4zLDAtNS4zYzAtMC4yLTAuMS0xLjktMC4xLTJjMSwwLDEsMCwxLDAKCQkJCWMwLDAuNCwwLDEuMSwwLDEuM2MwLjEsMCwwLjEsMCwwLjEsMGMwLjQtMSwxLjQtMS41LDIuNC0xLjVDODYuNSwzMy43LDg3LjUsMzQuNyw4Ny41LDM2Ljl6Ii8+CgkJPC9nPgoJPC9nPgo8L2c+CjxnIGlkPSJMYXllcl8yIj4KPC9nPgo8ZyBpZD0iTGF5ZXJfMyI+CjwvZz4KPC9zdmc+Cg==","logoFileName":"default-logo.svg","primaryBtnBgColor":"#aa0000","primaryBtnColor":"#ffffff","primaryBtnBrbColor":"#990000","secondaryBtnBgColor":"#ffffff","secondaryBtnColor":"#990000","secondaryBtnBrbColor":"#990000","favIconImage":"data:image/vnd.microsoft.icon;base64,AAABAAMAMDAAAAEAIACoJQAANgAAACAgAAABACAAqBAAAN4lAAAQEAAAAQAgAGgEAACGNgAAKAAAADAAAABgAAAAAQAgAAAAAAAAJAAAAAAAAAAAAAAAAAAAAAAAAAAAAAAAAAAAAAAAAAAAAAAAAAAAAAAAAAAAAAAAAAAAAAAAAAAAAAAAAAAAAAAAAAAAAAAAAAAAAAAAAAAAAAAAAAAAAAAAAAAAAAAAAAAAAAAAAAAAAAAAAAAAAAAAAAAAAAAAAAAAAAAAAAAAAAAAAAAAAAAAAAAAAAAAAAAAAAAAAAAAAAAAAAAAAAAAAAAAAAAAAAAAAAAAAAAAAAAAAAAAAAAAAAAAAAAAAAAAAAAAAAAAAAAAAAAAAAAAAAAAAAAAAAAAAAAAAAAAAAAAAAAAAAAAAAAAAAAAAAAAAAAAAAAAAAAAAAAAAAAAAAAAAAAAAAAAAAAAAAAAAAAAAAAAAAAAAAAAAAAAAAAAAAAAAAAAAAAAAAAAAAAAAAAAAAAAAAAAAAAAAAAAAAAAAAAAAAAAAAAAAAAAAAAAAAAAAAAAAAAAAAAAAAAAAAAAAAAAAAAAAAAAAAAAAAAAAAAAAAAAAAAAAAAAAAAAAAAAAAAAAAAAAAAAAAAAAAAAAAAAAAAAAAAAAAAAAAAAAAAAAAAAAAAAAAAAAAAAAAAAAAAAAAAAAAAAv3cgAr13Hyi9dh5gvXYedr12Hl+9dh8mv3YgAgAAAAAAAAAAAAAAAAAAAAAAAAAAAAAAAAAAAAAAAAAAAAAAAAAAAAAAAAAAAAAAAMB5IQG+dh8hvXYeYL12HoG9dh5zvncePL54HwcAAAAAAAAAAAAAAAAAAAAAAAAAAAAAAAAAAAAAAAAAAAAAAAAAAAAAAAAAAAAAAAAAAAAAAAAAAAAAAAAAAAAAAAAAAAAAAAAAAAAAAAAAAAAAAAC/dyAIvXYecb12HuG9dh79vXYe/712Hv29dh7evXYea793IAcAAAAAAAAAAAAAAAAAAAAAAAAAAAAAAAAAAAAAAAAAAAAAAAAAAAAAwXghAr52Hle9dh7WvXYe/b12Hv+9dh7/vXYe7712HpW+dx8VAAAAAAAAAAAAAAAAAAAAAAAAAAAAAAAAAAAAAAAAAAAAAAAAAAAAAAAAAAAAAAAAAAAAAAAAAAAAAAAAAAAAAAAAAAAAAAAAAAAAAAAAAAC9dh9svXYe9712Hv+9dh7/vXYe/712Hv+9dh7/vXYe9L12HmQAAAAAAAAAAAAAAAAAAAAAAAAAAAAAAAAAAAAAAAAAAAAAAAAAAAAAvnYeR712Hum9dh7/vXYe/712Hv+9dh7/vXYe/712Hv69dh6WvnggBwAAAAAAAAAAAAAAAAAAAAAAAAAAAAAAAAAAAAAAAAAAAAAAAAAAAAAAAAAAAAAAAAAAAAAAAAAAAAAAAAAAAAAAAAAAAAAAAL53Hx+9dh7XvXYe/712Hv+9dh7/vXYe/712Hv+9dh7/vXYe/712HtG9dh4aAAAAAAAAAAAAAAAAAAAAAAAAAAAAAAAAAAAAAAAAAAC+dx8JvXYesr12Hv+9dh7/vXYe/712Hv+9dh7/vXYe/712Hv+9dh7vvXcfPgAAAAAAAAAAAAAAAAAAAAAAAAAAAAAAAAAAAAAAAAAAAAAAAAAAAAAAAAAAAAAAAAAAAAAAAAAAAAAAAAAAAAAAAAAAAAAAAL12Hk69dh75vXYe/712Hv+9dh7/vXYe/712Hv+9dh7/vXYe/712Hva9dh5GAAAAAAAAAAAAAAAAAAAAAAAAAAAAAAAAAAAAAAAAAAC9dx4lvXYe4712Hv+9dh7/vXYe/712Hv+9dh7/vXYe/712Hv+9dh7/vXYedgAAAAAAAAAAAAAAAAAAAAAAAAAAAAAAAAAAAAAAAAAAAAAAAAAAAAAAAAAAAAAAAAAAAAAAAAAAAAAAAAAAAAAAAAAAAAAAAL12Hl29dh7+vXYe/712Hv+9dh7/vXYe/712Hv+9dh7/vXYe/712Hvu9dh5VAAAAAAAAAAAAAAAAAAAAAAAAAAAAAAAAAAAAAAAAAAC9dh4wvXYe6712Hv+9dh7/vXYe/712Hv+9dh7/vXYe/712Hv+9dh7/vXYehQAAAAAAAAAAAAAAAAAAAAAAAAAAAAAAAAAAAAAAAAAAAAAAAAAAAAAAAAAAAAAAAAAAAAAAAAAAAAAAAAAAAAAAAAAAAAAAAL12HkK9dh70vXYe/712Hv+9dh7/vXYe/712Hv+9dh7/vXYe/712HvG9dh47AAAAAAAAAAAAAAAAAAAAAAAAAAAAAAAAAAAAAAAAAAC+dx4cvXYe2L12Hv+9dh7/vXYe/712Hv+9dh7/vXYe/712Hv+9dh7+vXYeZgAAAAAAAAAAAAAAAAAAAAAAAAAAAAAAAAAAAAAAAAAAAAAAAAAAAAAAAAAAAAAAAAAAAAAAAAAAAAAAAAAAAAAAAAAAAAAAAL53HxK9dh7CvXYe/712Hv+9dh7/vXYe/712Hv+9dh7/vXYe/712Hrq+dx8PAAAAAAAAAAAAAAAAAAAAAAAAAAAAAAAAAAAAAAAAAADAeSICvXYejr12Hv+9dh7/vXYe/712Hv+9dh7/vXYe/712Hv+9dh7cvXYeJwAAAAAAAAAAAAAAAAAAAAAAAAAAAAAAAAAAAAAAAAAAAAAAAAAAAAAAAAAAAAAAAAAAAAAAAAAAAAAAAAAAAAAAAAAAAAAAAAAAAAC9dx5HvXYe4712Hv+9dh7/vXYe/712Hv+9dh7/vXYe/712HnIAAAAAAAAAAAAAAAAAAAAAAAAAAAAAAAAAAAAAAAAAAAAAAAAAAAAAvXYeQb12HvK9dh7/vXYe/712Hv+9dh7/vXYe/712HvG9dh5lAAAAAAAAAAAAAAAAAAAAAAAAAAAAAAAAAAAAAAAAAAAAAAAAAAAAAAAAAAAAAAAAAAAAAAAAAAAAAAAAAAAAAAAAAAAAAAAAAAAAAAAAAADAeiMBvXceQb12HrW9dh7qvXYe9L12Hve9dh7/vXYe/712Hr6+dx8TAAAAAAAAAAAAAAAAAAAAAAAAAAAAAAAAAAAAAAAAAAC/eCEEvXYekr12Hv+9dh7/vXYe+712HvW9dh7uvXYexL12H1a/dyAFAAAAAAAAAAAAAAAAAAAAAAAAAAAAAAAAAAAAAAAAAAAAAAAAAAAAAAAAAAAAAAAAAAAAAAAAAAAAAAAAAAAAAAAAAAAAAAAAAAAAAAAAAAAAAAAAAAAAAL53Hwu9dx4uvXYePL12Hmq9dh7zvXYe/712Hvu9dh5tAAAAAAAAAAAAAAAAAAAAAAAAAAAAAAAAAAAAAAAAAAC+dh5AvXYe6712Hv+9dh7/vXYemL12Hj69dh4zvncfEQAAAAAAAAAAAAAAAAAAAAAAAAAAAAAAAAAAAAAAAAAAAAAAAAAAAAAAAAAAAAAAAAAAAAAAAAAAAAAAAAAAAAAAAAAAAAAAAAAAAAAAAAAAAAAAAAAAAAAAAAAAAAAAAAAAAAAAAAAAAAAAAL53Hwm9dh6mvXYe/712Hv+9dh7WvncfJAAAAAAAAAAAAAAAAAAAAAAAAAAAAAAAAL53Hwy9dh6vvXYe/712Hv+9dh7WvXcfJAAAAAAAAAAAAAAAAAAAAAAAAAAAAAAAAAAAAAAAAAAAAAAAAAAAAAAAAAAAAAAAAAAAAAAAAAAAAAAAAAAAAAAAAAAAAAAAAAAAAAAAAAAAAAAAAAAAAAAAAAAAAAAAAAAAAAAAAAAAAAAAAAAAAAAAAAAAAAAAAAAAAAC+dx44vXYe5712Hv+9dh7/vXYeir95IQIAAAAAAAAAAAAAAAAAAAAAAAAAAL12Hlq9dh73vXYe/712Hvu9dh5rAAAAAAAAAAAAAAAAAAAAAAAAAAAAAAAAAAAAAAAAAAAAAAAAAAAAAAAAAAAAAAAAAAAAAAAAAAAAAAAAAAAAAAAAAAAAAAAAAAAAAAAAAAAAAAAAAAAAAAAAAAAAAAAAAAAAAAAAAAAAAAAAAAAAAAAAAAAAAAAAAAAAAAAAAADAeR8CvXYeib12Hv+9dh7/vXYe5r12HzAAAAAAAAAAAAAAAAAAAAAAvXYeEb12HsK9dh7/vXYe/712Hry9dx8SAAAAAAAAAAAAAAAAAAAAAAAAAAAAAAAAAAAAAAAAAAAAAAAAAAAAAAAAAAAAAAAAAAAAAAAAAAAAAAAAAAAAAAAAAAAAAAAAAAAAAAAAAAAAAAAAAAAAAAAAAAAAAAAAAAAAAAAAAAAAAAAAAAAAAAAAAAAAAAAAAAAAAAAAAAAAAAAAvnceI712HtS9dh7/vXYe9r12HkYAAAAAAAAAAAAAAAAAAAAAvXYeGr12Hta9dh7/vXYe8L12HksAAAAAAAAAAAAAAAAAAAAAAAAAAAAAAAAAAAAAAAAAAAAAAAAAAAAAAAAAAAAAAAAAAAAAAAAAAAAAAAAAAAAAAAAAAAAAAAAAAAAAAAAAAAAAAAAAAAAAAAAAAAAAAAAAAAAAAAAAAAAAAAAAAAAAAAAAAAAAAAAAAAAAAAAAAAAAAAAAAAAAAAAAAL12Hkq9dh62vXYehb52Hw4AAAAAAAAAAAAAAAAAAAAAv3ghAr12Hly9dh60vXYebb94HwYAAAAAAAAAAAAAAAAAAAAAAAAAAAAAAAAAAAAAAAAAAAAAAAAAAAAAAAAAAAAAAAAAAAAAAAAAAAAAAAAAAAAAAAAAAAAAAAAAAAAAAAAAAL54HwW+dx8RvncfDr93IAIAAAAAAAAAAAAAAAAAAAAAAAAAAAAAAAAAAAAAAAAAAAAAAAAAAAAAAAAAAAAAAAC/dyAHvngfAwAAAAAAAAAAAAAAAMN3JwEAAAAAAAAAAL54IAG+eCAFvnggAQAAAAAAAAAAAAAAAAAAAAAAAAAAAAAAAAAAAAAAAAAAAAAAAAAAAAAAAAAAAAAAAL53Hwa+dh8Hv3ggAgAAAAAAAAAAAAAAAAAAAAC+dh8IvXYeUr12Hqq9dh7NvXYex712HpW+dh41vnghAQAAAAAAAAAAAAAAAAAAAAAAAAAAAAAAAAAAAAAAAAAAAAAAAAAAAAAAAAAAAAAAAL53HxC9dh5WvXYekr12Hpu9dh5zvXYeJ8F4IQEAAAAAAAAAAAAAAAAAAAAAAAAAAAAAAAAAAAAAAAAAAAAAAAAAAAAAAAAAAAAAAAC+dx8mvXYefb12HrS9dh66vXYekr13Hj6+dx4EAAAAAL53Hwq9dh6EvXYe9b12Hv+9dh7/vXYe/712Hv+9dh7ivXYeUAAAAAAAAAAAAAAAAAAAAAAAAAAAAAAAAAAAAAAAAAAAAAAAAAAAAAAAAAAAvnceH712Hq29dh75vXYe/712Hv+9dh7/vXYe2b12HlAAAAAAAAAAAAAAAAAAAAAAAAAAAAAAAAAAAAAAAAAAAAAAAAAAAAAAAAAAAL53HkO9dh7UvXYe/712Hv+9dh7/vXYe/712Huy9dh5wv3gfBb52Hme9dh70vXYe/712Hv+9dh7/vXYe/712Hv+9dh7/vXYe1b53Hya8fiIBvXkgA715IAO9eSADvXkgA8B5IAIAAAAAAAAAAAAAAAC+dx8IvXYeoL12Hv+9dh7/vXYe/712Hv+9dh7/vXYe/712Ht6+dx4wAAAAAAAAAAAAAAAAAAAAAL19JAG9fCUBvXwkAb18JAEAAAAAvncfIL12Hs+9dh7/vXYe/712Hv+9dh7/vXYe/712Hv+9dh7uvXYeV712Hs69dh7/vXYe/712Hv+9dh7/vXYe/712Hv+9dh7/vXYe/b12Hsa9dh6svXYerb12Hq29dh6tvXYerr12Hp+9dh43AAAAAAAAAAC9dh44vXYe7r12Hv+9dh7/vXYe/712Hv+9dh7/vXYe/712Hv+9dh6IAAAAAAAAAAC+dh8YvXYegr12HqW9dh6lvXYepb12HqW9dh6jvXYewL12Hv29dh7/vXYe/712Hv+9dh7/vXYe/712Hv+9dh7/vXYew712Hvi9dh7/vXYe/712Hv+9dh7/vXYe/712Hv+9dh7/vXYe/712Hv+9dh7/vXYe/712Hv+9dh7/vXYe/712Hv+9dh60v3cgCAAAAAC9dh5ivXYe/712Hv+9dh7/vXYe/712Hv+9dh7/vXYe/712Hv+9dh64vnYgBwAAAAC9dh55vXYe/712Hv+9dh7/vXYe/712Hv+9dh7/vXYe/712Hv+9dh7/vXYe/712Hv+9dh7/vXYe/712Hv+9dh7/vXYe8r12HvW9dh7/vXYe/712Hv+9dh7/vXYe/712Hv+9dh7/vXYe/712Hv+9dh7/vXYe/712Hv+9dh7/vXYe/712Hv+9dh6lv3cgBgAAAAC9dh5gvXYe/r12Hv+9dh7/vXYe/712Hv+9dh7/vXYe/712Hv+9dh69vncfCQAAAAC9dh5vvXYe/L12Hv+9dh7/vXYe/712Hv+9dh7/vXYe/712Hv+9dh7/vXYe/712Hv+9dh7/vXYe/712Hv+9dh7/vXYe9L12HsW9dh7/vXYe/712Hv+9dh7/vXYe/712Hv+9dh7/vXYe/r12Hq+9dh6CvXYehL12HoS9dh6EvXYehb12HnW+dx8hAAAAAAAAAAC+dh41vXYe7L12Hv+9dh7/vXYe/712Hv+9dh7/vXYe/712Hv+9dh6NAAAAAAAAAAC+dx8QvXYeaL12Hom9dh6JvXYeib12Hom9dh6HvXYesL12Hv29dh7/vXYe/712Hv+9dh7/vXYe/712Hv+9dh7/vXYeyL13Hlm9dh7uvXYe/712Hv+9dh7/vXYe/712Hv+9dh7/vXYe0r53HiMAAAAAAAAAAAAAAAAAAAAAAAAAAAAAAAAAAAAAAAAAAAAAAAC+dx8GvXYemb12Hv+9dh7/vXYe/712Hv+9dh7/vXYe/712Ht6+dh8xAAAAAAAAAAAAAAAAAAAAAAAAAAAAAAAAAAAAAAAAAAAAAAAAvncfIb12HtC9dh7/vXYe/712Hv+9dh7/vXYe/712Hv+9dh7yvnYfYL53HwW9dh5wvXYe7L12Hv+9dh7/vXYe/712Hv+9dh7WvXYeRgAAAAAAAAAAAAAAAAAAAAAAAAAAAAAAAAAAAAAAAAAAAAAAAAAAAAAAAAAAvXcfGr12HqK9dh72vXYe/712Hv+9dh7+vXYe1b12Hk0AAAAAAAAAAAAAAAAAAAAAAAAAAAAAAAAAAAAAAAAAAAAAAAAAAAAAAAAAAL12H0S9dh7WvXYe/712Hv+9dh7/vXYe/712HvK9dh58vncgCAAAAAC+dx8EvXYePr12HpG9dh64vXYesr12Hn29dx4nAAAAAAAAAAAAAAAAAAAAAAAAAAAAAAAAAAAAAAAAAAAAAAAAAAAAAAAAAAAAAAAAAAAAAL53Hwy9dh5LvXYehb12HpC9dh5pvXceIgAAAAAAAAAAAAAAAAAAAAAAAAAAAAAAAAAAAAAAAAAAAAAAAAAAAAAAAAAAAAAAAAAAAAC9dx4nvXYegL12Hra9dh7FvXYeor12Hku+dx8GAAAAAAAAAAAAAAAAAAAAAL92IAG+dh8HvncfBQAAAAAAAAAAAAAAAAAAAAAAAAAAAAAAAAAAAAAAAAAAAAAAAAAAAAAAAAAAAAAAAL53HwO9dh4WvXcfCwAAAAAAAAAAAAAAAAAAAAAAAAAAAAAAAL53Hwa9dh8XvncfCAAAAAAAAAAAAAAAAAAAAAAAAAAAAAAAAAAAAAAAAAAAAAAAAAAAAAAAAAAAwnogAb53Hwe+dx8Mv3cgBAAAAAAAAAAAAAAAAAAAAAAAAAAAAAAAAAAAAAAAAAAAAAAAAAAAAAAAAAAAAAAAAAAAAAAAAAAAAAAAAAAAAAAAAAAAAAAAAAAAAAAAAAAAwHggAb12Hme9dh7WvXYeqL53HxgAAAAAAAAAAAAAAAAAAAAAvncfBr12HoC9dh7avXYekr53Hw0AAAAAAAAAAAAAAAAAAAAAAAAAAAAAAAAAAAAAAAAAAAAAAAAAAAAAAAAAAAAAAAAAAAAAAAAAAAAAAAAAAAAAAAAAAAAAAAAAAAAAAAAAAAAAAAAAAAAAAAAAAAAAAAAAAAAAAAAAAAAAAAAAAAAAAAAAAAAAAAAAAAAAAAAAAAAAAAAAAAAAvncfML12HuG9dh7/vXYe+L12HksAAAAAAAAAAAAAAAAAAAAAvncfIb12HuC9dh7/vXYe+L12Hl8AAAAAAAAAAAAAAAAAAAAAAAAAAAAAAAAAAAAAAAAAAAAAAAAAAAAAAAAAAAAAAAAAAAAAAAAAAAAAAAAAAAAAAAAAAAAAAAAAAAAAAAAAAAAAAAAAAAAAAAAAAAAAAAAAAAAAAAAAAAAAAAAAAAAAAAAAAAAAAAAAAAAAAAAAAAAAAAC+dx8GvXYenb12Hv+9dh7/vXYe3b53HigAAAAAAAAAAAAAAAAAAAAAvncfDb12Hri9dh7/vXYe/712Hsu9dh8bAAAAAAAAAAAAAAAAAAAAAAAAAAAAAAAAAAAAAAAAAAAAAAAAAAAAAAAAAAAAAAAAAAAAAAAAAAAAAAAAAAAAAAAAAAAAAAAAAAAAAAAAAAAAAAAAAAAAAAAAAAAAAAAAAAAAAAAAAAAAAAAAAAAAAAAAAAAAAAAAAAAAAAAAAAC9dh5KvXYe8L12Hv+9dh7+vXYeeQAAAAAAAAAAAAAAAAAAAAAAAAAAAAAAAL12Hku9dh7xvXYe/712Hv69dh57AAAAAAAAAAAAAAAAAAAAAAAAAAAAAAAAAAAAAAAAAAAAAAAAAAAAAAAAAAAAAAAAAAAAAAAAAAAAAAAAAAAAAAAAAAAAAAAAAAAAAAAAAAAAAAAAAAAAAAAAAAAAAAAAAAAAAAAAAAAAAAAAAAAAAAAAAAAAAAAAAAAAAL54HxG9dh66vXYe/712Hv+9dh7JvncfGgAAAAAAAAAAAAAAAAAAAAAAAAAAAAAAAL53Hge9dh6fvXYe/712Hv+9dh7fvXYfLQAAAAAAAAAAAAAAAAAAAAAAAAAAAAAAAAAAAAAAAAAAAAAAAAAAAAAAAAAAAAAAAAAAAAAAAAAAAAAAAAAAAAAAAAAAAAAAAAAAAAAAAAAAAAAAAAAAAAAAAAAAAAAAAAAAAAAAAAAAAAAAAL53Hxa9dh5BvXYeUb12HoO9dh75vXYe/712Hve9dh5bAAAAAAAAAAAAAAAAAAAAAAAAAAAAAAAAAAAAAAAAAAC9dh4yvXYe4712Hv+9dh7/vXYepr12HlO9dh5HvXceHL94HwEAAAAAAAAAAAAAAAAAAAAAAAAAAAAAAAAAAAAAAAAAAAAAAAAAAAAAAAAAAAAAAAAAAAAAAAAAAAAAAAAAAAAAAAAAAAAAAAAAAAAAAAAAAAAAAAC/eB8EvXceWb12Hsy9dh71vXYe/L12Hv29dh7/vXYe/712Hq6+dx8MAAAAAAAAAAAAAAAAAAAAAAAAAAAAAAAAAAAAAAAAAADCfyQBvXYegL12Hv69dh7/vXYe/r12Hvy9dh74vXYe1b12Hmm+dh8IAAAAAAAAAAAAAAAAAAAAAAAAAAAAAAAAAAAAAAAAAAAAAAAAAAAAAAAAAAAAAAAAAAAAAAAAAAAAAAAAAAAAAAAAAAAAAAAAAAAAAAAAAAC9dh5bvXYe7712Hv+9dh7/vXYe/712Hv+9dh7/vXYe/712Hm4AAAAAAAAAAAAAAAAAAAAAAAAAAAAAAAAAAAAAAAAAAAAAAAAAAAAAvXYeSb12HvW9dh7/vXYe/712Hv+9dh7/vXYe/712Hva9dh5ywnsiAQAAAAAAAAAAAAAAAAAAAAAAAAAAAAAAAAAAAAAAAAAAAAAAAAAAAAAAAAAAAAAAAAAAAAAAAAAAAAAAAAAAAAAAAAAAAAAAAL53Hhq9dh7QvXYe/712Hv+9dh7/vXYe/712Hv+9dh7/vXYe/712HsG+dx8RAAAAAAAAAAAAAAAAAAAAAAAAAAAAAAAAAAAAAAAAAAC+dx8HvXYep712Hv+9dh7/vXYe/712Hv+9dh7/vXYe/712Hv+9dh7hvnYfKwAAAAAAAAAAAAAAAAAAAAAAAAAAAAAAAAAAAAAAAAAAAAAAAAAAAAAAAAAAAAAAAAAAAAAAAAAAAAAAAAAAAAAAAAAAAAAAAL12Hky9dh74vXYe/712Hv+9dh7/vXYe/712Hv+9dh7/vXYe/712HvK9dx47AAAAAAAAAAAAAAAAAAAAAAAAAAAAAAAAAAAAAAAAAAC+dh8lvXYe4r12Hv+9dh7/vXYe/712Hv+9dh7/vXYe/712Hv+9dh7/vXYeZgAAAAAAAAAAAAAAAAAAAAAAAAAAAAAAAAAAAAAAAAAAAAAAAAAAAAAAAAAAAAAAAAAAAAAAAAAAAAAAAAAAAAAAAAAAAAAAAL12HmK9dh7/vXYe/712Hv+9dh7/vXYe/712Hv+9dh7/vXYe/712Hvq9dh5PAAAAAAAAAAAAAAAAAAAAAAAAAAAAAAAAAAAAAAAAAAC9dx42vXYe8L12Hv+9dh7/vXYe/712Hv+9dh7/vXYe/712Hv+9dh7/vXYefgAAAAAAAAAAAAAAAAAAAAAAAAAAAAAAAAAAAAAAAAAAAAAAAAAAAAAAAAAAAAAAAAAAAAAAAAAAAAAAAAAAAAAAAAAAAAAAAL12Hky9dh74vXYe/712Hv+9dh7/vXYe/712Hv+9dh7/vXYe/712HvK9dh48AAAAAAAAAAAAAAAAAAAAAAAAAAAA
Time Taken: 589 ms
----------------------------------------------------------------------------------------
[65/114] Theme activate
{"output":{"name":"TestTheme","uid":"fl159123d8bbe1efcf852935","active":true}}
Time Taken: 536 ms
----------------------------------------------------------------------------------------
[66/114] Theme deactivate
{"output":{"name":"TestTheme","uid":"fl159123d8bbe1efcf852935","active":false}}
Time Taken: 522 ms
----------------------------------------------------------------------------------------
[67/114] Theme delete
{"output":{"message":"Object deleted successfully."}}
Time Taken: 481 ms
----------------------------------------------------------------------------------------
[68/114] List Recipes
{"output":{"recipes":[{"published":true,"name":"When a new contact is created in Zoho CRM create a contact in ActiveCampaign","description":"<p>With this workflow, each new contact in the Zoho CRM will be added as a contact in ActiveCampaign</p><p><br></p><p><strong style=\"color: rgb(0, 0, 0);\">How it works:</strong></p><p><br></p><p>Whenever a new contact is created in Zoho CRM,</p><p>webMethods.io Integration will automatically create a new contact in the specified list in ActiveCampaign</p><p><br></p><p><strong style=\"color: rgb(0, 0, 0);\">Prerequisite:</strong></p><p><br></p><p>Zoho CRM account</p><p>ActiveCampaign account with a list in which you want the contact to be added</p>","uid":"fl8de003488c8e3fb5fbefd6"},{"published":true,"name":"When a contact subscribes to a list in ActiveCampaign send a notification on Cisco Webex Teams","description":"<p>With this workflow, a notification will be sent on a Cisco Webex Teams space, each time a contact subscribes to a list in ActiveCampaign</p><p><br></p><p><strong>How it works: </strong></p><p>Whenever a user subscribes to the specified list in ActiveCampaign, webMethods.io Integration will automatically send a notification to the specified space on Cisco Webex Teams</p><p><br></p><p><strong>Prerequisite: </strong></p><ul><li>ActiveCampaign account</li><li>Cisco Webex Teams account</li></ul>","uid":"flba01bc88350431d21fe1bb"},{"published":true,"name":"When a new ticket is created in Freshdesk create a bug in Zoho Projects","description":"<p>With this workflow, each time a new ticket is created in Freshdesk, create a bug in Zoho Projects</p><p><br></p><p><strong style=\"color: rgb(0, 0, 0);\">How it works:</strong></p><p><br></p><p>When a new ticket is created in Freshdesk,</p><p>webMethods.io Integration will automatically use its details to create a bug in the specified project of Zoho Projects.</p><p><br></p><p><strong style=\"color: rgb(0, 0, 0);\">Prerequisite:</strong></p><p><br></p><p>Freshdesk account</p><p>Zoho Projects account with the project in which you want the bug to be added</p>","uid":"fl1c24bcb741cdf2ad311ed9"},{"published":true,"name":"Create note in Evernote for new Box files","description":"<p>With this workflow, copy your new file in Box to Evernote as a new note</p><p><br></p><p><strong style=\"color: rgb(0, 0, 0);\">How it works</strong>:</p><p><br></p><p>When a new file is uploaded to your Box account,</p><p>webMethods.io Integration will automatically add this file as a new note in your Evernote account</p><p><br></p><p><strong style=\"color: rgb(0, 0, 0);\">Prerequisite</strong>:</p><p><br></p><p>Box account</p><p>Evernote account</p>","uid":"fl61ecddc96b581e267b407f"},{"published":true,"name":"Create notes in Evernote for new story in Pivotal Tracker","description":"<p>With this workflow, you can create a new note in your Evernote account, whenever a new story is created in a specified project in Pivotal Tracker.</p><p><br></p><p><strong style=\"color: rgb(0, 0, 0);\">How it works</strong>:</p><p><br></p><p>When a new story is created in a specified project of your Pivotal tracker account,</p><p>webMethods.io Integration will automatically adds the story as a new note in your Evernote account.</p><p><br></p><p><strong style=\"color: rgb(0, 0, 0);\">Prerequisite</strong>:</p><p><br></p><p>Pivotal account</p><p>Evernote account</p>","uid":"fld8bf6f833694537407a2a3"},{"published":true,"name":"When a new ticket is created in Freshdesk create a space in Cisco Webex Teams","description":"<p>With this workflow, create a new space in your Cisco Webex Teams, when a new ticket is created in your Freshdesk account.</p><p><br></p><p><strong>How it works:</strong></p><p>When a new ticket is created in your Freshdesk account, webMethods.io Integration</p><p>will automatically add this ticket as a space in Cisco Webex Teams.</p><p><br></p><p><strong>Prerequisite:</strong></p><ul><li>Freshdesk account</li><li>Cisco Webex Teams account with a space for sending notifications</li></ul>","uid":"flf0d4c64d92dd1bf6e1e41a"},{"published":true,"name":"Send email notifications via Gmail for completed tasks in Asana","description":"<p>With this workflow, a notification will be sent via Gmail, whenever a status of a task is changed to ‘completed’ of a project in Asana.</p><p><br></p><p><strong style=\"color: rgb(0, 0, 0);\">How it works</strong></p><p><br></p><p>In the ‘To (email)’ field, enter the email address to whom you want to send the notification.</p><p><br></p><p>So, whenever the status of the task is changed to ‘completed’ of a specified project in your Asana account,</p><p>webMethods.io Integration will automatically send a notification via Gmail about the task completion to the specified email address.</p><p><br></p><p><strong style=\"color: rgb(0, 0, 0);\">Prerequisite</strong></p><p><br></p><p>Gmail account</p><p>Asana account</p>","uid":"fl997585dde2d6596e2c57af","download":1},{"published":true,"name":"Send notifications to a space in Cisco Webex Teams for new stories in Pivotal Tracker","description":"<p>With this workflow, get notified in your Cisco Webex Teams for every new story created in your Pivotal Tracker account</p><p><br></p><p><strong>How it works</strong></p><p><br></p><p>Whenever a new story is created in a specified project in your Pivotal Tracker account,</p><p><br></p><p>webMethods.io will automatically send notifications about the new story to a specified space in your Cisco Webex Teams account.</p><p><br></p><p><strong>Prerequisite</strong></p><p><br></p><p>Pivotal tracker account</p><p>Cisco Webex Teams account with a space for sending notifications</p>","uid":"fl919f36ff4328109906d527"},{"published":true,"name":"Create cards in Trello from new Excel Online rows","description":"<p>When new row is added in Excel Online, webMethods.io Integration automatically adds card in Trello.</p>","uid":"fleae5d4fa240af4a00f9d92","download":2},{"published":true,"name":"Add Evernote reminders to Google Tasks as new tasks","description":"<p>With this workflow, create new tasks in Google Tasks from your Evernote reminders</p><p><br></p><p><strong style=\"color: rgb(0, 0, 0);\">How it works</strong>:</p><p><br></p><p>When a new reminder note is added in your Evernote account,</p><p>webMethods.io Integration automatically creates a new task for the reminder note in Google Tasks account.</p><p><br></p><p><strong style=\"color: rgb(0, 0, 0);\">Prerequisite</strong>:</p><p><br></p><p>Evernote account</p><p>Google Tasks account</p>","uid":"fl0bf80c71002ac22c0a64d4","download":1},{"published":true,"name":"Add new row in Google Sheets for new Typeform entries","description":"<p>When a entry is added to the Typeform,</p><p>webMethods.io automatically adds a new row to Google Sheets spreadsheet.</p>","uid":"fl3b84d39d990fe39db6d223"},{"published":true,"name":"Save new MailChimp subscribers to Smartsheet","description":"<p>When a new subscriber is added to the MailChimp list,</p><p>webMethods.io automatically adds a new row to Smartsheet.</p>","uid":"fl3ae68c1b29b9dac8d83029"},{"published":true,"name":"When you receive an email with an attachment in Gmail download the file and upload it to Box","description":"<p>With this workflow, you can upload your Gmail attachment to your Box account.</p><p><br></p><p>How it works:</p><p>webMethods.io Integration will watch your Gmail account for new email with an attachment. So, whenever a new email is received with an attachment in your Gmail account, webMethods.io Integration will automatically download the file using ‘Download Attachment’ action, and upload this file to your Box account</p><p><br></p><p>Prerequisite:Gmail accountBox account</p>","uid":"flc5bc6933b691c63b022563","download":1},{"published":true,"name":"Post messages to Cisco Webex Teams for new Pagerduty incidents","description":"<p>With this workflow, get notified in Cisco Webex Teams for every new incident created in Pagerduty</p><p><br></p><p><strong>How it works:</strong></p><p>webMethods.io Integration will watch your Pagerduty account for new incidents. So, whenever a new incident is created in your Pagerduty account,</p><p>webMethods.io Integration will automatically send notification about the new incident to a specified space in your Cisco Webex Teams account.</p><p><br></p><p><strong>Prerequisite:</strong></p><p>Pagerduty account</p><p>Cisco Webex Teams account with a space for sending notifications</p>","uid":"fl3e0769efb839e027444ee1"},{"published":true,"name":"Create tasks in Toodledo for new tasks in Asana","description":"<p>When a new task is created in your Asana account,</p><p>webMethods.io Integration automatically creates a task in your Toodledo account.</p>","uid":"fla632d87ec12927f14fda39"},{"published":true,"name":"Create Trello cards for new incidents in Pagerduty","description":"<p>When a new incident is created in your PagerDuty account,</p><p>webMethods.io Integration automatically creates a new card in your Trello account</p>","uid":"flefab0e925324675a792aeb"},{"published":true,"name":"Send notifications to a space in Cisco Webex Teams for new tasks in Asana","description":"<p>With this workflow, get Cisco Webex Teams notifications whenever a new task is created in your Asana account</p><p><br></p><p><br></p><p><br></p><p>How it works:</p><p><br></p><p>When a new task is added to a specified project in your Asana account,</p><p><br></p><p>webMethods.io Integration will automatically send notifications to a space in your Cisco Webex Teams account.</p><p><br></p><p><br></p><p><br></p><p>Prerequisite:</p><p><br></p><p>Asana account</p><p>Cisco Webex Teams account with a space for sending notifications</p>","uid":"fl0e76fe86443737c4285f6b"},{"published":true,"name":"When a new contact is created in Google Contacts create a contact in ActiveCampaign","description":"<p>With this workflow, each new contact in Google Contacts will be added as a contact in ActiveCampaign</p><p><br></p><p><strong style=\"color: rgb(0, 0, 0);\">How it works:</strong></p><p><br></p><p>Whenever a new contact is added to Google Contacts,</p><p>webMethods.io Integration will automatically create a new contact in a list in ActiveCampaign</p><p><br></p><p><strong style=\"color: rgb(0, 0, 0);\">Prerequisite:</strong></p><p><br></p><p>Google Contacts account</p><p>ActiveCampaign account with a list in which you want the contact to be added</p>","uid":"fl61e99b805cb49d156f9b0b","download":1},{"published":true,"name":"Add rows to Excel Online for new messages in Cisco Webex Teams","description":"<p>With this workflow, each time you get new message in Cisco Webex Teams, new row will be added to your Excel Online account.</p><p><br></p><p><strong>How it works:</strong></p><p>Whenever you receive a new message in your Cisco Webex Teams account,webMethods.io Integration will automatically add the new message as a new row in a specified sheet in your Excel Online account.</p><p><br></p><p><br></p><p><strong>Prerequisite:</strong></p><p>Cisco Webex Teams account</p><p>Excel Online account with a sheet for adding rows</p><p><br></p><p><strong>Note</strong>: This workflow captures the below field data from Cisco WebEx Teams to Excel online worksheet:</p><ol><li>Text Message</li><li>Person Email</li><li>Space Name</li><li>Created Date</li></ol>","uid":"flb9f22a93651a56202b83cf"},{"published":true,"name":"Add rows in Excel Online and post messages on Cisco Webex Teams for new deals in Pipedrive","description":"<p>This recipe will add a row in excel online and post message in webex teams whenever new deal is added in pipedrive</p>","uid":"fl8bacae4fdd3e42b71bbff9","download":1},{"published":true,"name":"Create new rows in Google Sheets for new Pagerduty incidents","description":"<p>When a new incident is created in your PagerDuty account,</p><p>webMethods.io Integration automatically creates a new row in Google Sheet.</p>","uid":"flcc154d1f986ce907985db5"},{"published":true,"name":"Create card in Trello for new message posted in Cisco Webex Teams containing a particular word","description":"<p>Create card in Trello for new message posted in Cisco Webex Teams containing a particular word</p>","uid":"fl3d574f2cc965614df4a410"},{"published":true,"name":"Post tweets on Twitter for new messages on Cisco Webex Teams","description":"<p>With this workflow, each time a new message containing a specific word is posted on Cisco Webex Teams, post a tweet on Twitter.</p><p><br></p><p><strong>How it works:</strong></p><p>Whenever a new message containing a specific word is posted to the specified space on Cisco Webex Teams,</p><p>webMethods.io will automatically post it as a tweet on Twitter</p><p><br></p><p><strong>Prerequisite:</strong></p><p>Cisco Webex Teams account</p><p>Twitter account</p>","uid":"fl546758c1e8a6d18e2fdccd"},{"published":true,"name":"When you tweet with a new hashtag add the hashtag to a Google Sheet","description":"<p>When you tweet with a new hashtag add the hashtag to a Google Sheet.</p><p><br></p><p><strong>Pre-requisite</strong>: Please create a Google sheet and mention column names:</p><ol><li>Tweet</li><li>Tweeted By</li><li>Date</li></ol>","uid":"fl170303bfc5cf8c376e6611","download":2},{"published":true,"name":"Create cards in Trello for new stories in Pivotal Tracker","description":"<p>When a new story is created in Pivotal Tracker account, webMethods.io Integration automatically creates a card in Trello account.</p>","uid":"fle6dacac049a8a21c8590ad"},{"published":true,"name":"Create people in Pipedrive for new MailChimp subscribers","description":"<p>When a new subscriber is added to the MailChimp list,</p><p>webMethods.io Enterprise automatically creates a new person in your Pipedrive account.</p>","uid":"flf5e6474b49e22d4b9268a8"},{"published":true,"name":"Add rows to spreadsheet in Google Sheets for new signature requests in HelloSign","description":"<p>When a new signature request is sent from HelloSign, webMethods.io Integration automatically adds a row to a spreadsheet in Google Sheets.</p>","uid":"fl90cb6a96b10abb5fe97855"},{"published":true,"name":"Add rows to Excel Online for new subscribers in MailChimp","description":"<p>When a new subscriber is created in MailChimp, webMethods.io Integration automatically adds a row in Excel Online</p><p><br></p><p>Note: In this workflow captures below information from mailchimp to Excel Online Worksheet:</p><p><br></p><ol><li>First Name</li><li>Email</li><li>Phone Number</li><li>Creation Date</li></ol>","uid":"fla0d7d369dfc155c1208ff4"},{"published":true,"name":"Notify in Cisco Webex Teams when new code is pushed in GitHub","description":"<p>With this workflow, for every new code pushed in your GitHub account, get notified in Cisco Webex Teams</p><p><br></p><p><strong>How it works:</strong></p><p>Whenever a new code is pushed to a specified repository in your GitHub account,</p><p>webMethods.io Integration will automatically send notifications about the new code that is pushed to a specified space in your Cisco Webex Teams account.</p><p><br></p><p><strong>Prerequisite:</strong></p><p>GitHub account</p><p>Cisco Webex Teams account with a space for sending notifications</p>","uid":"fl01de4af1f1ee9cc58298b7"},{"published":true,"name":"Sync Coupa requisition status with ServiceNow purchase order.","description":"<p><strong>Description:&nbsp;</strong></p><p>(This workflow is the child workflow of the 'Sync Coupa requisition status with ServiceNow purchase order' solution.&nbsp;</p><p>The master workflow is titled as: 'Periodically execute the workflow, and invoke a child workflow that will sync Coupa requisition status with ServiceNow purchase order')</p><p><br></p><p>Whenever this workflow is invoked by the master workflow, webMethods.io Integration will automatically check the updated requisitions in Coupa and compare them with the 'Coupa PO Status' (which is a custom field) of purchase order in ServiceNow. If the 'Coupa PO Status' is found to be different, it will update the 'Coupa PO Status' with the requisition status.</p><p><br></p><p><strong>How it works:</strong></p><p>Whenever the child workflow is invoked by the master workflow, the child workflow will fetch the list of requisitions updated in the last interval based on the start time and end time parameters and compare them with the 'Coupa PO Status' of the relevant purchase order in ServiceNow. If the 'Coupa PO Status' is found to be different in ServiceNow, the child workflow will update it with the appropriate requisition status.</p><p><br></p><p>This process will continue till all the records are processed.</p><p><br></p><p><strong>Prerequisites:</strong></p><p>ServiceNow account</p><p>Coupa account</p>","uid":"flab691d5748760f3bedd16d"},{"published":true,"name":"Send Cisco Webex Teams notifications for new Stripe customers","description":"<p>With this workflow, a notification will be sent to the specified Cisco Webex Teams space for each new customer on Stripe.&nbsp;</p><p><br></p><p>How it works:</p><p>Whenever a new customer is added to Stripe,&nbsp;</p><p>webMethods.io will automatically send a notification to the specified space on Cisco Webex Teams.&nbsp;</p><p><br></p><p>Prerequisite:</p><p>Stripe account</p><p>Cisco Webex Teams account</p>","uid":"fl2ec55765f6953c170fd63f"},{"published":true,"name":"Add rows in Excel Online and post them on Cisco Webex Teams for new entries in Typeform","description":"<p>With this workflow, every time a new entry is created in Typeform, a row will be added in Excel Online, and notification will be sent to a space in Cisco Webex Teams.</p><p><br></p><p><strong>How it works:</strong></p><p><br></p><p>Whenever a new entry is created in a specified form in your Typeform account,</p><p><br></p><p>webMethods.io Integration will automatically add this entry as a new row in a specified sheet in your Excel Online account, and send notification about the new entry to a space in Cisco Webex Teams.</p><p><br></p><p><strong>Prerequisite:</strong></p><p><br></p><p>Typeform account</p><p>Excel Online account with a sheet for adding rows</p><p>Cisco Webex Teams account with a space for sending notifications.</p><p><br></p><p><strong>Note:</strong></p><p>Here, you need to select your form while registering the Typeform trigger. In this workflow, Employee Info form is used- which captures employee information (example- Name, skills, DOJ, rating) and entry date from the new entry in Typeform & then the data is passed to following connectors-</p><ul><li>Excel Online worksheet which contains below column:</li></ul><ol><li class=\"ql-indent-1\">Form ID</li><li class=\"ql-indent-1\">Form Name</li><li class=\"ql-indent-1\">Form Response</li><li class=\"ql-indent-1\">Form submitted Date</li></ol><ul><li>Cisco WebEx Space which contains the entry date & form response which is transformed from array of title and answers to a string</li></ul>","uid":"fl5815b8f7110a6cc1108ef6"},{"published":true,"name":"Add rows in Excel Online for new stories in Pivotal Tracker","description":"<p>When a new story is created in Pivotal Tracker, webMethods.io Integration automatically adds a row in Excel Online.</p><p><br></p><p><strong>Note</strong>: In this workflow captures below information from Pivotal Tracker to Excel Online Worksheet:</p><ol><li>Story ID</li><li>Story Name</li><li>Story URL</li><li>Story Creation date</li><li>User Name</li></ol>","uid":"flcc0a1e7f85c1640ce4dfbc"},{"published":true,"name":"When a new subscriber is added to ActiveCampaign create a person in Pipedrive","description":"<p>With this workflow, each new subscriber in ActiveCampaign will be added as a person in Pipedrive</p><p><br></p><p><strong style=\"color: rgb(0, 0, 0);\">How it works:</strong></p><p><br></p><p>Whenever a new subscriber is added to the specified list in ActiveCampaign,</p><p>webMethods.io Integration will automatically create a new person in Pipedrive.</p><p><br></p><p><strong style=\"color: rgb(0, 0, 0);\">Prerequisite:</strong></p><p><br></p><p>ActiveCampaign account</p><p>Pipedrive account</p>","uid":"flc7a3f6f8577205cbba9f47","download":1},{"published":true,"name":"Fetch all messages of Cisco Webex Teams space and email them to a recipient","description":"<p>With this workflow, send your Cisco Webex Teams messages to a specified recipient.</p><p><br></p><p><strong>How it works: </strong></p><p><br></p><p>webMethods.io fetches the list of all the messages in your Cisco Webex Teams account, and notifies the recipient via email about the messages received in Cisco Webex Teams.</p><p><br></p><p>Add the email of the person in project paramaters to whom which you wish to send an email.</p><p><br></p><p><strong>Prerequisite: </strong></p><p><br></p><p>Cisco Webex Teams account</p>","uid":"fl859ad87584a385bdbec529","download":1},{"published":true,"name":"Send notifications to Cisco Webex Teams for new rows in Excel Online","description":"<p>When a new row is created in Excel Online, webMethods.io Integration automatically sends notification to a space in Cisco Webex Teams.</p><p><br></p><p><strong>Note</strong>: In this workflow captures below information from new row in Excel Online to Cisco WebEx Teams Spaces:</p><ol><li>Sheet Name</li><li>Workbook Name</li><li>Employee Name</li><li>ID</li><li>DOJ</li><li>UID</li><li>Location</li><li>Workbook URL</li></ol><p>Please add above(3-8) columns in the Excel Online worksheet(1) specified/selected of workbook(2).</p>","uid":"fladea485f36b9aa47f244f0"},{"published":true,"name":"Create deals in Pipedrive for new MailChimp subscribers","description":"<p>When a new subscriber is added to the MailChimp list,</p><p>webMethods.io automatically creates a new deal in your Pipedrive account.</p>","uid":"flf465564c3b6bac3ad853b0"},{"published":true,"name":"When a contact subscribes to a list in ActiveCampaign send a notification on Slack","description":"<p>With this workflow, a notification will be sent on a Slack channel, each time a contact subscribes to a list in ActiveCampaign</p><p><br></p><p><strong style=\"color: rgb(0, 0, 0);\">How it works:</strong></p><p><br></p><p>Whenever a user subscribes to the specified list in ActiveCampaign,</p><p>webMethods.io Integration will automatically send a notification to the specified channel on Slack</p><p><br></p><p><strong style=\"color: rgb(0, 0, 0);\">Prerequisite:</strong></p><p><br></p><p>ActiveCampaign account</p><p>Slack account</p>","uid":"fl1745a41e9995745ab628dd","download":1},{"published":true,"name":"Create Google tasks for new message posted in Cisco Webex Teams containing a particular word","description":"<p>Create new google task on new message with specified keyword is received in webex teams.</p>","uid":"fl2da70e3253efdfea459f60"},{"published":true,"name":"Save new Box files to OneDrive","description":"<p><strong style=\"color: rgb(0, 0, 0);\">Title:</strong>&nbsp;</p><p>New file or folder in Box, save to OneDrive.&nbsp;</p><p><br></p><p><strong style=\"color: rgb(0, 0, 0);\">Description:</strong>&nbsp;</p><p>With this workflow, whenever a new file or folder is created/uploaded in Box, it will be automatically saved to OneDrive.&nbsp;</p><p><br></p><p><strong style=\"color: rgb(0, 0, 0);\">How it works:&nbsp;</strong></p><p>Whenever a new file or folder is created/uploaded in your Box account, webMethods.io Integration will check whether it is a folder or file.&nbsp;</p><p><br></p><p><strong style=\"color: rgb(0, 0, 0);\">Case 1: If a folder is created/uploaded</strong></p><ul><li>If a folder is created/uploaded, webMethods.io will check whether the folder already exists in your OneDrive account.&nbsp;</li><li>If it does, it will automatically terminate the workflow.</li><li>If it doesn’t, webMethods.io Integration will first create the folder from your Box account to OneDrive.</li></ul><p><br></p><p><strong style=\"color: rgb(0, 0, 0);\">Case 2: If a file is created/uploaded</strong></p><ul><li>If a file is created/uploaded, webMethods.io will check whether a parent folder exists in your OneDrive account.&nbsp;</li><li>If it does, it will automatically save the file from your Box account to OneDrive.</li><li>If it doesn’t, webMethods.io Integration will first create a parent folder in OneDrive and then save the file from your Box account to OneDrive.&nbsp;</li></ul><p><br></p><p><strong style=\"color: rgb(0, 0, 0);\">Prerequisites:</strong></p><ul><li>Box account</li><li>OneDrive account</li></ul>","uid":"fl4efa35d48033ad72ec311f"},{"published":true,"name":"When a new signature request is received in HelloSign, send a notification to Cisco Webex Teams","description":"<p>With this workflow, for every new signature request in HelloSign get notified in your Cisco Webex Teams account</p><p><br></p><p><br></p><p><br></p><p>How it works:</p><p><br></p><p><br></p><p><br></p><p>webMethods.io Integration will watch your HelloSign account for new signature request. So, whenever a new signature request is received in your HelloSign account, Built.io Flow Enterprise will automatically send notification about the new signature request to a specified space in Cisco Webex Teams.</p><p><br></p><p><br></p><p><br></p><p>Prerequisite:</p><p><br></p><p><br></p><p><br></p><p>HelloSign account</p><p><br></p><p>Cisco Webex Teams account with a space for sending notifications.</p>","uid":"fl7155adb0985eeb391a6e3a"},{"published":true,"name":"When a new subscriber is created in MailChimp create a contact in ActiveCampaign and post message to Slack","description":"<p>With this workflow, each time a new subscriber is created in MailChimp, a contact will be created in ActiveCampaign and a notification will be sent to a channel on Slack.</p><p><br></p><p><strong style=\"color: rgb(0, 0, 0);\">How it works:</strong></p><p><br></p><p>Whenever a new subscriber is created in a list in MailChimp,</p><p>webMethods.io Integration will automatically create a new contact in the specified list in ActiveCampaign and will post a message to the specified channel on Slack.</p><p><br></p><p><strong style=\"color: rgb(0, 0, 0);\">Prerequisite:</strong></p><p><br></p><ul><li>MailChimp account</li><li>ActiveCampaign account with a list in which you want the contact to be added</li><li>Slack account with a channel on which you want the message to be posted</li></ul>","uid":"flc5bc91ae32afa8118831d3","download":1},{"published":true,"name":"When a new ticket is created in Freshdesk create a channel in Slack","description":"<p>With this workflow, create a new channel in slack, when a new ticket is created in your Freshdesk account.</p><p><br></p><p><strong>How it works:</strong></p><p>When a new ticket is created in your Freshdesk account, webMethods.io Integration</p><p>will automatically add this ticket as a channel in slack.</p><p><br></p><p><strong>Prerequisite:</strong></p><ul><li>Freshdesk account</li><li>Slack account</li></ul>","uid":"flf904c28443962fcc49bebb"},{"published":true,"name":"Create new rows in Excel Online for deals won in Pipedrive","description":"<p>When a deal is won in Pipedrive,&nbsp;webMethods.io Integration automatically creates a row in Excel Online.</p><p><br></p><p><strong>Note: </strong></p><p>In this workflow captures the below information from Pipedrive to Excel Online Worksheet:</p><ol><li>Title</li><li>Person Name</li><li>Currency Value</li><li>Created Time</li><li>Status</li></ol>","uid":"fl9fc559bf664f157b0fd1a4","download":2},{"published":true,"name":"Create card in Trello for new message posted in Slack containing a particular word","description":"<p>When a new message is posted to your Slack channel containing a particular word, webMethods.io Integration creates a new card in your Trello account</p>","uid":"fl0dc1a617291d1e49e12154"},{"published":true,"name":"Create rows in Google Sheet for new tasks in Google Tasks","description":"<p>When a new task is created in Google tasks, webMethods.io Integration automatically adds a row in Google sheets.</p><p><br></p><p>Pre-requisite:</p><p>Please create Google sheet with below columns names:</p><ol><li>Task ID</li><li>Task Name</li><li>Created By</li></ol>","uid":"flf8627a1b8c0a3bd694beb8","download":26},{"published":true,"name":"Periodically execute the workflow, and invoke a child workflow that will sync Coupa supplier items with ServiceNow vendor catalog items.","description":"<p><strong>Description:&nbsp;</strong></p><p>(This workflow is the master workflow of the 'Sync Coupa supplier items with ServiceNow vendor catalog items' solution.&nbsp;</p><p>The child workflow is titled as: 'Sync Coupa supplier items with ServiceNow vendor catalog items')</p><p><br></p><p>Whenever this workflow is executed, webMethods.io Integration will automatically calculate the start time and end time based on the workflow repeat interval and invoke the child workflow.</p><p><br></p><p><strong>How it works:</strong></p><p>Whenever the master workflow is invoked via repeat clock trigger, it will calculate the start time and end time based on the workflow repeat interval and invoke the child workflow by sending the start time and end time as parameters.</p>","uid":"fl4139efa797315db16f71e1","download":12},{"published":true,"name":"Get new tweets of a Twitter user and send it to Cisco Webex Teams space","description":"<p>With this workflow, get notified in your Cisco Webex Teams for every new tweet by a specified user.</p><p><br></p><p><strong>How it works: </strong></p><p><br></p><p>Whenever a new tweet is posted by a specified user on Twitter, webMethods.io will automatically send the details about the user tweet to a specified space in Cisco Webex Teams.</p><p><br></p><p><strong>Prerequisite: </strong></p><p><br></p><p>Twitter account</p><p>Cisco Webex Teams account with a space for sending notifications</p>","uid":"fl0d8a2bf6d3d2152763ac70"},{"published":true,"name":"Create Google tasks for new message posted in Slack containing a particular word","description":"<p>Create new google task whenever new message with specified word is received in slack.</p>","uid":"fl875dd9596d615b33de026a"},{"published":true,"name":"Add new row in Google Sheets for new Typeform entries and post it on Cisco Webex Teams","description":"<p>With this workflow, send Cisco Webex Teams notification and add new row in Google Sheets spreadsheet for every new entry created in your Typeform account.</p><p><br></p><p><strong>How it works:</strong></p><p>When a new entry is created in a specified form in your Typeform account,</p><p>webMethods.io Integration will automatically add the entry as a new row in a specified sheet in Google Sheets spreadsheet, and send notification about the entry to a specified space in Cisco Webex Teams.</p><p><br></p><p><strong>Prerequisite:</strong></p><p>Typeform account</p><p>Google Sheets account with a sheet for adding rows</p><p>Cisco Webex Teams with a space for sending notifications</p><p><br></p><p><strong>Note:</strong></p><p>Below fields are used in Typeform entries</p><p>1.Employee ID</p><p>2.Employee Name</p><p>3.Mobile Number</p>","uid":"fl7e6a9deb82a4cc0882010d"},{"published":true,"name":"Sync Coupa supplier items with ServiceNow vendor catalog items.","description":"<p><strong>Description:&nbsp;</strong></p><p>(This workflow is the child workflow of the 'Sync Coupa supplier items with ServiceNow vendor catalog items' solution.&nbsp;</p><p>The master workflow is titled as: 'Periodically execute the workflow, and invoke a child workflow that will sync Coupa supplier items with ServiceNow vendor catalog items')</p><p><br></p><p>Whenever this workflow is invoked by the master workflow, webMethods.io Integration will automatically check the newly created or updated supplier items in Coupa and accordingly create or update them as catalog vendor items in ServiceNow.</p><p><br></p><p><strong>How it works:</strong></p><p>Whenever the child workflow is invoked by the master workflow, the child workflow will fetch the list of Coupa supplier items created or updated in the last interval, based on the start time and end time parameters. It will then accordingly create or update those supplier items as vendor catalog items in ServiceNow.</p><p><br></p><p>This process will continue till all the records are processed.</p><p><br></p><p><strong>Prerequisites:</strong></p><p>ServiceNow account</p><p>Coupa account</p>","uid":"fl3fb904ef4246d387c9cb27"},{"published":true,"name":"When a new attachment is posted to your Cisco Webex Teams account, upload it in your Dropbox account.","description":"<p><strong style=\"color: rgb(29, 28, 29);\">Description:</strong></p><p><br></p><p>With this workflow, whenever a new attachment is posted to your Cisco Webex Teams account, it will be uploaded to a specified folder in your Dropbox account.</p><p><br></p><p><strong style=\"color: rgb(29, 28, 29);\">How it works:</strong></p><p><br></p><p>When a new attachment is posted to your Cisco Webex Teams account,</p><p>webMethods.io Integration will automatically download the attachment and check whether a folder with the sender’s name exists in your Dropbox account.</p><p><br></p><p><strong style=\"color: rgb(29, 28, 29);\">Case 1:</strong> If the folder exists with the sender's name, then webMethods.io Integration will upload the attachment in the specified folder of your Dropbox account.</p><p><br></p><p><strong style=\"color: rgb(29, 28, 29);\">Case 2</strong>: If the folder does not exist with the sender’s name, webMethods.io Integration will first create a folder in the Dropbox account with the sender’s name and then upload the attachment to that folder.&nbsp;</p><p><br></p><p><strong style=\"color: rgb(29, 28, 29);\">Prerequisites:</strong></p><p><br></p><p>Cisco Webex Teams account</p><p>Dropbox account</p>","uid":"fl2fa8bff4c5cfae689a55f1","download":1},{"published":true,"name":"Create person in Pipedrive for new order in Eventbrite","description":"<p>With this workflow, a new person will be created in Pipedrive, whenever a new order is placed for a specified event by a person.</p><p><br></p><p><strong style=\"color: rgb(0, 0, 0);\">How it works</strong>:</p><p><br></p><p>Whenever someone places a new order for a specified event in Eventbrite,</p><p>webMethods.io Integration will automatically add this person who has placed the order in Eventbrite as a new person in Pipedrive.</p><p><br></p><p><strong style=\"color: rgb(0, 0, 0);\">Prerequisite</strong>:</p><p><br></p><p>Eventbrite account</p><p>Pipedrive account</p>","uid":"fl4a9524995200c3be104e61"},{"published":true,"name":"Send messages in Slack for new deals in Pipedrive","description":"<p>Whenever the deals will be created in Pipedrive, Webmethods.io will automatically post the deal information to Slack Channel.</p><p><br></p><p>Note: Deal information includes deal name, value & creator name.</p>","uid":"fla8f5b3a6f6bb56514a6ff8","download":3},{"published":true,"name":"Create Google tasks for new message posted in Slack starting with a particular word","description":"<p>Create new google task whenever new message with specified word is received in slack.</p><p><br></p><p>Note: It captures the text message as task description. This workflow will get executed when the message starts with \"Google Tasks:\"</p>","uid":"flbe13f9c51ccf94af37006a"},{"published":true,"name":"Create notes in Evernote for new task in Asana","description":"<p>When a new task is created in Asana, webMethods.io will automatically create a new note in Evernote.</p><p><br></p><p>Pre-requisite:</p><ol><li>Asana account</li><li>Evernote account</li></ol>","uid":"fl4faa4df94e44b2e5bacdbf"},{"published":true,"name":"Create story in Pivotal tracker for new Trello cards","description":"<p>When a new card is created in Trello, webMethods.io Integration will automatically create a story in Pivotal Tracker.</p><p><br></p><p>Prerequisite:</p><ol><li>Trello Account</li><li>Pivotal Tracker Account</li></ol>","uid":"fl97babb891dd8beede43e0a"},{"published":true,"name":"Create story in Pivotal Tracker for new task in Asana","description":"<p>When new task is created in Asana, webMethods.io will automatically create a new story in Pivotal Tracker.</p><p><br></p><p>Pre-requisite:</p><ol><li>Asana Account</li><li>Pivotal Tracker account</li></ol>","uid":"fl9660c0c380b482c1a72a83"},{"published":true,"name":"Create task in Google Tasks for new task in Asana","description":"<p>When new task is created in Asana, webMethods.io will automatically create a new task in Asana.</p><p><br></p><p>Pre-requisite:</p><ol><li>Asana account</li><li>Google Task account</li></ol>","uid":"fl8a84e69ee478f0b1f61475","download":1},{"published":true,"name":"Create new boards in Trello for new projects in Asana","description":"<p>When a new project is created in Asana, webMethods.io will automatically create a new board in Trello.</p><p><br></p><p>Pre-requisite:</p><ol><li>Asana account</li><li>Trello account</li></ol>","uid":"fl49fce8e5aed13c53a6335c"},{"published":true,"name":"Create Google Calendar Events from Google sheets","description":"<p>With this workflow, create new event in Google Calendar when new row is added in Google sheets.</p><p><br></p><p><strong style=\"color: rgb(0, 0, 0);\">Prerequisite</strong>:</p><p>Google Calendar account</p><p>Google sheets</p><p><br></p><p><strong>Notes:</strong></p><p>It captures title, description, location, start time & end time of a event from the Google sheets header. Here, google sheet includes EventName, Description, StartTime, EndTime,Location as headers for the populated data.</p>","uid":"fl57ae98d1b587bdc2864a7c","download":118},{"published":true,"name":"Create folder in OneDrive for new deals in Pipedrive","description":"<p>With this workflow, create new folder in OneDrive when deal is created in Pipedrive</p><p><br></p><p><strong style=\"color: rgb(0, 0, 0);\">How it works</strong>:</p><p>When a new pipedrive deal is added in your Pipedrive account,</p><p>webMethods.io Integration automatically creates a new folder in your OneDrive account</p><p><br></p><p><strong style=\"color: rgb(0, 0, 0);\">Prerequisite</strong>:</p><p>Pipedrive account</p><p>OneDrive account</p><p><br></p><p><strong>Notes:</strong></p><p>It captures title of deal as folder name.</p>","uid":"fl6e147face3f58905dec299","download":1},{"published":true,"name":"Create card in trello for new task in Asana","description":"<p>When new task is created in Asana, webMethods.io will automatically create a new card in your Trello account.</p><p><br></p><p>Pre-requisites:</p><ol><li>Asana account</li><li>Trello account</li></ol>","uid":"fld3cb4b6155db3dfaf2e029"},{"published":true,"name":"Create people in Pipedrive for new contacts in Salesforce","description":"<p>When a new contact is created in Salesforce, webMethods.io automatically creates a new people in Pipedrive.</p><p><br></p><p>Pre-requisite:</p><ol><li>Salesforce account</li><li>Pipedrive account</li></ol>","uid":"flfa86ce81711b819c078652"},{"published":true,"name":"Add rows in Smartsheet for new to-do items in Basecamp","description":"<p>With this workflow, each time a new to-do is created in Basecamp, a row will be added in Smartsheet</p><p><br></p><p><strong style=\"color: rgb(0, 0, 0);\">How it works:</strong></p><p>Whenever a new to-do is created in the specified list of the specified project in Basecamp,</p><p>webMethods.io Integration will automatically add its details as a row in the specified cells of the specified sheet in Smartsheet.</p><p><br></p><p><strong style=\"color: rgb(0, 0, 0);\">Prerequisite:</strong></p><p>Basecamp account</p><p>Smartsheet account with a sheet containing at least 6 columns in which you want the data to be added.</p>","uid":"fl06d24c6d47d907c544e0c2"},{"published":true,"name":"Periodically execute the workflow, and invoke a child workflow that will sync Coupa inventory receipts with ServiceNow receiving slips.","description":"<p><strong>Description:&nbsp;</strong></p><p>(This workflow is the master workflow of the 'Sync Coupa inventory receipts with ServiceNow receiving slips' solution.&nbsp;</p><p>The child workflow is titled as: 'Sync Coupa inventory receipts with ServiceNow receiving slips')</p><p><br></p><p>Whenever this workflow is executed, webMethods.io Integration will automatically calculate the start time and end time based on the workflow repeat interval and invoke the child workflow.</p><p><br></p><p><strong>How it works:</strong></p><p>Whenever the master workflow is invoked via repeat clock trigger, it will calculate the start time and end time based on the workflow repeat interval and invoke the child workflow by sending the start time and end time as parameters.</p>","uid":"fl4dbf3a5291d1d328b0a92b","download":8},{"published":true,"name":"Create contact in Google Contacts for new contact in Salesforce","description":"<p>When a new contact is creates in Salesforce, webMethods.io will automatically create a new contact in Google Contacts.</p><p><br></p><p>Pre-requisites:</p><ol><li>Salesforce account</li><li>Google Contacts account</li></ol>","uid":"fl3a81cb03035125236c3af3","download":18},{"published":true,"name":"Add rows in Google Sheets for new to-do items in Basecamp","description":"<p>With this workflow, each time a new to-do is created in Basecamp, a row will be added in Google Sheets.</p><p><br></p><p><strong style=\"color: rgb(0, 0, 0);\">How it works:</strong></p><p>Whenever a new to-do is created in the specified list of the specified project in Basecamp,</p><p>webMethods.io Integration will automatically add its details in a row in the specified sheet of the specified spreadsheet in Google Sheets.</p><p><br></p><p><strong style=\"color: rgb(0, 0, 0);\">Prerequisite:</strong></p><p>Basecamp account</p><p>Google Sheets account with a sheet in which you want the row to be added</p>","uid":"fld3b9dd059281453e48063d"},{"published":true,"name":"Post messages in Slack for new opportunities in Salesforce","description":"<p>When new Opportunity is created in Salesforce, webMethods.io will automatically post its information on our Slack channel.</p>","uid":"fl58952ac4d3b1c73630f7eb","download":4},{"published":true,"name":"Send messages in Cisco Webex Teams for new Pipedrive deals","description":"<p>Whenever the deals will be created in Pipedrive, webMethods.io will automatically post the deal information to Cisco Webex Teams spaces.</p><p><br></p><p>Note:</p><ol><li>Deal information includes deal name, value & creator name.</li></ol>","uid":"flfb52b30fb6c504778879a1"},{"published":true,"name":"Send message in Cisco Webex Teams for new email in Office 365","description":"<p>When new email is received in Outlook, a new message is send to Cisco Webex Teams spaces.</p><p><br></p><p>Note: It captures email details like subject, sender name, email address and importance of email.</p>","uid":"fl359503336f926b42fbf189"},{"published":true,"name":"Create Folder in Box for new deals in Pipedrive","description":"<p>With this workflow, create new folder in Box when deal is created in Pipedrive</p><p><br></p><p><strong style=\"color: rgb(0, 0, 0);\">How it works</strong>:</p><p>When a new pipedrive deal is added in your Pipedrive account,</p><p>webMethods.io Integration automatically creates a new folder in your Box account</p><p><br></p><p><strong style=\"color: rgb(0, 0, 0);\">Prerequisite</strong>:</p><p>Pipedrive account</p><p>Box account</p><p><br></p><p><strong>Notes:</strong></p><p>It captures title of deal as folder name.</p>","uid":"fl22b81086f000a3955b825c"},{"published":true,"name":"Create Google tasks for new message posted in Cisco Webex Teams starting with a particular word","description":"<p>Create new google task on new message with specified keyword is received in webex teams.</p><p><br></p><p>The below workflow will get executed if the message starts with word \"Google Tasks:\".</p>","uid":"flc8fed5bc1558ea9f6b8779"},{"published":true,"name":"Save files in Egnyte for new files in Box","description":"<p>When a new file is uploaded to Box, webMethods.io Integration will automatically upload that file to Egnyte.</p><p><br></p><p>Prerequisite:</p><ol><li>Egnyte Account</li><li>Box Account</li></ol>","uid":"flf8df871e2c674a15bcac78"},{"published":true,"name":"Save files in Egnyte for new files in Dropbox","description":"<p>When a new file is uploaded to dropbox, webMethods.io Integration will automatically upload that file to Dropbox.</p><p><br></p><p>Prerequisite:</p><ol><li>Dropbox Account</li><li>Egnyte Account</li></ol>","uid":"fldf607e777102ca2a386ec2","download":1},{"published":true,"name":"Create card in Trello for new message posted in Slack starting with a particular word","description":"<p>When a new message is posted to your Slack channel starting with a particular word, webMethods.io Integration creates a new card in your Trello account.</p><p><br></p><p>Note: It captures the text of the message as description of the card in Trello & title will include user name</p>","uid":"fl8432f9cc2f0989361c74fe","download":2},{"published":true,"name":"Create event in Outlook Calendar when new event is created in Google Calendar","description":"<p>With this workflow, create new event in outlook Calendar when google calendar event is created.</p><p><br></p><p><strong style=\"color: rgb(0, 0, 0);\">Prerequisite</strong>:</p><p>Google Calendar account</p><p>Outlook account</p><p><br></p><p><strong>Notes:</strong></p><p>It captures title, description, location, start time, end time & attendees(2) of a meeting.</p>","uid":"flf4b8e9a8141c1ba81e169c","download":9},{"published":true,"name":"Post messages in Slack for new leads in Salesforce","description":"<p>When new lead is added in Salesforce, webMethods.io will automatically post its information on our Slack channel.</p>","uid":"fl022441a3fb27ad822cbab5","download":1},{"published":true,"name":"Send notifications on Slack for new order placed in Eventbrite","description":"<p>With this workflow, get notified in your Slack for every new order placed for a specified event in Eventbrite</p><p><br></p><p><strong style=\"color: rgb(0, 0, 0);\">How it works</strong>:</p><p><br></p><p>Whenever someone places a new order for a specified event in your Eventbrite account,</p><p>webMethods.io Integration will automatically send the details of the order placed to a specified channel in your Slack account.</p><p><br></p><p><strong style=\"color: rgb(0, 0, 0);\">Prerequisite</strong>:</p><p><br></p><p>Eventbrite account</p><p>Slack account with a private channel for sending notifications.</p>","uid":"fl027a1f583fa89615161c44"},{"published":true,"name":"Periodically execute the workflow, and invoke a child workflow that will sync Coupa requisition status with ServiceNow purchase order.","description":"<p><strong>Description:&nbsp;</strong></p><p>(This workflow is the master workflow of the 'Sync Coupa requisition status with ServiceNow purchase order' solution.&nbsp;</p><p>The child workflow is titled as: 'Sync Coupa requisition status with ServiceNow purchase order')</p><p><br></p><p>Whenever this workflow is executed, webMethods.io Integration will automatically calculate the start time and end time based on the workflow repeat interval and invoke the child workflow.</p><p><br></p><p><strong>How it works:</strong></p><p>Whenever the master workflow is invoked via repeat clock trigger, it will calculate the start time and end time based on the workflow repeat interval and invoke the child workflow by sending the start time and end time as parameters.</p>","uid":"fl8fdbada59c7a8ddab9405f","download":35},{"published":true,"name":"Create Folder in Dropbox for new deals in Pipedrive","description":"<p>With this workflow, create new folder in dropbox when deal is created in Pipedrive</p><p><br></p><p><strong style=\"color: rgb(0, 0, 0);\">How it works</strong>:</p><p>When a new pipedrive deal is added in your Pipedrive account,</p><p>webMethods.io Integration automatically creates a new folder in your Dropbox account</p><p><br></p><p><strong style=\"color: rgb(0, 0, 0);\">Prerequisite</strong>:</p><p>Pipedrive account</p><p>Dropbox account</p><p><br></p><p><strong>Notes:</strong></p><p>It captures title of deal as folder name.</p>","uid":"fl9823f606ebb10a69991500","download":1},{"published":true,"name":"Create card in Trello for new message posted in Cisco Webex Teams starting with a particular word","description":"<p>Create card in Trello for new message posted in Cisco Webex Teams starting with a particular word</p><p><br></p><p>Note: It captures the message text and sender's name as Card description and title in trello.</p>","uid":"fl0f237c89f20c2215d74ce4"},{"published":true,"name":"Add rows in Excel Online for new to-do items in Basecamp","description":"<p>With this workflow, each time a new to-do is created in Basecamp, a row will be added in Excel Online</p><p><br></p><p><strong style=\"color: rgb(0, 0, 0);\">How it works:</strong></p><p>Whenever a new to-do is created in the specified list of the specified project in Basecamp,</p><p>webMethods.io Integration will automatically add its details in a row in the specified sheet in Excel Online.</p><p><br></p><p><strong style=\"color: rgb(0, 0, 0);\">Prerequisite:</strong></p><p>Basecamp account</p><p>Excel Online account with the sheet in which you want the row to be added.</p>","uid":"fl89491886c74be9a8349c9a"},{"published":true,"name":"Sync Coupa inventory receipts with ServiceNow receiving slips.","description":"<p><strong>Description:&nbsp;</strong></p><p>(This workflow is the child workflow of the 'Sync Coupa inventory receipts with ServiceNow receiving slips' solution.&nbsp;</p><p>The master workflow is titled as: 'Periodically execute the workflow, and invoke a child workflow that will sync Coupa inventory receipts with ServiceNow receiving slips')</p><p><br></p><p>Whenever this workflow is invoked by the master workflow, webMethods.io Integration will automatically check the newly created or updated inventory receipts in Coupa and accordingly create or update them as receiving slips and receiving slip line items in ServiceNow.</p><p><br></p><p><strong>How it works:</strong></p><p>Whenever the child workflow is invoked by the master workflow, the child workflow will fetch the list of Coupa inventory receipts created or updated in the last interval, based on the start time and end time parameters. It will then accordingly create or update those inventory receipts as receiving slips and receiving slip line items in ServiceNow.</p><p><br></p><p>This process will continue till all the records are processed.</p><p><br></p><p><strong>Prerequisites:</strong></p><p>ServiceNow account</p><p>Coupa account</p>","uid":"fl48e4a7d68c9e9a82c4474e"},{"published":true,"name":"Send message in Cisco Webex Teams for new Outlook calendar event","description":"<p>When new outlook calendar event is created, webMethods.io integration send the message to Cisco Webex Teams spaces.</p><p><br></p><p><strong>Note: </strong>It captures the event title, start date, end date, location & organizer name.</p>","uid":"flb505b2d8e676a58b44fa68"},{"published":true,"name":"Send message in Slack for new email in Office 365","description":"<p>When new email is received in Outlook, a new message is send to Slack channel.</p>","uid":"fl599f0a21bcb02e82fb61e0"},{"published":true,"name":"Send Slack notifications for new Files in Egnyte","description":"<p>When a new file is uploaded in Egnyte, webMethods.io Integration will automatically send a notification to Slack channel.</p><p><br></p><p>Prerequisite:</p><ol><li>Egnyte Account</li><li>Slack Account</li></ol>","uid":"fldf6885ebe77ffafd5b70de"},{"published":true,"name":"Send messages to Cisco Webex Teams for new order placed in Eventbrite","description":"<p>With this workflow, get notified in your Cisco Webex Teams for every new order placed for a specified event in Eventbrite</p><p><br></p><p><strong style=\"color: rgb(0, 0, 0);\">How it works</strong>:</p><p><br></p><p>Whenever someone places a new order for a specified event in your Eventbrite account,</p><p>webMethods.io Integration will automatically send the details of the order placed to a specified space in your Cisco Webex Teams account.</p><p><br></p><p><strong style=\"color: rgb(0, 0, 0);\">Prerequisite</strong>:</p><p><br></p><p>Eventbrite account</p><p>Slack account with a private channel for sending notifications.</p>","uid":"fl8c3a9537dd2633f9f35e4f"},{"published":true,"name":"Add Github issues for new Pivotal Tracker stories","description":"<p>When a new issue is created in Github, webMethods.io Integration will automatically create a story in Pivotal Tracker.</p><p><br></p><p>Prerequisite:</p><ol><li>Github Account</li><li>Privotal Tracker Account</li></ol>","uid":"fl6aba6d7d499a502ce9640a"},{"published":true,"name":"Add new Github issues to Excel Online","description":"<p>When a new issue is created in Github, webmethods.io will automatically add a row in Excel online sheet.</p><p><br></p><p>Prerequisite:</p><ol><li>Github Account</li><li>Excel online Account</li></ol><p><br></p><p>Note: In this workflow will add the below rows in Excel online</p><ol><li>Issue title</li><li>Issue description</li><li>Issue label</li><li>Issue URL</li></ol>","uid":"flff7a448cdc6ed44ca49ca4","download":5},{"published":true,"name":"Get Slack notifications for Github issues","description":"<p>When a new issue is created in Github, webMethods.io will automatically send a message to a Slack channel.</p><p><br></p><p>Prerequisite:</p><ol><li>Github account</li><li>Slack account</li></ol>","uid":"fl95fb826208d802fa31ccc7","download":5},{"published":true,"name":"Get Cisco Webex notifications for Github issues","description":"<p>When an issue is created in Github, webMethods.io will automatically send a notification to Cisco Webex Teams channel.</p><p><br></p><p>Prerequisite:</p><ol><li>Github Account</li><li>Cisco Webex Teams Account</li></ol>","uid":"flc96ea18b5ccdde83c1d0f2"},{"published":true,"name":"When a purchase order is created in your ServiceNow account, create a requisition object in Coupa.","description":"<p><strong>Description:</strong></p><p>With this workflow, whenever a new purchase order having a purchase order line item is created in ServiceNow, a requisition object is created in Coupa.</p><p><br></p><p><strong>How it works:</strong></p><p>Whenever a new purchase order containing a purchase order line item is created in ServiceNow and the purchase order status is changed to 'Ordered' status, the webMethods.io Integration will automatically fetch its prespecified details and create a requisition object in Coupa. After that, it will update the 'Coupa Requisition ID' in the purchase order in ServiceNow.</p><p><br></p><p><strong>Prerequisites:</strong></p><p>ServiceNow account</p><p>Coupa acccount</p>","uid":"flea0f768d351236932be9bc"},{"published":true,"name":"Fetches suppliers from Coupa and posts vendors information to NetSuite.","description":"<p>CoupaSupplierToNetSuiteVendor</p><p>Query Suppliers from Coupa and Upsert Vendors to Netsuite</p><p><br></p><p>Pre-requisites:</p><p>Netsuite Connection</p><p>Coupa Connection</p>","uid":"fl5074f1b596ec2ac4e2ad96"},{"published":true,"name":"Add Zoho CRM leads to contacts in Pipedrive","description":"<p>When a new lead is created in Zoho CRM, webMethods.io Integration will automatically create a contact in Pipedrive.</p><p><br></p><p>Prerequisite:</p><ol><li>Zoho CRM Account</li><li>Pipedrive Account</li></ol>","uid":"fl007177903585302feed5fd"},{"published":true,"name":"Save new MailChimp subscribers to Google Sheets spreadsheet","description":"<p>When a new subscriber is added to the MailChimp list,</p><p>webMethods.io automatically adds a new row to Google Sheets spreadsheet.</p><p><br></p><p>Prerequisites:</p><ol><li>Mailchimp account</li><li>Google Sheets account</li></ol>","uid":"fl2441a37ac9b21460e268c4","download":1},{"published":true,"name":"Add new contact in Pipedrive for new contact in Zoho CRM","description":"<p>When a new contact is created to Zoho CRM, webMethods.io Integration will automatically add that contact to Pipedrive.</p><p><br></p><p>Prerequisite:</p><ol><li>Zoho CRM Account</li><li>Pipedrive Account</li></ol>","uid":"fl1d9dc4622e4ee4b2b7ef3f"},{"published":true,"name":"Post Message to Slack for new incidents in Pagerduty","description":"<p>When new incident is created in Pagerduty, webMethods.io will automatically send a message to Slack channel.</p><p><br></p><p>Prerequisites:</p><ol><li>Pagerduty account</li><li>Slack account:</li></ol>","uid":"fl52aab747fa9191033cf76f"},{"published":true,"name":"Create cards in Trello for new Pipedrive deals","description":"<p>When a new deal is created in your Pipedrive account,</p><p>webMethods.io automatically creates a new card in your Trello account</p>","uid":"flc8b8760d408b0d2559b467","download":1},{"published":true,"name":"Extracts contacts from Microsoft Dynamics CRM and creates or updates the contacts in Salesforce.","description":"<p>MSDynamicsContactsToSalesforce</p><p><br></p><p>Extracts contacts from Microsoft Dynamics CRM and creates or updates the contacts in Salesforce.</p><p><br></p><p>pre-requisites:</p><p>Microsoft Dynamics Connection</p><p>Salesforce Connection</p>","uid":"fl1bc661edde38a92b6236f9"},{"published":true,"name":"Post Message in Cisco Webex Teams when a incident is resolved in Pagerduty","description":"<p>When a incident is resolved in Pagerduty, webMethods.io will automatically send a message to Cisco Webex Teams space.</p><p><br></p><p>Prerequisites:</p><ol><li>Pagerduty account</li><li>Cisco Webex Teams account:</li></ol>","uid":"fl8c6cf391903cb75f99cd24"},{"published":true,"name":"Create Trello cards for new Github issues","description":"<p>When a new issue is created in Github, webMethods.io will automatically create a card in Trello.</p><p><br></p><p>Prerequisite:</p><ol><li>Trello account</li><li>Github account</li></ol>","uid":"flde2d7788f4695d73358423","download":3},{"published":true,"name":"Send Cisco Webex Teams notifications for new Files in Egnyte","description":"<p>When a new file is uploaded to Egnyte, webMethods.io Integration will automatically send a notification to Cisco Webex Teams channel.</p><p><br></p><p>Prerequisite:</p><ol><li>Egnyte Account</li><li>Cisco Webex Teams Account</li></ol>","uid":"fle865692b7bbe6bc66831fa"},{"published":true,"name":"Extract the contact details from Salesforce and create this data into Microsoft Dynamics CRM","description":"<p>SalesforceToMSDynamicsContacts</p><p>Extract the contact details from Salesforce and create this data into Microsoft Dynamics CRM.</p><p><br></p><p>Pre-requites:</p><p>Microsoft Dynamics CRM Connection</p><p>Salesforce Connection</p>","uid":"flb19b91c2190760090646a9"},{"published":true,"name":"Notify on Slack when a new statistic is updated on Covid-19","description":"<p>Whenever there is a new statistic on Covid-19, you will be notified in Slack channel.&nbsp;</p><p><br></p><p><strong style=\"color: rgb(0, 0, 0);\">Note: </strong>webMethods.io Integration will execute this workflow at regular intervals. For this workflow, we have used a Clock trigger that runs every 5 minutes, which means, this workflow will be executed once in every 5 minutes. However, you can configure the ‘Clock’ trigger as per your requirements.&nbsp;</p><p><br></p><p><strong style=\"color: rgb(29, 28, 29);\">How it works:</strong></p><p><br></p><p>When a new statistic is updated on Covid-19, webMethods.io Integration will automatically retrieve and send the data to a specified channel in your Slack account.</p><p><br></p><p><strong style=\"color: rgb(29, 28, 29);\">Note:</strong> For this workflow, we have set the country code as IN, which means, you will receive the latest stats of India. However, you can configure the ‘Get Stats’ action as per your requirements.&nbsp;</p><p><br></p><p><strong style=\"color: rgb(29, 28, 29);\">Prerequisites:</strong></p><p><br></p><p>Slack account</p>","uid":"fl70aae237891776140ba1eb","download":2},{"published":true,"name":"Create new rows in Excel Online for new Pagerduty incidents","description":"<p>When a new incident is created in your PagerDuty account,</p><p>webMethods.io Integration automatically creates a new row in Excel Online.</p><p>Note: It captures the incident details which include incident id, title,summary, description link , date, urgency & status.</p>","uid":"fleb3cf32d44293d9fb208c8"},{"published":true,"name":"Save new MailChimp subscribers to Excel Online spreadsheet","description":"<p>When a new subscriber is added to the MailChimp list,</p><p>webMethods.io automatically adds a new row to Excel Online spreadsheet.</p><p><br></p><p>Note: It captures the subscriber details like first name, last name, email & contact detail.</p>","uid":"flc19853d697196bf3c0bfea","download":1},{"published":true,"name":"Send message in Slack for new outlook calendar event","description":"<p>When new outlook calendar event is created, webMethods.io integration send the message to slack channel.</p><p><br></p><p><strong>Note: </strong>It captures the event title,start date, end date, location & organizer name</p>","uid":"fl92196cb419897d68e42852","download":3},{"published":true,"name":"Add new row in Excel Online for new Typeform entries","description":"<p>When a entry is added to the Typeform,</p><p>webMethods.io automatically adds a new row to Excel Online spreadsheet.</p><p><br></p><p>Note: It captures the form answer of Typeform & those values are passed in Excel Online. Here it uses the employee form which includes employee first name, last name, job description. designation & date of joining.</p>","uid":"fl7e24c38c981d74409bdc81"},{"published":true,"name":"Extracts alarms from Cumulocity and creates salesforce case for each alarm. If successful, it creates salesforce case with details retrieved","description":"<p>CumulocityAlarmsToSalesforceCase</p><p>Extracts alarms from Cumulocity and creates salesforce case for each alarm. If successful, it creates salesforce case with details retrieved from Cumulocity alarms.</p><p><br></p><p>Pre-requites</p><p>Cumulocity Connection</p><p>Salesforce Connection</p>","uid":"fld46e426348164cf1ee4efa"},{"published":true,"name":"Extracts accounts from Coupa and if successful, creates corresponding accounts in NetSuite","description":"<p>CoupaAccountsToNetsuiteAccounts</p><p>Queries accounts from Coupa and if successful, creates corresponding accounts in NetSuite</p><p><br></p><p>Pre-Requisites</p><p>Coupa Connection</p><p>Netsuite Connection</p>","uid":"fl255ee599ef1f6754dab61a","download":1},{"published":true,"name":"Move files from one folder to another folder automatically in Box","description":"<p>With this workflow, whenever a new file is created/uploaded in the specified folder in your Box account, the file will be automatically added in another folder.&nbsp;</p><p><br></p><p><strong style=\"color: rgb(0, 0, 0);\">How it works:</strong></p><p>At regular intervals, webMethods.io Integration will retrieve details of the specified folder and check whether there exist any files in the folder.</p><p><br></p><p><strong style=\"color: rgb(0, 0, 0);\">Case 1:</strong></p><p>If any files exist, webMethods.io Integration will automatically create a new folder named with the current date and time in MM-DD-YYYY HH:mm:ss format.&nbsp;</p><p><strong style=\"color: rgb(0, 0, 0);\">Case 2:</strong></p><p>If no files exist, webMethods.io Integration will automatically terminate the workflow.&nbsp;</p><p><br></p><p><strong style=\"color: rgb(0, 0, 0);\">Prerequisites:</strong></p><p>Box account</p><p><br></p><p><strong style=\"color: rgb(0, 0, 0);\">Note</strong>: For this workflow, we have used a Clock trigger that runs every 24 hours, which means, this workflow will be executed once every 24 hours. However, you can configure the Clock Trigger to run as per your requirements.&nbsp;</p>","uid":"fl232a2afb6dcc71df721b24","download":5},{"published":true,"name":"Extracts accounts from Microsoft Dynamics CRM and creates accounts in Salesforce.","description":"<p>MSDynamicsAccountsToSalesforce</p><p>Extracts accounts from Microsoft Dynamics CRM and creates accounts in Salesforce. The optional “queryAccInput\" input field can be used to apply filters while retrieving the accounts from Microsoft Dynamics CRM.</p><p><br></p><p>Pre-requites:</p><p>Microsoft Dynamics CRM Connection</p><p>Salesforce Connection</p>","uid":"fl7b3670cc36efddca0a9705"},{"published":true,"name":"Extracts Users from ServiceNow and creates contacts in Salesforce for a customer. If successful, it updates Salesforce with details retrieved","description":"<p>ServiceNowUsersToSalesforceContacts</p><p><br></p><p>Extracts Users from ServiceNow and creates contacts in Salesforce for a customer. If successful, it updates Salesforce with details retrieved from ServiceNow.</p><p><br></p><p>Pre-requisites:</p><p>ServiceNow Connection</p><p>Salesforce Connection</p>","uid":"fl4f9be925014c5b5781f4ca","download":1},{"published":true,"name":"Post Message to Slack when a incident is resolved in Pagerduty","description":"<p>When a incident is resolved in Pagerduty, webMethods.io will automatically send a message to Slack channel.</p><p><br></p><p>Prerequisites:</p><ol><li>Pagerduty account</li><li>Slack account:</li></ol>","uid":"flf423f8ff6f74475c30e4d4"},{"published":true,"name":"Create event in Google Calendar when a new event is created in Outlook Calendar","description":"<p>With this workflow, create new event in Google Calendar when outlook calendar event is created.</p><p><br></p><p><strong style=\"color: rgb(0, 0, 0);\">Prerequisite</strong>:</p><p>Google Calendar account</p><p>Outlook account</p><p><br></p><p><strong>Notes:</strong></p><p>It captures title, description, location, start time, end time & single attendee of a meeting.</p>","uid":"fl25affa52532200a0b128c6","download":23},{"published":true,"name":"Add rows to spreadsheet in Excel Online for new signature requests in HelloSign","description":"<p>When a new signature request is sent from HelloSign, webMethods.io Integration automatically adds a row to a spreadsheet in Excel Online.</p>","uid":"fl581d6fa4ed78d2c093ccdb"},{"published":true,"name":"Extracts Lead Activities from Marketo and creates tasks in Salesforce for a customer. If successful, it updates tasks with retrieved details","description":"<p>MarketoLeadActivityToSalesforceTask</p><p><br></p><p>Extracts Lead Activities&nbsp;from Marketo and creates tasks in Salesforce CRM for a customer. If successful, it updates Salesforce CRM with details retrieved from Marketo</p><p><br></p><p>Pre-requisites:</p><p>Marketo Connection</p><p>Salesforce Connection</p>","uid":"fl77aa13e89d59e458beed17","download":2},{"published":true,"name":"Move files from one folder to another folder automatically in Dropbox","description":"<p><strong style=\"color: rgb(0, 0, 0);\">Description:&nbsp;</strong></p><p>With this workflow, whenever a new file is created/uploaded in the specified folder in your Dropbox account, the file will be automatically added in another folder.</p><p>&nbsp;</p><p><strong style=\"color: rgb(0, 0, 0);\">Note</strong>: For this workflow, we have used a Clock trigger that runs every 24 hours, which means, this workflow will be executed once every 24 hours. However, you can configure the Clock Trigger to run as per your requirements.&nbsp;</p><p><br></p><p><strong style=\"color: rgb(0, 0, 0);\">How it works:</strong></p><p>At regular intervals, webMethods.io Integration will retrieve details of the specified folder and check whether there exist any files in the folder.</p><p><br></p><p><strong style=\"color: rgb(0, 0, 0);\">Case 1:</strong></p><p>If any files exist, webMethods.io Integration will automatically create a new folder named with the current date and time in MM-DD-YYYY HH:mm:ss format.&nbsp;</p><p><strong style=\"color: rgb(0, 0, 0);\">Case 2:</strong></p><p>If no files exist, webMethods.io Integration will automatically terminate the workflow.&nbsp;</p><p><br></p><p><strong style=\"color: rgb(0, 0, 0);\">Prerequisites:</strong></p><p>Dropbox account</p>","uid":"fl1e2035f44789923cb6bb59","download":2},{"published":true,"name":"When an alert is generated in your Cumulocity tenant, create a card in Trello.","description":"<p><strong>Description: </strong></p><p>With this workflow, whenever a new alert is generated for a device in your Cumulocity tenant, a new card will be automatically created in a specific board of your Trello tenant.&nbsp;</p><p><br></p><p><strong>How it works:</strong></p><p>Whenever a new alert is generated for a device in your Cumulocity tenant, webMethods.io Integration will automatically fetch its prespecified details and create a new card in a specific board in Trello.</p><p><br></p><p><strong>Note: </strong></p><p>After importing this workflow, you need to check if the Alarm status is ACTIVE. To do so, double-click the \"Cumulocity Alarm\" trigger from the canvas, click on the Edit icon, click Save and Skip, click on the filters link given at the bottom of the trigger output, and then add the filter condition to check if Alarm status is ACTIVE.&nbsp;&nbsp;</p><p>Example: {{$trigger.message.status}} Equals ACTIVE and {{$trigger.message.realtimeAction}} Equals CREATE</p><p><br></p><p><strong>Prerequisites:</strong></p><p>Cumulocity account</p><p>Trello account</p>","uid":"fld1c5d23d122133ea30f8fb","download":19},{"published":true,"name":"When an alert is generated in your Cumulocity tenant, send an SMS notification via Twilio.","description":"<p><strong>Description: </strong></p><p>With this workflow, whenever a new alert is generated for a device in your Cumulocity tenant, a new SMS notification will be sent to a specific Twilio phone number.</p><p><br></p><p><strong>How it works:</strong></p><p>Whenever a new alert is generated for a device in your Cumulocity account, webMethods.io Integration will automatically fetch its prespecified details and send a new SMS notification to a specific Twilio phone number.</p><p><br></p><p><strong>Note: </strong></p><p>After importing this workflow, you need to check if the Alarm status is ACTIVE. To do so, double-click the \"Cumulocity Alarm\" trigger from the canvas, click on the Edit icon, click Save and Skip, click on the filters link given at the bottom of the trigger output, and then add the filter condition to check if Alarm status is ACTIVE.&nbsp;&nbsp;</p><p>Example: {{$trigger.message.status}} Equals ACTIVE</p><p><br></p><p><strong>Prerequisites:</strong></p><p>Cumulocity account</p><p>Twilio account</p>","uid":"fl7b3ea2bc96fea9eb48a4d1"},{"published":true,"name":"When an alert is generated in your Cumulocity tenant, send a voice notification via Twilio.","description":"<p><strong>Description: </strong></p><p>With this workflow, whenever a new alert is generated for a device in your Cumulocity tenant, a new voice notification will be sent to a specific Twilio phone number.</p><p><br></p><p><strong>How it works:</strong></p><p>Whenever a new alert is generated for a device in your Cumulocity tenant, webMethods.io Integration will automatically fetch its prespecified details and send a new voice notification to a specific Twilio phone number.</p><p><br></p><p><strong>Note: </strong></p><p>After importing this workflow, you need to check if the Alarm status is ACTIVE. To do so, double-click the \"Cumulocity Alarm\" trigger from the canvas, click on the Edit icon, click Save and Skip, click on the filters link given at the bottom of the trigger output, and then add the filter condition to check if Alarm status is ACTIVE.&nbsp;&nbsp;</p><p>Example: {{$trigger.message.status}} Equals ACTIVE</p><p><br></p><p><strong>Prerequisites:</strong></p><p>Cumulocity account</p><p>Twilio account</p>","uid":"flb5def87266dc2f097c6af6","download":1},{"published":true,"name":"When an alert is generated in your Cumulocity tenant, send a notification to Slack.","description":"<p><strong>Description: </strong></p><p>With this workflow, whenever a new alert is generated for a device in your Cumulocity tenant, a new notification will be automatically sent to a specific channel on Slack.&nbsp;</p><p><br></p><p><strong>How it works:</strong></p><p>Whenever a new alert is generated for a device in your Cumulocity tenant, webMethods.io Integration will automatically fetch its prespecified details and send a notification to a specific channel in Slack.</p><p><br></p><p><strong>Note: </strong></p><p>After importing this workflow, you need to check if the Alarm status is ACTIVE. To do so, double-click the \"Cumulocity Alarm\" trigger from the canvas, click on the Edit icon, click Save and Skip, click on the filters link given at the bottom of the trigger output, and then add the filter condition to check if Alarm status is ACTIVE.</p><p>Example: {{$trigger.message.status}} Equals ACTIVE</p><p><br></p><p><strong>Prerequisites:</strong></p><p>Cumulocity account</p><p>Slack account</p>","uid":"fl4332e5efc3a3601498e701","download":1},{"published":true,"name":"When an alert is generated in your Cumulocity tenant, send an SMS notification via Nexmo.","description":"<p><strong>Description: </strong></p><p>With this workflow, whenever a new alert is generated for a device in your Cumulocity tenant, a new SMS notification will be sent to a specific Nexmo phone number.</p><p><br></p><p><strong>How it works:</strong></p><p>Whenever a new alert is generated for a device in your Cumulocity tenant, webMethods.io Integration will automatically fetch its prespecified details and send a new SMS notification to a specific Nexmo phone number.</p><p><br></p><p><strong>Note: </strong></p><p>After importing this workflow, you need to check if the Alarm status is ACTIVE. To do so, double-click the \"Cumulocity Alarm\" trigger from the canvas, click on the Edit icon, click Save and Skip, click on the filters link given at the bottom of the trigger output, and then add the filter condition to check if Alarm status is ACTIVE.</p><p>Example: {{$trigger.message.status}} Equals ACTIVE</p><p><br></p><p><strong>Prerequisites:</strong></p><p>Cumulocity account</p><p>Nexmo account</p>","uid":"fl9e809eb5bd6cf1ee10de6e"},{"published":true,"name":"When an alert is generated in your Cumulocity tenant, create a ticket in Zendesk.","description":"<p><strong>Description: </strong></p><p>With this workflow, whenever a new alert is generated for a device in your Cumulocity tenant, a new ticket will be created in Zendesk.</p><p><br></p><p><strong>How it works:</strong></p><p>Whenever a new alert is generated for a device in your Cumulocity tenant, webMethods.io Integration will automatically fetch its prespecified details and create a new ticket in Zendesk.</p><p><br></p><p><strong>Note: </strong></p><p>After importing this workflow, you need to check if the Alarm status is ACTIVE. To do so, double-click the \"Cumulocity Alarm\" trigger from the canvas, click on the Edit icon, click Save and Skip, click on the filters link given at the bottom of the trigger output, and then add the filter condition to check if Alarm status is ACTIVE.&nbsp;</p><p>Example: {{$trigger.message.status}} Equals ACTIVE</p><p><br></p><p><strong>Prerequisites:</strong></p><p>Cumulocity account</p><p>Zendesk account</p>","uid":"flb452bb1f7d2110848e40c9","download":12},{"published":true,"name":"When an alert is generated in your Cumulocity tenant, post a tweet on Twitter.","description":"<p><strong>Description: </strong></p><p>With this workflow, whenever a new alert is generated for a device in your Cumulocity tenant, a new tweet will be posted on Twitter.&nbsp;</p><p><br></p><p><strong>How it works:</strong></p><p>Whenever a new alert is generated for a device in your Cumulocity tenant, webMethods.io Integration will automatically fetch its prespecified details and post a new tweet on Twitter.</p><p><br></p><p><strong>Note: </strong></p><p>After importing this workflow, you need to check if the Alarm status is ACTIVE. To do so, double-click the \"Cumulocity Alarm\" trigger from the canvas, click on the Edit icon, click Save and Skip, click on the filters link given at the bottom of the trigger output, and then add the filter condition to check if Alarm status is ACTIVE.&nbsp;</p><p>Example: {{$trigger.message.status}} Equals ACTIVE</p><p><br></p><p><strong>Prerequisites:</strong></p><p>Cumulocity account</p><p>Twitter account</p>","uid":"fl78f5c01afd4bcf29dac086","download":2},{"published":true,"name":"When an alert is generated for a device in your Cumulocity tenant, create an incident in ServiceNow.","description":"<p><strong>Description: </strong></p><p>With this workflow, whenever a new alert is generated for a device in your Cumulocity tenant, a new incident will be automatically created in your ServiceNow tenant.&nbsp;</p><p><br></p><p><strong>How it works:</strong></p><p>Whenever a new alert is generated for a device in your Cumulocity tenant, webMethods.io Integration will automatically fetch its prespecified details and create a new incident in ServiceNow.</p><p><br></p><p><strong>Note: </strong></p><p>After importing this workflow, you need to check if the Alarm status is ACTIVE. To do so, double-click the \"Cumulocity Alarm\" trigger from the canvas, click on the Edit icon, click Save and Skip, click on the filters link given at the bottom of the trigger output, and then add the filter condition to check if Alarm status is ACTIVE.&nbsp;&nbsp;</p><p>Example: {{$trigger.message.status}} Equals ACTIVE</p><p><br></p><p><strong>Prerequisites:</strong></p><p>Cumulocity account</p><p>ServiceNow account</p>","uid":"flb1d3804d03f1cf56e039d5","download":6},{"download":1,"published":true,"name":"Post message in Microsoft teams, when a new lead is created in Salesforce","description":"<p>When a new lead is created in Salesforce, webMethods.io will automatically send an message in Microsoft teams channel.</p><p><br></p><p>Prerequisite:</p><ol><li>Salesforce account</li><li>Microsoft Teams account</li></ol>","uid":"fl403189cb2c91b0e350a5e9"},{"download":0,"published":true,"name":"Post message in Microsoft Teams for new incident in Pagerduty","description":"<p>When a new incident is created in Pagerduty, webMethods.io will automatically send an message in Microsoft Teams channel.</p><p><br></p><p>Below is the information is sent in Microsoft teams:</p><ul><li>Incident ID</li><li>Summary</li><li>Link</li><li>Urgency</li></ul><p><br></p><p>Prerequisite:</p><ol><li>Pagerduty account</li><li>Microsoft Teams account</li></ol>","uid":"flb889d4a85f7909180f2ab8"},{"download":1,"published":true,"name":"Post message in Microsoft teams, when a new card is created in Trello","description":"<p>When a new card is created in Trello, webMethods.io will automatically send an message in Microsoft teams channel.</p><p><br></p><p>Prerequisite:</p><ol><li>Trello account</li><li>Microsoft Teams account</li></ol>","uid":"flc288d29e3d714f20406235"},{"download":0,"published":true,"name":"Post message in Microsoft teams, when a new file is uploaded in Box","description":"<p>When a new file is uploaded in Box, webMethods.io will automatically send an message in Microsoft teams channel.</p><p><br></p><p>Prerequisite:</p><ol><li>Box account</li><li>Microsoft Teams account</li></ol>","uid":"fl03ad0f10336926c129e836"},{"download":0,"published":true,"name":"Post message in Microsoft Teams when an incident is escalated in Pagerduty","description":"<p>When an incident is escalated in Pagerduty, webMethods.io will automatically send an message in Microsoft Teams channel.</p><p><br></p><p>Below is the information is sent in Microsoft teams:</p><ul><li>Incident ID</li><li>Summary</li><li>Link</li><li>Urgency</li></ul><p><br></p><p>Prerequisite:</p><ol><li>Pagerduty account</li><li>Microsoft Teams account</li></ol>","uid":"fl977cf99bbac89978375d44"},{"name":"Query from AgileApps","description":"<p>Query from AgileApps</p>","download":0,"published":false,"uid":"fld11747f9c884b205a84450"},{"name":"QueryCaseByID @ AgileApps","description":"<p>QueryCaseByID @ AgileApps</p>","download":0,"published":false,"uid":"fl4368ab0a5cf465020b2a0d"},{"name":"CreateCase @ AgileApps","description":"<p>CreateCase @ AgileApps</p>","download":0,"published":false,"uid":"flb9a2e6adbc4704b2369d56"}],"count":135}}
Time Taken: 552 ms
----------------------------------------------------------------------------------------
[69/114] Recipe Create
{"output":{"uid":"fl76d772a438b2f203ebbc63","name":"Hello Workflow","description":""}}
----------------------------------------------------------------------------------------
[70/114] Recipe Delete
{"output":{"message":"Object deleted successfully."}}
Time Taken: 478 ms
----------------------------------------------------------------------------------------
[71/114] Workflow Monitor
{"output":{"summary":{"success":8,"running":0,"stopped":0,"failed":0,"timeout":0,"hold":0,"suspended":0,"total":8,"queued":0},"graph":{"count":8,"logs":[{"uid":"vbid7a2ed5451ae34e3ef515a0cf2a470ec5c948bbb8f0d4","count_transaction":true,"execution_status":"success","flow_name":"clock trigger","flow_uid":"fl8c6e1a24c22ffd6d912494","project_uid":"fl425e0505dec7b426384550","restarted":false,"requested_at":"11/14/2024 02:49 PM UTC","project_name":"CLITestProject","execution_source":"manual","restart_history":[],"restarted_from":"-"},{"uid":"vbid68f62e5797ac468397e92b04f70112608ed3c3328e2a","count_transaction":true,"execution_status":"success","flow_name":"clock trigger","flow_uid":"fl8c6e1a24c22ffd6d912494","project_uid":"fl425e0505dec7b426384550","restarted":false,"requested_at":"11/14/2024 02:47 PM UTC","project_name":"CLITestProject","execution_source":"manual","restart_history":[],"restarted_from":"-"},{"uid":"vbid98cc6d2e6687081809f303ca709d12dc9d51a0b2648c","count_transaction":true,"execution_status":"success","flow_name":"clock trigger","flow_uid":"fl8c6e1a24c22ffd6d912494","project_uid":"fl425e0505dec7b426384550","restarted":false,"requested_at":"11/14/2024 02:43 PM UTC","project_name":"CLITestProject","execution_source":"manual","restart_history":[],"restarted_from":"-"},{"uid":"vbid7f520ba1ecd957071fdc9014c9af9cf1f46df510dcf6","count_transaction":true,"execution_status":"success","flow_name":"clock trigger","flow_uid":"fl8c6e1a24c22ffd6d912494","project_uid":"fl425e0505dec7b426384550","restarted":false,"requested_at":"11/14/2024 02:36 PM UTC","project_name":"CLITestProject","execution_source":"manual","restart_history":[],"restarted_from":"-"},{"uid":"vbid1dcc03cc4c1997a3aa082668b8525ef2ab1b491964c9","count_transaction":true,"execution_status":"success","flow_name":"clock trigger","flow_uid":"fl8c6e1a24c22ffd6d912494","project_uid":"fl425e0505dec7b426384550","restarted":false,"requested_at":"11/14/2024 12:35 PM UTC","project_name":"CLITestProject","execution_source":"manual","restart_history":[],"restarted_from":"-"},{"uid":"vbide35dd229777a3651a9577c1056aea530fbeb4b0b86fe","count_transaction":true,"execution_status":"success","flow_name":"clock trigger","flow_uid":"fl8c6e1a24c22ffd6d912494","project_uid":"fl425e0505dec7b426384550","restarted":false,"requested_at":"11/14/2024 12:31 PM UTC","project_name":"CLITestProject","execution_source":"manual","restart_history":[],"restarted_from":"-"},{"uid":"vbid6cce05221c8b9537b75d9cdf8662c2ed42435635326e","count_transaction":true,"execution_status":"success","flow_name":"clock trigger","flow_uid":"fl8c6e1a24c22ffd6d912494","project_uid":"fl425e0505dec7b426384550","restarted":false,"requested_at":"11/14/2024 12:27 PM UTC","project_name":"CLITestProject","execution_source":"manual","restart_history":[],"restarted_from":"-"},{"uid":"vbid4c221b19f65e629550899114aca217a81d6500135a1c","count_transaction":true,"execution_status":"success","flow_name":"Salesforce Integration V2","flow_uid":"fl622fc9a25c46715a9181a3","project_uid":"fl6e3c3be10f723785fb8f88","restarted":false,"requested_at":"11/14/2024 09:00 AM UTC","project_name":"StreamSets PRODUCTION ENVIRONMENT","execution_source":"trigger","restart_history":[],"restarted_from":"-"}]}}}
----------------------------------------------------------------------------------------
[72/114] Workflow Monitor Item
{"output":{"uid":"vbid7a2ed5451ae34e3ef515a0cf2a470ec5c948bbb8f0d4","count_transaction":true,"duration":"0.045 sec","executed_by":"Automation User","execution_status":"success","flow_name":"clock trigger","manual_run":true,"project_uid":"fl425e0505dec7b426384550","queue":"cpointegrationdev","trigger":"manual","start_time":"11/14/2024 02:49 PM UTC","stop_time":"11/14/2024 02:49 PM UTC","requested_at":"11/14/2024 02:49 PM UTC","project_name":"CLITestProject","transaction_count":1,"restart_history":[],"restarted_from":"-"}}
Time Taken: 528 ms
----------------------------------------------------------------------------------------
[73/114] Create IDM User
{"response":"5bf9ba42-71c0-4d6e-b6b9-b1419e978f4b"}
----------------------------------------------------------------------------------------
[74/114] Get IDM User
{"firstName":"jack","lastName":"jones","email":"noreply@webmethods.io","password":null,"id":"5bf9ba42-71c0-4d6e-b6b9-b1419e978f4b","username":"jackjones","roles":null,"userAttributes":{},"idpDispName":"IBM webMethods iPaaS","trustGroupUser":false,"usrLvlOtp":false,"realmLvlOtp":false,"temporarilyDisabled":false}
Time Taken: 820 ms
----------------------------------------------------------------------------------------
[75/114] Search IDM User
[{"firstName":"Auto","lastName":"Mation","email":"dave.pemberton@softwareag.com","id":"f3a4e564-5d68-4295-84b4-2b552845d0f7","username":"automation","roles":[],"idpDispName":"IBM webMethods iPaaS","attributes":{},"internalUser":true}]
Time Taken: 515 ms
----------------------------------------------------------------------------------------
[76/114] Count IDM Users
{"response":1}
Time Taken: 509 ms
----------------------------------------------------------------------------------------
[77/114] Get Environment available roles
{"cpointegration":[{"id":"b2b36c2f-5c2b-46d4-a019-ca947df31f87","name":"Account-Administrator","description":"Allow users to manage environments","productRole":false,"clientId":null,"trustGroupRole":false,"containerId":"cpointegration"},{"id":"edaa97dc-34fd-4c01-ad21-70589aeac325","name":"Cloud-Tenant-Administrator","description":"By default, Manage all Software AG products in My Cloud.","productRole":false,"clientId":null,"trustGroupRole":false,"containerId":"cpointegration"},{"id":"4e837516-b141-405f-8880-f728a1896f5f","name":"APIGateway-User","description":"By default, Manage items such as aliases, APIs, applications, policy templates, packages, and plans; publish to API Portal; import/export assets.","productRole":true,"clientId":"apigateway","trustGroupRole":false,"containerId":"2c6f0713-c849-41d7-ae4f-0be9c21c559e"},{"id":"6bc47d18-2a98-4968-85de-f5b4e6532da4","name":"webMethodsioB2B-User","description":"Manages items such as channels, partners, documents & processing rules to exchange B2B documents with trading partners.","productRole":true,"clientId":"b2b","trustGroupRole":false,"containerId":"8570b2e3-53db-4925-88f1-5ec429e1a7b0"},{"id":"0442252b-5f31-4c2c-9773-10f2d56c9b56","name":"CloudContainer-User","description":"Work with areas such as operations and integrations","productRole":true,"clientId":"cloudcontainer","trustGroupRole":false,"containerId":"c90b106f-591e-4e01-8408-46aa73a69809"},{"id":"7966b684-0ccd-4e9f-a516-344023ce90c0","name":"DeveloperPortal-User","description":"Publish assets to Developer Portal","productRole":true,"clientId":"devportal","trustGroupRole":false,"containerId":"b713703c-f054-43cb-a953-f20dde292354"},{"id":"b21666a9-0375-480d-819e-e6c15d9e8d39","name":"E2eMonitoring-User","description":"Manage and monitor transactions of applications ","productRole":true,"clientId":"e2emonitoring","trustGroupRole":false,"containerId":"d633832d-9b95-4a20-b1b4-627943c94940"},{"id":"61994d65-1e14-4fbc-a808-ac1f2d8a1fbb","name":"Metering-User","description":"To access metering on cloud","productRole":true,"clientId":"metering","trustGroupRole":false,"containerId":"8c28dc4a-04d5-4243-bc30-3c97efbd8eb8"},{"id":"4fad5e3a-9276-41ca-88f7-89d99552a556","name":"webMethodsioIntegration-User","description":"By default, Work with areas such as operations and integrations.","productRole":true,"clientId":"webmethodsioint","trustGroupRole":false,"containerId":"8afe825c-d773-4d7c-b972-07555ec7fc77"}]}
Time Taken: 1543 ms
----------------------------------------------------------------------------------------
[78/114] Get user roles
{"cpointegration":[{"id":"b2b36c2f-5c2b-46d4-a019-ca947df31f87","name":"Account-Administrator","description":"Allow users to manage environments","productRole":false,"clientId":null,"trustGroupRole":false,"containerId":"cpointegration"},{"id":"edaa97dc-34fd-4c01-ad21-70589aeac325","name":"Cloud-Tenant-Administrator","description":"By default, Manage all Software AG products in My Cloud.","productRole":false,"clientId":null,"trustGroupRole":false,"containerId":"cpointegration"},{"id":"4e837516-b141-405f-8880-f728a1896f5f","name":"APIGateway-User","description":"By default, Manage items such as aliases, APIs, applications, policy templates, packages, and plans; publish to API Portal; import/export assets.","productRole":true,"clientId":"apigateway","trustGroupRole":false,"containerId":"2c6f0713-c849-41d7-ae4f-0be9c21c559e"},{"id":"6bc47d18-2a98-4968-85de-f5b4e6532da4","name":"webMethodsioB2B-User","description":"Manages items such as channels, partners, documents & processing rules to exchange B2B documents with trading partners.","productRole":true,"clientId":"b2b","trustGroupRole":false,"containerId":"8570b2e3-53db-4925-88f1-5ec429e1a7b0"},{"id":"7966b684-0ccd-4e9f-a516-344023ce90c0","name":"DeveloperPortal-User","description":"Publish assets to Developer Portal","productRole":true,"clientId":"devportal","trustGroupRole":false,"containerId":"b713703c-f054-43cb-a953-f20dde292354"},{"id":"b21666a9-0375-480d-819e-e6c15d9e8d39","name":"E2eMonitoring-User","description":"Manage and monitor transactions of applications ","productRole":true,"clientId":"e2emonitoring","trustGroupRole":false,"containerId":"d633832d-9b95-4a20-b1b4-627943c94940"},{"id":"61994d65-1e14-4fbc-a808-ac1f2d8a1fbb","name":"Metering-User","description":"To access metering on cloud","productRole":true,"clientId":"metering","trustGroupRole":false,"containerId":"8c28dc4a-04d5-4243-bc30-3c97efbd8eb8"},{"id":"4fad5e3a-9276-41ca-88f7-89d99552a556","name":"webMethodsioIntegration-User","description":"By default, Work with areas such as operations and integrations.","productRole":true,"clientId":"webmethodsioint","trustGroupRole":false,"containerId":"8afe825c-d773-4d7c-b972-07555ec7fc77"}]}
Time Taken: 1035 ms
----------------------------------------------------------------------------------------
[79/114] Unlock User
{"response":"unlocked"}
Time Taken: 743 ms
----------------------------------------------------------------------------------------
[80/114] Delete User
{"response":"deleted"}
Time Taken: 578 ms
----------------------------------------------------------------------------------------
[81/114] Experimental - Create message queue
{"type":"Queue","shared":false,"queueName":"testqueue"}
Time Taken: 1866 ms
----------------------------------------------------------------------------------------
[82/114] Experimental - Delete message queue
{"type":"Queue","shared":false,"queueName":"testqueue"}
Time Taken: 1897 ms
----------------------------------------------------------------------------------------
[83/114] Experimental - Messaging stats
{"connectionRate":0,"consumptionRate":0,"publishRate":0,"currentMessagesCount":0,"lastMessageID":-1,"totalConsumed":0,"totalPublished":0,"lastPublishedOn":0,"lastConsumedOn":0}
Time Taken: 6363 ms
----------------------------------------------------------------------------------------
[84/114] Experimental - Messaging Subscriber List
[{"name":"CLITestQueueSubscriber","destinations":[{"destinationName":"CLITestQueue","destinationType":"Queue","shared":false}],"description":"CLITestQueueSubscriber","state":"DISABLED","status":{"running":false,"details":null}}]
Time Taken: 1906 ms
----------------------------------------------------------------------------------------
[85/114] Experimental - Messaging Enable Subsciber
{"code":0,"description":"Successfully enabled the subscriber."}
Time Taken: 5596 ms
----------------------------------------------------------------------------------------
[86/114] Experimental - Messaging Suspend Subsciber
{"code":0,"description":"Successfully suspended the subscriber."}
Time Taken: 1739 ms
----------------------------------------------------------------------------------------
[87/114] Experimental - Messaging Disable Subsciber
{"code":0,"description":"Successfully disabled the subscriber."}
Time Taken: 2021 ms
----------------------------------------------------------------------------------------
[88/114] Experimental - Messaging Subscriber Detail
{"name":"CLITestQueueSubscriber","accountName":"DefaultAccount","connectorId":"com.softwareag.messaging_v1","providerName":"WmMessagingProvider","routingRules":[{"name":"Default","invocationName":"SubscriberFlowService","invocationType":"FlowService","properties":{},"filter":""}],"destinations":[{"destinationName":"CLITestQueue","destinationType":"Queue","shared":false}],"properties":{"acknowledgementMode":"CLIENT_ACKNOWLEDGE","fatalErrorHandling":{"suspendOnError":false},"transientErrorHandling":{"retryCount":5,"retryInterval":10,"onRetryFailure":"THROW_EXCEPTION","resourceMonitoringService":null},"messageProcessing":{"processingMode":"SERIAL","maxConcurrentMessages":1,"maxPrefetchSize":10,"connectionCount":1}},"description":"CLITestQueueSubscriber","state":"DISABLED","status":{"running":false,"details":null},"destination":"CLITestQueue"}
----------------------------------------------------------------------------------------
[89/114] Experimental - Messaging Subscriber Create
{"output":{"name":"CreatedSubscriber","destinations":[{"destinationName":"CLITestQueue","destinationType":"Queue","shared":false}],"description":"CLITestQueueSubscriber","state":"DISABLED","status":{"running":false,"details":null}}}
Time Taken: 2452 ms
----------------------------------------------------------------------------------------
[90/114] Experimental - Messaging Subscriber Delete
{"output":{"name":"CreatedSubscriber","destinations":[{"destinationName":"CLITestQueue","destinationType":"Queue","shared":false}],"description":"CLITestQueueSubscriber","state":"DISABLED","status":{"running":false,"details":null}}}
Time Taken: 2315 ms
----------------------------------------------------------------------------------------
[91/114] Experimental - User
{"output":{"tenant_uid":"fl5c7728c5901f3d72bed6a3","wmic_user_id":"7a19305dd4ee49938608aa8500caf150","active":true,"company":"cpointegrationdev.int-aws-de.webmethods.io","country":"","created_at":"2023-05-14T06:44:17.263Z","email":"dave.pemberton@softwareag.com","first_name":"Automation","job_title":"","last_name":"User","locale":"en_US","metadata":{"terms_conditions_agreed":true,"first_login":true,"canvas_first_tour":false,"last_product_announcement_seen":"2023-05-14T06:44:17.262Z","last_login":"2023-05-14T06:44:17.262Z","last_viewed_notification":"2024-08-29T08:03:13.737Z"},"roles":[{"name":"Developer","ic_role_name":"Developer","permissions":[],"description":"Can manage all projects of your tenant.","wmic_role_id":"1","created_at":"2022-04-28T13:48:01.368Z","updated_at":"2022-04-28T13:48:01.368Z","uid":"flc929b7b6a11ab6e6fc1b89","embed_permissions":[]},{"name":"Admin","ic_role_name":"Admin","permissions":[],"description":"Can manage users, roles and projects in the tenant.","wmic_role_id":"2","created_at":"2022-04-28T13:48:01.347Z","updated_at":"2022-04-28T13:48:01.347Z","uid":"flecef94626e67d71168b873","embed_permissions":[]}],"uid":"fl66fa64484d8b122f53197f","updated_at":"2024-11-14T14:50:46.343Z","wmic_username":"automation","developer_key":"bf6dfe20-f222-11ed-ac02-a79a168f369f","address":"","csrf":"fb2d3702-cf9b-4b2e-ac59-f6c266a1fe44","default_env":"fldbcdfb402ff71f2b0f2333","prod_env":"","default_project":"flacc9f4712915d36b8bbcb2","tenant":{"webmethod_details":{"capabilities":"SAG_CLOUD,B2B","wmic_tenant_id":"946286846","wmic_tech_user_id":"6ad35d499d05408ba8246a882390bd75","tech_user_email":"systemuser@webmethods.io","tech_user_uid":"fl89ebb4b2792c83685b4a65"},"subscription_details":{"plan_suspended":false,"disable":false,"expired":false,"failed":0,"days":999999,"start_date":"2022-04-28T13:48:00.585Z","end_date":"4760-03-23T13:48:00.585Z","has_unlimited_plan":false,"paid":true,"plan":{"features":[{"metadata":{"rules":{"pattern":"/^.*$/"},"data_type":"number"},"group":"users","title":"Allowed Tenant Users 300","name":"allowed_count","value":"300","created_at":"2020-09-09T08:12:10.268Z","updated_at":"2024-10-12T03:02:05.009Z","uid":"fl49d142d1d95b29d040ea5c"},{"metadata":{"rules":{"pattern":"/^.*$/"},"data_type":"number"},"group":"triggers","title":"Unlimited Triggers","name":"allowed_count","value":"9999999999999999999999999999999999999999999999999999999999999999999999999999999999999999999999999999999999999","created_at":"2019-04-03T06:39:36.012Z","updated_at":"2024-10-12T03:02:05.008Z","uid":"fl8e27d1dad29cfa89cc9294"},{"metadata":{"rules":{"pattern":"/^.*$/"},"data_type":"number"},"group":"flows","title":"Unlimited Active Flows","name":"active_count","value":"99999999999999999999999999999999999999999999999999999999999999999999999999999999999999999999999999999999999999999999999999999999","created_at":"2019-04-03T06:38:28.483Z","updated_at":"2024-10-12T03:02:05.008Z","uid":"fl82a3d789cc6d770e0878c0"},{"metadata":{"rules":{"pattern":"/^.*$/"},"data_type":"boolean"},"title":"All cloudstreams connectors testing","group":"connectors","name":"cloudstreams","value":"true","created_at":"2019-04-15T15:49:02.553Z","updated_at":"2024-10-12T03:02:05.009Z","uid":"fl3f0511090047d0637b5f35"},{"metadata":{"rules":{"pattern":"/^.*$/"},"data_type":"boolean"},"title":"All standard connectors testing","group":"connectors","name":"standard","value":"true","created_at":"2019-04-15T15:48:08.648Z","updated_at":"2024-10-12T03:02:05.009Z","uid":"flb7b2744061efdf7bd7ccac"},{"metadata":{"rules":{"pattern":"/^.*$/"},"data_type":"number"},"group":"queue","title":"Queue 1024","name":"size","value":"1024","created_at":"2019-06-19T10:18:38.434Z","updated_at":"2024-10-12T03:02:05.008Z","uid":"fl190f1ad8cca08e0449afe2"},{"metadata":{"rules":{"pattern":"/^.*$/"},"data_type":"number"},"group":"triggers","title":"Triggers 5 minute minimum schedule","name":"minimum_schedule","value":"5","created_at":"2019-03-18T10:28:37.982Z","updated_at":"2024-10-12T03:02:05.008Z","uid":"fl7b28bc352fdacf18df4d3a"},{"metadata":{"rules":{"pattern":"/^.*$/"},"data_type":"boolean"},"group":"connectors","title":"Flow Editor","name":"flow_editor","value":"true","created_at":"2019-06-26T11:23:59.529Z","updated_at":"2024-10-12T03:02:05.008Z","uid":"fl209a7d794c4328e588450f"},{"metadata":{"rules":{"pattern":"/^.*$/"},"data_type":"string"},"uid":"fle476e4895a4ff6d891bea4","title":"License Type","group":"capability","name":"licenseType","value":"TRANSACTION","created_at":"2024-10-12T03:02:05.244Z","updated_at":"2024-10-12T03:02:05.244Z"},{"metadata":{"rules":{"pattern":"/^.*$/"},"data_type":"number"},"uid":"fld34a9c67d63f1a27cb5bb9","title":"Number Of Allowed Applications","group":"capability","name":"numberOfAllowedApplications","value":"-1","created_at":"2024-10-12T03:02:05.248Z","updated_at":"2024-10-12T03:02:05.248Z"},{"metadata":{"rules":{"pattern":"/^.*$/"},"data_type":"number"},"uid":"fl4d7291c9be61c15bd637a0","title":"Production Execution Unit","group":"capability","name":"productionExecutionUnit","value":"0","created_at":"2024-10-12T03:02:05.249Z","updated_at":"2024-10-12T03:02:05.249Z"},{"metadata":{"rules":{"pattern":"/^.*$/"},"data_type":"number"},"uid":"flbc7b373aa842afab26e34d","title":"Integration Execution Limit","group":"capability","name":"integrationExecutionLimit","value":"21600","created_at":"2024-10-12T03:02:05.249Z","updated_at":"2024-10-12T03:02:05.249Z"},{"metadata":{"rules":{"pattern":"/^.*$/"},"data_type":"boolean"},"uid":"fl103333a9cd34dadf6320cb","title":"Enable Uhm","group":"capability","name":"enableUhm","value":"true","created_at":"2024-10-12T03:02:05.250Z","updated_at":"2024-10-12T03:02:05.250Z"},{"metadata":{"rules":{"pattern":"/^.*$/"},"data_type":"boolean"},"uid":"fl035ecdae17206c08bff4c2","title":"Origin Enabled","group":"capability","name":"originEnabled","value":"false","created_at":"2024-10-12T03:02:05.251Z","updated_at":"2024-10-12T03:02:05.251Z"},{"metadata":{"rules":{"pattern":"/^.*$/"},"data_type":"boolean"},"uid":"fl629f6dd3091e0bfb088354","title":"Sap Adapter Enabled","group":"capability","name":"sapAdapterEnabled","value":"false","created_at":"2024-10-12T03:02:05.251Z","updated_at":"2024-10-12T03:02:05.251Z"},{"metadata":{"rules":{"pattern":"/^.*$/"},"data_type":"boolean"},"uid":"fl83bc96fce119c5700c139c","title":"Custom Connector Publishable","group":"capability","name":"customConnectorPublishable","value":"false","created_at":"2024-10-12T03:02:05.252Z","updated_at":"2024-10-12T03:02:05.252Z"},{"metadata":{"rules":{"pattern":"/^.*$/"},"data_type":"boolean"},"uid":"fl1bf699d94f5b561aeb1edf","title":"Connector Store Enabled","group":"capability","name":"connectorStoreEnabled","value":"false","created_at":"2024-10-12T03:02:05.252Z","updated_at":"2024-10-12T03:02:05.252Z"},{"metadata":{"rules":{"pattern":"/^.*$/"},"data_type":"boolean"},"uid":"fle0be559028c4ef11d6309f","title":"Skip Assets Enabled","group":"capability","name":"skipAssetsEnabled","value":"false","created_at":"2024-10-12T03:02:05.252Z","updated_at":"2024-10-12T03:02:05.252Z"},{"metadata":{"rules":{"pattern":"/^.*$/"},"data_type":"boolean"},"uid":"flce4fccade89104edae6a20","title":"Metering Insights Enabled","group":"capability","name":"meteringInsightsEnabled","value":"true","created_at":"2024-10-12T03:02:05.253Z","updated_at":"2024-10-12T03:02:05.253Z"},{"metadata":{"rules":{"pattern":"/^.*$/"},"data_type":"boolean"},"uid":"fl8b0de6ab8d8a4fa714c79c","title":"Flow Caching Enabled","group":"capability","name":"flowCachingEnabled","value":"false","created_at":"2024-10-12T03:02:05.253Z","updated_at":"2024-10-12T03:02:05.253Z"},{"metadata":{"rules":{"pattern":"/^.*$/"},"data_type":"number"},"uid":"flc08877c6c6098c345e6926","title":"Flow Transaction Limit","group":"capability","name":"flowTransactionLimit","value":"2000","created_at":"2024-10-12T03:02:05.253Z","updated_at":"2024-10-12T03:02:05.253Z"},{"metadata":{"rules":{"pattern":"/^.*$/"},"data_type":"boolean"},"uid":"flee1c3c6cd9fdd5af02566c","title":"Use Shared Pool Enabled","group":"capability","name":"useSharedPoolEnabled","value":"false","created_at":"2024-10-12T03:02:05.253Z","updated_at":"2024-10-12T03:02:05.253Z"},{"metadata":{"rules":{"pattern":"/^.*$/"},"data_type":"boolean"},"uid":"fl54feda1588d483857f0c5e","title":"Integration Restart","group":"capability","name":"integrationRestart","value":"false","created_at":"2024-10-12T03:02:05.254Z","updated_at":"2024-10-12T03:02:05.254Z"},{"metadata":{"rules":{"pattern":"/^.*$/"},"data_type":"boolean"},"uid":"fl37b64e516bebde1a2fd032","title":"Integration Resubmit","group":"capability","name":"integrationResubmit","value":"false","created_at":"2024-10-12T03:02:05.254Z","updated_at":"2024-10-12T03:02:05.254Z"},{"metadata":{"rules":{"pattern":"/^.*$/"},"data_type":"boolean"},"uid":"fl24792998afbd9e520d32e1","title":"Integration Import Export","group":"capability","name":"integrationImportExport","value":"false","created_at":"2024-10-12T03:02:05.254Z","updated_at":"2024-10-12T03:02:05.254Z"},{"metadata":{"rules":{"pattern":"/^.*$/"},"data_type":"boolean"},"uid":"fl130721fcaefa1aa2ed9c7a","title":"On Premise Connection","group":"capability","name":"onPremiseConnection","value":"true","created_at":"2024-10-12T03:02:05.254Z","updated_at":"2024-10-12T03:02:05.254Z"},{"metadata":{"rules":{"pattern":"/^.*$/"},"data_type":"boolean"},"uid":"fl016ffce176e5be37b61a6f","title":"Messaging Enabled","group":"capability","name":"messagingEnabled","value":"false","created_at":"2024-10-12T03:02:05.255Z","updated_at":"2024-10-12T03:02:05.255Z"},{"metadata":{"rules":{"pattern":"/^.*$/"},"data_type":"boolean"},"uid":"fl38e6f00da020ac19ca68a4","title":"Mobile Access","group":"capability","name":"mobileAccess","value":"false","created_at":"2024-10-12T03:02:05.255Z","updated_at":"2024-10-12T03:02:05.255Z"},{"metadata":{"rules":{"pattern":"/^.*$/"},"data_type":"string"},"uid":"fl213cdc9e52069683b517e7","title":"IS Deployment Type","group":"capability","name":"ISDeploymentType","value":"shared","created_at":"2024-10-12T03:02:05.255Z","updated_at":"2024-10-12T03:02:05.255Z"}],"paid":true,"default":false,"standard":true,"is_embed_created":false,"name":"webMethods.io Enterprise Plan [Standard Offering]","description":"Created on : 24/05/2021\nRequest: https://itrac.eur.ad.sag/browse/CLTS-16703\nDescription : This plan was created to serve as the standard plan to be applied to all transaction-based Enterprise-tier customers. Previously, a new plan was created per customer as it was anticipated that the customer might ask for additional features on top of the standard features.\n\nUpdated on:30/06/2021\nCurrent plan hardcodes transaction count as a plan feature. Removed it.","plan_code":"transaction","payment_code":"transaction_plan","service_type":"enterprise","priority":3,"price":"","type":"transaction","created_at":"2021-04-30T08:55:52.100Z","updated_at":"2024-10-12T03:02:05.356Z","uid":"flfcf3934f7602b0b325c806","custom_features":[]}},"credit_details":{"used":0,"allocated":0},"transaction_details":{"used":8331,"allocated":300000,"trans_limit_email":false,"currentMonth":12,"lastSync":"2022-12-23T15:03:47.659Z"},"configuration":{"services":[{"name":"guidedIntegration"}]},"connectorpacks":[],"isMaster":false,"children":[],"last_accessed":"2024-11-14T14:50:46.350Z","embed":false,"name":"cpointegrationdev","e2e_monitoring":true,"customer_origin":"FLS","subdomain":"cpointegrationdev","tenant_type":"default","add_ons":[],"created_at":"2022-04-28T13:48:00.589Z","updated_at":"2024-11-14T14:50:46.350Z","uid":"fl5c7728c5901f3d72bed6a3","default_role":{"name":"Developer","ic_role_name":"Developer","tenant_uid":"fl5c7728c5901f3d72bed6a3","permissions":[],"description":"Can manage all projects of your tenant.","wmic_role_id":"1","created_at":"2022-04-28T13:48:01.368Z","updated_at":"2022-04-28T13:48:01.368Z","uid":"flc929b7b6a11ab6e6fc1b89"},"owner_uid":"flf1261944aa5720597f7c35","queue":"cpointegrationdev","time_zone":"Europe/London","meteringTransactionTimeLimit":60,"status":"Subscribed","workflow_debugger_lifespan":24,"realm_name":"cpointegrationdev","service_domain":"cpointegrationdev.int-aws-de.webmethods.io","custom_features":[{"feature":"6709e6adb00fc9148a1e0f2f","value":"1","_id":"6709e78db00fc9148a1e17a6"},{"feature":"6709e6adb00fc9148a1e0f39","value":"-1","_id":"6709e78db00fc9148a1e17a7"},{"feature":"6709e6adb00fc9148a1e0f3b","value":"true","_id":"6709e78db00fc9148a1e17a8"},{"feature":"6709e6adb00fc9148a1e0f3c","value":"true","_id":"6709e78db00fc9148a1e17a9"},{"feature":"6709e6adb00fc9148a1e0f3f","value":"true","_id":"6709e78db00fc9148a1e17aa"},{"feature":"6709e6adb00fc9148a1e0f41","value":"dedicated","_id":"6709e78db00fc9148a1e17ab"},{"feature":"6709e6adb00fc9148a1e0f36","value":"true","_id":"6709e78db00fc9148a1e17ac"}]},"is_admin":true,"is_developer":true,"is_billing_user":false,"is_owner":false,"user_plan":{"users":{"allowed_count":"300"},"triggers":{"allowed_count":"9999999999999999999999999999999999999999999999999999999999999999999999999999999999999999999999999999999999999","minimum_schedule":"5"},"flows":{"active_count":"99999999999999999999999999999999999999999999999999999999999999999999999999999999999999999999999999999999999999999999999999999999"},"connectors":{"cloudstreams":"true","standard":"true","flow_editor":"true"},"capability":{"licenseType":"TRANSACTION","numberOfAllowedApplications":"-1","productionExecutionUnit":"0","integrationExecutionLimit":"21600","enableUhm":"true","originEnabled":"false","sapAdapterEnabled":"false","customConnectorPublishable":"false","connectorStoreEnabled":"false","skipAssetsEnabled":"false","meteringInsightsEnabled":"true","flowCachingEnabled":"false","flowTransactionLimit":"2000","useSharedPoolEnabled":"false","integrationRestart":"false","integrationResubmit":"false","integrationImportExport":"false","onPremiseConnection":"true","messagingEnabled":"false","mobileAccess":"false","ISDeploymentType":"shared"},"queues":[{"title":"Queue 1024","name":"size","value":"1024"}],"allow_queues":["256","512","1024"]},"settings":{"notifications":{"subscribedNotificationTypes":["PUBLISH-FLOW-DOWNLOADED","TENANT_ROLE_CREATED","TENANT_ROLE_UPDATED","TENANT_ROLE_DELETED"],"subscribedNotificationSources":[],"_class":"com.softwareag.wmio.notifications.model.NotificationsSubscription"},"monitor_table":{"workflow_graph_collapse":false}},"settings_uid":"fl5aa70fb56c3b41819b4c5a","host":"cpointegrationdev.int-aws-de.webmethods.io","authtoken":"fleb6ce2b4bfde594ce32341","env_uid":"fldbcdfb402ff71f2b0f2333","project_uid":"flacc9f4712915d36b8bbcb2","ic_project_name":"flacc9f4712915d36b8bbcb2"}}
Time Taken: 1959 ms
----------------------------------------------------------------------------------------
[92/114] Experimental - Int User List Full
{"output":{"objects":[{"uid":"fl031ba6e605f4c5c0fc09fc","email":"ukdxp@softwareag.com","first_name":"HR","last_name":"User","roles":[{"name":"Developer","ic_role_name":"Developer","tenant_uid":"fl5c7728c5901f3d72bed6a3","permissions":[],"description":"Can manage all projects of your tenant.","wmic_role_id":"1","created_at":"2022-04-28T13:48:01.368Z","updated_at":"2022-04-28T13:48:01.368Z","uid":"flc929b7b6a11ab6e6fc1b89"}],"wmic_username":"hruser","is_admin":false,"is_developer":true,"is_owner":false},{"uid":"fl0fd03f7c880dbcb10499ec","email":"krishna.kn@softwareag.com","first_name":"Krishna","last_name":"Kn","roles":[{"name":"Developer","ic_role_name":"Developer","tenant_uid":"fl5c7728c5901f3d72bed6a3","permissions":[],"description":"Can manage all projects of your tenant.","wmic_role_id":"1","created_at":"2022-04-28T13:48:01.368Z","updated_at":"2022-04-28T13:48:01.368Z","uid":"flc929b7b6a11ab6e6fc1b89"},{"name":"Admin","ic_role_name":"Admin","tenant_uid":"fl5c7728c5901f3d72bed6a3","permissions":[],"description":"Can manage users, roles and projects in the tenant.","wmic_role_id":"2","created_at":"2022-04-28T13:48:01.347Z","updated_at":"2022-04-28T13:48:01.347Z","uid":"flecef94626e67d71168b873"}],"wmic_username":"krishna","is_admin":true,"is_developer":true,"is_owner":false},{"uid":"fl129ea755aef6ffd731f49c","email":"john.wilson@softwareag.com","first_name":"John","last_name":"Wilson","roles":[{"name":"Developer","ic_role_name":"Developer","tenant_uid":"fl5c7728c5901f3d72bed6a3","permissions":[],"description":"Can manage all projects of your tenant.","wmic_role_id":"1","created_at":"2022-04-28T13:48:01.368Z","updated_at":"2022-04-28T13:48:01.368Z","uid":"flc929b7b6a11ab6e6fc1b89"},{"name":"Admin","ic_role_name":"Admin","tenant_uid":"fl5c7728c5901f3d72bed6a3","permissions":[],"description":"Can manage users, roles and projects in the tenant.","wmic_role_id":"2","created_at":"2022-04-28T13:48:01.347Z","updated_at":"2022-04-28T13:48:01.347Z","uid":"flecef94626e67d71168b873"}],"wmic_username":"john.wilson@softwareag.com","is_admin":true,"is_developer":true,"is_owner":false},{"uid":"fl27ed2361e36e5847f8c67a","email":"dave.pemberton@softwareag.com","first_name":"BtoB","last_name":"Demo","roles":[{"name":"Developer","ic_role_name":"Developer","tenant_uid":"fl5c7728c5901f3d72bed6a3","permissions":[],"description":"Can manage all projects of your tenant.","wmic_role_id":"1","created_at":"2022-04-28T13:48:01.368Z","updated_at":"2022-04-28T13:48:01.368Z","uid":"flc929b7b6a11ab6e6fc1b89"}],"wmic_username":"b2bdemo","is_admin":false,"is_developer":true,"is_owner":false},{"uid":"fl2d5b100cfc9a55c151cd4c","email":"holm.steinland@softwareag.com","first_name":"Holm","last_name":"Steinland","roles":[{"name":"default_edit","ic_role_name":"default_edit","tenant_uid":"fl5c7728c5901f3d72bed6a3","permissions":[{"access_list":{"read":true,"write":true,"execute":true},"project_uid":"flacc9f4712915d36b8bbcb2"}],"description":"default project access","wmic_role_id":"d0f2accf152a43c39005c4440b377968","embed_permissions":[],"created_at":"2022-09-29T14:41:36.188Z","updated_at":"2022-09-29T14:42:05.973Z","uid":"fl594d8175dcbd25284f2572"},{"name":"Holm","ic_role_name":"Holm","tenant_uid":"fl5c7728c5901f3d72bed6a3","permissions":[{"project_uid":"flacc9f4712915d36b8bbcb2","access_list":{"read":true,"write":true,"execute":true}},{"project_uid":"fl20bd5e5825490635845973","access_list":{"read":true,"write":true,"execute":true}},{"project_uid":"fl6bdac49d766f1ebab81a48","access_list":{"read":true,"write":true,"execute":true}},{"project_uid":"fl7b68abf6cb792913cd2ee5","access_list":{"read":true,"write":true,"execute":true}},{"project_uid":"flee96a57983e97043cde2b9","access_list":{"read":true,"write":true,"execute":true}}],"description":"Holms projects","wmic_role_id":"cf23f3032d2e494f8a31f59752609e0f","embed_permissions":[],"created_at":"2022-10-24T15:49:45.403Z","updated_at":"2024-05-22T15:13:19.949Z","uid":"fl41e0e4a3db7d5ee7928fe8"}],"wmic_username":"holm.steinland@softwareag.com","is_admin":false,"is_developer":false,"is_owner":false},{"uid":"fl3365c3d383f92f03acd9ac","email":"vikash.sharma@softwareag.com","first_name":"Vikash","last_name":"Sharma","roles":[{"name":"Developer","ic_role_name":"Developer","tenant_uid":"fl5c7728c5901f3d72bed6a3","permissions":[],"description":"Can manage all projects of your tenant.","wmic_role_id":"1","created_at":"2022-04-28T13:48:01.368Z","updated_at":"2022-04-28T13:48:01.368Z","uid":"flc929b7b6a11ab6e6fc1b89"},{"name":"Admin","ic_role_name":"Admin","tenant_uid":"fl5c7728c5901f3d72bed6a3","permissions":[],"description":"Can manage users, roles and projects in the tenant.","wmic_role_id":"2","created_at":"2022-04-28T13:48:01.347Z","updated_at":"2022-04-28T13:48:01.347Z","uid":"flecef94626e67d71168b873"}],"wmic_username":"vikash.sharma@softwareag.com","is_admin":true,"is_developer":true,"is_owner":false},{"uid":"fl4286b4defa611e383f34f9","email":"jay.gauthier@softwareag.com","first_name":"Jay","last_name":"Gauthier","roles":[{"name":"Jay","ic_role_name":"Jay","tenant_uid":"fl5c7728c5901f3d72bed6a3","permissions":[{"project_uid":"fl19bf5c72e967be338d6528","access_list":{"read":true,"write":true,"execute":true}},{"project_uid":"flacc9f4712915d36b8bbcb2","access_list":{"read":true,"write":true,"execute":true}}],"description":"Jay","wmic_role_id":"bb4f4b7498f94ad78b1cba89a37a995a","embed_permissions":[],"created_at":"2022-09-29T14:40:14.039Z","updated_at":"2024-09-10T07:23:04.317Z","uid":"fl29c6e0c0a8706edc73947d"},{"name":"default_edit","ic_role_name":"default_edit","tenant_uid":"fl5c7728c5901f3d72bed6a3","permissions":[{"access_list":{"read":true,"write":true,"execute":true},"project_uid":"flacc9f4712915d36b8bbcb2"}],"description":"default project access","wmic_role_id":"d0f2accf152a43c39005c4440b377968","embed_permissions":[],"created_at":"2022-09-29T14:41:36.188Z","updated_at":"2022-09-29T14:42:05.973Z","uid":"fl594d8175dcbd25284f2572"},{"name":"Admin","ic_role_name":"Admin","tenant_uid":"fl5c7728c5901f3d72bed6a3","permissions":[],"description":"Can manage users, roles and projects in the tenant.","wmic_role_id":"2","created_at":"2022-04-28T13:48:01.347Z","updated_at":"2022-04-28T13:48:01.347Z","uid":"flecef94626e67d71168b873"}],"wmic_username":"jay.gauthier@softwareag.com","is_admin":true,"is_developer":false,"is_owner":false},{"uid":"fl469a2ce25d466336aa48dd","email":"ukdxp@softwareag.com","first_name":"API","last_name":"User","roles":[{"name":"Developer","ic_role_name":"Developer","tenant_uid":"fl5c7728c5901f3d72bed6a3","permissions":[],"description":"Can manage all projects of your tenant.","wmic_role_id":"1","created_at":"2022-04-28T13:48:01.368Z","updated_at":"2022-04-28T13:48:01.368Z","uid":"flc929b7b6a11ab6e6fc1b89"}],"wmic_username":"apiuser","is_admin":false,"is_developer":true,"is_owner":false},{"uid":"fl48319a2d2c58c424c2b197","email":"thomas.bennett@streamsets.com","first_name":"Thomas","last_name":"Bennett","roles":[{"name":"Developer","ic_role_name":"Developer","tenant_uid":"fl5c7728c5901f3d72bed6a3","permissions":[],"description":"Can manage all projects of your tenant.","wmic_role_id":"1","created_at":"2022-04-28T13:48:01.368Z","updated_at":"2022-04-28T13:48:01.368Z","uid":"flc929b7b6a11ab6e6fc1b89"}],"wmic_username":"thomas.bennett@streamsets.com","is_admin":false,"is_developer":true,"is_owner":false},{"uid":"fl5249d4952ebb0e88a7637e","email":"carrm@us.ibm.com","first_name":"Melinda","last_name":"Carr","roles":[{"name":"Developer","ic_role_name":"Developer","tenant_uid":"fl5c7728c5901f3d72bed6a3","permissions":[],"description":"Can manage all projects of your tenant.","wmic_role_id":"1","created_at":"2022-04-28T13:48:01.368Z","updated_at":"2022-04-28T13:48:01.368Z","uid":"flc929b7b6a11ab6e6fc1b89"},{"name":"Admin","ic_role_name":"Admin","tenant_uid":"fl5c7728c5901f3d72bed6a3","permissions":[],"description":"Can manage users, roles and projects in the tenant.","wmic_role_id":"2","created_at":"2022-04-28T13:48:01.347Z","updated_at":"2022-04-28T13:48:01.347Z","uid":"flecef94626e67d71168b873"}],"wmic_username":"melinda.carr","is_admin":true,"is_developer":true,"is_owner":false},{"uid":"fl5267eb2888a8ffc6e8aa79","email":"jonathan.heywood@softwareag.com","first_name":"Jonathan","last_name":"Heywood","roles":[{"name":"JonathanHeywood","ic_role_name":"JonathanHeywood","description":"Jonathan Heywood","tenant_uid":"fl5c7728c5901f3d72bed6a3","permissions":[{"project_uid":"flacc9f4712915d36b8bbcb2","access_list":{"read":true,"write":true,"execute":true}},{"project_uid":"fl66b521e17a5cf7f88a63ef","access_list":{"read":true,"write":true,"execute":true}}],"wmic_role_id":"95965ffde1154cf18bc5b24513f266e5","embed_permissions":[],"created_at":"2023-02-17T08:39:10.775Z","updated_at":"2023-02-17T08:39:10.775Z","uid":"flf5478f4b4cac4fdd1b83f0"}],"wmic_username":"jonathan.heywood@softwareag.com","is_admin":false,"is_developer":false,"is_owner":false},{"uid":"fl5f446bb061861346d8be23","email":"shravan.kumar@softwareag.com","first_name":"Shravan","last_name":"Kumar","roles":[{"name":"Competitive_Intel","ic_role_name":"Competitive_Intel","description":"compeititve intel team","tenant_uid":"fl5c7728c5901f3d72bed6a3","permissions":[{"project_uid":"fl36b88df57eb16bab1fb80d","access_list":{"read":true,"write":true,"execute":true}}],"wmic_role_id":"a6ca1e4d24f143e9a9f54a30b47fc96b","embed_permissions":[],"created_at":"2023-02-14T09:34:16.183Z","updated_at":"2024-05-22T15:20:04.933Z","uid":"fl8b938ac9eb26031c5e54df"}],"wmic_username":"shravan.kumar@softwareag.com","is_admin":false,"is_developer":false,"is_owner":false},{"uid":"fl64b9cfd722fc9f52588fa6","email":"ravi.syamala@softwareag.com","first_name":"Ravi","last_name":"Syamala","roles":[{"name":"Gainsight_Edit","ic_role_name":"Gainsight_Edit","tenant_uid":"fl5c7728c5901f3d72bed6a3","permissions":[{"access_list":{"read":true,"write":true,"execute":true},"project_uid":"fl2dc9db962c7308e9e441a7"},{"access_list":{"read":true,"write":true,"execute":true},"project_uid":"flee2c79326aa513ece2154d"}],"description":"Gainsight","wmic_role_id":"2b033a1b1ad448acb2a8aa3248ba6b88","embed_permissions":[],"created_at":"2022-09-29T14:38:55.818Z","updated_at":"2022-09-29T14:39:19.586Z","uid":"fld6a71fb02ada8dac8227cb"},{"name":"default_edit","ic_role_name":"default_edit","tenant_uid":"fl5c7728c5901f3d72bed6a3","permissions":[{"access_list":{"read":true,"write":true,"execute":true},"project_uid":"flacc9f4712915d36b8bbcb2"}],"description":"default project access","wmic_role_id":"d0f2accf152a43c39005c4440b377968","embed_permissions":[],"created_at":"2022-09-29T14:41:36.188Z","updated_at":"2022-09-29T14:42:05.973Z","uid":"fl594d8175dcbd25284f2572"},{"name":"Admin","ic_role_name":"Admin","tenant_uid":"fl5c7728c5901f3d72bed6a3","permissions":[],"description":"Can manage users, roles and projects in the tenant.","wmic_role_id":"2","created_at":"2022-04-28T13:48:01.347Z","updated_at":"2022-04-28T13:48:01.347Z","uid":"flecef94626e67d71168b873"}],"wmic_username":"ravi.syamala@softwareag.com","is_admin":true,"is_developer":false,"is_owner":false},{"uid":"fl66fa64484d8b122f53197f","email":"dave.pemberton@softwareag.com","first_name":"Automation","last_name":"User","roles":[{"name":"Developer","ic_role_name":"Developer","tenant_uid":"fl5c7728c5901f3d72bed6a3","permissions":[],"description":"Can manage all projects of your tenant.","wmic_role_id":"1","created_at":"2022-04-28T13:48:01.368Z","updated_at":"2022-04-28T13:48:01.368Z","uid":"flc929b7b6a11ab6e6fc1b89"},{"name":"Admin","ic_role_name":"Admin","tenant_uid":"fl5c7728c5901f3d72bed6a3","permissions":[],"description":"Can manage users, roles and projects in the tenant.","wmic_role_id":"2","created_at":"2022-04-28T13:48:01.347Z","updated_at":"2022-04-28T13:48:01.347Z","uid":"flecef94626e67d71168b873"}],"wmic_username":"automation","is_admin":true,"is_developer":true,"is_owner":false},{"uid":"fl6bd5ef89e9980fd98ebc0f","email":"nicolas.lichtenberger@softwareag.com","first_name":"Nicolas","last_name":"Lichtenberge","roles":[{"name":"Competitive_Intel","ic_role_name":"Competitive_Intel","description":"compeititve intel team","tenant_uid":"fl5c7728c5901f3d72bed6a3","permissions":[{"project_uid":"fl36b88df57eb16bab1fb80d","access_list":{"read":true,"write":true,"execute":true}}],"wmic_role_id":"a6ca1e4d24f143e9a9f54a30b47fc96b","embed_permissions":[],"created_at":"2023-02-14T09:34:16.183Z","updated_at":"2024-05-22T15:20:04.933Z","uid":"fl8b938ac9eb26031c5e54df"}],"wmic_username":"nicolas.lichtenberger@softwareag.com","is_admin":false,"is_developer":false,"is_owner":false},{"uid":"fl6d4379f26710241a6eb49d","email":"suresh.ganta@softwareag.com","first_name":"Suresh","last_name":"Ganta","roles":[{"name":"Developer","ic_role_name":"Developer","tenant_uid":"fl5c7728c5901f3d72bed6a3","permissions":[],"description":"Can manage all projects of your tenant.","wmic_role_id":"1","created_at":"2022-04-28T13:48:01.368Z","updated_at":"2022-04-28T13:48:01.368Z","uid":"flc929b7b6a11ab6e6fc1b89"}],"wmic_username":"suresh.ganta@softwareag.com","is_admin":false,"is_developer":true,"is_owner":false},{"uid":"fl7f67278bdc263d579456f5","email":"harish.krishnaswamy@softwareag.com","first_name":"Harish","last_name":"K","roles":[{"name":"default_edit","ic_role_name":"default_edit","tenant_uid":"fl5c7728c5901f3d72bed6a3","permissions":[{"access_list":{"read":true,"write":true,"execute":true},"project_uid":"flacc9f4712915d36b8bbcb2"}],"description":"default project access","wmic_role_id":"d0f2accf152a43c39005c4440b377968","embed_permissions":[],"created_at":"2022-09-29T14:41:36.188Z","updated_at":"2022-09-29T14:42:05.973Z","uid":"fl594d8175dcbd25284f2572"}],"wmic_username":"harish.krishnaswamy@softwareag.com","is_admin":false,"is_developer":false,"is_owner":false},{"uid":"fl9671103d51fb112b3d9939","email":"sivaraj.lenin@softwareag.com","first_name":"Sivaraj","last_name":"Lenin","roles":[{"name":"SLenin","ic_role_name":"SLenin","description":"","tenant_uid":"fl5c7728c5901f3d72bed6a3","permissions":[{"project_uid":"flacc9f4712915d36b8bbcb2","access_list":{"read":true,"write":true,"execute":true}},{"project_uid":"flb34c6d2c6fbb129942f164","access_list":{"read":true,"write":true,"execute":true}},{"project_uid":"fl73e777558991e24c2ada2e","access_list":{"read":true,"write":true,"execute":true}}],"wmic_role_id":"ecaca345a261431b8f8bd6b63b0750bf","embed_permissions":[],"created_at":"2023-02-24T11:07:14.503Z","updated_at":"2023-06-27T12:54:57.321Z","uid":"fl0d7b5e80e882383d6f6b9a"}],"wmic_username":"sivaraj.lenin@softwareag.com","is_admin":false,"is_developer":false,"is_owner":false},{"uid":"fla41706c68e42cbfc155243","email":"rob.tiberio@softwareag.com","first_name":"Rob","last_name":"Tiberio","roles":[{"name":"Developer","ic_role_name":"Developer","tenant_uid":"fl5c7728c5901f3d72bed6a3","permissions":[],"description":"Can manage all projects of your tenant.","wmic_role_id":"1","created_at":"2022-04-28T13:48:01.368Z","updated_at":"2022-04-28T13:48:01.368Z","uid":"flc929b7b6a11ab6e6fc1b89"}],"wmic_username":"rob.tiberio@softwareag.com","is_admin":false,"is_developer":true,"is_owner":false},{"uid":"flbc644fcd5db554822f05c1","email":"ukdxp@softwareag.com","first_name":"API","last_name":"User","roles":[{"name":"Developer","ic_role_name":"Developer","tenant_uid":"fl5c7728c5901f3d72bed6a3","permissions":[],"description":"Can manage all projects of your tenant.","wmic_role_id":"1","created_at":"2022-04-28T13:48:01.368Z","updated_at":"2022-04-28T13:48:01.368Z","uid":"flc929b7b6a11ab6e6fc1b89"}],"wmic_username":"apiuser","is_admin":false,"is_developer":true,"is_owner":false},{"uid":"fld17649f07bf2eb98630683","email":"john.wilson3@ibm.com","first_name":"John","last_name":"Wilson","roles":[{"name":"Developer","ic_role_name":"Developer","tenant_uid":"fl5c7728c5901f3d72bed6a3","permissions":[],"description":"Can manage all projects of your tenant.","wmic_role_id":"1","created_at":"2022-04-28T13:48:01.368Z","updated_at":"2022-04-28T13:48:01.368Z","uid":"flc929b7b6a11ab6e6fc1b89"},{"name":"Admin","ic_role_name":"Admin","tenant_uid":"fl5c7728c5901f3d72bed6a3","permissions":[],"description":"Can manage users, roles and projects in the tenant.","wmic_role_id":"2","created_at":"2022-04-28T13:48:01.347Z","updated_at":"2022-04-28T13:48:01.347Z","uid":"flecef94626e67d71168b873"}],"wmic_username":"john.wilson","is_admin":true,"is_developer":true,"is_owner":false},{"uid":"fld2e6c292720e190ffd8609","email":"laura.marshall@ibm.com","first_name":"Laura","last_name":"Marshall","roles":[{"name":"Developer","ic_role_name":"Developer","tenant_uid":"fl5c7728c5901f3d72bed6a3","permissions":[],"description":"Can manage all projects of your tenant.","wmic_role_id":"1","created_at":"2022-04-28T13:48:01.368Z","updated_at":"2022-04-28T13:48:01.368Z","uid":"flc929b7b6a11ab6e6fc1b89"}],"wmic_username":"laura.marshall@ibm.com","is_admin":false,"is_developer":true,"is_owner":false},{"uid":"fld748d1f19422c4ab3cfe3d","email":"daniel.adayev@streamsets.com","first_name":"Daniel","last_name":"Adayev","roles":[{"name":"Developer","ic_role_name":"Developer","tenant_uid":"fl5c7728c5901f3d72bed6a3","permissions":[],"description":"Can manage all projects of your tenant.","wmic_role_id":"1","created_at":"2022-04-28T13:48:01.368Z","updated_at":"2022-04-28T13:48:01.368Z","uid":"flc929b7b6a11ab6e6fc1b89"}],"wmic_username":"daniel.adayev@streamsets.com","is_admin":false,"is_developer":true,"is_owner":false},{"uid":"fle6b9c9f6389a41fc597a86","email":"jiri.dejagere@softwareag.com","first_name":"Jiri","last_name":"De Jagere","roles":[{"name":"Competitive_Intel","ic_role_name":"Competitive_Intel","description":"compeititve intel team","tenant_uid":"fl5c7728c5901f3d72bed6a3","permissions":[{"project_uid":"fl36b88df57eb16bab1fb80d","access_list":{"read":true,"write":true,"execute":true}}],"wmic_role_id":"a6ca1e4d24f143e9a9f54a30b47fc96b","embed_permissions":[],"created_at":"2023-02-14T09:34:16.183Z","updated_at":"2024-05-22T15:20:04.933Z","uid":"fl8b938ac9eb26031c5e54df"},{"name":"Jiri","ic_role_name":"Jiri","description":"Jiri","tenant_uid":"fl5c7728c5901f3d72bed6a3","permissions":[{"project_uid":"fl749dfc46be4196dd5f3839","access_list":{"read":true,"write":true,"execute":true}}],"wmic_role_id":"6a66448969874ebfb4a9a88225426476","embed_permissions":[],"created_at":"2023-03-27T12:10:08.871Z","updated_at":"2023-03-27T12:10:08.871Z","uid":"fl7cff8a7dd388e569a0ad7a"}],"wmic_username":"jiri.dejagere@softwareag.com","is_admin":false,"is_developer":false,"is_owner":false},{"uid":"flefd8d330805b4a86c812e4","email":"dave.pemberton@softwareag.com","first_name":"Thamizharasu","last_name":"Soundrapandian","roles":[{"name":"Tham","ic_role_name":"Tham","description":"","tenant_uid":"fl5c7728c5901f3d72bed6a3","permissions":[{"project_uid":"flacc9f4712915d36b8bbcb2","access_list":{"read":true,"write":true,"execute":true}},{"project_uid":"flab8cefd4956157e2402eb5","access_list":{"read":true,"write":true,"execute":true}}],"wmic_role_id":"6a807fc42ed846d6808b2dbbbf54de6e","embed_permissions":[],"created_at":"2023-04-21T12:13:52.550Z","updated_at":"2023-04-21T12:13:52.550Z","uid":"fl03fb39a3c9485d965202f8"}],"wmic_username":"thamizharasu.soundrapandian@softwareag.com","is_admin":false,"is_developer":false,"is_owner":false},{"uid":"flf1261944aa5720597f7c35","email":"dave.pemberton@softwareag.com","first_name":"Dave","last_name":"Pemberton","roles":[{"name":"Billing Manager","ic_role_name":"Billing Manager","tenant_uid":"fl5c7728c5901f3d72bed6a3","permissions":[],"description":"Can manage plans and payment information of your tenant.","wmic_role_id":null,"created_at":"2022-04-28T13:48:01.360Z","updated_at":"2022-04-28T13:48:01.360Z","uid":"fl8bf3d3eda119ce828c10d9"},{"name":"Developer","ic_role_name":"Developer","tenant_uid":"fl5c7728c5901f3d72bed6a3","permissions":[],"description":"Can manage all projects of your tenant.","wmic_role_id":"1","created_at":"2022-04-28T13:48:01.368Z","updated_at":"2022-04-28T13:48:01.368Z","uid":"flc929b7b6a11ab6e6fc1b89"},{"name":"Admin","ic_role_name":"Admin","tenant_uid":"fl5c7728c5901f3d72bed6a3","permissions":[],"description":"Can manage users, roles and projects in the tenant.","wmic_role_id":"2","created_at":"2022-04-28T13:48:01.347Z","updated_at":"2022-04-28T13:48:01.347Z","uid":"flecef94626e67d71168b873"}],"wmic_username":"dave.pemberton@softwareag.com","is_admin":true,"is_developer":true,"is_owner":true},{"uid":"flf6e1504d305c752ee12bb5","email":"bharath.meka@softwareag.com","first_name":"Bharath","last_name":"Meka","roles":[{"name":"default_edit","ic_role_name":"default_edit","tenant_uid":"fl5c7728c5901f3d72bed6a3","permissions":[{"access_list":{"read":true,"write":true,"execute":true},"project_uid":"flacc9f4712915d36b8bbcb2"}],"description":"default project access","wmic_role_id":"d0f2accf152a43c39005c4440b377968","embed_permissions":[],"created_at":"2022-09-29T14:41:36.188Z","updated_at":"2022-09-29T14:42:05.973Z","uid":"fl594d8175dcbd25284f2572"}],"wmic_username":"bharath.meka@softwareag.com","is_admin":false,"is_developer":false,"is_owner":false}],"count":27}}
Time Taken: 1822 ms
----------------------------------------------------------------------------------------
[93/114] Experimental - Int User List Search
{"output":{"objects":[{"uid":"fl66fa64484d8b122f53197f","email":"dave.pemberton@softwareag.com","first_name":"Automation","last_name":"User","roles":[{"name":"Developer","ic_role_name":"Developer","tenant_uid":"fl5c7728c5901f3d72bed6a3","permissions":[],"description":"Can manage all projects of your tenant.","wmic_role_id":"1","created_at":"2022-04-28T13:48:01.368Z","updated_at":"2022-04-28T13:48:01.368Z","uid":"flc929b7b6a11ab6e6fc1b89"},{"name":"Admin","ic_role_name":"Admin","tenant_uid":"fl5c7728c5901f3d72bed6a3","permissions":[],"description":"Can manage users, roles and projects in the tenant.","wmic_role_id":"2","created_at":"2022-04-28T13:48:01.347Z","updated_at":"2022-04-28T13:48:01.347Z","uid":"flecef94626e67d71168b873"}],"wmic_username":"automation","is_admin":true,"is_developer":true,"is_owner":false}]}}
Time Taken: 2213 ms
----------------------------------------------------------------------------------------
[94/114] Experimental - Get Stage Info
{"output":{"isSAGCloudEnvironmentEnabled":true,"stages":[{"name":"Development","environments":[{"name":"cpointegrationdev","realmName":"cpointegrationdev","url":"https://cpointegrationdev.int-aws-de.webmethods.io","isDefault":false,"region":"eu-central-1","stage":"Development","current":true,"subdomain":"cpointegrationdev"}],"source":"SAG_CLOUD"},{"name":"Production","environments":[{"name":"cpointegration","realmName":"cpointegration","url":"https://cpointegration.int-aws-de.webmethods.io","isDefault":false,"region":"eu-central-1","stage":"Production","subdomain":"cpointegration"}],"source":"SAG_CLOUD"},{"name":"Default","environments":[],"source":"WMIO"}],"region":"eu-central-1"}}
Time Taken: 3733 ms
----------------------------------------------------------------------------------------
[95/114] Experimental - Get Project Workflow
{"workflows":[{"uid":"fl835fe9b99489cc5c3dbdc8","sid":"1gypQTpn88","createdAt":"2024-05-13T19:55:35.192Z","updatedAt":"2024-11-14T14:49:35.901Z","name":"Hello Workflow","description":"","active":true,"total_run_count":0},{"uid":"fl8c6e1a24c22ffd6d912494","sid":"1AzjS6Mx3i","createdAt":"2024-05-13T21:06:50.925Z","updatedAt":"2024-05-13T21:45:29.127Z","name":"clock trigger","description":"","active":true,"total_run_count":8}]}
Time Taken: 1925 ms
----------------------------------------------------------------------------------------
[96/114] Experimental - Get Project FlowServices
{"integration":{"message":{"code":0,"description":"Success"},"serviceData":{"flows":[{"createdBy":"automation","createdByUserId":"7a19305dd4ee49938608aa8500caf150","createdDate":"1731595798390","name":"ExportDeleteImportTest","serviceFullName":"fld_946286846_stage00.projects.fl425e0505dec7b426384550.integrations:ExportDeleteImportTest","lastModifiedBy":"automation","lastModifiedByUserId":"7a19305dd4ee49938608aa8500caf150","lastModifiedDate":"1731595798390","appList":"[]","displayName":"ExportDeleteImportTest","lockStatus":2,"executionCount":0,"description":"","type":"wmio","scheduleInformation":null,"scheduleMetadata":null,"dependentOperationsForAccounts":null,"stages":null,"customOpsList":null,"flowsList":null,"resolved":false,"svc_spec":null,"private":false,"exportable":false,"resubmittable":false,"restartable":false,"url":null},{"createdBy":"automation","createdByUserId":"7a19305dd4ee49938608aa8500caf150","createdDate":"1715636944962","name":"HelloFlow","serviceFullName":"fld_946286846_stage00.projects.fl425e0505dec7b426384550.integrations:HelloFlow","lastModifiedBy":"automation","lastModifiedByUserId":"7a19305dd4ee49938608aa8500caf150","lastModifiedDate":"1715636944962","appList":"[]","displayName":"HelloFlow","lockStatus":2,"executionCount":4,"description":"","type":"wmio","scheduleInformation":null,"scheduleMetadata":null,"dependentOperationsForAccounts":null,"stages":null,"customOpsList":null,"flowsList":null,"resolved":false,"svc_spec":null,"private":false,"exportable":true,"resubmittable":false,"restartable":false,"url":null}],"count":2,"edgeFlowsCount":0,"blocklyServices":[]}}}
Time Taken: 1757 ms
----------------------------------------------------------------------------------------
[97/114] Experimental - Get Connector Accounts
{"output":[]}
Time Taken: 1815 ms
----------------------------------------------------------------------------------------
[98/114] Experimental - Get Connector Account WF Config
{"output":[{"_id":{"type":"webhook"},"objects":[{"_id":"6642719fa2e2227bba876a09","name":"webhook","type":"webhook","flow_version":1,"flow_uid":"fl835fe9b99489cc5c3dbdc8","tenant_uid":"fl5c7728c5901f3d72bed6a3","env_uid":"fldbcdfb402ff71f2b0f2333","project_uid":"fl425e0505dec7b426384550","activity_id":"webhook","service":"webhook","webhook_settings":{"auth_type":"","webhook_auth":{"type":"basic","auth":{"user_name":"","password":""}},"webhook_token":{"type":"authtoken","auth":{"token":""}},"show_auth":true,"url_execution":true,"is_private_webhook":false},"embed":false,"created_at":"2024-05-13T20:01:35.711Z","updated_at":"2024-05-13T20:01:35.711Z","uid":"flc83e79c7143e73fe332381"},{"_id":"664271f41c95318b9acbda2e","name":"webhook","type":"webhook","flow_version":2,"flow_uid":"fl835fe9b99489cc5c3dbdc8","tenant_uid":"fl5c7728c5901f3d72bed6a3","env_uid":"fldbcdfb402ff71f2b0f2333","project_uid":"fl425e0505dec7b426384550","activity_id":"webhook","service":"webhook","webhook_settings":{"auth_type":"","webhook_auth":{"type":"basic","auth":{"user_name":"","password":""}},"webhook_token":{"type":"authtoken","auth":{"token":""}},"show_auth":true,"url_execution":true,"is_private_webhook":false},"embed":false,"created_at":"2024-05-13T20:03:00.497Z","updated_at":"2024-05-13T20:03:00.497Z","uid":"flb9010bfdef3ccce55e507f"},{"_id":"67360dff25062ea06a76dff3","name":"webhook","type":"webhook","flow_version":3,"flow_uid":"fl835fe9b99489cc5c3dbdc8","tenant_uid":"fl5c7728c5901f3d72bed6a3","env_uid":"fldbcdfb402ff71f2b0f2333","project_uid":"fl425e0505dec7b426384550","activity_id":"webhook","service":"webhook","webhook_settings":{"auth_type":"","webhook_auth":{"type":"basic","auth":{"user_name":"","password":""}},"webhook_token":{"type":"authtoken","auth":{"token":""}},"show_auth":false,"url_execution":true},"embed":false,"created_at":"2024-11-14T14:49:35.929Z","updated_at":"2024-11-14T14:49:35.929Z","uid":"fld65546b155d1733e2e4371"}]},{"_id":{"provider":"clock-v9"},"objects":[{"_id":"664281121c95318b9acbe3c5","name":"Clock trigger #1","flow_version":1,"created_by":"fl66fa64484d8b122f53197f","flow_uid":"fl8c6e1a24c22ffd6d912494","tenant_uid":"fl5c7728c5901f3d72bed6a3","env_uid":"fldbcdfb402ff71f2b0f2333","project_uid":"fl425e0505dec7b426384550","activity_id":"start","action":"monthly","version":"v9","service":"clock","provider":"clock-v9","trigger":"tg-351c2e7a-9487-48aa-ad55-3d41f61a0723","embed":false,"created_at":"2024-05-13T21:07:30.665Z","updated_at":"2024-05-13T21:07:30.665Z","uid":"fl5b4c17e99026dc8fed341b"}]},{"_id":{},"objects":[{"_id":"664271f41c95318b9acbda2c","flow_version":2,"flow_uid":"fl835fe9b99489cc5c3dbdc8","tenant_uid":"fl5c7728c5901f3d72bed6a3","env_uid":"fldbcdfb402ff71f2b0f2333","project_uid":"fl425e0505dec7b426384550","activity_id":"start","embed":false,"created_at":"2024-05-13T20:03:00.497Z","updated_at":"2024-05-13T20:03:00.497Z","uid":"flf369f9e65962acb09a9a70"},{"_id":"664276f9a2e2227bba876c56","flow_version":3,"flow_uid":"fl835fe9b99489cc5c3dbdc8","tenant_uid":"fl5c7728c5901f3d72bed6a3","env_uid":"fldbcdfb402ff71f2b0f2333","project_uid":"fl425e0505dec7b426384550","activity_id":"start","embed":false,"created_at":"2024-05-13T20:24:25.614Z","updated_at":"2024-05-13T20:24:25.614Z","uid":"fl906bdff5112bd7b0117fd2"},{"_id":"66428121a2e2227bba877565","flow_version":2,"flow_uid":"fl8c6e1a24c22ffd6d912494","tenant_uid":"fl5c7728c5901f3d72bed6a3","env_uid":"fldbcdfb402ff71f2b0f2333","project_uid":"fl425e0505dec7b426384550","activity_id":"start","action":"Start","trigger":"tg-351c2e7a-9487-48aa-ad55-3d41f61a0723","embed":false,"created_at":"2024-05-13T21:07:45.783Z","updated_at":"2024-05-13T21:07:45.783Z","uid":"fl0e0c24347558a605b63d4a"},{"_id":"664281603b8fd8c078545ce0","flow_version":3,"flow_uid":"fl8c6e1a24c22ffd6d912494","tenant_uid":"fl5c7728c5901f3d72bed6a3","env_uid":"fldbcdfb402ff71f2b0f2333","project_uid":"fl425e0505dec7b426384550","activity_id":"start","action":"Start","trigger":"tg-351c2e7a-9487-48aa-ad55-3d41f61a0723","embed":false,"created_at":"2024-05-13T21:08:48.663Z","updated_at":"2024-05-13T21:08:48.663Z","uid":"fl4385efa85505121d949668"},{"_id":"664289f9a2e2227bba877da0","flow_version":4,"flow_uid":"fl8c6e1a24c22ffd6d912494","tenant_uid":"fl5c7728c5901f3d72bed6a3","env_uid":"fldbcdfb402ff71f2b0f2333","project_uid":"fl425e0505dec7b426384550","activity_id":"start","action":"Start","trigger":"tg-351c2e7a-9487-48aa-ad55-3d41f61a0723","embed":false,"created_at":"2024-05-13T21:45:29.161Z","updated_at":"2024-05-13T21:45:29.161Z","uid":"fl2b9b31c72afe5e164ec567"}]}]}
Time Taken: 1832 ms
----------------------------------------------------------------------------------------
[99/114] Experimental - Project Search
{"output":{"projects":[{"env_uid":"fldbcdfb402ff71f2b0f2333","tenant_uid":"fl5c7728c5901f3d72bed6a3","created_at":"2024-05-13T19:55:26.776Z","created_by":"fl66fa64484d8b122f53197f","default":false,"dependencies":[],"edge_folder_name":null,"edge_package_name":null,"flow_count":2,"hidden":false,"ic_project_name":"fl425e0505dec7b426384550","icons":["webhook","sync-webhook","logger"],"integration_count":2,"integration_icons":[],"metadata":{"first_publish_from":null,"last_publish_from":null},"name":"CLITestProject","rest_soap_icons":[],"tags":[],"uid":"fl425e0505dec7b426384550","updated_at":"2024-11-14T14:50:20.402Z","updated_by":"fl66fa64484d8b122f53197f"}],"count":1}}
Time Taken: 1714 ms
----------------------------------------------------------------------------------------
[100/114] Experimental - Project Deployments
{"output":[]}
Time Taken: 1750 ms
----------------------------------------------------------------------------------------
[101/114] Experimental - Workflow Detail
{"output":{"name":"Hello Workflow","created_by":"fl66fa64484d8b122f53197f","updated_by":"fl66fa64484d8b122f53197f","tenant_uid":"fl5c7728c5901f3d72bed6a3","env_uid":"fldbcdfb402ff71f2b0f2333","project_uid":"fl425e0505dec7b426384550","description":"","draft":false,"features":{},"flow_version":3,"action_schema":[{"id":"stop","type":"stop","name":"stop","label":"Stop","input":"{\"type\":\"object\",\"properties\":{\"logs\":{\"type\":\"array\",\"title\":\"Add Logs\",\"minItems\":1,\"items\":{\"type\":\"string\",\"minLength\":1,\"title\":\"Log Data\",\"default\":\"\"}}}}","position":{"x":950.3299999999999,"y":200},"category":"special","help":"End point of Flow","next":null,"prev":["c0"],"output":[]},{"category":"default","published":false,"hide_settings":false,"marketing_category":[],"uid":"act5b9c11c345c41102bf02a5","name":"condition","input":"{\"title\":\"Condition Activity\",\"description\":\"Only flow continue when\",\"type\":\"object\",\"properties\":{\"or\":{\"type\":\"array\",\"title\":\"Conditions\",\"items\":{\"type\":\"object\",\"title\":\"Condition\",\"properties\":{\"and\":{\"type\":\"array\",\"title\":\"Filters\",\"items\":{\"type\":\"object\",\"title\":\"Filter\",\"format\":\"table\",\"properties\":{\"input\":{\"type\":\"string\",\"title\":\"Input\",\"minLength\":1},\"operator\":{\"title\":\"Condition\",\"description\":\"Select proper condition\",\"type\":\"string\",\"enum\":[\"(Text) Matches\",\"(Text) Exactly Matches\",\"(Text) Does Not Match\",\"(Text) Does Not Exactly Match\",\"(Text) Contains\",\"(Text) Does Not Contain\",\"(Text) Starts With\",\"(Text) Does Not Start With\",\"(Text) Ends With\",\"(Text) Does Not End With\",\"(Text) Is Alphanumeric\",\"(Text) Is Empty\",\"(Number) Equals\",\"(Number) Not Equals\",\"(Number) Greater Than\",\"(Number) Greater Than Equals\",\"(Number) Less Than\",\"(Number) Less Than Equals\",\"(Number) Is Negative\",\"(Number) Is Positive\",\"(Date/Time) Equals\",\"(Date/Time) Less Than\",\"(Date/Time) Less Than Equals\",\"(Date/Time) Greater Than\",\"(Date/Time) Greater Than Equals\",\"(Array) Length Equals\",\"(Array) Length Does Not Equals\",\"(Array) Length Less Than\",\"(Array) Length Less Than Equals\",\"(Array) Length Greater Than\",\"(Array) Length Greater Than Equals\",\"(Array) Is Empty\",\"(Array) Contains All Object\",\"(Array) Contains All String\",\"(Array) Contains All Number\",\"(Array) Contains All Object And Has This Property\",\"(Object) Has Property\",\"(Object) Does Not Have Property\",\"(Object) Is Empty\",\"(Regex) Match Pattern\",\"(Boolean) Is Value True\",\"(Boolean) Is Value False\",\"(Input) Exists\",\"(Input) Does Not Exist\",\"(Input) Is Null\",\"(Input) Is String\",\"(Input) Is Number\",\"(Input) Is Date\",\"(Input) Is An Array\",\"(Input) Is An Object\",\"(Input) Is Boolean\",\"(Input) Data Type Is\"]},\"expected\":{\"type\":\"string\",\"title\":\"Expected\",\"description\":\"Enter the value you want to compare against the value given in the Input field for the specified condition. By default, the value of this field is set to true for all conditions starting with ‘Is’.\"}}}}}}}}}","output":"{\"title\":\"output\",\"type\":\"object\",\"properties\":{\"fields\":{\"type\":\"array\",\"title\":\"fields\",\"items\":{\"type\":\"object\"}},\"error\":{\"type\":\"string\",\"title\":\"error\"}}}","usage":{"html":"Allows you to check conditions.","link":{"title":"Help","href":"https://flowdocs.built.io/concepts/conditions"}},"version":"v3","icon":"condition","act_type":"default","title":"Condition","provider":"Internal Only","embed_enabled":true,"next":["stop"],"prev":["a0"],"id":"c0","type":"condition","label":"condition","datsetConnectionDetachableition":{},"json":"{\"title\":\"Condition Activity\",\"description\":\"Only flow continue when\",\"type\":\"object\",\"properties\":{\"or\":{\"type\":\"array\",\"title\":\"Conditions\",\"items\":{\"type\":\"object\",\"title\":\"Condition\",\"properties\":{\"and\":{\"type\":\"array\",\"title\":\"Filters\",\"items\":{\"type\":\"object\",\"title\":\"Filter\",\"format\":\"table\",\"properties\":{\"input\":{\"type\":\"string\",\"title\":\"Input\",\"minLength\":1},\"operator\":{\"title\":\"Condition\",\"description\":\"Select proper condition\",\"type\":\"string\",\"enum\":[\"(Text) Matches\",\"(Text) Exactly Matches\",\"(Text) Does Not Match\",\"(Text) Does Not Exactly Match\",\"(Text) Contains\",\"(Text) Does Not Contain\",\"(Text) Starts With\",\"(Text) Does Not Start With\",\"(Text) Ends With\",\"(Text) Does Not End With\",\"(Text) Is Alphanumeric\",\"(Text) Is Empty\",\"(Number) Equals\",\"(Number) Not Equals\",\"(Number) Greater Than\",\"(Number) Greater Than Equals\",\"(Number) Less Than\",\"(Number) Less Than Equals\",\"(Number) Is Negative\",\"(Number) Is Positive\",\"(Date/Time) Equals\",\"(Date/Time) Less Than\",\"(Date/Time) Less Than Equals\",\"(Date/Time) Greater Than\",\"(Date/Time) Greater Than Equals\",\"(Array) Length Equals\",\"(Array) Length Does Not Equals\",\"(Array) Length Less Than\",\"(Array) Length Less Than Equals\",\"(Array) Length Greater Than\",\"(Array) Length Greater Than Equals\",\"(Array) Is Empty\",\"(Array) Contains All Object\",\"(Array) Contains All String\",\"(Array) Contains All Number\",\"(Array) Contains All Object And Has This Property\",\"(Object) Has Property\",\"(Object) Does Not Have Property\",\"(Object) Is Empty\",\"(Regex) Match Pattern\",\"(Boolean) Is Value True\",\"(Boolean) Is Value False\",\"(Input) Exists\",\"(Input) Does Not Exist\",\"(Input) Is Null\",\"(Input) Is String\",\"(Input) Is Number\",\"(Input) Is Date\",\"(Input) Is An Array\",\"(Input) Is An Object\",\"(Input) Is Boolean\",\"(Input) Data Type Is\"]},\"expected\":{\"type\":\"string\",\"title\":\"Expected\",\"description\":\"Enter the value you want to compare against the value given in the Input field for the specified condition. By default, the value of this field is set to true for all conditions starting with ‘Is’.\"}}}}}}}}}"},{"category":"default","published":false,"hide_settings":false,"marketing_category":[],"uid":"act5b9c11c345c41102bf02a5","name":"condition","input":"{\"title\":\"Condition Activity\",\"description\":\"Only flow continue when\",\"type\":\"object\",\"properties\":{\"or\":{\"type\":\"array\",\"title\":\"Conditions\",\"items\":{\"type\":\"object\",\"title\":\"Condition\",\"properties\":{\"and\":{\"type\":\"array\",\"title\":\"Filters\",\"items\":{\"type\":\"object\",\"title\":\"Filter\",\"format\":\"table\",\"properties\":{\"input\":{\"type\":\"string\",\"title\":\"Input\",\"minLength\":1},\"operator\":{\"title\":\"Condition\",\"description\":\"Select proper condition\",\"type\":\"string\",\"enum\":[\"(Text) Matches\",\"(Text) Exactly Matches\",\"(Text) Does Not Match\",\"(Text) Does Not Exactly Match\",\"(Text) Contains\",\"(Text) Does Not Contain\",\"(Text) Starts With\",\"(Text) Does Not Start With\",\"(Text) Ends With\",\"(Text) Does Not End With\",\"(Text) Is Alphanumeric\",\"(Text) Is Empty\",\"(Number) Equals\",\"(Number) Not Equals\",\"(Number) Greater Than\",\"(Number) Greater Than Equals\",\"(Number) Less Than\",\"(Number) Less Than Equals\",\"(Number) Is Negative\",\"(Number) Is Positive\",\"(Date/Time) Equals\",\"(Date/Time) Less Than\",\"(Date/Time) Less Than Equals\",\"(Date/Time) Greater Than\",\"(Date/Time) Greater Than Equals\",\"(Array) Length Equals\",\"(Array) Length Does Not Equals\",\"(Array) Length Less Than\",\"(Array) Length Less Than Equals\",\"(Array) Length Greater Than\",\"(Array) Length Greater Than Equals\",\"(Array) Is Empty\",\"(Array) Contains All Object\",\"(Array) Contains All String\",\"(Array) Contains All Number\",\"(Array) Contains All Object And Has This Property\",\"(Object) Has Property\",\"(Object) Does Not Have Property\",\"(Object) Is Empty\",\"(Regex) Match Pattern\",\"(Boolean) Is Value True\",\"(Boolean) Is Value False\",\"(Input) Exists\",\"(Input) Does Not Exist\",\"(Input) Is Null\",\"(Input) Is String\",\"(Input) Is Number\",\"(Input) Is Date\",\"(Input) Is An Array\",\"(Input) Is An Object\",\"(Input) Is Boolean\",\"(Input) Data Type Is\"]},\"expected\":{\"type\":\"string\",\"title\":\"Expected\",\"description\":\"Enter the value you want to compare against the value given in the Input field for the specified condition. By default, the value of this field is set to true for all conditions starting with ‘Is’.\"}}}}}}}}}","output":"{\"title\":\"output\",\"type\":\"object\",\"properties\":{\"fields\":{\"type\":\"array\",\"title\":\"fields\",\"items\":{\"type\":\"object\"}},\"error\":{\"type\":\"string\",\"title\":\"error\"}}}","usage":{"html":"Allows you to check conditions.","link":{"title":"Help","href":"https://flowdocs.built.io/concepts/conditions"}},"version":"v3","icon":"condition","act_type":"default","title":"Condition","provider":"Internal Only","embed_enabled":true,"next":["a0"],"prev":["start"],"id":"c1","type":"condition","label":"condition","datsetConnectionDetachableition":{},"json":"{\"title\":\"Condition Activity\",\"description\":\"Only flow continue when\",\"type\":\"object\",\"properties\":{\"or\":{\"type\":\"array\",\"title\":\"Conditions\",\"items\":{\"type\":\"object\",\"title\":\"Condition\",\"properties\":{\"and\":{\"type\":\"array\",\"title\":\"Filters\",\"items\":{\"type\":\"object\",\"title\":\"Filter\",\"format\":\"table\",\"properties\":{\"input\":{\"type\":\"string\",\"title\":\"Input\",\"minLength\":1},\"operator\":{\"title\":\"Condition\",\"description\":\"Select proper condition\",\"type\":\"string\",\"enum\":[\"(Text) Matches\",\"(Text) Exactly Matches\",\"(Text) Does Not Match\",\"(Text) Does Not Exactly Match\",\"(Text) Contains\",\"(Text) Does Not Contain\",\"(Text) Starts With\",\"(Text) Does Not Start With\",\"(Text) Ends With\",\"(Text) Does Not End With\",\"(Text) Is Alphanumeric\",\"(Text) Is Empty\",\"(Number) Equals\",\"(Number) Not Equals\",\"(Number) Greater Than\",\"(Number) Greater Than Equals\",\"(Number) Less Than\",\"(Number) Less Than Equals\",\"(Number) Is Negative\",\"(Number) Is Positive\",\"(Date/Time) Equals\",\"(Date/Time) Less Than\",\"(Date/Time) Less Than Equals\",\"(Date/Time) Greater Than\",\"(Date/Time) Greater Than Equals\",\"(Array) Length Equals\",\"(Array) Length Does Not Equals\",\"(Array) Length Less Than\",\"(Array) Length Less Than Equals\",\"(Array) Length Greater Than\",\"(Array) Length Greater Than Equals\",\"(Array) Is Empty\",\"(Array) Contains All Object\",\"(Array) Contains All String\",\"(Array) Contains All Number\",\"(Array) Contains All Object And Has This Property\",\"(Object) Has Property\",\"(Object) Does Not Have Property\",\"(Object) Is Empty\",\"(Regex) Match Pattern\",\"(Boolean) Is Value True\",\"(Boolean) Is Value False\",\"(Input) Exists\",\"(Input) Does Not Exist\",\"(Input) Is Null\",\"(Input) Is String\",\"(Input) Is Number\",\"(Input) Is Date\",\"(Input) Is An Array\",\"(Input) Is An Object\",\"(Input) Is Boolean\",\"(Input) Data Type Is\"]},\"expected\":{\"type\":\"string\",\"title\":\"Expected\",\"description\":\"Enter the value you want to compare against the value given in the Input field for the specified condition. By default, the value of this field is set to true for all conditions starting with ‘Is’.\"}}}}}}}}}"},{"id":"start","type":"start","label":"Start","position":{"x":150,"y":200},"category":"special","help":"Start point of Flow","next":["c1"],"prev":null,"output":[],"start":true,"original_label":"Start"},{"category":"utilities","published":true,"hide_settings":false,"marketing_category":["developer"],"uid":"actaf16e4ac7a0ee67d6a94ce0765f3154b1962","input":"{\"title\":\"Return Data on Sync Webhook\",\"type\":\"object\",\"properties\":{\"headers\":{\"type\":\"array\",\"title\":\"Response Headers\",\"items\":{\"type\":\"object\",\"title\":\"Header\",\"format\":\"grid\",\"properties\":{\"name\":{\"title\":\"Header Name\",\"type\":\"string\",\"minLength\":1},\"value\":{\"title\":\"Header Value\",\"type\":\"string\",\"minLength\":1}}}},\"data\":{\"type\":\"string\",\"format\":\"textarea\",\"title\":\"Response Data\",\"description\":\"Set response data.</br>Note: To avoid security issues, please refrain from using the script tag in your XML schema\",\"minLength\":1},\"__statuscode\":{\"type\":\"string\",\"title\":\"Status Code\",\"description\":\"set status code you want to send in response\",\"default\":\"200\",\"minLength\":1},\"content_type\":{\"type\":\"string\",\"title\":\"Content Type\",\"description\":\"Select/specify the content type in which you want to receive the workflow output.\",\"enum\":[\"text/plain\",\"application/json\",\"application/xml\",\"application/atom+xml\",\"text/css\",\"text/csv\",\"text/html\",\"text/javascript\",\"text/markdown\",\"text/xml\"],\"minLength\":1}}}","name":"devtools-sync-webhook","output":"{\"title\":\"Return Data on Sync Webhook\",\"type\":\"object\",\"properties\":{\"data\":{\"type\":\"string\",\"title\":\"data\",\"displayTitle\":\"Return On Sync Webhook Data\"},\"status\":{\"type\":\"string\",\"title\":\"status\",\"displayTitle\":\"Return On Sync Webhook Status\"}},\"displayTitle\":\"Return Data On Sync Webhook\"}","usage":{"link":{"title":"Doc link","href":"/connectors/connector-bundle/developer-c/#co-developer_tools"},"html":"Send response to client"},"version":"v3","icon":"sync-webhook","act_type":"default","title":"Return Data on Sync Webhook","provider":"Developer Tools","embed_enabled":true,"active_tenants":[],"inactive_tenants":[],"position":{"x":545.75,"y":200.25},"type":"devtools-sync-webhook","id":"a0","label":"Return Data on Sync Webhook","prev":["c1"],"next":["c0"],"hasError":false,"original_label":"Return Data on Sync Webhook"}],"errors_obj":[],"tags":[],"activity_icons":["sync-webhook"],"rest_soap_icons":[],"mask":{"input":{},"output":{}},"transform":[],"configurations":{"debugger":false,"debugger_enabled_at":0,"auto_connect":true,"live_visualization":false,"container_size":256,"canvas_settings":{"zoom":0.8,"top":-8581,"left":-8236},"is_webhook":true,"is_webhook_auth":false,"params":[]},"last_run":{"credits":0,"duration":0},"trigger":{"active":false,"icon":"","handlers":[]},"active":true,"show_notes":false,"last_seen":"2024-11-14T14:51:06.881Z","total_run_count":0,"runtime":3,"synergy_templates":[],"guide_info":{},"synergy_template_id":[],"updated_at":"2024-11-14T14:49:35.901Z","created_at":"2024-05-13T19:55:35.192Z","uid":"fl835fe9b99489cc5c3dbdc8","sid":"1gypQTpn88","refid":"uMHzwWbMY","webhook_settings":{"auth_type":"","webhook_auth":{"type":"basic","auth":{"user_name":"","password":""}},"webhook_token":{"type":"authtoken","auth":{"token":""}},"show_auth":false,"url_execution":true},"config_data":[{"name":"devtools-sync-webhook","type":"action_data","flow_version":3,"activity_id":"a0","action_data":{"headers":[],"data":"{\"response\":\"hello {{$request.query.name}}\"}","__statuscode":"200","content_type":"application/json","$lookup_label$$":{}},"embed":false},{"type":"action_data","flow_version":3,"activity_id":"c0","action_data":{"or":[],"$lookup_label$$":{}},"embed":false},{"type":"action_data","flow_version":3,"activity_id":"c1","action_data":{"or":[],"$lookup_label$$":{}},"embed":false},{"flow_version":3,"activity_id":"start","embed":false}],"flow_version_data":[{"flow_version":1,"updated_by":"fl66fa64484d8b122f53197f","updated_at":"2024-05-13T19:55:35.193Z"},{"flow_version":2,"updated_by":"fl66fa64484d8b122f53197f","updated_at":"2024-05-13T20:03:00.465Z","flow_version_tag":""},{"flow_version":3,"updated_by":"fl66fa64484d8b122f53197f","updated_at":"2024-05-13T20:24:25.511Z","flow_version_tag":""}]}}
Time Taken: 1787 ms
----------------------------------------------------------------------------------------
[102/114] Experimental - Workflow Disable
{"output":{"name":"Hello Workflow","created_by":"fl66fa64484d8b122f53197f","updated_by":"fl66fa64484d8b122f53197f","tenant_uid":"fl5c7728c5901f3d72bed6a3","env_uid":"fldbcdfb402ff71f2b0f2333","project_uid":"fl425e0505dec7b426384550","description":"","draft":false,"features":{},"flow_version":3,"action_schema":[{"id":"stop","type":"stop","name":"stop","label":"Stop","input":"{\"type\":\"object\",\"properties\":{\"logs\":{\"type\":\"array\",\"title\":\"Add Logs\",\"minItems\":1,\"items\":{\"type\":\"string\",\"minLength\":1,\"title\":\"Log Data\",\"default\":\"\"}}}}","position":{"x":950.3299999999999,"y":200},"category":"special","help":"End point of Flow","next":null,"prev":["c0"],"output":[]},{"category":"default","published":false,"hide_settings":false,"marketing_category":[],"uid":"act5b9c11c345c41102bf02a5","name":"condition","input":"{\"title\":\"Condition Activity\",\"description\":\"Only flow continue when\",\"type\":\"object\",\"properties\":{\"or\":{\"type\":\"array\",\"title\":\"Conditions\",\"items\":{\"type\":\"object\",\"title\":\"Condition\",\"properties\":{\"and\":{\"type\":\"array\",\"title\":\"Filters\",\"items\":{\"type\":\"object\",\"title\":\"Filter\",\"format\":\"table\",\"properties\":{\"input\":{\"type\":\"string\",\"title\":\"Input\",\"minLength\":1},\"operator\":{\"title\":\"Condition\",\"description\":\"Select proper condition\",\"type\":\"string\",\"enum\":[\"(Text) Matches\",\"(Text) Exactly Matches\",\"(Text) Does Not Match\",\"(Text) Does Not Exactly Match\",\"(Text) Contains\",\"(Text) Does Not Contain\",\"(Text) Starts With\",\"(Text) Does Not Start With\",\"(Text) Ends With\",\"(Text) Does Not End With\",\"(Text) Is Alphanumeric\",\"(Text) Is Empty\",\"(Number) Equals\",\"(Number) Not Equals\",\"(Number) Greater Than\",\"(Number) Greater Than Equals\",\"(Number) Less Than\",\"(Number) Less Than Equals\",\"(Number) Is Negative\",\"(Number) Is Positive\",\"(Date/Time) Equals\",\"(Date/Time) Less Than\",\"(Date/Time) Less Than Equals\",\"(Date/Time) Greater Than\",\"(Date/Time) Greater Than Equals\",\"(Array) Length Equals\",\"(Array) Length Does Not Equals\",\"(Array) Length Less Than\",\"(Array) Length Less Than Equals\",\"(Array) Length Greater Than\",\"(Array) Length Greater Than Equals\",\"(Array) Is Empty\",\"(Array) Contains All Object\",\"(Array) Contains All String\",\"(Array) Contains All Number\",\"(Array) Contains All Object And Has This Property\",\"(Object) Has Property\",\"(Object) Does Not Have Property\",\"(Object) Is Empty\",\"(Regex) Match Pattern\",\"(Boolean) Is Value True\",\"(Boolean) Is Value False\",\"(Input) Exists\",\"(Input) Does Not Exist\",\"(Input) Is Null\",\"(Input) Is String\",\"(Input) Is Number\",\"(Input) Is Date\",\"(Input) Is An Array\",\"(Input) Is An Object\",\"(Input) Is Boolean\",\"(Input) Data Type Is\"]},\"expected\":{\"type\":\"string\",\"title\":\"Expected\",\"description\":\"Enter the value you want to compare against the value given in the Input field for the specified condition. By default, the value of this field is set to true for all conditions starting with ‘Is’.\"}}}}}}}}}","output":"{\"title\":\"output\",\"type\":\"object\",\"properties\":{\"fields\":{\"type\":\"array\",\"title\":\"fields\",\"items\":{\"type\":\"object\"}},\"error\":{\"type\":\"string\",\"title\":\"error\"}}}","usage":{"html":"Allows you to check conditions.","link":{"title":"Help","href":"https://flowdocs.built.io/concepts/conditions"}},"version":"v3","icon":"condition","act_type":"default","title":"Condition","provider":"Internal Only","embed_enabled":true,"next":["stop"],"prev":["a0"],"id":"c0","type":"condition","label":"condition","datsetConnectionDetachableition":{},"json":"{\"title\":\"Condition Activity\",\"description\":\"Only flow continue when\",\"type\":\"object\",\"properties\":{\"or\":{\"type\":\"array\",\"title\":\"Conditions\",\"items\":{\"type\":\"object\",\"title\":\"Condition\",\"properties\":{\"and\":{\"type\":\"array\",\"title\":\"Filters\",\"items\":{\"type\":\"object\",\"title\":\"Filter\",\"format\":\"table\",\"properties\":{\"input\":{\"type\":\"string\",\"title\":\"Input\",\"minLength\":1},\"operator\":{\"title\":\"Condition\",\"description\":\"Select proper condition\",\"type\":\"string\",\"enum\":[\"(Text) Matches\",\"(Text) Exactly Matches\",\"(Text) Does Not Match\",\"(Text) Does Not Exactly Match\",\"(Text) Contains\",\"(Text) Does Not Contain\",\"(Text) Starts With\",\"(Text) Does Not Start With\",\"(Text) Ends With\",\"(Text) Does Not End With\",\"(Text) Is Alphanumeric\",\"(Text) Is Empty\",\"(Number) Equals\",\"(Number) Not Equals\",\"(Number) Greater Than\",\"(Number) Greater Than Equals\",\"(Number) Less Than\",\"(Number) Less Than Equals\",\"(Number) Is Negative\",\"(Number) Is Positive\",\"(Date/Time) Equals\",\"(Date/Time) Less Than\",\"(Date/Time) Less Than Equals\",\"(Date/Time) Greater Than\",\"(Date/Time) Greater Than Equals\",\"(Array) Length Equals\",\"(Array) Length Does Not Equals\",\"(Array) Length Less Than\",\"(Array) Length Less Than Equals\",\"(Array) Length Greater Than\",\"(Array) Length Greater Than Equals\",\"(Array) Is Empty\",\"(Array) Contains All Object\",\"(Array) Contains All String\",\"(Array) Contains All Number\",\"(Array) Contains All Object And Has This Property\",\"(Object) Has Property\",\"(Object) Does Not Have Property\",\"(Object) Is Empty\",\"(Regex) Match Pattern\",\"(Boolean) Is Value True\",\"(Boolean) Is Value False\",\"(Input) Exists\",\"(Input) Does Not Exist\",\"(Input) Is Null\",\"(Input) Is String\",\"(Input) Is Number\",\"(Input) Is Date\",\"(Input) Is An Array\",\"(Input) Is An Object\",\"(Input) Is Boolean\",\"(Input) Data Type Is\"]},\"expected\":{\"type\":\"string\",\"title\":\"Expected\",\"description\":\"Enter the value you want to compare against the value given in the Input field for the specified condition. By default, the value of this field is set to true for all conditions starting with ‘Is’.\"}}}}}}}}}"},{"category":"default","published":false,"hide_settings":false,"marketing_category":[],"uid":"act5b9c11c345c41102bf02a5","name":"condition","input":"{\"title\":\"Condition Activity\",\"description\":\"Only flow continue when\",\"type\":\"object\",\"properties\":{\"or\":{\"type\":\"array\",\"title\":\"Conditions\",\"items\":{\"type\":\"object\",\"title\":\"Condition\",\"properties\":{\"and\":{\"type\":\"array\",\"title\":\"Filters\",\"items\":{\"type\":\"object\",\"title\":\"Filter\",\"format\":\"table\",\"properties\":{\"input\":{\"type\":\"string\",\"title\":\"Input\",\"minLength\":1},\"operator\":{\"title\":\"Condition\",\"description\":\"Select proper condition\",\"type\":\"string\",\"enum\":[\"(Text) Matches\",\"(Text) Exactly Matches\",\"(Text) Does Not Match\",\"(Text) Does Not Exactly Match\",\"(Text) Contains\",\"(Text) Does Not Contain\",\"(Text) Starts With\",\"(Text) Does Not Start With\",\"(Text) Ends With\",\"(Text) Does Not End With\",\"(Text) Is Alphanumeric\",\"(Text) Is Empty\",\"(Number) Equals\",\"(Number) Not Equals\",\"(Number) Greater Than\",\"(Number) Greater Than Equals\",\"(Number) Less Than\",\"(Number) Less Than Equals\",\"(Number) Is Negative\",\"(Number) Is Positive\",\"(Date/Time) Equals\",\"(Date/Time) Less Than\",\"(Date/Time) Less Than Equals\",\"(Date/Time) Greater Than\",\"(Date/Time) Greater Than Equals\",\"(Array) Length Equals\",\"(Array) Length Does Not Equals\",\"(Array) Length Less Than\",\"(Array) Length Less Than Equals\",\"(Array) Length Greater Than\",\"(Array) Length Greater Than Equals\",\"(Array) Is Empty\",\"(Array) Contains All Object\",\"(Array) Contains All String\",\"(Array) Contains All Number\",\"(Array) Contains All Object And Has This Property\",\"(Object) Has Property\",\"(Object) Does Not Have Property\",\"(Object) Is Empty\",\"(Regex) Match Pattern\",\"(Boolean) Is Value True\",\"(Boolean) Is Value False\",\"(Input) Exists\",\"(Input) Does Not Exist\",\"(Input) Is Null\",\"(Input) Is String\",\"(Input) Is Number\",\"(Input) Is Date\",\"(Input) Is An Array\",\"(Input) Is An Object\",\"(Input) Is Boolean\",\"(Input) Data Type Is\"]},\"expected\":{\"type\":\"string\",\"title\":\"Expected\",\"description\":\"Enter the value you want to compare against the value given in the Input field for the specified condition. By default, the value of this field is set to true for all conditions starting with ‘Is’.\"}}}}}}}}}","output":"{\"title\":\"output\",\"type\":\"object\",\"properties\":{\"fields\":{\"type\":\"array\",\"title\":\"fields\",\"items\":{\"type\":\"object\"}},\"error\":{\"type\":\"string\",\"title\":\"error\"}}}","usage":{"html":"Allows you to check conditions.","link":{"title":"Help","href":"https://flowdocs.built.io/concepts/conditions"}},"version":"v3","icon":"condition","act_type":"default","title":"Condition","provider":"Internal Only","embed_enabled":true,"next":["a0"],"prev":["start"],"id":"c1","type":"condition","label":"condition","datsetConnectionDetachableition":{},"json":"{\"title\":\"Condition Activity\",\"description\":\"Only flow continue when\",\"type\":\"object\",\"properties\":{\"or\":{\"type\":\"array\",\"title\":\"Conditions\",\"items\":{\"type\":\"object\",\"title\":\"Condition\",\"properties\":{\"and\":{\"type\":\"array\",\"title\":\"Filters\",\"items\":{\"type\":\"object\",\"title\":\"Filter\",\"format\":\"table\",\"properties\":{\"input\":{\"type\":\"string\",\"title\":\"Input\",\"minLength\":1},\"operator\":{\"title\":\"Condition\",\"description\":\"Select proper condition\",\"type\":\"string\",\"enum\":[\"(Text) Matches\",\"(Text) Exactly Matches\",\"(Text) Does Not Match\",\"(Text) Does Not Exactly Match\",\"(Text) Contains\",\"(Text) Does Not Contain\",\"(Text) Starts With\",\"(Text) Does Not Start With\",\"(Text) Ends With\",\"(Text) Does Not End With\",\"(Text) Is Alphanumeric\",\"(Text) Is Empty\",\"(Number) Equals\",\"(Number) Not Equals\",\"(Number) Greater Than\",\"(Number) Greater Than Equals\",\"(Number) Less Than\",\"(Number) Less Than Equals\",\"(Number) Is Negative\",\"(Number) Is Positive\",\"(Date/Time) Equals\",\"(Date/Time) Less Than\",\"(Date/Time) Less Than Equals\",\"(Date/Time) Greater Than\",\"(Date/Time) Greater Than Equals\",\"(Array) Length Equals\",\"(Array) Length Does Not Equals\",\"(Array) Length Less Than\",\"(Array) Length Less Than Equals\",\"(Array) Length Greater Than\",\"(Array) Length Greater Than Equals\",\"(Array) Is Empty\",\"(Array) Contains All Object\",\"(Array) Contains All String\",\"(Array) Contains All Number\",\"(Array) Contains All Object And Has This Property\",\"(Object) Has Property\",\"(Object) Does Not Have Property\",\"(Object) Is Empty\",\"(Regex) Match Pattern\",\"(Boolean) Is Value True\",\"(Boolean) Is Value False\",\"(Input) Exists\",\"(Input) Does Not Exist\",\"(Input) Is Null\",\"(Input) Is String\",\"(Input) Is Number\",\"(Input) Is Date\",\"(Input) Is An Array\",\"(Input) Is An Object\",\"(Input) Is Boolean\",\"(Input) Data Type Is\"]},\"expected\":{\"type\":\"string\",\"title\":\"Expected\",\"description\":\"Enter the value you want to compare against the value given in the Input field for the specified condition. By default, the value of this field is set to true for all conditions starting with ‘Is’.\"}}}}}}}}}"},{"id":"start","type":"start","label":"Start","position":{"x":150,"y":200},"category":"special","help":"Start point of Flow","next":["c1"],"prev":null,"output":[],"start":true,"original_label":"Start"},{"category":"utilities","published":true,"hide_settings":false,"marketing_category":["developer"],"uid":"actaf16e4ac7a0ee67d6a94ce0765f3154b1962","input":"{\"title\":\"Return Data on Sync Webhook\",\"type\":\"object\",\"properties\":{\"headers\":{\"type\":\"array\",\"title\":\"Response Headers\",\"items\":{\"type\":\"object\",\"title\":\"Header\",\"format\":\"grid\",\"properties\":{\"name\":{\"title\":\"Header Name\",\"type\":\"string\",\"minLength\":1},\"value\":{\"title\":\"Header Value\",\"type\":\"string\",\"minLength\":1}}}},\"data\":{\"type\":\"string\",\"format\":\"textarea\",\"title\":\"Response Data\",\"description\":\"Set response data.</br>Note: To avoid security issues, please refrain from using the script tag in your XML schema\",\"minLength\":1},\"__statuscode\":{\"type\":\"string\",\"title\":\"Status Code\",\"description\":\"set status code you want to send in response\",\"default\":\"200\",\"minLength\":1},\"content_type\":{\"type\":\"string\",\"title\":\"Content Type\",\"description\":\"Select/specify the content type in which you want to receive the workflow output.\",\"enum\":[\"text/plain\",\"application/json\",\"application/xml\",\"application/atom+xml\",\"text/css\",\"text/csv\",\"text/html\",\"text/javascript\",\"text/markdown\",\"text/xml\"],\"minLength\":1}}}","name":"devtools-sync-webhook","output":"{\"title\":\"Return Data on Sync Webhook\",\"type\":\"object\",\"properties\":{\"data\":{\"type\":\"string\",\"title\":\"data\",\"displayTitle\":\"Return On Sync Webhook Data\"},\"status\":{\"type\":\"string\",\"title\":\"status\",\"displayTitle\":\"Return On Sync Webhook Status\"}},\"displayTitle\":\"Return Data On Sync Webhook\"}","usage":{"link":{"title":"Doc link","href":"/connectors/connector-bundle/developer-c/#co-developer_tools"},"html":"Send response to client"},"version":"v3","icon":"sync-webhook","act_type":"default","title":"Return Data on Sync Webhook","provider":"Developer Tools","embed_enabled":true,"active_tenants":[],"inactive_tenants":[],"position":{"x":545.75,"y":200.25},"type":"devtools-sync-webhook","id":"a0","label":"Return Data on Sync Webhook","prev":["c1"],"next":["c0"],"hasError":false,"original_label":"Return Data on Sync Webhook"}],"errors_obj":[],"tags":[],"activity_icons":["sync-webhook"],"rest_soap_icons":[],"mask":{"input":{},"output":{}},"transform":[],"configurations":{"debugger":false,"debugger_enabled_at":0,"auto_connect":true,"live_visualization":false,"container_size":256,"canvas_settings":{"zoom":0.8,"top":-8581,"left":-8236},"is_webhook":true,"is_webhook_auth":false,"params":[]},"last_run":{"credits":0,"duration":0},"trigger":{"active":false,"icon":"","handlers":[]},"active":false,"show_notes":false,"last_seen":"2024-11-14T14:51:06.881Z","total_run_count":0,"runtime":3,"synergy_templates":[],"guide_info":{},"synergy_template_id":[],"updated_at":"2024-11-14T14:51:08.847Z","created_at":"2024-05-13T19:55:35.192Z","uid":"fl835fe9b99489cc5c3dbdc8","sid":"1gypQTpn88","refid":"uMHzwWbMY","author":[null]}}
Time Taken: 1955 ms
----------------------------------------------------------------------------------------
[103/114] Experimental - Workflow Enable
{"output":{"name":"Hello Workflow","created_by":"fl66fa64484d8b122f53197f","updated_by":"fl66fa64484d8b122f53197f","tenant_uid":"fl5c7728c5901f3d72bed6a3","env_uid":"fldbcdfb402ff71f2b0f2333","project_uid":"fl425e0505dec7b426384550","description":"","draft":false,"features":{},"flow_version":3,"action_schema":[{"id":"stop","type":"stop","name":"stop","label":"Stop","input":"{\"type\":\"object\",\"properties\":{\"logs\":{\"type\":\"array\",\"title\":\"Add Logs\",\"minItems\":1,\"items\":{\"type\":\"string\",\"minLength\":1,\"title\":\"Log Data\",\"default\":\"\"}}}}","position":{"x":950.3299999999999,"y":200},"category":"special","help":"End point of Flow","next":null,"prev":["c0"],"output":[]},{"category":"default","published":false,"hide_settings":false,"marketing_category":[],"uid":"act5b9c11c345c41102bf02a5","name":"condition","input":"{\"title\":\"Condition Activity\",\"description\":\"Only flow continue when\",\"type\":\"object\",\"properties\":{\"or\":{\"type\":\"array\",\"title\":\"Conditions\",\"items\":{\"type\":\"object\",\"title\":\"Condition\",\"properties\":{\"and\":{\"type\":\"array\",\"title\":\"Filters\",\"items\":{\"type\":\"object\",\"title\":\"Filter\",\"format\":\"table\",\"properties\":{\"input\":{\"type\":\"string\",\"title\":\"Input\",\"minLength\":1},\"operator\":{\"title\":\"Condition\",\"description\":\"Select proper condition\",\"type\":\"string\",\"enum\":[\"(Text) Matches\",\"(Text) Exactly Matches\",\"(Text) Does Not Match\",\"(Text) Does Not Exactly Match\",\"(Text) Contains\",\"(Text) Does Not Contain\",\"(Text) Starts With\",\"(Text) Does Not Start With\",\"(Text) Ends With\",\"(Text) Does Not End With\",\"(Text) Is Alphanumeric\",\"(Text) Is Empty\",\"(Number) Equals\",\"(Number) Not Equals\",\"(Number) Greater Than\",\"(Number) Greater Than Equals\",\"(Number) Less Than\",\"(Number) Less Than Equals\",\"(Number) Is Negative\",\"(Number) Is Positive\",\"(Date/Time) Equals\",\"(Date/Time) Less Than\",\"(Date/Time) Less Than Equals\",\"(Date/Time) Greater Than\",\"(Date/Time) Greater Than Equals\",\"(Array) Length Equals\",\"(Array) Length Does Not Equals\",\"(Array) Length Less Than\",\"(Array) Length Less Than Equals\",\"(Array) Length Greater Than\",\"(Array) Length Greater Than Equals\",\"(Array) Is Empty\",\"(Array) Contains All Object\",\"(Array) Contains All String\",\"(Array) Contains All Number\",\"(Array) Contains All Object And Has This Property\",\"(Object) Has Property\",\"(Object) Does Not Have Property\",\"(Object) Is Empty\",\"(Regex) Match Pattern\",\"(Boolean) Is Value True\",\"(Boolean) Is Value False\",\"(Input) Exists\",\"(Input) Does Not Exist\",\"(Input) Is Null\",\"(Input) Is String\",\"(Input) Is Number\",\"(Input) Is Date\",\"(Input) Is An Array\",\"(Input) Is An Object\",\"(Input) Is Boolean\",\"(Input) Data Type Is\"]},\"expected\":{\"type\":\"string\",\"title\":\"Expected\",\"description\":\"Enter the value you want to compare against the value given in the Input field for the specified condition. By default, the value of this field is set to true for all conditions starting with ‘Is’.\"}}}}}}}}}","output":"{\"title\":\"output\",\"type\":\"object\",\"properties\":{\"fields\":{\"type\":\"array\",\"title\":\"fields\",\"items\":{\"type\":\"object\"}},\"error\":{\"type\":\"string\",\"title\":\"error\"}}}","usage":{"html":"Allows you to check conditions.","link":{"title":"Help","href":"https://flowdocs.built.io/concepts/conditions"}},"version":"v3","icon":"condition","act_type":"default","title":"Condition","provider":"Internal Only","embed_enabled":true,"next":["stop"],"prev":["a0"],"id":"c0","type":"condition","label":"condition","datsetConnectionDetachableition":{},"json":"{\"title\":\"Condition Activity\",\"description\":\"Only flow continue when\",\"type\":\"object\",\"properties\":{\"or\":{\"type\":\"array\",\"title\":\"Conditions\",\"items\":{\"type\":\"object\",\"title\":\"Condition\",\"properties\":{\"and\":{\"type\":\"array\",\"title\":\"Filters\",\"items\":{\"type\":\"object\",\"title\":\"Filter\",\"format\":\"table\",\"properties\":{\"input\":{\"type\":\"string\",\"title\":\"Input\",\"minLength\":1},\"operator\":{\"title\":\"Condition\",\"description\":\"Select proper condition\",\"type\":\"string\",\"enum\":[\"(Text) Matches\",\"(Text) Exactly Matches\",\"(Text) Does Not Match\",\"(Text) Does Not Exactly Match\",\"(Text) Contains\",\"(Text) Does Not Contain\",\"(Text) Starts With\",\"(Text) Does Not Start With\",\"(Text) Ends With\",\"(Text) Does Not End With\",\"(Text) Is Alphanumeric\",\"(Text) Is Empty\",\"(Number) Equals\",\"(Number) Not Equals\",\"(Number) Greater Than\",\"(Number) Greater Than Equals\",\"(Number) Less Than\",\"(Number) Less Than Equals\",\"(Number) Is Negative\",\"(Number) Is Positive\",\"(Date/Time) Equals\",\"(Date/Time) Less Than\",\"(Date/Time) Less Than Equals\",\"(Date/Time) Greater Than\",\"(Date/Time) Greater Than Equals\",\"(Array) Length Equals\",\"(Array) Length Does Not Equals\",\"(Array) Length Less Than\",\"(Array) Length Less Than Equals\",\"(Array) Length Greater Than\",\"(Array) Length Greater Than Equals\",\"(Array) Is Empty\",\"(Array) Contains All Object\",\"(Array) Contains All String\",\"(Array) Contains All Number\",\"(Array) Contains All Object And Has This Property\",\"(Object) Has Property\",\"(Object) Does Not Have Property\",\"(Object) Is Empty\",\"(Regex) Match Pattern\",\"(Boolean) Is Value True\",\"(Boolean) Is Value False\",\"(Input) Exists\",\"(Input) Does Not Exist\",\"(Input) Is Null\",\"(Input) Is String\",\"(Input) Is Number\",\"(Input) Is Date\",\"(Input) Is An Array\",\"(Input) Is An Object\",\"(Input) Is Boolean\",\"(Input) Data Type Is\"]},\"expected\":{\"type\":\"string\",\"title\":\"Expected\",\"description\":\"Enter the value you want to compare against the value given in the Input field for the specified condition. By default, the value of this field is set to true for all conditions starting with ‘Is’.\"}}}}}}}}}"},{"category":"default","published":false,"hide_settings":false,"marketing_category":[],"uid":"act5b9c11c345c41102bf02a5","name":"condition","input":"{\"title\":\"Condition Activity\",\"description\":\"Only flow continue when\",\"type\":\"object\",\"properties\":{\"or\":{\"type\":\"array\",\"title\":\"Conditions\",\"items\":{\"type\":\"object\",\"title\":\"Condition\",\"properties\":{\"and\":{\"type\":\"array\",\"title\":\"Filters\",\"items\":{\"type\":\"object\",\"title\":\"Filter\",\"format\":\"table\",\"properties\":{\"input\":{\"type\":\"string\",\"title\":\"Input\",\"minLength\":1},\"operator\":{\"title\":\"Condition\",\"description\":\"Select proper condition\",\"type\":\"string\",\"enum\":[\"(Text) Matches\",\"(Text) Exactly Matches\",\"(Text) Does Not Match\",\"(Text) Does Not Exactly Match\",\"(Text) Contains\",\"(Text) Does Not Contain\",\"(Text) Starts With\",\"(Text) Does Not Start With\",\"(Text) Ends With\",\"(Text) Does Not End With\",\"(Text) Is Alphanumeric\",\"(Text) Is Empty\",\"(Number) Equals\",\"(Number) Not Equals\",\"(Number) Greater Than\",\"(Number) Greater Than Equals\",\"(Number) Less Than\",\"(Number) Less Than Equals\",\"(Number) Is Negative\",\"(Number) Is Positive\",\"(Date/Time) Equals\",\"(Date/Time) Less Than\",\"(Date/Time) Less Than Equals\",\"(Date/Time) Greater Than\",\"(Date/Time) Greater Than Equals\",\"(Array) Length Equals\",\"(Array) Length Does Not Equals\",\"(Array) Length Less Than\",\"(Array) Length Less Than Equals\",\"(Array) Length Greater Than\",\"(Array) Length Greater Than Equals\",\"(Array) Is Empty\",\"(Array) Contains All Object\",\"(Array) Contains All String\",\"(Array) Contains All Number\",\"(Array) Contains All Object And Has This Property\",\"(Object) Has Property\",\"(Object) Does Not Have Property\",\"(Object) Is Empty\",\"(Regex) Match Pattern\",\"(Boolean) Is Value True\",\"(Boolean) Is Value False\",\"(Input) Exists\",\"(Input) Does Not Exist\",\"(Input) Is Null\",\"(Input) Is String\",\"(Input) Is Number\",\"(Input) Is Date\",\"(Input) Is An Array\",\"(Input) Is An Object\",\"(Input) Is Boolean\",\"(Input) Data Type Is\"]},\"expected\":{\"type\":\"string\",\"title\":\"Expected\",\"description\":\"Enter the value you want to compare against the value given in the Input field for the specified condition. By default, the value of this field is set to true for all conditions starting with ‘Is’.\"}}}}}}}}}","output":"{\"title\":\"output\",\"type\":\"object\",\"properties\":{\"fields\":{\"type\":\"array\",\"title\":\"fields\",\"items\":{\"type\":\"object\"}},\"error\":{\"type\":\"string\",\"title\":\"error\"}}}","usage":{"html":"Allows you to check conditions.","link":{"title":"Help","href":"https://flowdocs.built.io/concepts/conditions"}},"version":"v3","icon":"condition","act_type":"default","title":"Condition","provider":"Internal Only","embed_enabled":true,"next":["a0"],"prev":["start"],"id":"c1","type":"condition","label":"condition","datsetConnectionDetachableition":{},"json":"{\"title\":\"Condition Activity\",\"description\":\"Only flow continue when\",\"type\":\"object\",\"properties\":{\"or\":{\"type\":\"array\",\"title\":\"Conditions\",\"items\":{\"type\":\"object\",\"title\":\"Condition\",\"properties\":{\"and\":{\"type\":\"array\",\"title\":\"Filters\",\"items\":{\"type\":\"object\",\"title\":\"Filter\",\"format\":\"table\",\"properties\":{\"input\":{\"type\":\"string\",\"title\":\"Input\",\"minLength\":1},\"operator\":{\"title\":\"Condition\",\"description\":\"Select proper condition\",\"type\":\"string\",\"enum\":[\"(Text) Matches\",\"(Text) Exactly Matches\",\"(Text) Does Not Match\",\"(Text) Does Not Exactly Match\",\"(Text) Contains\",\"(Text) Does Not Contain\",\"(Text) Starts With\",\"(Text) Does Not Start With\",\"(Text) Ends With\",\"(Text) Does Not End With\",\"(Text) Is Alphanumeric\",\"(Text) Is Empty\",\"(Number) Equals\",\"(Number) Not Equals\",\"(Number) Greater Than\",\"(Number) Greater Than Equals\",\"(Number) Less Than\",\"(Number) Less Than Equals\",\"(Number) Is Negative\",\"(Number) Is Positive\",\"(Date/Time) Equals\",\"(Date/Time) Less Than\",\"(Date/Time) Less Than Equals\",\"(Date/Time) Greater Than\",\"(Date/Time) Greater Than Equals\",\"(Array) Length Equals\",\"(Array) Length Does Not Equals\",\"(Array) Length Less Than\",\"(Array) Length Less Than Equals\",\"(Array) Length Greater Than\",\"(Array) Length Greater Than Equals\",\"(Array) Is Empty\",\"(Array) Contains All Object\",\"(Array) Contains All String\",\"(Array) Contains All Number\",\"(Array) Contains All Object And Has This Property\",\"(Object) Has Property\",\"(Object) Does Not Have Property\",\"(Object) Is Empty\",\"(Regex) Match Pattern\",\"(Boolean) Is Value True\",\"(Boolean) Is Value False\",\"(Input) Exists\",\"(Input) Does Not Exist\",\"(Input) Is Null\",\"(Input) Is String\",\"(Input) Is Number\",\"(Input) Is Date\",\"(Input) Is An Array\",\"(Input) Is An Object\",\"(Input) Is Boolean\",\"(Input) Data Type Is\"]},\"expected\":{\"type\":\"string\",\"title\":\"Expected\",\"description\":\"Enter the value you want to compare against the value given in the Input field for the specified condition. By default, the value of this field is set to true for all conditions starting with ‘Is’.\"}}}}}}}}}"},{"id":"start","type":"start","label":"Start","position":{"x":150,"y":200},"category":"special","help":"Start point of Flow","next":["c1"],"prev":null,"output":[],"start":true,"original_label":"Start"},{"category":"utilities","published":true,"hide_settings":false,"marketing_category":["developer"],"uid":"actaf16e4ac7a0ee67d6a94ce0765f3154b1962","input":"{\"title\":\"Return Data on Sync Webhook\",\"type\":\"object\",\"properties\":{\"headers\":{\"type\":\"array\",\"title\":\"Response Headers\",\"items\":{\"type\":\"object\",\"title\":\"Header\",\"format\":\"grid\",\"properties\":{\"name\":{\"title\":\"Header Name\",\"type\":\"string\",\"minLength\":1},\"value\":{\"title\":\"Header Value\",\"type\":\"string\",\"minLength\":1}}}},\"data\":{\"type\":\"string\",\"format\":\"textarea\",\"title\":\"Response Data\",\"description\":\"Set response data.</br>Note: To avoid security issues, please refrain from using the script tag in your XML schema\",\"minLength\":1},\"__statuscode\":{\"type\":\"string\",\"title\":\"Status Code\",\"description\":\"set status code you want to send in response\",\"default\":\"200\",\"minLength\":1},\"content_type\":{\"type\":\"string\",\"title\":\"Content Type\",\"description\":\"Select/specify the content type in which you want to receive the workflow output.\",\"enum\":[\"text/plain\",\"application/json\",\"application/xml\",\"application/atom+xml\",\"text/css\",\"text/csv\",\"text/html\",\"text/javascript\",\"text/markdown\",\"text/xml\"],\"minLength\":1}}}","name":"devtools-sync-webhook","output":"{\"title\":\"Return Data on Sync Webhook\",\"type\":\"object\",\"properties\":{\"data\":{\"type\":\"string\",\"title\":\"data\",\"displayTitle\":\"Return On Sync Webhook Data\"},\"status\":{\"type\":\"string\",\"title\":\"status\",\"displayTitle\":\"Return On Sync Webhook Status\"}},\"displayTitle\":\"Return Data On Sync Webhook\"}","usage":{"link":{"title":"Doc link","href":"/connectors/connector-bundle/developer-c/#co-developer_tools"},"html":"Send response to client"},"version":"v3","icon":"sync-webhook","act_type":"default","title":"Return Data on Sync Webhook","provider":"Developer Tools","embed_enabled":true,"active_tenants":[],"inactive_tenants":[],"position":{"x":545.75,"y":200.25},"type":"devtools-sync-webhook","id":"a0","label":"Return Data on Sync Webhook","prev":["c1"],"next":["c0"],"hasError":false,"original_label":"Return Data on Sync Webhook"}],"errors_obj":[],"tags":[],"activity_icons":["sync-webhook"],"rest_soap_icons":[],"mask":{"input":{},"output":{}},"transform":[],"configurations":{"debugger":false,"debugger_enabled_at":0,"auto_connect":true,"live_visualization":false,"container_size":256,"canvas_settings":{"zoom":0.8,"top":-8581,"left":-8236},"is_webhook":true,"is_webhook_auth":false,"params":[]},"last_run":{"credits":0,"duration":0},"trigger":{"active":true,"icon":"","handlers":[]},"active":true,"show_notes":false,"last_seen":"2024-11-14T14:51:06.881Z","total_run_count":0,"runtime":3,"synergy_templates":[],"guide_info":{},"synergy_template_id":[],"updated_at":"2024-11-14T14:51:10.668Z","created_at":"2024-05-13T19:55:35.192Z","uid":"fl835fe9b99489cc5c3dbdc8","sid":"1gypQTpn88","refid":"uMHzwWbMY","author":[null]}}
Time Taken: 1815 ms
----------------------------------------------------------------------------------------
[104/114] Experimental - Workflow Monitor
{"output":{"count":7,"logs":[{"_id":"67360e0c8007e73198b719de","uid":"vbid7a2ed5451ae34e3ef515a0cf2a470ec5c948bbb8f0d4","count_transaction":true,"created_at":"2024-11-14T14:49:48.620Z","duration":45,"execution_status":"success","flow_name":"clock trigger","flow_uid":"fl8c6e1a24c22ffd6d912494","flow_version":"4","hide_resume":false,"manual_run":true,"metadata":{"checkpoint":false},"payload_uid":"log297e98c5341fca5d3b59de653462896269f6c9f6","project_uid":"fl425e0505dec7b426384550","queue":{"label":"1 GB","value":"cpointegrationdev"},"restarted":false,"restarted_to":[],"tenant_uid":"fl5c7728c5901f3d72bed6a3","trigger":"manual","start_time":"2024-11-14T14:49:48.651Z","stop_time":"2024-11-14T14:49:48.696Z","tx_cnt":1,"project":{"name":"CLITestProject"}},{"_id":"67360d8e8007e73198b663a2","uid":"vbid68f62e5797ac468397e92b04f70112608ed3c3328e2a","count_transaction":true,"created_at":"2024-11-14T14:47:42.482Z","duration":43,"execution_status":"success","flow_name":"clock trigger","flow_uid":"fl8c6e1a24c22ffd6d912494","flow_version":"4","hide_resume":false,"manual_run":true,"metadata":{"checkpoint":false},"payload_uid":"log64d6b1b2bef662fbb36aa1e093c4eeebf97e7707","project_uid":"fl425e0505dec7b426384550","queue":{"label":"1 GB","value":"cpointegrationdev"},"restarted":false,"restarted_to":[],"tenant_uid":"fl5c7728c5901f3d72bed6a3","trigger":"manual","start_time":"2024-11-14T14:47:42.519Z","stop_time":"2024-11-14T14:47:42.562Z","tx_cnt":1,"project":{"name":"CLITestProject"}},{"_id":"67360c8d8007e73198b4ffc7","uid":"vbid98cc6d2e6687081809f303ca709d12dc9d51a0b2648c","count_transaction":true,"created_at":"2024-11-14T14:43:25.323Z","duration":43,"execution_status":"success","flow_name":"clock trigger","flow_uid":"fl8c6e1a24c22ffd6d912494","flow_version":"4","hide_resume":false,"manual_run":true,"metadata":{"checkpoint":false},"payload_uid":"loga7fbf2e08d52df5e891012856a4beb8d5ac3176f","project_uid":"fl425e0505dec7b426384550","queue":{"label":"1 GB","value":"cpointegrationdev"},"restarted":false,"restarted_to":[],"tenant_uid":"fl5c7728c5901f3d72bed6a3","trigger":"manual","start_time":"2024-11-14T14:43:25.359Z","stop_time":"2024-11-14T14:43:25.402Z","tx_cnt":1,"project":{"name":"CLITestProject"}},{"_id":"67360b058007e73198b2fb39","uid":"vbid7f520ba1ecd957071fdc9014c9af9cf1f46df510dcf6","count_transaction":true,"created_at":"2024-11-14T14:36:53.223Z","duration":62,"execution_status":"success","flow_name":"clock trigger","flow_uid":"fl8c6e1a24c22ffd6d912494","flow_version":"4","hide_resume":false,"manual_run":true,"metadata":{"checkpoint":false},"payload_uid":"log87cd1f78ca4be24bf36c81da7b3e4b2ccf9876fd","project_uid":"fl425e0505dec7b426384550","queue":{"label":"1 GB","value":"cpointegrationdev"},"restarted":false,"restarted_to":[],"tenant_uid":"fl5c7728c5901f3d72bed6a3","trigger":"manual","start_time":"2024-11-14T14:36:53.262Z","stop_time":"2024-11-14T14:36:53.324Z","tx_cnt":1,"project":{"name":"CLITestProject"}},{"_id":"6735eea58007e731988e9215","uid":"vbid1dcc03cc4c1997a3aa082668b8525ef2ab1b491964c9","count_transaction":true,"created_at":"2024-11-14T12:35:49.532Z","duration":47,"execution_status":"success","flow_name":"clock trigger","flow_uid":"fl8c6e1a24c22ffd6d912494","flow_version":"4","hide_resume":false,"manual_run":true,"metadata":{"checkpoint":false},"payload_uid":"logecd868ebe05761c872d1a57e62da2f976bce8533","project_uid":"fl425e0505dec7b426384550","queue":{"label":"1 GB","value":"cpointegrationdev"},"restarted":false,"restarted_to":[],"tenant_uid":"fl5c7728c5901f3d72bed6a3","trigger":"manual","start_time":"2024-11-14T12:35:49.562Z","stop_time":"2024-11-14T12:35:49.609Z","tx_cnt":1,"project":{"name":"CLITestProject"}},{"_id":"6735eda08007e731988d021f","uid":"vbide35dd229777a3651a9577c1056aea530fbeb4b0b86fe","count_transaction":true,"created_at":"2024-11-14T12:31:28.486Z","duration":169,"execution_status":"success","flow_name":"clock trigger","flow_uid":"fl8c6e1a24c22ffd6d912494","flow_version":"4","hide_resume":false,"manual_run":true,"metadata":{"checkpoint":false},"payload_uid":"log8298f2e23a800136f5f4e24cf29a5290cbc59cc6","project_uid":"fl425e0505dec7b426384550","queue":{"label":"1 GB","value":"cpointegrationdev"},"restarted":false,"restarted_to":[],"tenant_uid":"fl5c7728c5901f3d72bed6a3","trigger":"manual","start_time":"2024-11-14T12:31:28.547Z","stop_time":"2024-11-14T12:31:28.716Z","tx_cnt":1,"project":{"name":"CLITestProject"}},{"_id":"6735ecc68007e731988bad74","uid":"vbid6cce05221c8b9537b75d9cdf8662c2ed42435635326e","count_transaction":true,"created_at":"2024-11-14T12:27:50.836Z","duration":205,"execution_status":"success","flow_name":"clock trigger","flow_uid":"fl8c6e1a24c22ffd6d912494","flow_version":"4","hide_resume":false,"manual_run":true,"metadata":{"checkpoint":false},"payload_uid":"log9fa230896788d13e87aacdbee4bded4e31931b5d","project_uid":"fl425e0505dec7b426384550","queue":{"label":"1 GB","value":"cpointegrationdev"},"restarted":false,"restarted_to":[],"tenant_uid":"fl5c7728c5901f3d72bed6a3","trigger":"manual","start_time":"2024-11-14T12:27:50.896Z","stop_time":"2024-11-14T12:27:51.101Z","tx_cnt":1,"project":{"name":"CLITestProject"}}]}}
Time Taken: 1843 ms
----------------------------------------------------------------------------------------
[105/114] Experimental - Workflow Execution Analysis
{"output":{"objects":[{"bill_uid":"vbid7a2ed5451ae34e3ef515a0cf2a470ec5c948bbb8f0d4","tenant_uid":"fl5c7728c5901f3d72bed6a3","created_at":"2024-11-14T14:49:48.677Z","run_id":1731595788669,"type":"system","message":"action completed","activity_name":"start","activity_id":"start","activity_label":"Start","started_at":"2024-11-14T14:49:48.674Z"},{"type":"activity","activity_name":"devtools-logger","activity_id":"a0","activity_label":"Logger","bill_uid":"vbid7a2ed5451ae34e3ef515a0cf2a470ec5c948bbb8f0d4","tenant_uid":"fl5c7728c5901f3d72bed6a3","run_id":1731595788669,"created_at":"2024-11-14T14:49:48.686Z"},{"bill_uid":"vbid7a2ed5451ae34e3ef515a0cf2a470ec5c948bbb8f0d4","tenant_uid":"fl5c7728c5901f3d72bed6a3","created_at":"2024-11-14T14:49:48.688Z","run_id":1731595788669,"type":"system","message":"action completed","activity_name":"devtools-logger","activity_id":"a0","activity_label":"Logger","icon":"logger","input":"H4sIAAAAAAAAA6tWyslPL1ayilYKzy/KTsvJL1cISS0uUYqtBQDisMV6GgAAAA==","output":"H4sIAAAAAAAAA6tWyslPL1ayilYKzy/KTsvJL1cISS0uUYqtBQDisMV6GgAAAA==","started_at":"2024-11-14T14:49:48.684Z"},{"bill_uid":"vbid7a2ed5451ae34e3ef515a0cf2a470ec5c948bbb8f0d4","tenant_uid":"fl5c7728c5901f3d72bed6a3","created_at":"2024-11-14T14:49:48.696Z","run_id":1731595788669,"type":"system","message":"action completed","activity_name":"stop","activity_id":"stop","activity_label":"Stop","started_at":"2024-11-14T14:49:48.694Z"},{"type":"bill","bill_uid":"vbid7a2ed5451ae34e3ef515a0cf2a470ec5c948bbb8f0d4","tenant_uid":"fl5c7728c5901f3d72bed6a3","run_id":1731595788669,"created_at":"2024-11-14T14:49:48.767Z"}]}}
Time Taken: 1734 ms
----------------------------------------------------------------------------------------
[106/114] Experimental - Set Flow Service Scheduler status
{"integration":{"message":{"code":0,"description":"Success"}}}
Time Taken: 1864 ms
----------------------------------------------------------------------------------------
[107/114] Experimental - Set Flowservice Disable http 
{"integration":{"message":{"code":0,"description":"Success"},"serviceData":{"stages":[{"stageName":"stage00","status":"0","statusMessage":"Successful"}]}}}
Time Taken: 2339 ms
----------------------------------------------------------------------------------------
[108/114] Experimental - Set Flowservice Enable http
{"integration":{"message":{"code":0,"description":"Success"},"serviceData":{"stages":[{"stageName":"stage00","status":"0","statusMessage":"Successful"}]}}}
Time Taken: 2333 ms
----------------------------------------------------------------------------------------
[109/114] Experimental - Flowservice Enable Resume
{"integration":{"message":{"code":0,"description":"Success"},"serviceData":{"status":"0","statusMessage":"Successful"}}}
Time Taken: 2467 ms
----------------------------------------------------------------------------------------
[110/114] Experimental - FlowService Disable Resume
{"integration":{"message":{"code":0,"description":"Success"},"serviceData":{"status":"0","statusMessage":"Successful"}}}
Time Taken: 2292 ms
----------------------------------------------------------------------------------------
[111/114] Experimental - Flowservice Enable Restart
{"integration":{"message":{"code":0,"description":"Success"},"serviceData":{"status":"0","statusMessage":"Successful"}}}
Time Taken: 2033 ms
----------------------------------------------------------------------------------------
[112/114] Experimental - FlowService Disable Restart
{"integration":{"message":{"code":0,"description":"Success"},"serviceData":{"status":"0","statusMessage":"Successful"}}}
Time Taken: 1960 ms
----------------------------------------------------------------------------------------
[113/114] Experimental - Get Flow Service details
{"integration":{"message":{"code":0,"description":"Success"},"serviceData":{"flows":[{"createdBy":"automation","createdByUserId":"7a19305dd4ee49938608aa8500caf150","createdDate":"1731595798390","name":"ExportDeleteImportTest","serviceFullName":"fld_946286846_stage00.projects.fl425e0505dec7b426384550.integrations:ExportDeleteImportTest","lastModifiedBy":"automation","lastModifiedByUserId":"7a19305dd4ee49938608aa8500caf150","lastModifiedDate":"1731595798390","appList":"[]","displayName":"ExportDeleteImportTest","lockStatus":2,"executionCount":0,"description":"","type":"wmio","scheduleInformation":null,"scheduleMetadata":null,"dependentOperationsForAccounts":null,"stages":null,"customOpsList":null,"flowsList":null,"resolved":false,"svc_spec":null,"private":false,"exportable":false,"resubmittable":false,"restartable":false,"url":null},{"createdBy":"automation","createdByUserId":"7a19305dd4ee49938608aa8500caf150","createdDate":"1715636944962","name":"HelloFlow","serviceFullName":"fld_946286846_stage00.projects.fl425e0505dec7b426384550.integrations:HelloFlow","lastModifiedBy":"automation","lastModifiedByUserId":"7a19305dd4ee49938608aa8500caf150","lastModifiedDate":"1715636944962","appList":"[]","displayName":"HelloFlow","lockStatus":2,"executionCount":4,"description":"","type":"wmio","scheduleInformation":null,"scheduleMetadata":null,"dependentOperationsForAccounts":null,"stages":null,"customOpsList":null,"flowsList":null,"resolved":false,"svc_spec":null,"private":false,"exportable":true,"resubmittable":false,"restartable":false,"url":null}],"count":2,"edgeFlowsCount":0,"blocklyServices":[]}}}
Time Taken: 1973 ms
